2846  1790565951.399202 epoll_wait(10,  <unfinished ...>
2845  1790565951.399295 epoll_wait(8,  <unfinished ...>
2843  1790565951.399341 epoll_wait(5, [{events=EPOLLIN, data={u32=5, u64=5}}], 64, 1000) = 1 <0.148355>
2843  1790565951.547963 setsockopt(12, SOL_TCP, TCP_NODELAY, [1], 4) = 0 <0.000039>
2846  1790565951.548222 <... epoll_wait resumed>[{events=EPOLLIN, data={u32=3, u64=3}}], 64, 1000) = 1 <0.148944>
2846  1790565951.548415 read(11,  <unfinished ...>
2843  1790565951.548444 epoll_wait(5,  <unfinished ...>
2846  1790565951.548463 <... read resumed>"\1\0\0\0\0\0\0\0", 8) = 8 <0.000029>
2846  1790565951.548525 read(11, 0x7b1781dfca00, 8) = -1 EAGAIN (Resource temporarily unavailable) <0.000037>
2846  1790565951.548654 epoll_ctl(10, EPOLL_CTL_ADD, 12, {events=EPOLLIN|EPOLLRDHUP, data={u32=7, u64=7}}) = 0 <0.000035>
2846  1790565951.548768 epoll_wait(10, [{events=EPOLLIN, data={u32=7, u64=7}}], 64, 1000) = 1 <0.000033>
2846  1790565951.548883 recvfrom(12, "GET /payload-1024.bin HTTP/1.1\r\n"..., 4096, 0, NULL, NULL) = 75 <0.000038>
2846  1790565951.549339 sendto(12, "HTTP/1.1 200 OK\r\nContent-Length:"..., 105, MSG_NOSIGNAL, NULL, 0) = 105 <0.000054>
2846  1790565951.549623 sendfile(12, 13, [0] => [1024], 1024) = 1024 <0.000135>
2846  1790565951.550209 epoll_wait(10, [{events=EPOLLIN, data={u32=7, u64=7}}], 64, 1000) = 1 <0.000080>
2846  1790565951.550501 recvfrom(12, "GET /payload-1024.bin HTTP/1.1\r\n"..., 4096, 0, NULL, NULL) = 75 <0.000049>
2846  1790565951.551001 sendto(12, "HTTP/1.1 200 OK\r\nContent-Length:"..., 105, MSG_NOSIGNAL, NULL, 0) = 105 <0.000085>
2846  1790565951.551358 sendfile(12, 13, [0] => [1024], 1024) = 1024 <0.000061>
2846  1790565951.551801 epoll_wait(10, [{events=EPOLLIN, data={u32=7, u64=7}}], 64, 1000) = 1 <0.000279>
2846  1790565951.552198 recvfrom(12, "GET /payload-1024.bin HTTP/1.1\r\n"..., 4096, 0, NULL, NULL) = 75 <0.000051>
2846  1790565951.552684 sendto(12, "HTTP/1.1 200 OK\r\nContent-Length:"..., 105, MSG_NOSIGNAL, NULL, 0) = 105 <0.000056>
2846  1790565951.552984 sendfile(12, 13, [0] => [1024], 1024) = 1024 <0.000066>
2846  1790565951.553411 epoll_wait(10, [{events=EPOLLIN, data={u32=7, u64=7}}], 64, 1000) = 1 <0.000028>
2846  1790565951.553502 recvfrom(12, "GET /payload-1024.bin HTTP/1.1\r\n"..., 4096, 0, NULL, NULL) = 75 <0.000043>
2846  1790565951.554170 sendto(12, "HTTP/1.1 200 OK\r\nContent-Length:"..., 105, MSG_NOSIGNAL, NULL, 0) = 105 <0.000108>
2846  1790565951.554493 sendfile(12, 13, [0] => [1024], 1024) = 1024 <0.000048>
2846  1790565951.554802 epoll_wait(10, [{events=EPOLLIN, data={u32=7, u64=7}}], 64, 1000) = 1 <0.000026>
2846  1790565951.554890 recvfrom(12, "GET /payload-1024.bin HTTP/1.1\r\n"..., 4096, 0, NULL, NULL) = 75 <0.000041>
2846  1790565951.555322 sendto(12, "HTTP/1.1 200 OK\r\nContent-Length:"..., 105, MSG_NOSIGNAL, NULL, 0) = 105 <0.000048>
2846  1790565951.555614 sendfile(12, 13, [0] => [1024], 1024) = 1024 <0.000057>
2846  1790565951.555908 epoll_wait(10, [{events=EPOLLIN, data={u32=7, u64=7}}], 64, 1000) = 1 <0.000105>
2846  1790565951.556065 recvfrom(12, "GET /payload-1024.bin HTTP/1.1\r\n"..., 4096, 0, NULL, NULL) = 75 <0.000046>
2846  1790565951.556507 sendto(12, "HTTP/1.1 200 OK\r\nContent-Length:"..., 105, MSG_NOSIGNAL, NULL, 0) = 105 <0.000035>
2846  1790565951.556788 sendfile(12, 13, [0] => [1024], 1024) = 1024 <0.000055>
2846  1790565951.557053 epoll_wait(10, [{events=EPOLLIN, data={u32=7, u64=7}}], 64, 1000) = 1 <0.000370>
2846  1790565951.557614 recvfrom(12, "GET /payload-1024.bin HTTP/1.1\r\n"..., 4096, 0, NULL, NULL) = 75 <0.000172>
2846  1790565951.558313 sendto(12, "HTTP/1.1 200 OK\r\nContent-Length:"..., 105, MSG_NOSIGNAL, NULL, 0) = 105 <0.000063>
2846  1790565951.558597 sendfile(12, 13, [0] => [1024], 1024) = 1024 <0.000051>
2846  1790565951.558903 epoll_wait(10, [{events=EPOLLIN, data={u32=7, u64=7}}], 64, 1000) = 1 <0.000027>
2846  1790565951.558987 recvfrom(12, "GET /payload-1024.bin HTTP/1.1\r\n"..., 4096, 0, NULL, NULL) = 75 <0.000042>
2846  1790565951.559432 sendto(12, "HTTP/1.1 200 OK\r\nContent-Length:"..., 105, MSG_NOSIGNAL, NULL, 0) = 105 <0.000069>
2846  1790565951.559894 sendfile(12, 13, [0] => [1024], 1024) = 1024 <0.000100>
2846  1790565951.560241 epoll_wait(10, [{events=EPOLLIN, data={u32=7, u64=7}}], 64, 1000) = 1 <0.000028>
2846  1790565951.560326 recvfrom(12, "GET /payload-1024.bin HTTP/1.1\r\n"..., 4096, 0, NULL, NULL) = 75 <0.000065>
2846  1790565951.560750 sendto(12, "HTTP/1.1 200 OK\r\nContent-Length:"..., 105, MSG_NOSIGNAL, NULL, 0) = 105 <0.000083>
2846  1790565951.561062 sendfile(12, 13, [0] => [1024], 1024) = 1024 <0.000047>
2846  1790565951.561453 epoll_wait(10, [{events=EPOLLIN, data={u32=7, u64=7}}], 64, 1000) = 1 <0.000068>
2846  1790565951.561616 recvfrom(12, "GET /payload-1024.bin HTTP/1.1\r\n"..., 4096, 0, NULL, NULL) = 75 <0.000029>
2846  1790565951.561995 sendto(12, "HTTP/1.1 200 OK\r\nContent-Length:"..., 105, MSG_NOSIGNAL, NULL, 0) = 105 <0.000082>
2846  1790565951.562281 sendfile(12, 13, [0] => [1024], 1024) = 1024 <0.000051>
2846  1790565951.562664 epoll_wait(10, [{events=EPOLLIN, data={u32=7, u64=7}}], 64, 1000) = 1 <0.000058>
2846  1790565951.562862 recvfrom(12, "GET /payload-1024.bin HTTP/1.1\r\n"..., 4096, 0, NULL, NULL) = 75 <0.000030>
2846  1790565951.563259 sendto(12, "HTTP/1.1 200 OK\r\nContent-Length:"..., 105, MSG_NOSIGNAL, NULL, 0) = 105 <0.000085>
2846  1790565951.563542 sendfile(12, 13, [0] => [1024], 1024) = 1024 <0.000082>
2846  1790565951.563957 epoll_wait(10, [{events=EPOLLIN, data={u32=7, u64=7}}], 64, 1000) = 1 <0.000028>
2846  1790565951.564044 recvfrom(12, "GET /payload-1024.bin HTTP/1.1\r\n"..., 4096, 0, NULL, NULL) = 75 <0.000027>
2846  1790565951.564437 sendto(12, "HTTP/1.1 200 OK\r\nContent-Length:"..., 105, MSG_NOSIGNAL, NULL, 0) = 105 <0.000082>
2846  1790565951.564720 sendfile(12, 13, [0] => [1024], 1024) = 1024 <0.000100>
2846  1790565951.565114 epoll_wait(10, [{events=EPOLLIN, data={u32=7, u64=7}}], 64, 1000) = 1 <0.000026>
2846  1790565951.565195 recvfrom(12, "GET /payload-1024.bin HTTP/1.1\r\n"..., 4096, 0, NULL, NULL) = 75 <0.000036>
2846  1790565951.565786 sendto(12, "HTTP/1.1 200 OK\r\nContent-Length:"..., 105, MSG_NOSIGNAL, NULL, 0) = 105 <0.000050>
2846  1790565951.566033 sendfile(12, 13, [0] => [1024], 1024) = 1024 <0.000047>
2846  1790565951.566376 epoll_wait(10, [{events=EPOLLIN, data={u32=7, u64=7}}], 64, 1000) = 1 <0.000026>
2846  1790565951.566513 recvfrom(12, "GET /payload-1024.bin HTTP/1.1\r\n"..., 4096, 0, NULL, NULL) = 75 <0.000042>
2846  1790565951.566937 sendto(12, "HTTP/1.1 200 OK\r\nContent-Length:"..., 105, MSG_NOSIGNAL, NULL, 0) = 105 <0.000092>
2846  1790565951.567227 sendfile(12, 13, [0] => [1024], 1024) = 1024 <0.000049>
2846  1790565951.567543 epoll_wait(10, [{events=EPOLLIN, data={u32=7, u64=7}}], 64, 1000) = 1 <0.000025>
2846  1790565951.567646 recvfrom(12, "GET /payload-1024.bin HTTP/1.1\r\n"..., 4096, 0, NULL, NULL) = 75 <0.000027>
2846  1790565951.568139 sendto(12, "HTTP/1.1 200 OK\r\nContent-Length:"..., 105, MSG_NOSIGNAL, NULL, 0) = 105 <0.000090>
2846  1790565951.568428 sendfile(12, 13, [0] => [1024], 1024) = 1024 <0.000069>
2846  1790565951.568807 epoll_wait(10, [{events=EPOLLIN, data={u32=7, u64=7}}], 64, 1000) = 1 <0.000026>
2846  1790565951.568887 recvfrom(12, "GET /payload-1024.bin HTTP/1.1\r\n"..., 4096, 0, NULL, NULL) = 75 <0.000025>
2846  1790565951.569262 sendto(12, "HTTP/1.1 200 OK\r\nContent-Length:"..., 105, MSG_NOSIGNAL, NULL, 0) = 105 <0.000070>
2846  1790565951.569650 sendfile(12, 13, [0] => [1024], 1024) = 1024 <0.000093>
2846  1790565951.569954 epoll_wait(10, [{events=EPOLLIN, data={u32=7, u64=7}}], 64, 1000) = 1 <0.000026>
2846  1790565951.570061 recvfrom(12, "GET /payload-1024.bin HTTP/1.1\r\n"..., 4096, 0, NULL, NULL) = 75 <0.000026>
2846  1790565951.570467 sendto(12, "HTTP/1.1 200 OK\r\nContent-Length:"..., 105, MSG_NOSIGNAL, NULL, 0) = 105 <0.000077>
2846  1790565951.570748 sendfile(12, 13, [0] => [1024], 1024) = 1024 <0.000048>
2846  1790565951.571021 epoll_wait(10, [{events=EPOLLIN, data={u32=7, u64=7}}], 64, 1000) = 1 <0.000027>
2846  1790565951.571109 recvfrom(12, "GET /payload-1024.bin HTTP/1.1\r\n"..., 4096, 0, NULL, NULL) = 75 <0.000044>
2846  1790565951.571537 sendto(12, "HTTP/1.1 200 OK\r\nContent-Length:"..., 105, MSG_NOSIGNAL, NULL, 0) = 105 <0.000053>
2846  1790565951.571792 sendfile(12, 13, [0] => [1024], 1024) = 1024 <0.000094>
2846  1790565951.572213 epoll_wait(10, [{events=EPOLLIN, data={u32=7, u64=7}}], 64, 1000) = 1 <0.000030>
2846  1790565951.572309 recvfrom(12, "GET /payload-1024.bin HTTP/1.1\r\n"..., 4096, 0, NULL, NULL) = 75 <0.000038>
2846  1790565951.572704 sendto(12, "HTTP/1.1 200 OK\r\nContent-Length:"..., 105, MSG_NOSIGNAL, NULL, 0) = 105 <0.000095>
2846  1790565951.572993 sendfile(12, 13, [0] => [1024], 1024) = 1024 <0.000072>
2846  1790565951.573504 epoll_wait(10, [{events=EPOLLIN, data={u32=7, u64=7}}], 64, 1000) = 1 <0.000029>
2846  1790565951.573638 recvfrom(12, "GET /payload-1024.bin HTTP/1.1\r\n"..., 4096, 0, NULL, NULL) = 75 <0.000028>
2846  1790565951.574060 sendto(12, "HTTP/1.1 200 OK\r\nContent-Length:"..., 105, MSG_NOSIGNAL, NULL, 0) = 105 <0.000100>
2846  1790565951.574366 sendfile(12, 13, [0] => [1024], 1024) = 1024 <0.000152>
2846  1790565951.574936 epoll_wait(10, [{events=EPOLLIN, data={u32=7, u64=7}}], 64, 1000) = 1 <0.000049>
2846  1790565951.575061 recvfrom(12, "GET /payload-1024.bin HTTP/1.1\r\n"..., 4096, 0, NULL, NULL) = 75 <0.000049>
2846  1790565951.575519 sendto(12, "HTTP/1.1 200 OK\r\nContent-Length:"..., 105, MSG_NOSIGNAL, NULL, 0) = 105 <0.000054>
2846  1790565951.575836 sendfile(12, 13, [0] => [1024], 1024) = 1024 <0.000092>
2846  1790565951.576246 epoll_wait(10, [{events=EPOLLIN, data={u32=7, u64=7}}], 64, 1000) = 1 <0.000058>
2846  1790565951.576395 recvfrom(12, "GET /payload-1024.bin HTTP/1.1\r\n"..., 4096, 0, NULL, NULL) = 75 <0.000051>
2846  1790565951.576843 sendto(12, "HTTP/1.1 200 OK\r\nContent-Length:"..., 105, MSG_NOSIGNAL, NULL, 0) = 105 <0.000052>
2846  1790565951.577193 sendfile(12, 13, [0] => [1024], 1024) = 1024 <0.000120>
2846  1790565951.577644 epoll_wait(10, [{events=EPOLLIN, data={u32=7, u64=7}}], 64, 1000) = 1 <0.000029>
2846  1790565951.577762 recvfrom(12, "GET /payload-1024.bin HTTP/1.1\r\n"..., 4096, 0, NULL, NULL) = 75 <0.000030>
2846  1790565951.578198 sendto(12, "HTTP/1.1 200 OK\r\nContent-Length:"..., 105, MSG_NOSIGNAL, NULL, 0) = 105 <0.000084>
2846  1790565951.578612 sendfile(12, 13, [0] => [1024], 1024) = 1024 <0.000066>
2846  1790565951.579051 epoll_wait(10, [{events=EPOLLIN, data={u32=7, u64=7}}], 64, 1000) = 1 <0.000029>
2846  1790565951.579168 recvfrom(12, "GET /payload-1024.bin HTTP/1.1\r\n"..., 4096, 0, NULL, NULL) = 75 <0.000106>
2846  1790565951.579701 sendto(12, "HTTP/1.1 200 OK\r\nContent-Length:"..., 105, MSG_NOSIGNAL, NULL, 0) = 105 <0.000110>
2846  1790565951.580025 sendfile(12, 13, [0] => [1024], 1024) = 1024 <0.000082>
2846  1790565951.580426 epoll_wait(10, [{events=EPOLLIN, data={u32=7, u64=7}}], 64, 1000) = 1 <0.000038>
2846  1790565951.580583 recvfrom(12, "GET /payload-1024.bin HTTP/1.1\r\n"..., 4096, 0, NULL, NULL) = 75 <0.000048>
2846  1790565951.581217 sendto(12, "HTTP/1.1 200 OK\r\nContent-Length:"..., 105, MSG_NOSIGNAL, NULL, 0) = 105 <0.000055>
2846  1790565951.581693 sendfile(12, 13, [0] => [1024], 1024) = 1024 <0.000065>
2846  1790565951.581997 epoll_wait(10, [{events=EPOLLIN, data={u32=7, u64=7}}], 64, 1000) = 1 <0.000285>
2846  1790565951.582366 recvfrom(12, "GET /payload-1024.bin HTTP/1.1\r\n"..., 4096, 0, NULL, NULL) = 75 <0.000092>
2846  1790565951.582860 sendto(12, "HTTP/1.1 200 OK\r\nContent-Length:"..., 105, MSG_NOSIGNAL, NULL, 0) = 105 <0.000056>
2846  1790565951.583110 sendfile(12, 13, [0] => [1024], 1024) = 1024 <0.000071>
2846  1790565951.583396 epoll_wait(10, [{events=EPOLLIN, data={u32=7, u64=7}}], 64, 1000) = 1 <0.000028>
2846  1790565951.583481 recvfrom(12, "GET /payload-1024.bin HTTP/1.1\r\n"..., 4096, 0, NULL, NULL) = 75 <0.000045>
2846  1790565951.583871 sendto(12, "HTTP/1.1 200 OK\r\nContent-Length:"..., 105, MSG_NOSIGNAL, NULL, 0) = 105 <0.000086>
2846  1790565951.584137 sendfile(12, 13, [0] => [1024], 1024) = 1024 <0.000046>
2846  1790565951.584553 epoll_wait(10, [{events=EPOLLIN, data={u32=7, u64=7}}], 64, 1000) = 1 <0.000052>
2846  1790565951.584691 recvfrom(12, "GET /payload-1024.bin HTTP/1.1\r\n"..., 4096, 0, NULL, NULL) = 75 <0.000039>
2846  1790565951.585109 sendto(12, "HTTP/1.1 200 OK\r\nContent-Length:"..., 105, MSG_NOSIGNAL, NULL, 0) = 105 <0.000046>
2846  1790565951.585363 sendfile(12, 13, [0] => [1024], 1024) = 1024 <0.000047>
2846  1790565951.585637 epoll_wait(10, [{events=EPOLLIN, data={u32=7, u64=7}}], 64, 1000) = 1 <0.000025>
2846  1790565951.585734 recvfrom(12, "GET /payload-1024.bin HTTP/1.1\r\n"..., 4096, 0, NULL, NULL) = 75 <0.000041>
2846  1790565951.586127 sendto(12, "HTTP/1.1 200 OK\r\nContent-Length:"..., 105, MSG_NOSIGNAL, NULL, 0) = 105 <0.000043>
2846  1790565951.586357 sendfile(12, 13, [0] => [1024], 1024) = 1024 <0.000051>
2846  1790565951.586659 epoll_wait(10, [{events=EPOLLIN, data={u32=7, u64=7}}], 64, 1000) = 1 <0.000026>
2846  1790565951.586763 recvfrom(12, "GET /payload-1024.bin HTTP/1.1\r\n"..., 4096, 0, NULL, NULL) = 75 <0.000038>
2846  1790565951.587198 sendto(12, "HTTP/1.1 200 OK\r\nContent-Length:"..., 105, MSG_NOSIGNAL, NULL, 0) = 105 <0.000057>
2846  1790565951.587463 sendfile(12, 13, [0] => [1024], 1024) = 1024 <0.000047>
2846  1790565951.587791 epoll_wait(10, [{events=EPOLLIN, data={u32=7, u64=7}}], 64, 1000) = 1 <0.000026>
2846  1790565951.587873 recvfrom(12, "GET /payload-1024.bin HTTP/1.1\r\n"..., 4096, 0, NULL, NULL) = 75 <0.000025>
2846  1790565951.588313 sendto(12, "HTTP/1.1 200 OK\r\nContent-Length:"..., 105, MSG_NOSIGNAL, NULL, 0) = 105 <0.000055>
2846  1790565951.588630 sendfile(12, 13, [0] => [1024], 1024) = 1024 <0.000058>
2846  1790565951.588935 epoll_wait(10, [{events=EPOLLIN, data={u32=7, u64=7}}], 64, 1000) = 1 <0.000120>
2846  1790565951.589178 recvfrom(12, "GET /payload-1024.bin HTTP/1.1\r\n"..., 4096, 0, NULL, NULL) = 75 <0.000042>
2846  1790565951.589820 sendto(12, "HTTP/1.1 200 OK\r\nContent-Length:"..., 105, MSG_NOSIGNAL, NULL, 0) = 105 <0.000119>
2846  1790565951.590196 sendfile(12, 13, [0] => [1024], 1024) = 1024 <0.000055>
2846  1790565951.590802 epoll_wait(10, [{events=EPOLLIN|EPOLLRDHUP, data={u32=7, u64=7}}], 64, 1000) = 1 <0.000075>
2846  1790565951.590995 recvfrom(12, "", 4096, 0, NULL, NULL) = 0 <0.000038>
2846  1790565951.591195 epoll_ctl(10, EPOLL_CTL_DEL, 12, NULL) = 0 <0.000043>
2846  1790565951.591483 epoll_wait(10,  <unfinished ...>
2843  1790565951.623775 <... epoll_wait resumed>[{events=EPOLLIN, data={u32=5, u64=5}}], 64, 1000) = 1 <0.075316>
2843  1790565951.624050 setsockopt(12, SOL_TCP, TCP_NODELAY, [1], 4) = 0 <0.000057>
2845  1790565951.624404 <... epoll_wait resumed>[{events=EPOLLIN, data={u32=2, u64=2}}], 64, 1000) = 1 <0.225099>
2843  1790565951.624761 epoll_wait(5,  <unfinished ...>
2845  1790565951.624793 read(9, "\1\0\0\0\0\0\0\0", 8) = 8 <0.000041>
2845  1790565951.624915 read(9, 0x7b17825fda00, 8) = -1 EAGAIN (Resource temporarily unavailable) <0.000114>
2845  1790565951.625144 epoll_ctl(8, EPOLL_CTL_ADD, 12, {events=EPOLLIN|EPOLLRDHUP, data={u32=8, u64=8}}) = 0 <0.000065>
2845  1790565951.625317 epoll_wait(8, [{events=EPOLLIN, data={u32=8, u64=8}}], 64, 1000) = 1 <0.000033>
2845  1790565951.625479 recvfrom(12, "GET /payload-1024.bin HTTP/1.1\r\n"..., 4096, 0, NULL, NULL) = 75 <0.000041>
2845  1790565951.625941 sendto(12, "HTTP/1.1 200 OK\r\nContent-Length:"..., 105, MSG_NOSIGNAL, NULL, 0) = 105 <0.000099>
2845  1790565951.626477 sendfile(12, 13, [0] => [1024], 1024) = 1024 <0.000061>
2845  1790565951.626824 epoll_wait(8, [{events=EPOLLIN, data={u32=8, u64=8}}], 64, 1000) = 1 <0.000025>
2845  1790565951.626941 recvfrom(12, "GET /payload-1024.bin HTTP/1.1\r\n"..., 4096, 0, NULL, NULL) = 75 <0.000049>
2845  1790565951.627560 sendto(12, "HTTP/1.1 200 OK\r\nContent-Length:"..., 105, MSG_NOSIGNAL, NULL, 0) = 105 <0.000046>
2845  1790565951.627837 sendfile(12, 13, [0] => [1024], 1024) = 1024 <0.000055>
2845  1790565951.628206 epoll_wait(8, [{events=EPOLLIN, data={u32=8, u64=8}}], 64, 1000) = 1 <0.000055>
2845  1790565951.628371 recvfrom(12, "GET /payload-1024.bin HTTP/1.1\r\n"..., 4096, 0, NULL, NULL) = 75 <0.000054>
2845  1790565951.628784 sendto(12, "HTTP/1.1 200 OK\r\nContent-Length:"..., 105, MSG_NOSIGNAL, NULL, 0) = 105 <0.000060>
2845  1790565951.629049 sendfile(12, 13, [0] => [1024], 1024) = 1024 <0.000105>
2845  1790565951.629435 epoll_wait(8, [{events=EPOLLIN, data={u32=8, u64=8}}], 64, 1000) = 1 <0.000026>
2845  1790565951.629539 recvfrom(12, "GET /payload-1024.bin HTTP/1.1\r\n"..., 4096, 0, NULL, NULL) = 75 <0.000059>
2845  1790565951.630043 sendto(12, "HTTP/1.1 200 OK\r\nContent-Length:"..., 105, MSG_NOSIGNAL, NULL, 0) = 105 <0.000046>
2845  1790565951.630307 sendfile(12, 13, [0] => [1024], 1024) = 1024 <0.000078>
2845  1790565951.630733 epoll_wait(8, [{events=EPOLLIN, data={u32=8, u64=8}}], 64, 1000) = 1 <0.000038>
2845  1790565951.630853 recvfrom(12, "GET /payload-1024.bin HTTP/1.1\r\n"..., 4096, 0, NULL, NULL) = 75 <0.000048>
2845  1790565951.631264 sendto(12, "HTTP/1.1 200 OK\r\nContent-Length:"..., 105, MSG_NOSIGNAL, NULL, 0) = 105 <0.000098>
2845  1790565951.631559 sendfile(12, 13, [0] => [1024], 1024) = 1024 <0.000052>
2845  1790565951.632152 epoll_wait(8, [{events=EPOLLIN, data={u32=8, u64=8}}], 64, 1000) = 1 <0.000033>
2845  1790565951.632266 recvfrom(12, "GET /payload-1024.bin HTTP/1.1\r\n"..., 4096, 0, NULL, NULL) = 75 <0.000035>
2845  1790565951.632661 sendto(12, "HTTP/1.1 200 OK\r\nContent-Length:"..., 105, MSG_NOSIGNAL, NULL, 0) = 105 <0.000097>
2845  1790565951.632951 sendfile(12, 13, [0] => [1024], 1024) = 1024 <0.000054>
2845  1790565951.633223 epoll_wait(8, [{events=EPOLLIN, data={u32=8, u64=8}}], 64, 1000) = 1 <0.000033>
2845  1790565951.633328 recvfrom(12, "GET /payload-1024.bin HTTP/1.1\r\n"..., 4096, 0, NULL, NULL) = 75 <0.000026>
2845  1790565951.633708 sendto(12, "HTTP/1.1 200 OK\r\nContent-Length:"..., 105, MSG_NOSIGNAL, NULL, 0) = 105 <0.000048>
2845  1790565951.633940 sendfile(12, 13, [0] => [1024], 1024) = 1024 <0.000051>
2845  1790565951.634274 epoll_wait(8, [{events=EPOLLIN, data={u32=8, u64=8}}], 64, 1000) = 1 <0.000051>
2845  1790565951.634415 recvfrom(12, "GET /payload-1024.bin HTTP/1.1\r\n"..., 4096, 0, NULL, NULL) = 75 <0.000027>
2845  1790565951.634862 sendto(12, "HTTP/1.1 200 OK\r\nContent-Length:"..., 105, MSG_NOSIGNAL, NULL, 0) = 105 <0.000085>
2845  1790565951.635145 sendfile(12, 13, [0] => [1024], 1024) = 1024 <0.000051>
2845  1790565951.635498 epoll_wait(8, [{events=EPOLLIN, data={u32=8, u64=8}}], 64, 1000) = 1 <0.000045>
2845  1790565951.635619 recvfrom(12, "GET /payload-1024.bin HTTP/1.1\r\n"..., 4096, 0, NULL, NULL) = 75 <0.000026>
2845  1790565951.636033 sendto(12, "HTTP/1.1 200 OK\r\nContent-Length:"..., 105, MSG_NOSIGNAL, NULL, 0) = 105 <0.000071>
2845  1790565951.637109 sendfile(12, 13, [0] => [1024], 1024) = 1024 <0.000112>
2845  1790565951.637471 epoll_wait(8, [{events=EPOLLIN, data={u32=8, u64=8}}], 64, 1000) = 1 <0.000043>
2845  1790565951.637595 recvfrom(12, "GET /payload-1024.bin HTTP/1.1\r\n"..., 4096, 0, NULL, NULL) = 75 <0.000046>
2845  1790565951.638033 sendto(12, "HTTP/1.1 200 OK\r\nContent-Length:"..., 105, MSG_NOSIGNAL, NULL, 0) = 105 <0.000099>
2845  1790565951.638341 sendfile(12, 13, [0] => [1024], 1024) = 1024 <0.000052>
2845  1790565951.638754 epoll_wait(8, [{events=EPOLLIN, data={u32=8, u64=8}}], 64, 1000) = 1 <0.000028>
2845  1790565951.638870 recvfrom(12, "GET /payload-1024.bin HTTP/1.1\r\n"..., 4096, 0, NULL, NULL) = 75 <0.000049>
2845  1790565951.639344 sendto(12, "HTTP/1.1 200 OK\r\nContent-Length:"..., 105, MSG_NOSIGNAL, NULL, 0) = 105 <0.000067>
2845  1790565951.639631 sendfile(12, 13, [0] => [1024], 1024) = 1024 <0.000054>
2845  1790565951.639951 epoll_wait(8, [{events=EPOLLIN, data={u32=8, u64=8}}], 64, 1000) = 1 <0.000056>
2845  1790565951.640105 recvfrom(12, "GET /payload-1024.bin HTTP/1.1\r\n"..., 4096, 0, NULL, NULL) = 75 <0.000051>
2845  1790565951.640587 sendto(12, "HTTP/1.1 200 OK\r\nContent-Length:"..., 105, MSG_NOSIGNAL, NULL, 0) = 105 <0.000044>
2845  1790565951.641105 sendfile(12, 13, [0] => [1024], 1024) = 1024 <0.000062>
2845  1790565951.641415 epoll_wait(8, [{events=EPOLLIN, data={u32=8, u64=8}}], 64, 1000) = 1 <0.000084>
2845  1790565951.641615 recvfrom(12, "GET /payload-1024.bin HTTP/1.1\r\n"..., 4096, 0, NULL, NULL) = 75 <0.000043>
2845  1790565951.642101 sendto(12, "HTTP/1.1 200 OK\r\nContent-Length:"..., 105, MSG_NOSIGNAL, NULL, 0) = 105 <0.000049>
2845  1790565951.642380 sendfile(12, 13, [0] => [1024], 1024) = 1024 <0.000111>
2845  1790565951.642893 epoll_wait(8, [{events=EPOLLIN, data={u32=8, u64=8}}], 64, 1000) = 1 <0.000063>
2845  1790565951.643032 recvfrom(12, "GET /payload-1024.bin HTTP/1.1\r\n"..., 4096, 0, NULL, NULL) = 75 <0.000103>
2845  1790565951.643592 sendto(12, "HTTP/1.1 200 OK\r\nContent-Length:"..., 105, MSG_NOSIGNAL, NULL, 0) = 105 <0.000099>
2845  1790565951.644005 sendfile(12, 13, [0] => [1024], 1024) = 1024 <0.000113>
2845  1790565951.644489 epoll_wait(8, [{events=EPOLLIN, data={u32=8, u64=8}}], 64, 1000) = 1 <0.000033>
2845  1790565951.644615 recvfrom(12, "GET /payload-1024.bin HTTP/1.1\r\n"..., 4096, 0, NULL, NULL) = 75 <0.000044>
2845  1790565951.645128 sendto(12, "HTTP/1.1 200 OK\r\nContent-Length:"..., 105, MSG_NOSIGNAL, NULL, 0) = 105 <0.000092>
2845  1790565951.645439 sendfile(12, 13, [0] => [1024], 1024) = 1024 <0.000057>
2845  1790565951.645785 epoll_wait(8, [{events=EPOLLIN, data={u32=8, u64=8}}], 64, 1000) = 1 <0.000031>
2845  1790565951.645905 recvfrom(12, "GET /payload-1024.bin HTTP/1.1\r\n"..., 4096, 0, NULL, NULL) = 75 <0.000031>
2845  1790565951.646533 sendto(12, "HTTP/1.1 200 OK\r\nContent-Length:"..., 105, MSG_NOSIGNAL, NULL, 0) = 105 <0.000113>
2845  1790565951.646936 sendfile(12, 13, [0] => [1024], 1024) = 1024 <0.000065>
2845  1790565951.647321 epoll_wait(8, [{events=EPOLLIN, data={u32=8, u64=8}}], 64, 1000) = 1 <0.000312>
2845  1790565951.647728 recvfrom(12, "GET /payload-1024.bin HTTP/1.1\r\n"..., 4096, 0, NULL, NULL) = 75 <0.000037>
2845  1790565951.648179 sendto(12, "HTTP/1.1 200 OK\r\nContent-Length:"..., 105, MSG_NOSIGNAL, NULL, 0) = 105 <0.000100>
2845  1790565951.648571 sendfile(12, 13, [0] => [1024], 1024) = 1024 <0.000056>
2845  1790565951.648979 epoll_wait(8, [{events=EPOLLIN, data={u32=8, u64=8}}], 64, 1000) = 1 <0.000030>
2845  1790565951.649106 recvfrom(12, "GET /payload-1024.bin HTTP/1.1\r\n"..., 4096, 0, NULL, NULL) = 75 <0.000029>
2845  1790565951.649541 sendto(12, "HTTP/1.1 200 OK\r\nContent-Length:"..., 105, MSG_NOSIGNAL, NULL, 0) = 105 <0.000083>
2845  1790565951.649830 sendfile(12, 13, [0] => [1024], 1024) = 1024 <0.000050>
2845  1790565951.650159 epoll_wait(8, [{events=EPOLLIN, data={u32=8, u64=8}}], 64, 1000) = 1 <0.000029>
2845  1790565951.650238 recvfrom(12, "GET /payload-1024.bin HTTP/1.1\r\n"..., 4096, 0, NULL, NULL) = 75 <0.000046>
2845  1790565951.650660 sendto(12, "HTTP/1.1 200 OK\r\nContent-Length:"..., 105, MSG_NOSIGNAL, NULL, 0) = 105 <0.000055>
2845  1790565951.650977 sendfile(12, 13, [0] => [1024], 1024) = 1024 <0.000058>
2845  1790565951.651286 epoll_wait(8, [{events=EPOLLIN, data={u32=8, u64=8}}], 64, 1000) = 1 <0.000028>
2845  1790565951.651383 recvfrom(12, "GET /payload-1024.bin HTTP/1.1\r\n"..., 4096, 0, NULL, NULL) = 75 <0.000042>
2845  1790565951.651799 sendto(12, "HTTP/1.1 200 OK\r\nContent-Length:"..., 105, MSG_NOSIGNAL, NULL, 0) = 105 <0.000077>
2845  1790565951.652070 sendfile(12, 13, [0] => [1024], 1024) = 1024 <0.000116>
2845  1790565951.652449 epoll_wait(8, [{events=EPOLLIN, data={u32=8, u64=8}}], 64, 1000) = 1 <0.000110>
2845  1790565951.652638 recvfrom(12, "GET /payload-1024.bin HTTP/1.1\r\n"..., 4096, 0, NULL, NULL) = 75 <0.000046>
2845  1790565951.653079 sendto(12, "HTTP/1.1 200 OK\r\nContent-Length:"..., 105, MSG_NOSIGNAL, NULL, 0) = 105 <0.000044>
2845  1790565951.653336 sendfile(12, 13, [0] => [1024], 1024) = 1024 <0.000058>
2845  1790565951.653711 epoll_wait(8, [{events=EPOLLIN, data={u32=8, u64=8}}], 64, 1000) = 1 <0.000041>
2845  1790565951.653835 recvfrom(12, "GET /payload-1024.bin HTTP/1.1\r\n"..., 4096, 0, NULL, NULL) = 75 <0.000035>
2845  1790565951.654239 sendto(12, "HTTP/1.1 200 OK\r\nContent-Length:"..., 105, MSG_NOSIGNAL, NULL, 0) = 105 <0.000061>
2845  1790565951.654569 sendfile(12, 13, [0] => [1024], 1024) = 1024 <0.000052>
2845  1790565951.654891 epoll_wait(8, [{events=EPOLLIN, data={u32=8, u64=8}}], 64, 1000) = 1 <0.000027>
2845  1790565951.655009 recvfrom(12, "GET /payload-1024.bin HTTP/1.1\r\n"..., 4096, 0, NULL, NULL) = 75 <0.000046>
2845  1790565951.655508 sendto(12, "HTTP/1.1 200 OK\r\nContent-Length:"..., 105, MSG_NOSIGNAL, NULL, 0) = 105 <0.000060>
2845  1790565951.655809 sendfile(12, 13, [0] => [1024], 1024) = 1024 <0.000070>
2845  1790565951.656397 epoll_wait(8, [{events=EPOLLIN, data={u32=8, u64=8}}], 64, 1000) = 1 <0.000081>
2845  1790565951.656585 recvfrom(12, "GET /payload-1024.bin HTTP/1.1\r\n"..., 4096, 0, NULL, NULL) = 75 <0.000032>
2845  1790565951.657032 sendto(12, "HTTP/1.1 200 OK\r\nContent-Length:"..., 105, MSG_NOSIGNAL, NULL, 0) = 105 <0.000046>
2845  1790565951.657347 sendfile(12, 13, [0] => [1024], 1024) = 1024 <0.000052>
2845  1790565951.657667 epoll_wait(8, [{events=EPOLLIN, data={u32=8, u64=8}}], 64, 1000) = 1 <0.000047>
2845  1790565951.657781 recvfrom(12, "GET /payload-1024.bin HTTP/1.1\r\n"..., 4096, 0, NULL, NULL) = 75 <0.000046>
2845  1790565951.658224 sendto(12, "HTTP/1.1 200 OK\r\nContent-Length:"..., 105, MSG_NOSIGNAL, NULL, 0) = 105 <0.000049>
2845  1790565951.658520 sendfile(12, 13, [0] => [1024], 1024) = 1024 <0.000061>
2845  1790565951.659168 epoll_wait(8, [{events=EPOLLIN, data={u32=8, u64=8}}], 64, 1000) = 1 <0.000028>
2845  1790565951.659291 recvfrom(12, "GET /payload-1024.bin HTTP/1.1\r\n"..., 4096, 0, NULL, NULL) = 75 <0.000044>
2845  1790565951.659754 sendto(12, "HTTP/1.1 200 OK\r\nContent-Length:"..., 105, MSG_NOSIGNAL, NULL, 0) = 105 <0.000096>
2845  1790565951.660056 sendfile(12, 13, [0] => [1024], 1024) = 1024 <0.000069>
2845  1790565951.660376 epoll_wait(8, [{events=EPOLLIN, data={u32=8, u64=8}}], 64, 1000) = 1 <0.000046>
2845  1790565951.660502 recvfrom(12, "GET /payload-1024.bin HTTP/1.1\r\n"..., 4096, 0, NULL, NULL) = 75 <0.000026>
2845  1790565951.660916 sendto(12, "HTTP/1.1 200 OK\r\nContent-Length:"..., 105, MSG_NOSIGNAL, NULL, 0) = 105 <0.000082>
2845  1790565951.661221 sendfile(12, 13, [0] => [1024], 1024) = 1024 <0.000084>
2845  1790565951.661606 epoll_wait(8, [{events=EPOLLIN, data={u32=8, u64=8}}], 64, 1000) = 1 <0.000026>
2845  1790565951.661691 recvfrom(12, "GET /payload-1024.bin HTTP/1.1\r\n"..., 4096, 0, NULL, NULL) = 75 <0.000033>
2845  1790565951.662063 sendto(12, "HTTP/1.1 200 OK\r\nContent-Length:"..., 105, MSG_NOSIGNAL, NULL, 0) = 105 <0.000062>
2845  1790565951.662312 sendfile(12, 13, [0] => [1024], 1024) = 1024 <0.000093>
2845  1790565951.662677 epoll_wait(8, [{events=EPOLLIN, data={u32=8, u64=8}}], 64, 1000) = 1 <0.000027>
2845  1790565951.662781 recvfrom(12, "GET /payload-1024.bin HTTP/1.1\r\n"..., 4096, 0, NULL, NULL) = 75 <0.000035>
2845  1790565951.663173 sendto(12, "HTTP/1.1 200 OK\r\nContent-Length:"..., 105, MSG_NOSIGNAL, NULL, 0) = 105 <0.000088>
2845  1790565951.663453 sendfile(12, 13, [0] => [1024], 1024) = 1024 <0.000052>
2845  1790565951.663795 epoll_wait(8, [{events=EPOLLIN, data={u32=8, u64=8}}], 64, 1000) = 1 <0.000048>
2845  1790565951.663908 recvfrom(12, "GET /payload-1024.bin HTTP/1.1\r\n"..., 4096, 0, NULL, NULL) = 75 <0.000046>
2845  1790565951.664357 sendto(12, "HTTP/1.1 200 OK\r\nContent-Length:"..., 105, MSG_NOSIGNAL, NULL, 0) = 105 <0.000090>
2845  1790565951.664649 sendfile(12, 13, [0] => [1024], 1024) = 1024 <0.000076>
2845  1790565951.664963 epoll_wait(8, [{events=EPOLLIN, data={u32=8, u64=8}}], 64, 1000) = 1 <0.000028>
2845  1790565951.665069 recvfrom(12, "GET /payload-1024.bin HTTP/1.1\r\n"..., 4096, 0, NULL, NULL) = 75 <0.000026>
2845  1790565951.665460 sendto(12, "HTTP/1.1 200 OK\r\nContent-Length:"..., 105, MSG_NOSIGNAL, NULL, 0) = 105 <0.000055>
2845  1790565951.665709 sendfile(12, 13, [0] => [1024], 1024) = 1024 <0.000084>
2845  1790565951.666019 epoll_wait(8, [{events=EPOLLIN, data={u32=8, u64=8}}], 64, 1000) = 1 <0.000027>
2845  1790565951.666109 recvfrom(12, "GET /payload-1024.bin HTTP/1.1\r\n"..., 4096, 0, NULL, NULL) = 75 <0.000043>
2845  1790565951.666547 sendto(12, "HTTP/1.1 200 OK\r\nContent-Length:"..., 105, MSG_NOSIGNAL, NULL, 0) = 105 <0.000043>
2845  1790565951.666791 sendfile(12, 13, [0] => [1024], 1024) = 1024 <0.000046>
2845  1790565951.667081 epoll_wait(8, [{events=EPOLLIN|EPOLLRDHUP, data={u32=8, u64=8}}], 64, 1000) = 1 <0.000026>
2845  1790565951.667185 recvfrom(12, "", 4096, 0, NULL, NULL) = 0 <0.000029>
2845  1790565951.667302 epoll_ctl(8, EPOLL_CTL_DEL, 12, NULL) = 0 <0.000040>
2845  1790565951.667568 epoll_wait(8,  <unfinished ...>
2843  1790565951.697418 <... epoll_wait resumed>[{events=EPOLLIN, data={u32=5, u64=5}}], 64, 1000) = 1 <0.072627>
2843  1790565951.697735 setsockopt(12, SOL_TCP, TCP_NODELAY, [1], 4) = 0 <0.000035>
2846  1790565951.697909 <... epoll_wait resumed>[{events=EPOLLIN, data={u32=3, u64=3}}], 64, 1000) = 1 <0.106404>
2846  1790565951.698127 read(11, "\1\0\0\0\0\0\0\0", 8) = 8 <0.000024>
2843  1790565951.698209 epoll_wait(5,  <unfinished ...>
2846  1790565951.698225 read(11, 0x7b1781dfca00, 8) = -1 EAGAIN (Resource temporarily unavailable) <0.000041>
2846  1790565951.698339 epoll_ctl(10, EPOLL_CTL_ADD, 12, {events=EPOLLIN|EPOLLRDHUP, data={u32=9, u64=9}}) = 0 <0.000050>
2846  1790565951.698496 epoll_wait(10, [{events=EPOLLIN, data={u32=9, u64=9}}], 64, 1000) = 1 <0.000068>
2846  1790565951.698692 recvfrom(12, "GET /payload-1024.bin HTTP/1.1\r\n"..., 4096, 0, NULL, NULL) = 75 <0.000060>
2846  1790565951.699196 sendto(12, "HTTP/1.1 200 OK\r\nContent-Length:"..., 105, MSG_NOSIGNAL, NULL, 0) = 105 <0.000061>
2846  1790565951.699582 sendfile(12, 13, [0] => [1024], 1024) = 1024 <0.000074>
2846  1790565951.699916 epoll_wait(10, [{events=EPOLLIN, data={u32=9, u64=9}}], 64, 1000) = 1 <0.000263>
2846  1790565951.700261 recvfrom(12, "GET /payload-1024.bin HTTP/1.1\r\n"..., 4096, 0, NULL, NULL) = 75 <0.000034>
2846  1790565951.700785 sendto(12, "HTTP/1.1 200 OK\r\nContent-Length:"..., 105, MSG_NOSIGNAL, NULL, 0) = 105 <0.000080>
2846  1790565951.701105 sendfile(12, 13, [0] => [1024], 1024) = 1024 <0.000117>
2846  1790565951.701545 epoll_wait(10, [{events=EPOLLIN, data={u32=9, u64=9}}], 64, 1000) = 1 <0.000027>
2846  1790565951.701682 recvfrom(12, "GET /payload-1024.bin HTTP/1.1\r\n"..., 4096, 0, NULL, NULL) = 75 <0.000037>
2846  1790565951.702342 sendto(12, "HTTP/1.1 200 OK\r\nContent-Length:"..., 105, MSG_NOSIGNAL, NULL, 0) = 105 <0.000141>
2846  1790565951.702756 sendfile(12, 13, [0] => [1024], 1024) = 1024 <0.000064>
2846  1790565951.703105 epoll_wait(10, [{events=EPOLLIN, data={u32=9, u64=9}}], 64, 1000) = 1 <0.000029>
2846  1790565951.703219 recvfrom(12, "GET /payload-1024.bin HTTP/1.1\r\n"..., 4096, 0, NULL, NULL) = 75 <0.000029>
2846  1790565951.703647 sendto(12, "HTTP/1.1 200 OK\r\nContent-Length:"..., 105, MSG_NOSIGNAL, NULL, 0) = 105 <0.000052>
2846  1790565951.703936 sendfile(12, 13, [0] => [1024], 1024) = 1024 <0.000061>
2846  1790565951.704238 epoll_wait(10, [{events=EPOLLIN, data={u32=9, u64=9}}], 64, 1000) = 1 <0.000031>
2846  1790565951.704380 recvfrom(12, "GET /payload-1024.bin HTTP/1.1\r\n"..., 4096, 0, NULL, NULL) = 75 <0.000034>
2846  1790565951.704815 sendto(12, "HTTP/1.1 200 OK\r\nContent-Length:"..., 105, MSG_NOSIGNAL, NULL, 0) = 105 <0.000053>
2846  1790565951.705090 sendfile(12, 13, [0] => [1024], 1024) = 1024 <0.000058>
2846  1790565951.705473 epoll_wait(10, [{events=EPOLLIN, data={u32=9, u64=9}}], 64, 1000) = 1 <0.000031>
2846  1790565951.705605 recvfrom(12, "GET /payload-1024.bin HTTP/1.1\r\n"..., 4096, 0, NULL, NULL) = 75 <0.000050>
2846  1790565951.706078 sendto(12, "HTTP/1.1 200 OK\r\nContent-Length:"..., 105, MSG_NOSIGNAL, NULL, 0) = 105 <0.000055>
2846  1790565951.706345 sendfile(12, 13, [0] => [1024], 1024) = 1024 <0.000063>
2846  1790565951.706645 epoll_wait(10, [{events=EPOLLIN, data={u32=9, u64=9}}], 64, 1000) = 1 <0.000032>
2846  1790565951.706762 recvfrom(12, "GET /payload-1024.bin HTTP/1.1\r\n"..., 4096, 0, NULL, NULL) = 75 <0.000032>
2846  1790565951.707206 sendto(12, "HTTP/1.1 200 OK\r\nContent-Length:"..., 105, MSG_NOSIGNAL, NULL, 0) = 105 <0.000054>
2846  1790565951.707485 sendfile(12, 13, [0] => [1024], 1024) = 1024 <0.000052>
2846  1790565951.707824 epoll_wait(10, [{events=EPOLLIN, data={u32=9, u64=9}}], 64, 1000) = 1 <0.000051>
2846  1790565951.707989 recvfrom(12, "GET /payload-1024.bin HTTP/1.1\r\n"..., 4096, 0, NULL, NULL) = 75 <0.000031>
2846  1790565951.708452 sendto(12, "HTTP/1.1 200 OK\r\nContent-Length:"..., 105, MSG_NOSIGNAL, NULL, 0) = 105 <0.000059>
2846  1790565951.708737 sendfile(12, 13, [0] => [1024], 1024) = 1024 <0.000052>
2846  1790565951.709076 epoll_wait(10, [{events=EPOLLIN, data={u32=9, u64=9}}], 64, 1000) = 1 <0.000032>
2846  1790565951.709188 recvfrom(12, "GET /payload-1024.bin HTTP/1.1\r\n"..., 4096, 0, NULL, NULL) = 75 <0.000033>
2846  1790565951.709693 sendto(12, "HTTP/1.1 200 OK\r\nContent-Length:"..., 105, MSG_NOSIGNAL, NULL, 0) = 105 <0.000054>
2846  1790565951.709977 sendfile(12, 13, [0] => [1024], 1024) = 1024 <0.000118>
2846  1790565951.710437 epoll_wait(10, [{events=EPOLLIN, data={u32=9, u64=9}}], 64, 1000) = 1 <0.000030>
2846  1790565951.710550 recvfrom(12, "GET /payload-1024.bin HTTP/1.1\r\n"..., 4096, 0, NULL, NULL) = 75 <0.000029>
2846  1790565951.710992 sendto(12, "HTTP/1.1 200 OK\r\nContent-Length:"..., 105, MSG_NOSIGNAL, NULL, 0) = 105 <0.000093>
2846  1790565951.711338 sendfile(12, 13, [0] => [1024], 1024) = 1024 <0.000080>
2846  1790565951.711727 epoll_wait(10, [{events=EPOLLIN, data={u32=9, u64=9}}], 64, 1000) = 1 <0.000029>
2846  1790565951.711815 recvfrom(12, "GET /payload-1024.bin HTTP/1.1\r\n"..., 4096, 0, NULL, NULL) = 75 <0.000030>
2846  1790565951.712207 sendto(12, "HTTP/1.1 200 OK\r\nContent-Length:"..., 105, MSG_NOSIGNAL, NULL, 0) = 105 <0.000048>
2846  1790565951.712463 sendfile(12, 13, [0] => [1024], 1024) = 1024 <0.000072>
2846  1790565951.712761 epoll_wait(10, [{events=EPOLLIN, data={u32=9, u64=9}}], 64, 1000) = 1 <0.000026>
2846  1790565951.712847 recvfrom(12, "GET /payload-1024.bin HTTP/1.1\r\n"..., 4096, 0, NULL, NULL) = 75 <0.000026>
2846  1790565951.713216 sendto(12, "HTTP/1.1 200 OK\r\nContent-Length:"..., 105, MSG_NOSIGNAL, NULL, 0) = 105 <0.000077>
2846  1790565951.713491 sendfile(12, 13, [0] => [1024], 1024) = 1024 <0.000057>
2846  1790565951.713988 epoll_wait(10, [{events=EPOLLIN, data={u32=9, u64=9}}], 64, 1000) = 1 <0.000310>
2846  1790565951.714375 recvfrom(12, "GET /payload-1024.bin HTTP/1.1\r\n"..., 4096, 0, NULL, NULL) = 75 <0.000032>
2846  1790565951.714802 sendto(12, "HTTP/1.1 200 OK\r\nContent-Length:"..., 105, MSG_NOSIGNAL, NULL, 0) = 105 <0.000050>
2846  1790565951.715099 sendfile(12, 13, [0] => [1024], 1024) = 1024 <0.000060>
2846  1790565951.715474 epoll_wait(10, [{events=EPOLLIN, data={u32=9, u64=9}}], 64, 1000) = 1 <0.000046>
2846  1790565951.715604 recvfrom(12, "GET /payload-1024.bin HTTP/1.1\r\n"..., 4096, 0, NULL, NULL) = 75 <0.000049>
2846  1790565951.716005 sendto(12, "HTTP/1.1 200 OK\r\nContent-Length:"..., 105, MSG_NOSIGNAL, NULL, 0) = 105 <0.000044>
2846  1790565951.716292 sendfile(12, 13, [0] => [1024], 1024) = 1024 <0.000122>
2846  1790565951.716735 epoll_wait(10, [{events=EPOLLIN, data={u32=9, u64=9}}], 64, 1000) = 1 <0.000029>
2846  1790565951.716850 recvfrom(12, "GET /payload-1024.bin HTTP/1.1\r\n"..., 4096, 0, NULL, NULL) = 75 <0.000036>
2846  1790565951.717249 sendto(12, "HTTP/1.1 200 OK\r\nContent-Length:"..., 105, MSG_NOSIGNAL, NULL, 0) = 105 <0.000054>
2846  1790565951.717520 sendfile(12, 13, [0] => [1024], 1024) = 1024 <0.000062>
2846  1790565951.718025 epoll_wait(10, [{events=EPOLLIN, data={u32=9, u64=9}}], 64, 1000) = 1 <0.000033>
2846  1790565951.718156 recvfrom(12, "GET /payload-1024.bin HTTP/1.1\r\n"..., 4096, 0, NULL, NULL) = 75 <0.000041>
2846  1790565951.718618 sendto(12, "HTTP/1.1 200 OK\r\nContent-Length:"..., 105, MSG_NOSIGNAL, NULL, 0) = 105 <0.000051>
2846  1790565951.718878 sendfile(12, 13, [0] => [1024], 1024) = 1024 <0.000050>
2846  1790565951.719123 epoll_wait(10, [{events=EPOLLIN, data={u32=9, u64=9}}], 64, 1000) = 1 <0.000030>
2846  1790565951.719331 recvfrom(12, "GET /payload-1024.bin HTTP/1.1\r\n"..., 4096, 0, NULL, NULL) = 75 <0.000026>
2846  1790565951.719702 sendto(12, "HTTP/1.1 200 OK\r\nContent-Length:"..., 105, MSG_NOSIGNAL, NULL, 0) = 105 <0.000045>
2846  1790565951.720047 sendfile(12, 13, [0] => [1024], 1024) = 1024 <0.000063>
2846  1790565951.720493 epoll_wait(10, [{events=EPOLLIN, data={u32=9, u64=9}}], 64, 1000) = 1 <0.000026>
2846  1790565951.720579 recvfrom(12, "GET /payload-1024.bin HTTP/1.1\r\n"..., 4096, 0, NULL, NULL) = 75 <0.000034>
2846  1790565951.720942 sendto(12, "HTTP/1.1 200 OK\r\nContent-Length:"..., 105, MSG_NOSIGNAL, NULL, 0) = 105 <0.000048>
2846  1790565951.721184 sendfile(12, 13, [0] => [1024], 1024) = 1024 <0.000090>
2846  1790565951.721513 epoll_wait(10, [{events=EPOLLIN, data={u32=9, u64=9}}], 64, 1000) = 1 <0.000028>
2846  1790565951.721600 recvfrom(12, "GET /payload-1024.bin HTTP/1.1\r\n"..., 4096, 0, NULL, NULL) = 75 <0.000026>
2846  1790565951.722002 sendto(12, "HTTP/1.1 200 OK\r\nContent-Length:"..., 105, MSG_NOSIGNAL, NULL, 0) = 105 <0.000059>
2846  1790565951.722283 sendfile(12, 13, [0] => [1024], 1024) = 1024 <0.000049>
2846  1790565951.722589 epoll_wait(10, [{events=EPOLLIN, data={u32=9, u64=9}}], 64, 1000) = 1 <0.000114>
2846  1790565951.722780 recvfrom(12, "GET /payload-1024.bin HTTP/1.1\r\n"..., 4096, 0, NULL, NULL) = 75 <0.000041>
2846  1790565951.723214 sendto(12, "HTTP/1.1 200 OK\r\nContent-Length:"..., 105, MSG_NOSIGNAL, NULL, 0) = 105 <0.000044>
2846  1790565951.723503 sendfile(12, 13, [0] => [1024], 1024) = 1024 <0.000055>
2846  1790565951.723860 epoll_wait(10, [{events=EPOLLIN, data={u32=9, u64=9}}], 64, 1000) = 1 <0.000026>
2846  1790565951.723944 recvfrom(12, "GET /payload-1024.bin HTTP/1.1\r\n"..., 4096, 0, NULL, NULL) = 75 <0.000030>
2846  1790565951.724329 sendto(12, "HTTP/1.1 200 OK\r\nContent-Length:"..., 105, MSG_NOSIGNAL, NULL, 0) = 105 <0.000055>
2846  1790565951.724575 sendfile(12, 13, [0] => [1024], 1024) = 1024 <0.000072>
2846  1790565951.724889 epoll_wait(10, [{events=EPOLLIN, data={u32=9, u64=9}}], 64, 1000) = 1 <0.000041>
2846  1790565951.724983 recvfrom(12, "GET /payload-1024.bin HTTP/1.1\r\n"..., 4096, 0, NULL, NULL) = 75 <0.000036>
2846  1790565951.725386 sendto(12, "HTTP/1.1 200 OK\r\nContent-Length:"..., 105, MSG_NOSIGNAL, NULL, 0) = 105 <0.000119>
2846  1790565951.725707 sendfile(12, 13, [0] => [1024], 1024) = 1024 <0.000079>
2846  1790565951.726007 epoll_wait(10, [{events=EPOLLIN, data={u32=9, u64=9}}], 64, 1000) = 1 <0.000025>
2846  1790565951.726089 recvfrom(12, "GET /payload-1024.bin HTTP/1.1\r\n"..., 4096, 0, NULL, NULL) = 75 <0.000052>
2846  1790565951.726553 sendto(12, "HTTP/1.1 200 OK\r\nContent-Length:"..., 105, MSG_NOSIGNAL, NULL, 0) = 105 <0.000048>
2846  1790565951.726798 sendfile(12, 13, [0] => [1024], 1024) = 1024 <0.000047>
2846  1790565951.727095 epoll_wait(10, [{events=EPOLLIN, data={u32=9, u64=9}}], 64, 1000) = 1 <0.000026>
2846  1790565951.727176 recvfrom(12, "GET /payload-1024.bin HTTP/1.1\r\n"..., 4096, 0, NULL, NULL) = 75 <0.000025>
2846  1790565951.727537 sendto(12, "HTTP/1.1 200 OK\r\nContent-Length:"..., 105, MSG_NOSIGNAL, NULL, 0) = 105 <0.000075>
2846  1790565951.727803 sendfile(12, 13, [0] => [1024], 1024) = 1024 <0.000046>
2846  1790565951.728087 epoll_wait(10, [{events=EPOLLIN, data={u32=9, u64=9}}], 64, 1000) = 1 <0.000026>
2846  1790565951.728168 recvfrom(12, "GET /payload-1024.bin HTTP/1.1\r\n"..., 4096, 0, NULL, NULL) = 75 <0.000025>
2846  1790565951.728537 sendto(12, "HTTP/1.1 200 OK\r\nContent-Length:"..., 105, MSG_NOSIGNAL, NULL, 0) = 105 <0.000046>
2846  1790565951.728802 sendfile(12, 13, [0] => [1024], 1024) = 1024 <0.000076>
2846  1790565951.729136 epoll_wait(10, [{events=EPOLLIN, data={u32=9, u64=9}}], 64, 1000) = 1 <0.000026>
2846  1790565951.729234 recvfrom(12, "GET /payload-1024.bin HTTP/1.1\r\n"..., 4096, 0, NULL, NULL) = 75 <0.000033>
2846  1790565951.729592 sendto(12, "HTTP/1.1 200 OK\r\nContent-Length:"..., 105, MSG_NOSIGNAL, NULL, 0) = 105 <0.000051>
2846  1790565951.730551 sendfile(12, 13, [0] => [1024], 1024) = 1024 <0.000102>
2846  1790565951.730898 epoll_wait(10, [{events=EPOLLIN, data={u32=9, u64=9}}], 64, 1000) = 1 <0.000028>
2846  1790565951.730988 recvfrom(12, "GET /payload-1024.bin HTTP/1.1\r\n"..., 4096, 0, NULL, NULL) = 75 <0.000048>
2846  1790565951.731395 sendto(12, "HTTP/1.1 200 OK\r\nContent-Length:"..., 105, MSG_NOSIGNAL, NULL, 0) = 105 <0.000100>
2846  1790565951.731758 sendfile(12, 13, [0] => [1024], 1024) = 1024 <0.000051>
2846  1790565951.732022 epoll_wait(10, [{events=EPOLLIN, data={u32=9, u64=9}}], 64, 1000) = 1 <0.000055>
2846  1790565951.732138 recvfrom(12, "GET /payload-1024.bin HTTP/1.1\r\n"..., 4096, 0, NULL, NULL) = 75 <0.000045>
2846  1790565951.732558 sendto(12, "HTTP/1.1 200 OK\r\nContent-Length:"..., 105, MSG_NOSIGNAL, NULL, 0) = 105 <0.000044>
2846  1790565951.732889 sendfile(12, 13, [0] => [1024], 1024) = 1024 <0.000100>
2846  1790565951.733213 epoll_wait(10, [{events=EPOLLIN, data={u32=9, u64=9}}], 64, 1000) = 1 <0.000026>
2846  1790565951.733294 recvfrom(12, "GET /payload-1024.bin HTTP/1.1\r\n"..., 4096, 0, NULL, NULL) = 75 <0.000035>
2846  1790565951.733667 sendto(12, "HTTP/1.1 200 OK\r\nContent-Length:"..., 105, MSG_NOSIGNAL, NULL, 0) = 105 <0.000098>
2846  1790565951.733976 sendfile(12, 13, [0] => [1024], 1024) = 1024 <0.000043>
2846  1790565951.734203 epoll_wait(10, [{events=EPOLLIN, data={u32=9, u64=9}}], 64, 1000) = 1 <0.000044>
2846  1790565951.734303 recvfrom(12, "GET /payload-1024.bin HTTP/1.1\r\n"..., 4096, 0, NULL, NULL) = 75 <0.000054>
2846  1790565951.734790 sendto(12, "HTTP/1.1 200 OK\r\nContent-Length:"..., 105, MSG_NOSIGNAL, NULL, 0) = 105 <0.000049>
2846  1790565951.735046 sendfile(12, 13, [0] => [1024], 1024) = 1024 <0.000103>
2846  1790565951.735444 epoll_wait(10, [{events=EPOLLIN, data={u32=9, u64=9}}], 64, 1000) = 1 <0.000026>
2846  1790565951.735567 recvfrom(12, "GET /payload-1024.bin HTTP/1.1\r\n"..., 4096, 0, NULL, NULL) = 75 <0.000040>
2846  1790565951.736045 sendto(12, "HTTP/1.1 200 OK\r\nContent-Length:"..., 105, MSG_NOSIGNAL, NULL, 0) = 105 <0.000050>
2846  1790565951.736302 sendfile(12, 13, [0] => [1024], 1024) = 1024 <0.000054>
2846  1790565951.736627 epoll_wait(10, [{events=EPOLLIN, data={u32=9, u64=9}}], 64, 1000) = 1 <0.000029>
2846  1790565951.736723 recvfrom(12, "GET /payload-1024.bin HTTP/1.1\r\n"..., 4096, 0, NULL, NULL) = 75 <0.000046>
2846  1790565951.737186 sendto(12, "HTTP/1.1 200 OK\r\nContent-Length:"..., 105, MSG_NOSIGNAL, NULL, 0) = 105 <0.000051>
2846  1790565951.737469 sendfile(12, 13, [0] => [1024], 1024) = 1024 <0.000048>
2846  1790565951.737774 epoll_wait(10, [{events=EPOLLIN|EPOLLRDHUP, data={u32=9, u64=9}}], 64, 1000) = 1 <0.000029>
2846  1790565951.737887 recvfrom(12, "", 4096, 0, NULL, NULL) = 0 <0.000028>
2846  1790565951.737997 epoll_ctl(10, EPOLL_CTL_DEL, 12, NULL) = 0 <0.000037>
2846  1790565951.738206 epoll_wait(10,  <unfinished ...>
2843  1790565951.767562 <... epoll_wait resumed>[{events=EPOLLIN, data={u32=5, u64=5}}], 64, 1000) = 1 <0.069340>
2843  1790565951.767889 setsockopt(12, SOL_TCP, TCP_NODELAY, [1], 4) = 0 <0.000063>
2845  1790565951.768171 <... epoll_wait resumed>[{events=EPOLLIN, data={u32=2, u64=2}}], 64, 1000) = 1 <0.100582>
2845  1790565951.768275 read(9, "\1\0\0\0\0\0\0\0", 8) = 8 <0.000049>
2845  1790565951.768390 read(9, 0x7b17825fda00, 8) = -1 EAGAIN (Resource temporarily unavailable) <0.000051>
2843  1790565951.768465 epoll_wait(5,  <unfinished ...>
2845  1790565951.768542 epoll_ctl(8, EPOLL_CTL_ADD, 12, {events=EPOLLIN|EPOLLRDHUP, data={u32=10, u64=10}}) = 0 <0.000052>
2845  1790565951.768708 epoll_wait(8, [{events=EPOLLIN, data={u32=10, u64=10}}], 64, 1000) = 1 <0.000056>
2845  1790565951.768831 recvfrom(12, "GET /payload-1024.bin HTTP/1.1\r\n"..., 4096, 0, NULL, NULL) = 81 <0.000078>
2845  1790565951.769383 sendto(12, "HTTP/1.1 200 OK\r\nContent-Length:"..., 105, MSG_NOSIGNAL, NULL, 0) = 105 <0.000065>
2845  1790565951.769844 sendfile(12, 13, [0] => [1024], 1024) = 1024 <0.000079>
2845  1790565951.770250 epoll_wait(8, [{events=EPOLLIN, data={u32=10, u64=10}}], 64, 1000) = 1 <0.010410>
2845  1790565951.780820 recvfrom(12, "GET /payload-1024.bin HTTP/1.1\r\n"..., 4096, 0, NULL, NULL) = 81 <0.000044>
2845  1790565951.781383 sendto(12, "HTTP/1.1 200 OK\r\nContent-Length:"..., 105, MSG_NOSIGNAL, NULL, 0) = 105 <0.000118>
2845  1790565951.782044 sendfile(12, 13, [0] => [1024], 1024) = 1024 <0.000051>
2845  1790565951.782456 epoll_wait(8, [{events=EPOLLIN, data={u32=10, u64=10}}], 64, 1000) = 1 <0.010150>
2845  1790565951.792823 recvfrom(12, "GET /payload-1024.bin HTTP/1.1\r\n"..., 4096, 0, NULL, NULL) = 81 <0.000054>
2845  1790565951.793372 sendto(12, "HTTP/1.1 200 OK\r\nContent-Length:"..., 105, MSG_NOSIGNAL, NULL, 0) = 105 <0.000059>
2845  1790565951.793731 sendfile(12, 13, [0] => [1024], 1024) = 1024 <0.000056>
2845  1790565951.794095 epoll_wait(8, [{events=EPOLLIN, data={u32=10, u64=10}}], 64, 1000) = 1 <0.010257>
2845  1790565951.804499 recvfrom(12, "GET /payload-1024.bin HTTP/1.1\r\n"..., 4096, 0, NULL, NULL) = 81 <0.000045>
2845  1790565951.805016 sendto(12, "HTTP/1.1 200 OK\r\nContent-Length:"..., 105, MSG_NOSIGNAL, NULL, 0) = 105 <0.000062>
2845  1790565951.805451 sendfile(12, 13, [0] => [1024], 1024) = 1024 <0.000070>
2845  1790565951.805807 epoll_wait(8, [{events=EPOLLIN, data={u32=10, u64=10}}], 64, 1000) = 1 <0.010502>
2845  1790565951.816507 recvfrom(12, "GET /payload-1024.bin HTTP/1.1\r\n"..., 4096, 0, NULL, NULL) = 81 <0.000058>
2845  1790565951.817306 sendto(12, "HTTP/1.1 200 OK\r\nContent-Length:"..., 105, MSG_NOSIGNAL, NULL, 0) = 105 <0.000073>
2845  1790565951.817847 sendfile(12, 13, [0] => [1024], 1024) = 1024 <0.000082>
2845  1790565951.818424 epoll_wait(8, [{events=EPOLLIN|EPOLLRDHUP, data={u32=10, u64=10}}], 64, 1000) = 1 <0.010441>
2845  1790565951.829155 recvfrom(12, "", 4096, 0, NULL, NULL) = 0 <0.000149>
2845  1790565951.829552 epoll_ctl(8, EPOLL_CTL_DEL, 12, NULL) = 0 <0.000078>
2845  1790565951.830050 epoll_wait(8,  <detached ...>
