18550 1790562280.141796 epoll_wait(10,  <unfinished ...>
18549 1790562280.142233 epoll_wait(8,  <unfinished ...>
18548 1790562280.142259 epoll_wait(5, [{events=EPOLLIN, data={u32=4, u64=4}}], 64, 1000) = 1 <0.142950>
18550 1790562280.287195 <... epoll_wait resumed>[{events=EPOLLIN, data={u32=3, u64=3}}], 64, 1000) = 1 <0.144954>
18550 1790562280.287600 read(11,  <unfinished ...>
18548 1790562280.287643 epoll_wait(5,  <unfinished ...>
18550 1790562280.287690 <... read resumed>"\1\0\0\0\0\0\0\0", 8) = 8 <0.000057>
18550 1790562280.287779 read(11, 0x798b0fffea00, 8) = -1 EAGAIN (Resource temporarily unavailable) <0.000050>
18550 1790562280.287943 epoll_ctl(10, EPOLL_CTL_ADD, 12, {events=EPOLLIN|EPOLLRDHUP, data={u32=7, u64=7}}) = 0 <0.000127>
18550 1790562280.288201 epoll_wait(10, [{events=EPOLLIN, data={u32=7, u64=7}}], 64, 1000) = 1 <0.000068>
18550 1790562280.288411 recvfrom(12, "GET /payload-1024.bin HTTP/1.1\r\n"..., 16384, 0, NULL, NULL) = 75 <0.000115>
18550 1790562280.289183 read(13, "\0\1\2\3\4\5\6\7\10\t\n\v\f\r\16\17\20\21\22\23\24\25\26\27\30\31\32\33\34\35\36\37"..., 1024) = 1024 <0.000054>
18550 1790562280.290380 sendto(12, "HTTP/1.1 200 OK\r\nContent-Length:"..., 1129, MSG_NOSIGNAL, NULL, 0) = 1129 <0.000179>
18550 1790562280.291411 epoll_wait(10, [{events=EPOLLIN, data={u32=7, u64=7}}], 64, 1000) = 1 <0.000475>
18550 1790562280.292054 recvfrom(12, "GET /payload-1024.bin HTTP/1.1\r\n"..., 16384, 0, NULL, NULL) = 75 <0.000048>
18550 1790562280.292372 read(13, "\0\1\2\3\4\5\6\7\10\t\n\v\f\r\16\17\20\21\22\23\24\25\26\27\30\31\32\33\34\35\36\37"..., 1024) = 1024 <0.000035>
18550 1790562280.293072 sendto(12, "HTTP/1.1 200 OK\r\nContent-Length:"..., 1129, MSG_NOSIGNAL, NULL, 0) = 1129 <0.000159>
18550 1790562280.293447 epoll_wait(10, [{events=EPOLLIN, data={u32=7, u64=7}}], 64, 1000) = 1 <0.000109>
18550 1790562280.293652 recvfrom(12, "GET /payload-1024.bin HTTP/1.1\r\n"..., 16384, 0, NULL, NULL) = 75 <0.000040>
18550 1790562280.293934 read(13, "\0\1\2\3\4\5\6\7\10\t\n\v\f\r\16\17\20\21\22\23\24\25\26\27\30\31\32\33\34\35\36\37"..., 1024) = 1024 <0.000111>
18550 1790562280.295018 sendto(12, "HTTP/1.1 200 OK\r\nContent-Length:"..., 1129, MSG_NOSIGNAL, NULL, 0) = 1129 <0.000101>
18550 1790562280.295340 epoll_wait(10, [{events=EPOLLIN, data={u32=7, u64=7}}], 64, 1000) = 1 <0.000346>
18550 1790562280.295859 recvfrom(12, "GET /payload-1024.bin HTTP/1.1\r\n"..., 16384, 0, NULL, NULL) = 75 <0.000046>
18550 1790562280.296193 read(13, "\0\1\2\3\4\5\6\7\10\t\n\v\f\r\16\17\20\21\22\23\24\25\26\27\30\31\32\33\34\35\36\37"..., 1024) = 1024 <0.000042>
18550 1790562280.297096 sendto(12, "HTTP/1.1 200 OK\r\nContent-Length:"..., 1129, MSG_NOSIGNAL, NULL, 0) = 1129 <0.000057>
18550 1790562280.297266 epoll_wait(10, [{events=EPOLLIN, data={u32=7, u64=7}}], 64, 1000) = 1 <0.000306>
18550 1790562280.297654 recvfrom(12, "GET /payload-1024.bin HTTP/1.1\r\n"..., 16384, 0, NULL, NULL) = 75 <0.000040>
18550 1790562280.298025 read(13, "\0\1\2\3\4\5\6\7\10\t\n\v\f\r\16\17\20\21\22\23\24\25\26\27\30\31\32\33\34\35\36\37"..., 1024) = 1024 <0.000042>
18550 1790562280.299083 sendto(12, "HTTP/1.1 200 OK\r\nContent-Length:"..., 1129, MSG_NOSIGNAL, NULL, 0) = 1129 <0.000223>
18550 1790562280.299619 epoll_wait(10, [{events=EPOLLIN, data={u32=7, u64=7}}], 64, 1000) = 1 <0.000141>
18550 1790562280.300028 recvfrom(12, "GET /payload-1024.bin HTTP/1.1\r\n"..., 16384, 0, NULL, NULL) = 75 <0.000074>
18550 1790562280.300432 read(13, "\0\1\2\3\4\5\6\7\10\t\n\v\f\r\16\17\20\21\22\23\24\25\26\27\30\31\32\33\34\35\36\37"..., 1024) = 1024 <0.000043>
18550 1790562280.301255 sendto(12, "HTTP/1.1 200 OK\r\nContent-Length:"..., 1129, MSG_NOSIGNAL, NULL, 0) = 1129 <0.000052>
18550 1790562280.301408 epoll_wait(10, [{events=EPOLLIN, data={u32=7, u64=7}}], 64, 1000) = 1 <0.000365>
18550 1790562280.301889 recvfrom(12, "GET /payload-1024.bin HTTP/1.1\r\n"..., 16384, 0, NULL, NULL) = 75 <0.000044>
18550 1790562280.302173 read(13, "\0\1\2\3\4\5\6\7\10\t\n\v\f\r\16\17\20\21\22\23\24\25\26\27\30\31\32\33\34\35\36\37"..., 1024) = 1024 <0.000042>
18550 1790562280.302920 sendto(12, "HTTP/1.1 200 OK\r\nContent-Length:"..., 1129, MSG_NOSIGNAL, NULL, 0) = 1129 <0.000144>
18550 1790562280.303378 epoll_wait(10, [{events=EPOLLIN, data={u32=7, u64=7}}], 64, 1000) = 1 <0.000337>
18550 1790562280.303865 recvfrom(12, "GET /payload-1024.bin HTTP/1.1\r\n"..., 16384, 0, NULL, NULL) = 75 <0.000058>
18550 1790562280.304232 read(13, "\0\1\2\3\4\5\6\7\10\t\n\v\f\r\16\17\20\21\22\23\24\25\26\27\30\31\32\33\34\35\36\37"..., 1024) = 1024 <0.000046>
18550 1790562280.305155 sendto(12, "HTTP/1.1 200 OK\r\nContent-Length:"..., 1129, MSG_NOSIGNAL, NULL, 0) = 1129 <0.000049>
18550 1790562280.305291 epoll_wait(10, [{events=EPOLLIN, data={u32=7, u64=7}}], 64, 1000) = 1 <0.000484>
18550 1790562280.305839 recvfrom(12, "GET /payload-1024.bin HTTP/1.1\r\n"..., 16384, 0, NULL, NULL) = 75 <0.000038>
18550 1790562280.306168 read(13, "\0\1\2\3\4\5\6\7\10\t\n\v\f\r\16\17\20\21\22\23\24\25\26\27\30\31\32\33\34\35\36\37"..., 1024) = 1024 <0.000050>
18550 1790562280.307064 sendto(12, "HTTP/1.1 200 OK\r\nContent-Length:"..., 1129, MSG_NOSIGNAL, NULL, 0) = 1129 <0.000144>
18550 1790562280.307373 epoll_wait(10, [{events=EPOLLIN, data={u32=7, u64=7}}], 64, 1000) = 1 <0.000465>
18550 1790562280.308088 recvfrom(12, "GET /payload-1024.bin HTTP/1.1\r\n"..., 16384, 0, NULL, NULL) = 75 <0.000049>
18550 1790562280.308494 read(13, "\0\1\2\3\4\5\6\7\10\t\n\v\f\r\16\17\20\21\22\23\24\25\26\27\30\31\32\33\34\35\36\37"..., 1024) = 1024 <0.000047>
18550 1790562280.309393 sendto(12, "HTTP/1.1 200 OK\r\nContent-Length:"..., 1129, MSG_NOSIGNAL, NULL, 0) = 1129 <0.000085>
18550 1790562280.309578 epoll_wait(10, [{events=EPOLLIN, data={u32=7, u64=7}}], 64, 1000) = 1 <0.000395>
18550 1790562280.310093 recvfrom(12, "GET /payload-1024.bin HTTP/1.1\r\n"..., 16384, 0, NULL, NULL) = 75 <0.000036>
18550 1790562280.310356 read(13, "\0\1\2\3\4\5\6\7\10\t\n\v\f\r\16\17\20\21\22\23\24\25\26\27\30\31\32\33\34\35\36\37"..., 1024) = 1024 <0.000047>
18550 1790562280.311070 sendto(12, "HTTP/1.1 200 OK\r\nContent-Length:"..., 1129, MSG_NOSIGNAL, NULL, 0) = 1129 <0.000085>
18550 1790562280.311272 epoll_wait(10, [{events=EPOLLIN, data={u32=7, u64=7}}], 64, 1000) = 1 <0.000206>
18550 1790562280.311724 recvfrom(12, "GET /payload-1024.bin HTTP/1.1\r\n"..., 16384, 0, NULL, NULL) = 75 <0.000106>
18550 1790562280.312539 read(13, "\0\1\2\3\4\5\6\7\10\t\n\v\f\r\16\17\20\21\22\23\24\25\26\27\30\31\32\33\34\35\36\37"..., 1024) = 1024 <0.000077>
18550 1790562280.313309 sendto(12, "HTTP/1.1 200 OK\r\nContent-Length:"..., 1129, MSG_NOSIGNAL, NULL, 0) = 1129 <0.000079>
18550 1790562280.313522 epoll_wait(10, [{events=EPOLLIN, data={u32=7, u64=7}}], 64, 1000) = 1 <0.000654>
18550 1790562280.314284 recvfrom(12, "GET /payload-1024.bin HTTP/1.1\r\n"..., 16384, 0, NULL, NULL) = 75 <0.000045>
18550 1790562280.314654 read(13, "\0\1\2\3\4\5\6\7\10\t\n\v\f\r\16\17\20\21\22\23\24\25\26\27\30\31\32\33\34\35\36\37"..., 1024) = 1024 <0.000041>
18550 1790562280.316157 sendto(12, "HTTP/1.1 200 OK\r\nContent-Length:"..., 1129, MSG_NOSIGNAL, NULL, 0) = 1129 <0.000232>
18550 1790562280.316690 epoll_wait(10, [{events=EPOLLIN, data={u32=7, u64=7}}], 64, 1000) = 1 <0.000708>
18550 1790562280.317575 recvfrom(12, "GET /payload-1024.bin HTTP/1.1\r\n"..., 16384, 0, NULL, NULL) = 75 <0.000041>
18550 1790562280.317905 read(13, "\0\1\2\3\4\5\6\7\10\t\n\v\f\r\16\17\20\21\22\23\24\25\26\27\30\31\32\33\34\35\36\37"..., 1024) = 1024 <0.000040>
18550 1790562280.318583 sendto(12, "HTTP/1.1 200 OK\r\nContent-Length:"..., 1129, MSG_NOSIGNAL, NULL, 0) = 1129 <0.000046>
18550 1790562280.318718 epoll_wait(10, [{events=EPOLLIN, data={u32=7, u64=7}}], 64, 1000) = 1 <0.000597>
18550 1790562280.319463 recvfrom(12, "GET /payload-1024.bin HTTP/1.1\r\n"..., 16384, 0, NULL, NULL) = 75 <0.000041>
18550 1790562280.320095 read(13, "\0\1\2\3\4\5\6\7\10\t\n\v\f\r\16\17\20\21\22\23\24\25\26\27\30\31\32\33\34\35\36\37"..., 1024) = 1024 <0.000162>
18550 1790562280.321397 sendto(12, "HTTP/1.1 200 OK\r\nContent-Length:"..., 1129, MSG_NOSIGNAL, NULL, 0) = 1129 <0.000066>
18550 1790562280.321601 epoll_wait(10, [{events=EPOLLIN, data={u32=7, u64=7}}], 64, 1000) = 1 <0.000306>
18550 1790562280.322012 recvfrom(12, "GET /payload-1024.bin HTTP/1.1\r\n"..., 16384, 0, NULL, NULL) = 75 <0.000037>
18550 1790562280.322364 read(13, "\0\1\2\3\4\5\6\7\10\t\n\v\f\r\16\17\20\21\22\23\24\25\26\27\30\31\32\33\34\35\36\37"..., 1024) = 1024 <0.000036>
18550 1790562280.323162 sendto(12, "HTTP/1.1 200 OK\r\nContent-Length:"..., 1129, MSG_NOSIGNAL, NULL, 0) = 1129 <0.000047>
18550 1790562280.323347 epoll_wait(10, [{events=EPOLLIN, data={u32=7, u64=7}}], 64, 1000) = 1 <0.000342>
18550 1790562280.323767 recvfrom(12, "GET /payload-1024.bin HTTP/1.1\r\n"..., 16384, 0, NULL, NULL) = 75 <0.000076>
18550 1790562280.324113 read(13, "\0\1\2\3\4\5\6\7\10\t\n\v\f\r\16\17\20\21\22\23\24\25\26\27\30\31\32\33\34\35\36\37"..., 1024) = 1024 <0.000072>
18550 1790562280.325401 sendto(12, "HTTP/1.1 200 OK\r\nContent-Length:"..., 1129, MSG_NOSIGNAL, NULL, 0) = 1129 <0.000232>
18550 1790562280.325858 epoll_wait(10, [{events=EPOLLIN, data={u32=7, u64=7}}], 64, 1000) = 1 <0.000622>
18550 1790562280.326640 recvfrom(12, "GET /payload-1024.bin HTTP/1.1\r\n"..., 16384, 0, NULL, NULL) = 75 <0.000056>
18550 1790562280.327038 read(13, "\0\1\2\3\4\5\6\7\10\t\n\v\f\r\16\17\20\21\22\23\24\25\26\27\30\31\32\33\34\35\36\37"..., 1024) = 1024 <0.000047>
18550 1790562280.327908 sendto(12, "HTTP/1.1 200 OK\r\nContent-Length:"..., 1129, MSG_NOSIGNAL, NULL, 0) = 1129 <0.000063>
18550 1790562280.328123 epoll_wait(10, [{events=EPOLLIN, data={u32=7, u64=7}}], 64, 1000) = 1 <0.000522>
18550 1790562280.328905 recvfrom(12, "GET /payload-1024.bin HTTP/1.1\r\n"..., 16384, 0, NULL, NULL) = 75 <0.000098>
18550 1790562280.329368 read(13, "\0\1\2\3\4\5\6\7\10\t\n\v\f\r\16\17\20\21\22\23\24\25\26\27\30\31\32\33\34\35\36\37"..., 1024) = 1024 <0.000044>
18550 1790562280.330193 sendto(12, "HTTP/1.1 200 OK\r\nContent-Length:"..., 1129, MSG_NOSIGNAL, NULL, 0) = 1129 <0.000092>
18550 1790562280.330539 epoll_wait(10, [{events=EPOLLIN, data={u32=7, u64=7}}], 64, 1000) = 1 <0.000377>
18550 1790562280.331137 recvfrom(12, "GET /payload-1024.bin HTTP/1.1\r\n"..., 16384, 0, NULL, NULL) = 75 <0.000043>
18550 1790562280.331435 read(13, "\0\1\2\3\4\5\6\7\10\t\n\v\f\r\16\17\20\21\22\23\24\25\26\27\30\31\32\33\34\35\36\37"..., 1024) = 1024 <0.000046>
18550 1790562280.332099 sendto(12, "HTTP/1.1 200 OK\r\nContent-Length:"..., 1129, MSG_NOSIGNAL, NULL, 0) = 1129 <0.000075>
18550 1790562280.332364 epoll_wait(10, [{events=EPOLLIN, data={u32=7, u64=7}}], 64, 1000) = 1 <0.000354>
18550 1790562280.332874 recvfrom(12, "GET /payload-1024.bin HTTP/1.1\r\n"..., 16384, 0, NULL, NULL) = 75 <0.000057>
18550 1790562280.333433 read(13, "\0\1\2\3\4\5\6\7\10\t\n\v\f\r\16\17\20\21\22\23\24\25\26\27\30\31\32\33\34\35\36\37"..., 1024) = 1024 <0.000063>
18550 1790562280.334434 sendto(12, "HTTP/1.1 200 OK\r\nContent-Length:"..., 1129, MSG_NOSIGNAL, NULL, 0) = 1129 <0.000202>
18550 1790562280.334805 epoll_wait(10, [{events=EPOLLIN, data={u32=7, u64=7}}], 64, 1000) = 1 <0.000433>
18550 1790562280.335348 recvfrom(12, "GET /payload-1024.bin HTTP/1.1\r\n"..., 16384, 0, NULL, NULL) = 75 <0.000046>
18550 1790562280.335674 read(13, "\0\1\2\3\4\5\6\7\10\t\n\v\f\r\16\17\20\21\22\23\24\25\26\27\30\31\32\33\34\35\36\37"..., 1024) = 1024 <0.000099>
18550 1790562280.336735 sendto(12, "HTTP/1.1 200 OK\r\nContent-Length:"..., 1129, MSG_NOSIGNAL, NULL, 0) = 1129 <0.000116>
18550 1790562280.337079 epoll_wait(10, [{events=EPOLLIN, data={u32=7, u64=7}}], 64, 1000) = 1 <0.000590>
18550 1790562280.337835 recvfrom(12, "GET /payload-1024.bin HTTP/1.1\r\n"..., 16384, 0, NULL, NULL) = 75 <0.000046>
18550 1790562280.338164 read(13, "\0\1\2\3\4\5\6\7\10\t\n\v\f\r\16\17\20\21\22\23\24\25\26\27\30\31\32\33\34\35\36\37"..., 1024) = 1024 <0.000044>
18550 1790562280.339206 sendto(12, "HTTP/1.1 200 OK\r\nContent-Length:"..., 1129, MSG_NOSIGNAL, NULL, 0) = 1129 <0.000095>
18550 1790562280.339472 epoll_wait(10, [{events=EPOLLIN, data={u32=7, u64=7}}], 64, 1000) = 1 <0.000360>
18550 1790562280.339984 recvfrom(12, "GET /payload-1024.bin HTTP/1.1\r\n"..., 16384, 0, NULL, NULL) = 75 <0.000046>
18550 1790562280.340328 read(13, "\0\1\2\3\4\5\6\7\10\t\n\v\f\r\16\17\20\21\22\23\24\25\26\27\30\31\32\33\34\35\36\37"..., 1024) = 1024 <0.000044>
18550 1790562280.341892 sendto(12, "HTTP/1.1 200 OK\r\nContent-Length:"..., 1129, MSG_NOSIGNAL, NULL, 0) = 1129 <0.000280>
18550 1790562280.342344 epoll_wait(10, [{events=EPOLLIN, data={u32=7, u64=7}}], 64, 1000) = 1 <0.000384>
18550 1790562280.342848 recvfrom(12, "GET /payload-1024.bin HTTP/1.1\r\n"..., 16384, 0, NULL, NULL) = 75 <0.000116>
18550 1790562280.343352 read(13, "\0\1\2\3\4\5\6\7\10\t\n\v\f\r\16\17\20\21\22\23\24\25\26\27\30\31\32\33\34\35\36\37"..., 1024) = 1024 <0.000089>
18550 1790562280.344154 sendto(12, "HTTP/1.1 200 OK\r\nContent-Length:"..., 1129, MSG_NOSIGNAL, NULL, 0) = 1129 <0.000060>
18550 1790562280.344311 epoll_wait(10, [{events=EPOLLIN, data={u32=7, u64=7}}], 64, 1000) = 1 <0.000395>
18550 1790562280.344887 recvfrom(12, "GET /payload-1024.bin HTTP/1.1\r\n"..., 16384, 0, NULL, NULL) = 75 <0.000086>
18550 1790562280.345609 read(13, "\0\1\2\3\4\5\6\7\10\t\n\v\f\r\16\17\20\21\22\23\24\25\26\27\30\31\32\33\34\35\36\37"..., 1024) = 1024 <0.000129>
18550 1790562280.346705 sendto(12, "HTTP/1.1 200 OK\r\nContent-Length:"..., 1129, MSG_NOSIGNAL, NULL, 0) = 1129 <0.000057>
18550 1790562280.346882 epoll_wait(10, [{events=EPOLLIN, data={u32=7, u64=7}}], 64, 1000) = 1 <0.000456>
18550 1790562280.347427 recvfrom(12, "GET /payload-1024.bin HTTP/1.1\r\n"..., 16384, 0, NULL, NULL) = 75 <0.000037>
18550 1790562280.347700 read(13, "\0\1\2\3\4\5\6\7\10\t\n\v\f\r\16\17\20\21\22\23\24\25\26\27\30\31\32\33\34\35\36\37"..., 1024) = 1024 <0.000039>
18550 1790562280.348416 sendto(12, "HTTP/1.1 200 OK\r\nContent-Length:"..., 1129, MSG_NOSIGNAL, NULL, 0) = 1129 <0.000083>
18550 1790562280.348615 epoll_wait(10, [{events=EPOLLIN, data={u32=7, u64=7}}], 64, 1000) = 1 <0.000299>
18550 1790562280.349071 recvfrom(12, "GET /payload-1024.bin HTTP/1.1\r\n"..., 16384, 0, NULL, NULL) = 75 <0.000097>
18550 1790562280.349678 read(13, "\0\1\2\3\4\5\6\7\10\t\n\v\f\r\16\17\20\21\22\23\24\25\26\27\30\31\32\33\34\35\36\37"..., 1024) = 1024 <0.000106>
18550 1790562280.350709 sendto(12, "HTTP/1.1 200 OK\r\nContent-Length:"..., 1129, MSG_NOSIGNAL, NULL, 0) = 1129 <0.000073>
18550 1790562280.350915 epoll_wait(10, [{events=EPOLLIN, data={u32=7, u64=7}}], 64, 1000) = 1 <0.000444>
18550 1790562280.351483 recvfrom(12, "GET /payload-1024.bin HTTP/1.1\r\n"..., 16384, 0, NULL, NULL) = 75 <0.000114>
18550 1790562280.351900 read(13, "\0\1\2\3\4\5\6\7\10\t\n\v\f\r\16\17\20\21\22\23\24\25\26\27\30\31\32\33\34\35\36\37"..., 1024) = 1024 <0.000116>
18550 1790562280.352897 sendto(12, "HTTP/1.1 200 OK\r\nContent-Length:"..., 1129, MSG_NOSIGNAL, NULL, 0) = 1129 <0.000140>
18550 1790562280.353219 epoll_wait(10, [{events=EPOLLIN, data={u32=7, u64=7}}], 64, 1000) = 1 <0.000538>
18550 1790562280.353875 recvfrom(12, "GET /payload-1024.bin HTTP/1.1\r\n"..., 16384, 0, NULL, NULL) = 75 <0.000160>
18550 1790562280.354647 read(13, "\0\1\2\3\4\5\6\7\10\t\n\v\f\r\16\17\20\21\22\23\24\25\26\27\30\31\32\33\34\35\36\37"..., 1024) = 1024 <0.000064>
18550 1790562280.355684 sendto(12, "HTTP/1.1 200 OK\r\nContent-Length:"..., 1129, MSG_NOSIGNAL, NULL, 0) = 1129 <0.000065>
18550 1790562280.355928 epoll_wait(10, [{events=EPOLLIN, data={u32=7, u64=7}}], 64, 1000) = 1 <0.000414>
18550 1790562280.356563 recvfrom(12, "GET /payload-1024.bin HTTP/1.1\r\n"..., 16384, 0, NULL, NULL) = 75 <0.000110>
18550 1790562280.356974 read(13, "\0\1\2\3\4\5\6\7\10\t\n\v\f\r\16\17\20\21\22\23\24\25\26\27\30\31\32\33\34\35\36\37"..., 1024) = 1024 <0.000050>
18550 1790562280.358099 sendto(12, "HTTP/1.1 200 OK\r\nContent-Length:"..., 1129, MSG_NOSIGNAL, NULL, 0) = 1129 <0.000152>
18550 1790562280.358520 epoll_wait(10, [{events=EPOLLIN, data={u32=7, u64=7}}], 64, 1000) = 1 <0.000303>
18550 1790562280.359082 recvfrom(12, "GET /payload-1024.bin HTTP/1.1\r\n"..., 16384, 0, NULL, NULL) = 75 <0.000051>
18550 1790562280.359407 read(13, "\0\1\2\3\4\5\6\7\10\t\n\v\f\r\16\17\20\21\22\23\24\25\26\27\30\31\32\33\34\35\36\37"..., 1024) = 1024 <0.000050>
18550 1790562280.360147 sendto(12, "HTTP/1.1 200 OK\r\nContent-Length:"..., 1129, MSG_NOSIGNAL, NULL, 0) = 1129 <0.000057>
18550 1790562280.360323 epoll_wait(10, [{events=EPOLLIN|EPOLLRDHUP, data={u32=7, u64=7}}], 64, 1000) = 1 <0.000364>
18550 1790562280.360777 recvfrom(12, "", 16384, 0, NULL, NULL) = 0 <0.000040>
18550 1790562280.360906 epoll_ctl(10, EPOLL_CTL_DEL, 12, NULL) = 0 <0.000042>
18550 1790562280.361155 epoll_wait(10,  <unfinished ...>
18548 1790562280.384151 <... epoll_wait resumed>[{events=EPOLLIN, data={u32=4, u64=4}}], 64, 1000) = 1 <0.096488>
18549 1790562280.384440 <... epoll_wait resumed>[{events=EPOLLIN, data={u32=2, u64=2}}], 64, 1000) = 1 <0.242193>
18549 1790562280.384814 read(9, "\1\0\0\0\0\0\0\0", 8) = 8 <0.000056>
18549 1790562280.384951 read(9, 0x798b14ffea00, 8) = -1 EAGAIN (Resource temporarily unavailable) <0.000049>
18548 1790562280.385076 epoll_wait(5,  <unfinished ...>
18549 1790562280.385118 epoll_ctl(8, EPOLL_CTL_ADD, 12, {events=EPOLLIN|EPOLLRDHUP, data={u32=8, u64=8}}) = 0 <0.000078>
18549 1790562280.385300 epoll_wait(8, [{events=EPOLLIN, data={u32=8, u64=8}}], 64, 1000) = 1 <0.000076>
18549 1790562280.385513 recvfrom(12, "GET /payload-1024.bin HTTP/1.1\r\n"..., 16384, 0, NULL, NULL) = 75 <0.000070>
18549 1790562280.385917 read(13, "\0\1\2\3\4\5\6\7\10\t\n\v\f\r\16\17\20\21\22\23\24\25\26\27\30\31\32\33\34\35\36\37"..., 1024) = 1024 <0.000050>
18549 1790562280.387492 sendto(12, "HTTP/1.1 200 OK\r\nContent-Length:"..., 1129, MSG_NOSIGNAL, NULL, 0) = 1129 <0.000192>
18549 1790562280.388003 epoll_wait(8, [{events=EPOLLIN, data={u32=8, u64=8}}], 64, 1000) = 1 <0.000579>
18549 1790562280.388755 recvfrom(12, "GET /payload-1024.bin HTTP/1.1\r\n"..., 16384, 0, NULL, NULL) = 75 <0.000067>
18549 1790562280.389180 read(13, "\0\1\2\3\4\5\6\7\10\t\n\v\f\r\16\17\20\21\22\23\24\25\26\27\30\31\32\33\34\35\36\37"..., 1024) = 1024 <0.000079>
18549 1790562280.390256 sendto(12, "HTTP/1.1 200 OK\r\nContent-Length:"..., 1129, MSG_NOSIGNAL, NULL, 0) = 1129 <0.000119>
18549 1790562280.390619 epoll_wait(8, [{events=EPOLLIN, data={u32=8, u64=8}}], 64, 1000) = 1 <0.000576>
18549 1790562280.391432 recvfrom(12, "GET /payload-1024.bin HTTP/1.1\r\n"..., 16384, 0, NULL, NULL) = 75 <0.000109>
18549 1790562280.392093 read(13, "\0\1\2\3\4\5\6\7\10\t\n\v\f\r\16\17\20\21\22\23\24\25\26\27\30\31\32\33\34\35\36\37"..., 1024) = 1024 <0.000091>
18549 1790562280.393140 sendto(12, "HTTP/1.1 200 OK\r\nContent-Length:"..., 1129, MSG_NOSIGNAL, NULL, 0) = 1129 <0.000230>
18549 1790562280.393512 epoll_wait(8, [{events=EPOLLIN, data={u32=8, u64=8}}], 64, 1000) = 1 <0.000266>
18549 1790562280.393919 recvfrom(12, "GET /payload-1024.bin HTTP/1.1\r\n"..., 16384, 0, NULL, NULL) = 75 <0.000051>
18549 1790562280.394350 read(13, "\0\1\2\3\4\5\6\7\10\t\n\v\f\r\16\17\20\21\22\23\24\25\26\27\30\31\32\33\34\35\36\37"..., 1024) = 1024 <0.000140>
18549 1790562280.396372 sendto(12, "HTTP/1.1 200 OK\r\nContent-Length:"..., 1129, MSG_NOSIGNAL, NULL, 0) = 1129 <0.000109>
18549 1790562280.396877 epoll_wait(8, [{events=EPOLLIN, data={u32=8, u64=8}}], 64, 1000) = 1 <0.000338>
18549 1790562280.397412 recvfrom(12, "GET /payload-1024.bin HTTP/1.1\r\n"..., 16384, 0, NULL, NULL) = 75 <0.000092>
18549 1790562280.397943 read(13, "\0\1\2\3\4\5\6\7\10\t\n\v\f\r\16\17\20\21\22\23\24\25\26\27\30\31\32\33\34\35\36\37"..., 1024) = 1024 <0.000088>
18549 1790562280.399236 sendto(12, "HTTP/1.1 200 OK\r\nContent-Length:"..., 1129, MSG_NOSIGNAL, NULL, 0) = 1129 <0.000078>
18549 1790562280.399521 epoll_wait(8, [{events=EPOLLIN, data={u32=8, u64=8}}], 64, 1000) = 1 <0.000603>
18549 1790562280.400362 recvfrom(12, "GET /payload-1024.bin HTTP/1.1\r\n"..., 16384, 0, NULL, NULL) = 75 <0.000098>
18549 1790562280.401039 read(13, "\0\1\2\3\4\5\6\7\10\t\n\v\f\r\16\17\20\21\22\23\24\25\26\27\30\31\32\33\34\35\36\37"..., 1024) = 1024 <0.000056>
18549 1790562280.402265 sendto(12, "HTTP/1.1 200 OK\r\nContent-Length:"..., 1129, MSG_NOSIGNAL, NULL, 0) = 1129 <0.000153>
18549 1790562280.402677 epoll_wait(8, [{events=EPOLLIN, data={u32=8, u64=8}}], 64, 1000) = 1 <0.000363>
18549 1790562280.403333 recvfrom(12, "GET /payload-1024.bin HTTP/1.1\r\n"..., 16384, 0, NULL, NULL) = 75 <0.000069>
18549 1790562280.404370 read(13, "\0\1\2\3\4\5\6\7\10\t\n\v\f\r\16\17\20\21\22\23\24\25\26\27\30\31\32\33\34\35\36\37"..., 1024) = 1024 <0.000075>
18549 1790562280.405950 sendto(12, "HTTP/1.1 200 OK\r\nContent-Length:"..., 1129, MSG_NOSIGNAL, NULL, 0) = 1129 <0.000137>
18549 1790562280.406484 epoll_wait(8, [{events=EPOLLIN, data={u32=8, u64=8}}], 64, 1000) = 1 <0.000382>
18549 1790562280.407127 recvfrom(12, "GET /payload-1024.bin HTTP/1.1\r\n"..., 16384, 0, NULL, NULL) = 75 <0.000128>
18549 1790562280.407723 read(13, "\0\1\2\3\4\5\6\7\10\t\n\v\f\r\16\17\20\21\22\23\24\25\26\27\30\31\32\33\34\35\36\37"..., 1024) = 1024 <0.000090>
18549 1790562280.409118 sendto(12, "HTTP/1.1 200 OK\r\nContent-Length:"..., 1129, MSG_NOSIGNAL, NULL, 0) = 1129 <0.000064>
18549 1790562280.409311 epoll_wait(8, [{events=EPOLLIN, data={u32=8, u64=8}}], 64, 1000) = 1 <0.000534>
18549 1790562280.409940 recvfrom(12, "GET /payload-1024.bin HTTP/1.1\r\n"..., 16384, 0, NULL, NULL) = 75 <0.000122>
18549 1790562280.410526 read(13, "\0\1\2\3\4\5\6\7\10\t\n\v\f\r\16\17\20\21\22\23\24\25\26\27\30\31\32\33\34\35\36\37"..., 1024) = 1024 <0.000047>
18549 1790562280.411371 sendto(12, "HTTP/1.1 200 OK\r\nContent-Length:"..., 1129, MSG_NOSIGNAL, NULL, 0) = 1129 <0.000110>
18549 1790562280.411626 epoll_wait(8, [{events=EPOLLIN, data={u32=8, u64=8}}], 64, 1000) = 1 <0.000416>
18549 1790562280.412227 recvfrom(12, "GET /payload-1024.bin HTTP/1.1\r\n"..., 16384, 0, NULL, NULL) = 75 <0.000254>
18549 1790562280.413225 read(13, "\0\1\2\3\4\5\6\7\10\t\n\v\f\r\16\17\20\21\22\23\24\25\26\27\30\31\32\33\34\35\36\37"..., 1024) = 1024 <0.000090>
18549 1790562280.414491 sendto(12, "HTTP/1.1 200 OK\r\nContent-Length:"..., 1129, MSG_NOSIGNAL, NULL, 0) = 1129 <0.000157>
18549 1790562280.414853 epoll_wait(8, [{events=EPOLLIN, data={u32=8, u64=8}}], 64, 1000) = 1 <0.000443>
18549 1790562280.415449 recvfrom(12, "GET /payload-1024.bin HTTP/1.1\r\n"..., 16384, 0, NULL, NULL) = 75 <0.000101>
18549 1790562280.416109 read(13, "\0\1\2\3\4\5\6\7\10\t\n\v\f\r\16\17\20\21\22\23\24\25\26\27\30\31\32\33\34\35\36\37"..., 1024) = 1024 <0.000173>
18549 1790562280.417687 sendto(12, "HTTP/1.1 200 OK\r\nContent-Length:"..., 1129, MSG_NOSIGNAL, NULL, 0) = 1129 <0.000081>
18549 1790562280.418017 epoll_wait(8, [{events=EPOLLIN, data={u32=8, u64=8}}], 64, 1000) = 1 <0.000499>
18549 1790562280.418702 recvfrom(12, "GET /payload-1024.bin HTTP/1.1\r\n"..., 16384, 0, NULL, NULL) = 75 <0.000050>
18549 1790562280.419193 read(13, "\0\1\2\3\4\5\6\7\10\t\n\v\f\r\16\17\20\21\22\23\24\25\26\27\30\31\32\33\34\35\36\37"..., 1024) = 1024 <0.000047>
18549 1790562280.420406 sendto(12, "HTTP/1.1 200 OK\r\nContent-Length:"..., 1129, MSG_NOSIGNAL, NULL, 0) = 1129 <0.000155>
18549 1790562280.420812 epoll_wait(8, [{events=EPOLLIN, data={u32=8, u64=8}}], 64, 1000) = 1 <0.000612>
18549 1790562280.421540 recvfrom(12, "GET /payload-1024.bin HTTP/1.1\r\n"..., 16384, 0, NULL, NULL) = 75 <0.000049>
18549 1790562280.421980 read(13, "\0\1\2\3\4\5\6\7\10\t\n\v\f\r\16\17\20\21\22\23\24\25\26\27\30\31\32\33\34\35\36\37"..., 1024) = 1024 <0.000086>
18549 1790562280.423054 sendto(12, "HTTP/1.1 200 OK\r\nContent-Length:"..., 1129, MSG_NOSIGNAL, NULL, 0) = 1129 <0.000059>
18549 1790562280.423231 epoll_wait(8, [{events=EPOLLIN, data={u32=8, u64=8}}], 64, 1000) = 1 <0.000398>
18549 1790562280.423736 recvfrom(12, "GET /payload-1024.bin HTTP/1.1\r\n"..., 16384, 0, NULL, NULL) = 75 <0.000121>
18549 1790562280.424203 read(13, "\0\1\2\3\4\5\6\7\10\t\n\v\f\r\16\17\20\21\22\23\24\25\26\27\30\31\32\33\34\35\36\37"..., 1024) = 1024 <0.000114>
18549 1790562280.426000 sendto(12, "HTTP/1.1 200 OK\r\nContent-Length:"..., 1129, MSG_NOSIGNAL, NULL, 0) = 1129 <0.000082>
18549 1790562280.426260 epoll_wait(8, [{events=EPOLLIN, data={u32=8, u64=8}}], 64, 1000) = 1 <0.000450>
18549 1790562280.426849 recvfrom(12, "GET /payload-1024.bin HTTP/1.1\r\n"..., 16384, 0, NULL, NULL) = 75 <0.000123>
18549 1790562280.427403 read(13, "\0\1\2\3\4\5\6\7\10\t\n\v\f\r\16\17\20\21\22\23\24\25\26\27\30\31\32\33\34\35\36\37"..., 1024) = 1024 <0.000069>
18549 1790562280.428683 sendto(12, "HTTP/1.1 200 OK\r\nContent-Length:"..., 1129, MSG_NOSIGNAL, NULL, 0) = 1129 <0.000170>
18549 1790562280.429130 epoll_wait(8, [{events=EPOLLIN, data={u32=8, u64=8}}], 64, 1000) = 1 <0.000633>
18549 1790562280.429991 recvfrom(12, "GET /payload-1024.bin HTTP/1.1\r\n"..., 16384, 0, NULL, NULL) = 75 <0.000133>
18549 1790562280.430627 read(13, "\0\1\2\3\4\5\6\7\10\t\n\v\f\r\16\17\20\21\22\23\24\25\26\27\30\31\32\33\34\35\36\37"..., 1024) = 1024 <0.000097>
18549 1790562280.431726 sendto(12, "HTTP/1.1 200 OK\r\nContent-Length:"..., 1129, MSG_NOSIGNAL, NULL, 0) = 1129 <0.000161>
18549 1790562280.432015 epoll_wait(8, [{events=EPOLLIN, data={u32=8, u64=8}}], 64, 1000) = 1 <0.000289>
18549 1790562280.432446 recvfrom(12, "GET /payload-1024.bin HTTP/1.1\r\n"..., 16384, 0, NULL, NULL) = 75 <0.000125>
18549 1790562280.433125 read(13, "\0\1\2\3\4\5\6\7\10\t\n\v\f\r\16\17\20\21\22\23\24\25\26\27\30\31\32\33\34\35\36\37"..., 1024) = 1024 <0.000059>
18549 1790562280.434704 sendto(12, "HTTP/1.1 200 OK\r\nContent-Length:"..., 1129, MSG_NOSIGNAL, NULL, 0) = 1129 <0.000069>
18549 1790562280.434920 epoll_wait(8, [{events=EPOLLIN, data={u32=8, u64=8}}], 64, 1000) = 1 <0.000464>
18549 1790562280.435512 recvfrom(12, "GET /payload-1024.bin HTTP/1.1\r\n"..., 16384, 0, NULL, NULL) = 75 <0.000057>
18549 1790562280.435901 read(13, "\0\1\2\3\4\5\6\7\10\t\n\v\f\r\16\17\20\21\22\23\24\25\26\27\30\31\32\33\34\35\36\37"..., 1024) = 1024 <0.000078>
18549 1790562280.437283 sendto(12, "HTTP/1.1 200 OK\r\nContent-Length:"..., 1129, MSG_NOSIGNAL, NULL, 0) = 1129 <0.000127>
18549 1790562280.437604 epoll_wait(8, [{events=EPOLLIN, data={u32=8, u64=8}}], 64, 1000) = 1 <0.000495>
18549 1790562280.438336 recvfrom(12, "GET /payload-1024.bin HTTP/1.1\r\n"..., 16384, 0, NULL, NULL) = 75 <0.000117>
18549 1790562280.438924 read(13, "\0\1\2\3\4\5\6\7\10\t\n\v\f\r\16\17\20\21\22\23\24\25\26\27\30\31\32\33\34\35\36\37"..., 1024) = 1024 <0.000049>
18549 1790562280.439871 sendto(12, "HTTP/1.1 200 OK\r\nContent-Length:"..., 1129, MSG_NOSIGNAL, NULL, 0) = 1129 <0.000211>
18549 1790562280.440297 epoll_wait(8, [{events=EPOLLIN, data={u32=8, u64=8}}], 64, 1000) = 1 <0.000211>
18549 1790562280.440692 recvfrom(12, "GET /payload-1024.bin HTTP/1.1\r\n"..., 16384, 0, NULL, NULL) = 75 <0.000136>
18549 1790562280.441466 read(13, "\0\1\2\3\4\5\6\7\10\t\n\v\f\r\16\17\20\21\22\23\24\25\26\27\30\31\32\33\34\35\36\37"..., 1024) = 1024 <0.000099>
18549 1790562280.442693 sendto(12, "HTTP/1.1 200 OK\r\nContent-Length:"..., 1129, MSG_NOSIGNAL, NULL, 0) = 1129 <0.000068>
18549 1790562280.442911 epoll_wait(8, [{events=EPOLLIN, data={u32=8, u64=8}}], 64, 1000) = 1 <0.000278>
18549 1790562280.443331 recvfrom(12, "GET /payload-1024.bin HTTP/1.1\r\n"..., 16384, 0, NULL, NULL) = 75 <0.000043>
18549 1790562280.443649 read(13, "\0\1\2\3\4\5\6\7\10\t\n\v\f\r\16\17\20\21\22\23\24\25\26\27\30\31\32\33\34\35\36\37"..., 1024) = 1024 <0.000043>
18549 1790562280.444570 sendto(12, "HTTP/1.1 200 OK\r\nContent-Length:"..., 1129, MSG_NOSIGNAL, NULL, 0) = 1129 <0.000057>
18549 1790562280.444793 epoll_wait(8, [{events=EPOLLIN, data={u32=8, u64=8}}], 64, 1000) = 1 <0.000398>
18549 1790562280.445460 recvfrom(12, "GET /payload-1024.bin HTTP/1.1\r\n"..., 16384, 0, NULL, NULL) = 75 <0.000109>
18549 1790562280.446255 read(13, "\0\1\2\3\4\5\6\7\10\t\n\v\f\r\16\17\20\21\22\23\24\25\26\27\30\31\32\33\34\35\36\37"..., 1024) = 1024 <0.000115>
18549 1790562280.447403 sendto(12, "HTTP/1.1 200 OK\r\nContent-Length:"..., 1129, MSG_NOSIGNAL, NULL, 0) = 1129 <0.000118>
18549 1790562280.447754 epoll_wait(8, [{events=EPOLLIN, data={u32=8, u64=8}}], 64, 1000) = 1 <0.000259>
18549 1790562280.448260 recvfrom(12, "GET /payload-1024.bin HTTP/1.1\r\n"..., 16384, 0, NULL, NULL) = 75 <0.000082>
18549 1790562280.448698 read(13, "\0\1\2\3\4\5\6\7\10\t\n\v\f\r\16\17\20\21\22\23\24\25\26\27\30\31\32\33\34\35\36\37"..., 1024) = 1024 <0.000041>
18549 1790562280.450335 sendto(12, "HTTP/1.1 200 OK\r\nContent-Length:"..., 1129, MSG_NOSIGNAL, NULL, 0) = 1129 <0.000133>
18549 1790562280.450729 epoll_wait(8, [{events=EPOLLIN, data={u32=8, u64=8}}], 64, 1000) = 1 <0.000500>
18549 1790562280.451371 recvfrom(12, "GET /payload-1024.bin HTTP/1.1\r\n"..., 16384, 0, NULL, NULL) = 75 <0.000112>
18549 1790562280.451824 read(13, "\0\1\2\3\4\5\6\7\10\t\n\v\f\r\16\17\20\21\22\23\24\25\26\27\30\31\32\33\34\35\36\37"..., 1024) = 1024 <0.000121>
18549 1790562280.452833 sendto(12, "HTTP/1.1 200 OK\r\nContent-Length:"..., 1129, MSG_NOSIGNAL, NULL, 0) = 1129 <0.000055>
18549 1790562280.453049 epoll_wait(8, [{events=EPOLLIN, data={u32=8, u64=8}}], 64, 1000) = 1 <0.000418>
18549 1790562280.453721 recvfrom(12, "GET /payload-1024.bin HTTP/1.1\r\n"..., 16384, 0, NULL, NULL) = 75 <0.000133>
18549 1790562280.454450 read(13, "\0\1\2\3\4\5\6\7\10\t\n\v\f\r\16\17\20\21\22\23\24\25\26\27\30\31\32\33\34\35\36\37"..., 1024) = 1024 <0.000049>
18549 1790562280.455475 sendto(12, "HTTP/1.1 200 OK\r\nContent-Length:"..., 1129, MSG_NOSIGNAL, NULL, 0) = 1129 <0.000169>
18549 1790562280.455757 epoll_wait(8, [{events=EPOLLIN, data={u32=8, u64=8}}], 64, 1000) = 1 <0.000354>
18549 1790562280.456246 recvfrom(12, "GET /payload-1024.bin HTTP/1.1\r\n"..., 16384, 0, NULL, NULL) = 75 <0.000042>
18549 1790562280.456662 read(13, "\0\1\2\3\4\5\6\7\10\t\n\v\f\r\16\17\20\21\22\23\24\25\26\27\30\31\32\33\34\35\36\37"..., 1024) = 1024 <0.000073>
18549 1790562280.457855 sendto(12, "HTTP/1.1 200 OK\r\nContent-Length:"..., 1129, MSG_NOSIGNAL, NULL, 0) = 1129 <0.000113>
18549 1790562280.458154 epoll_wait(8, [{events=EPOLLIN, data={u32=8, u64=8}}], 64, 1000) = 1 <0.000545>
18549 1790562280.458918 recvfrom(12, "GET /payload-1024.bin HTTP/1.1\r\n"..., 16384, 0, NULL, NULL) = 75 <0.000077>
18549 1790562280.459376 read(13, "\0\1\2\3\4\5\6\7\10\t\n\v\f\r\16\17\20\21\22\23\24\25\26\27\30\31\32\33\34\35\36\37"..., 1024) = 1024 <0.000042>
18549 1790562280.460564 sendto(12, "HTTP/1.1 200 OK\r\nContent-Length:"..., 1129, MSG_NOSIGNAL, NULL, 0) = 1129 <0.000147>
18549 1790562280.460932 epoll_wait(8, [{events=EPOLLIN, data={u32=8, u64=8}}], 64, 1000) = 1 <0.000290>
18549 1790562280.461506 recvfrom(12, "GET /payload-1024.bin HTTP/1.1\r\n"..., 16384, 0, NULL, NULL) = 75 <0.000056>
18549 1790562280.462352 read(13, "\0\1\2\3\4\5\6\7\10\t\n\v\f\r\16\17\20\21\22\23\24\25\26\27\30\31\32\33\34\35\36\37"..., 1024) = 1024 <0.000076>
18549 1790562280.463682 sendto(12, "HTTP/1.1 200 OK\r\nContent-Length:"..., 1129, MSG_NOSIGNAL, NULL, 0) = 1129 <0.000231>
18549 1790562280.464199 epoll_wait(8, [{events=EPOLLIN, data={u32=8, u64=8}}], 64, 1000) = 1 <0.000223>
18549 1790562280.464614 recvfrom(12, "GET /payload-1024.bin HTTP/1.1\r\n"..., 16384, 0, NULL, NULL) = 75 <0.000075>
18549 1790562280.465053 read(13, "\0\1\2\3\4\5\6\7\10\t\n\v\f\r\16\17\20\21\22\23\24\25\26\27\30\31\32\33\34\35\36\37"..., 1024) = 1024 <0.000083>
18549 1790562280.466338 sendto(12, "HTTP/1.1 200 OK\r\nContent-Length:"..., 1129, MSG_NOSIGNAL, NULL, 0) = 1129 <0.000147>
18549 1790562280.466784 epoll_wait(8, [{events=EPOLLIN, data={u32=8, u64=8}}], 64, 1000) = 1 <0.000428>
18549 1790562280.467355 recvfrom(12, "GET /payload-1024.bin HTTP/1.1\r\n"..., 16384, 0, NULL, NULL) = 75 <0.000060>
18549 1790562280.467870 read(13, "\0\1\2\3\4\5\6\7\10\t\n\v\f\r\16\17\20\21\22\23\24\25\26\27\30\31\32\33\34\35\36\37"..., 1024) = 1024 <0.000062>
18549 1790562280.468647 sendto(12, "HTTP/1.1 200 OK\r\nContent-Length:"..., 1129, MSG_NOSIGNAL, NULL, 0) = 1129 <0.000156>
18549 1790562280.468923 epoll_wait(8, [{events=EPOLLIN, data={u32=8, u64=8}}], 64, 1000) = 1 <0.000215>
18549 1790562280.469235 recvfrom(12, "GET /payload-1024.bin HTTP/1.1\r\n"..., 16384, 0, NULL, NULL) = 75 <0.000046>
18549 1790562280.469636 read(13, "\0\1\2\3\4\5\6\7\10\t\n\v\f\r\16\17\20\21\22\23\24\25\26\27\30\31\32\33\34\35\36\37"..., 1024) = 1024 <0.000096>
18549 1790562280.471267 sendto(12, "HTTP/1.1 200 OK\r\nContent-Length:"..., 1129, MSG_NOSIGNAL, NULL, 0) = 1129 <0.000184>
18549 1790562280.471610 epoll_wait(8, [{events=EPOLLIN, data={u32=8, u64=8}}], 64, 1000) = 1 <0.000226>
18549 1790562280.472113 recvfrom(12, "GET /payload-1024.bin HTTP/1.1\r\n"..., 16384, 0, NULL, NULL) = 75 <0.000091>
18549 1790562280.472628 read(13, "\0\1\2\3\4\5\6\7\10\t\n\v\f\r\16\17\20\21\22\23\24\25\26\27\30\31\32\33\34\35\36\37"..., 1024) = 1024 <0.000053>
18549 1790562280.473491 sendto(12, "HTTP/1.1 200 OK\r\nContent-Length:"..., 1129, MSG_NOSIGNAL, NULL, 0) = 1129 <0.000096>
18549 1790562280.473725 epoll_wait(8, [{events=EPOLLIN|EPOLLRDHUP, data={u32=8, u64=8}}], 64, 1000) = 1 <0.000299>
18549 1790562280.474222 recvfrom(12, "", 16384, 0, NULL, NULL) = 0 <0.000076>
18549 1790562280.474406 epoll_ctl(8, EPOLL_CTL_DEL, 12, NULL) = 0 <0.000082>
18549 1790562280.474778 epoll_wait(8,  <unfinished ...>
18548 1790562280.498555 <... epoll_wait resumed>[{events=EPOLLIN, data={u32=4, u64=4}}], 64, 1000) = 1 <0.113444>
18550 1790562280.499039 <... epoll_wait resumed>[{events=EPOLLIN, data={u32=3, u64=3}}], 64, 1000) = 1 <0.137862>
18550 1790562280.499305 read(11, "\1\0\0\0\0\0\0\0", 8) = 8 <0.000149>
18548 1790562280.499616 epoll_wait(5,  <unfinished ...>
18550 1790562280.499759 read(11, 0x798b0fffea00, 8) = -1 EAGAIN (Resource temporarily unavailable) <0.000048>
18550 1790562280.499906 epoll_ctl(10, EPOLL_CTL_ADD, 12, {events=EPOLLIN|EPOLLRDHUP, data={u32=9, u64=9}}) = 0 <0.000058>
18550 1790562280.500061 epoll_wait(10, [{events=EPOLLIN, data={u32=9, u64=9}}], 64, 1000) = 1 <0.000044>
18550 1790562280.500196 recvfrom(12, "GET /payload-1024.bin HTTP/1.1\r\n"..., 16384, 0, NULL, NULL) = 75 <0.000042>
18550 1790562280.500551 read(13, "\0\1\2\3\4\5\6\7\10\t\n\v\f\r\16\17\20\21\22\23\24\25\26\27\30\31\32\33\34\35\36\37"..., 1024) = 1024 <0.000155>
18550 1790562280.501604 sendto(12, "HTTP/1.1 200 OK\r\nContent-Length:"..., 1129, MSG_NOSIGNAL, NULL, 0) = 1129 <0.000069>
18550 1790562280.501823 epoll_wait(10, [{events=EPOLLIN, data={u32=9, u64=9}}], 64, 1000) = 1 <0.000428>
18550 1790562280.502348 recvfrom(12, "GET /payload-1024.bin HTTP/1.1\r\n"..., 16384, 0, NULL, NULL) = 75 <0.000072>
18550 1790562280.502730 read(13, "\0\1\2\3\4\5\6\7\10\t\n\v\f\r\16\17\20\21\22\23\24\25\26\27\30\31\32\33\34\35\36\37"..., 1024) = 1024 <0.000038>
18550 1790562280.503776 sendto(12, "HTTP/1.1 200 OK\r\nContent-Length:"..., 1129, MSG_NOSIGNAL, NULL, 0) = 1129 <0.000161>
18550 1790562280.504066 epoll_wait(10, [{events=EPOLLIN, data={u32=9, u64=9}}], 64, 1000) = 1 <0.000292>
18550 1790562280.504503 recvfrom(12, "GET /payload-1024.bin HTTP/1.1\r\n"..., 16384, 0, NULL, NULL) = 75 <0.000081>
18550 1790562280.504927 read(13, "\0\1\2\3\4\5\6\7\10\t\n\v\f\r\16\17\20\21\22\23\24\25\26\27\30\31\32\33\34\35\36\37"..., 1024) = 1024 <0.000052>
18550 1790562280.505653 sendto(12, "HTTP/1.1 200 OK\r\nContent-Length:"..., 1129, MSG_NOSIGNAL, NULL, 0) = 1129 <0.000055>
18550 1790562280.505820 epoll_wait(10, [{events=EPOLLIN, data={u32=9, u64=9}}], 64, 1000) = 1 <0.000290>
18550 1790562280.506194 recvfrom(12, "GET /payload-1024.bin HTTP/1.1\r\n"..., 16384, 0, NULL, NULL) = 75 <0.000044>
18550 1790562280.506693 read(13, "\0\1\2\3\4\5\6\7\10\t\n\v\f\r\16\17\20\21\22\23\24\25\26\27\30\31\32\33\34\35\36\37"..., 1024) = 1024 <0.000041>
18550 1790562280.507379 sendto(12, "HTTP/1.1 200 OK\r\nContent-Length:"..., 1129, MSG_NOSIGNAL, NULL, 0) = 1129 <0.000083>
18550 1790562280.507622 epoll_wait(10, [{events=EPOLLIN, data={u32=9, u64=9}}], 64, 1000) = 1 <0.000134>
18550 1790562280.507900 recvfrom(12, "GET /payload-1024.bin HTTP/1.1\r\n"..., 16384, 0, NULL, NULL) = 75 <0.000112>
18550 1790562280.508340 read(13, "\0\1\2\3\4\5\6\7\10\t\n\v\f\r\16\17\20\21\22\23\24\25\26\27\30\31\32\33\34\35\36\37"..., 1024) = 1024 <0.000053>
18550 1790562280.509024 sendto(12, "HTTP/1.1 200 OK\r\nContent-Length:"..., 1129, MSG_NOSIGNAL, NULL, 0) = 1129 <0.000134>
18550 1790562280.509454 epoll_wait(10, [{events=EPOLLIN, data={u32=9, u64=9}}], 64, 1000) = 1 <0.000048>
18550 1790562280.509669 recvfrom(12, "GET /payload-1024.bin HTTP/1.1\r\n"..., 16384, 0, NULL, NULL) = 75 <0.000049>
18550 1790562280.509987 read(13, "\0\1\2\3\4\5\6\7\10\t\n\v\f\r\16\17\20\21\22\23\24\25\26\27\30\31\32\33\34\35\36\37"..., 1024) = 1024 <0.000043>
18550 1790562280.510942 sendto(12, "HTTP/1.1 200 OK\r\nContent-Length:"..., 1129, MSG_NOSIGNAL, NULL, 0) = 1129 <0.000105>
18550 1790562280.511284 epoll_wait(10, [{events=EPOLLIN, data={u32=9, u64=9}}], 64, 1000) = 1 <0.000092>
18550 1790562280.511481 recvfrom(12, "GET /payload-1024.bin HTTP/1.1\r\n"..., 16384, 0, NULL, NULL) = 75 <0.000051>
18550 1790562280.512029 read(13, "\0\1\2\3\4\5\6\7\10\t\n\v\f\r\16\17\20\21\22\23\24\25\26\27\30\31\32\33\34\35\36\37"..., 1024) = 1024 <0.000111>
18550 1790562280.513115 sendto(12, "HTTP/1.1 200 OK\r\nContent-Length:"..., 1129, MSG_NOSIGNAL, NULL, 0) = 1129 <0.000074>
18550 1790562280.513333 epoll_wait(10, [{events=EPOLLIN, data={u32=9, u64=9}}], 64, 1000) = 1 <0.000377>
18550 1790562280.513845 recvfrom(12, "GET /payload-1024.bin HTTP/1.1\r\n"..., 16384, 0, NULL, NULL) = 75 <0.000052>
18550 1790562280.514172 read(13, "\0\1\2\3\4\5\6\7\10\t\n\v\f\r\16\17\20\21\22\23\24\25\26\27\30\31\32\33\34\35\36\37"..., 1024) = 1024 <0.000045>
18550 1790562280.514907 sendto(12, "HTTP/1.1 200 OK\r\nContent-Length:"..., 1129, MSG_NOSIGNAL, NULL, 0) = 1129 <0.000055>
18550 1790562280.515094 epoll_wait(10, [{events=EPOLLIN, data={u32=9, u64=9}}], 64, 1000) = 1 <0.000234>
18550 1790562280.515440 recvfrom(12, "GET /payload-1024.bin HTTP/1.1\r\n"..., 16384, 0, NULL, NULL) = 75 <0.000107>
18550 1790562280.515891 read(13, "\0\1\2\3\4\5\6\7\10\t\n\v\f\r\16\17\20\21\22\23\24\25\26\27\30\31\32\33\34\35\36\37"..., 1024) = 1024 <0.000044>
18550 1790562280.516787 sendto(12, "HTTP/1.1 200 OK\r\nContent-Length:"..., 1129, MSG_NOSIGNAL, NULL, 0) = 1129 <0.000061>
18550 1790562280.516957 epoll_wait(10, [{events=EPOLLIN, data={u32=9, u64=9}}], 64, 1000) = 1 <0.000371>
18550 1790562280.517441 recvfrom(12, "GET /payload-1024.bin HTTP/1.1\r\n"..., 16384, 0, NULL, NULL) = 75 <0.000049>
18550 1790562280.517752 read(13, "\0\1\2\3\4\5\6\7\10\t\n\v\f\r\16\17\20\21\22\23\24\25\26\27\30\31\32\33\34\35\36\37"..., 1024) = 1024 <0.000048>
18550 1790562280.518474 sendto(12, "HTTP/1.1 200 OK\r\nContent-Length:"..., 1129, MSG_NOSIGNAL, NULL, 0) = 1129 <0.000057>
18550 1790562280.518659 epoll_wait(10, [{events=EPOLLIN, data={u32=9, u64=9}}], 64, 1000) = 1 <0.000204>
18550 1790562280.518991 recvfrom(12, "GET /payload-1024.bin HTTP/1.1\r\n"..., 16384, 0, NULL, NULL) = 75 <0.000080>
18550 1790562280.519479 read(13, "\0\1\2\3\4\5\6\7\10\t\n\v\f\r\16\17\20\21\22\23\24\25\26\27\30\31\32\33\34\35\36\37"..., 1024) = 1024 <0.000040>
18550 1790562280.520356 sendto(12, "HTTP/1.1 200 OK\r\nContent-Length:"..., 1129, MSG_NOSIGNAL, NULL, 0) = 1129 <0.000055>
18550 1790562280.520595 epoll_wait(10, [{events=EPOLLIN, data={u32=9, u64=9}}], 64, 1000) = 1 <0.000233>
18550 1790562280.520957 recvfrom(12, "GET /payload-1024.bin HTTP/1.1\r\n"..., 16384, 0, NULL, NULL) = 75 <0.000043>
18550 1790562280.521294 read(13, "\0\1\2\3\4\5\6\7\10\t\n\v\f\r\16\17\20\21\22\23\24\25\26\27\30\31\32\33\34\35\36\37"..., 1024) = 1024 <0.000039>
18550 1790562280.522140 sendto(12, "HTTP/1.1 200 OK\r\nContent-Length:"..., 1129, MSG_NOSIGNAL, NULL, 0) = 1129 <0.000066>
18550 1790562280.522371 epoll_wait(10, [{events=EPOLLIN, data={u32=9, u64=9}}], 64, 1000) = 1 <0.000221>
18550 1790562280.522790 recvfrom(12, "GET /payload-1024.bin HTTP/1.1\r\n"..., 16384, 0, NULL, NULL) = 75 <0.000046>
18550 1790562280.523127 read(13, "\0\1\2\3\4\5\6\7\10\t\n\v\f\r\16\17\20\21\22\23\24\25\26\27\30\31\32\33\34\35\36\37"..., 1024) = 1024 <0.000040>
18550 1790562280.524104 sendto(12, "HTTP/1.1 200 OK\r\nContent-Length:"..., 1129, MSG_NOSIGNAL, NULL, 0) = 1129 <0.000100>
18550 1790562280.524334 epoll_wait(10, [{events=EPOLLIN, data={u32=9, u64=9}}], 64, 1000) = 1 <0.000206>
18550 1790562280.524745 recvfrom(12, "GET /payload-1024.bin HTTP/1.1\r\n"..., 16384, 0, NULL, NULL) = 75 <0.000050>
18550 1790562280.525225 read(13, "\0\1\2\3\4\5\6\7\10\t\n\v\f\r\16\17\20\21\22\23\24\25\26\27\30\31\32\33\34\35\36\37"..., 1024) = 1024 <0.000042>
18550 1790562280.526087 sendto(12, "HTTP/1.1 200 OK\r\nContent-Length:"..., 1129, MSG_NOSIGNAL, NULL, 0) = 1129 <0.000055>
18550 1790562280.526269 epoll_wait(10, [{events=EPOLLIN, data={u32=9, u64=9}}], 64, 1000) = 1 <0.000279>
18550 1790562280.526658 recvfrom(12, "GET /payload-1024.bin HTTP/1.1\r\n"..., 16384, 0, NULL, NULL) = 75 <0.000052>
18550 1790562280.526987 read(13, "\0\1\2\3\4\5\6\7\10\t\n\v\f\r\16\17\20\21\22\23\24\25\26\27\30\31\32\33\34\35\36\37"..., 1024) = 1024 <0.000041>
18550 1790562280.527598 sendto(12, "HTTP/1.1 200 OK\r\nContent-Length:"..., 1129, MSG_NOSIGNAL, NULL, 0) = 1129 <0.000053>
18550 1790562280.527738 epoll_wait(10, [{events=EPOLLIN, data={u32=9, u64=9}}], 64, 1000) = 1 <0.000243>
18550 1790562280.528096 recvfrom(12, "GET /payload-1024.bin HTTP/1.1\r\n"..., 16384, 0, NULL, NULL) = 75 <0.000073>
18550 1790562280.528491 read(13, "\0\1\2\3\4\5\6\7\10\t\n\v\f\r\16\17\20\21\22\23\24\25\26\27\30\31\32\33\34\35\36\37"..., 1024) = 1024 <0.000070>
18550 1790562280.529740 sendto(12, "HTTP/1.1 200 OK\r\nContent-Length:"..., 1129, MSG_NOSIGNAL, NULL, 0) = 1129 <0.000067>
18550 1790562280.529938 epoll_wait(10, [{events=EPOLLIN, data={u32=9, u64=9}}], 64, 1000) = 1 <0.000357>
18550 1790562280.530492 recvfrom(12, "GET /payload-1024.bin HTTP/1.1\r\n"..., 16384, 0, NULL, NULL) = 75 <0.000071>
18550 1790562280.531035 read(13, "\0\1\2\3\4\5\6\7\10\t\n\v\f\r\16\17\20\21\22\23\24\25\26\27\30\31\32\33\34\35\36\37"..., 1024) = 1024 <0.000043>
18550 1790562280.531798 sendto(12, "HTTP/1.1 200 OK\r\nContent-Length:"..., 1129, MSG_NOSIGNAL, NULL, 0) = 1129 <0.000060>
18550 1790562280.532008 epoll_wait(10, [{events=EPOLLIN, data={u32=9, u64=9}}], 64, 1000) = 1 <0.000195>
18550 1790562280.532381 recvfrom(12, "GET /payload-1024.bin HTTP/1.1\r\n"..., 16384, 0, NULL, NULL) = 75 <0.000079>
18550 1790562280.532857 read(13, "\0\1\2\3\4\5\6\7\10\t\n\v\f\r\16\17\20\21\22\23\24\25\26\27\30\31\32\33\34\35\36\37"..., 1024) = 1024 <0.000125>
18550 1790562280.534098 sendto(12, "HTTP/1.1 200 OK\r\nContent-Length:"..., 1129, MSG_NOSIGNAL, NULL, 0) = 1129 <0.000203>
18550 1790562280.534594 epoll_wait(10, [{events=EPOLLIN, data={u32=9, u64=9}}], 64, 1000) = 1 <0.000233>
18550 1790562280.534947 recvfrom(12, "GET /payload-1024.bin HTTP/1.1\r\n"..., 16384, 0, NULL, NULL) = 75 <0.000087>
18550 1790562280.535348 read(13, "\0\1\2\3\4\5\6\7\10\t\n\v\f\r\16\17\20\21\22\23\24\25\26\27\30\31\32\33\34\35\36\37"..., 1024) = 1024 <0.000048>
18550 1790562280.536127 sendto(12, "HTTP/1.1 200 OK\r\nContent-Length:"..., 1129, MSG_NOSIGNAL, NULL, 0) = 1129 <0.000058>
18550 1790562280.536382 epoll_wait(10, [{events=EPOLLIN, data={u32=9, u64=9}}], 64, 1000) = 1 <0.000275>
18550 1790562280.536860 recvfrom(12, "GET /payload-1024.bin HTTP/1.1\r\n"..., 16384, 0, NULL, NULL) = 75 <0.000060>
18550 1790562280.537424 read(13, "\0\1\2\3\4\5\6\7\10\t\n\v\f\r\16\17\20\21\22\23\24\25\26\27\30\31\32\33\34\35\36\37"..., 1024) = 1024 <0.000085>
18550 1790562280.538473 sendto(12, "HTTP/1.1 200 OK\r\nContent-Length:"..., 1129, MSG_NOSIGNAL, NULL, 0) = 1129 <0.000083>
18550 1790562280.538795 epoll_wait(10, [{events=EPOLLIN, data={u32=9, u64=9}}], 64, 1000) = 1 <0.000235>
18550 1790562280.539139 recvfrom(12, "GET /payload-1024.bin HTTP/1.1\r\n"..., 16384, 0, NULL, NULL) = 75 <0.000046>
18550 1790562280.539476 read(13, "\0\1\2\3\4\5\6\7\10\t\n\v\f\r\16\17\20\21\22\23\24\25\26\27\30\31\32\33\34\35\36\37"..., 1024) = 1024 <0.000041>
18550 1790562280.540105 sendto(12, "HTTP/1.1 200 OK\r\nContent-Length:"..., 1129, MSG_NOSIGNAL, NULL, 0) = 1129 <0.000060>
18550 1790562280.540272 epoll_wait(10, [{events=EPOLLIN, data={u32=9, u64=9}}], 64, 1000) = 1 <0.000253>
18550 1790562280.540782 recvfrom(12, "GET /payload-1024.bin HTTP/1.1\r\n"..., 16384, 0, NULL, NULL) = 75 <0.000088>
18550 1790562280.541367 read(13, "\0\1\2\3\4\5\6\7\10\t\n\v\f\r\16\17\20\21\22\23\24\25\26\27\30\31\32\33\34\35\36\37"..., 1024) = 1024 <0.000071>
18550 1790562280.542457 sendto(12, "HTTP/1.1 200 OK\r\nContent-Length:"..., 1129, MSG_NOSIGNAL, NULL, 0) = 1129 <0.000073>
18550 1790562280.542669 epoll_wait(10, [{events=EPOLLIN, data={u32=9, u64=9}}], 64, 1000) = 1 <0.000335>
18550 1790562280.543153 recvfrom(12, "GET /payload-1024.bin HTTP/1.1\r\n"..., 16384, 0, NULL, NULL) = 75 <0.000044>
18550 1790562280.543449 read(13, "\0\1\2\3\4\5\6\7\10\t\n\v\f\r\16\17\20\21\22\23\24\25\26\27\30\31\32\33\34\35\36\37"..., 1024) = 1024 <0.000039>
18550 1790562280.544148 sendto(12, "HTTP/1.1 200 OK\r\nContent-Length:"..., 1129, MSG_NOSIGNAL, NULL, 0) = 1129 <0.000053>
18550 1790562280.544282 epoll_wait(10, [{events=EPOLLIN, data={u32=9, u64=9}}], 64, 1000) = 1 <0.000316>
18550 1790562280.544700 recvfrom(12, "GET /payload-1024.bin HTTP/1.1\r\n"..., 16384, 0, NULL, NULL) = 75 <0.000052>
18550 1790562280.545037 read(13, "\0\1\2\3\4\5\6\7\10\t\n\v\f\r\16\17\20\21\22\23\24\25\26\27\30\31\32\33\34\35\36\37"..., 1024) = 1024 <0.000039>
18550 1790562280.546152 sendto(12, "HTTP/1.1 200 OK\r\nContent-Length:"..., 1129, MSG_NOSIGNAL, NULL, 0) = 1129 <0.000063>
18550 1790562280.546453 epoll_wait(10, [{events=EPOLLIN, data={u32=9, u64=9}}], 64, 1000) = 1 <0.000216>
18550 1790562280.546775 recvfrom(12, "GET /payload-1024.bin HTTP/1.1\r\n"..., 16384, 0, NULL, NULL) = 75 <0.000043>
18550 1790562280.547063 read(13, "\0\1\2\3\4\5\6\7\10\t\n\v\f\r\16\17\20\21\22\23\24\25\26\27\30\31\32\33\34\35\36\37"..., 1024) = 1024 <0.000040>
18550 1790562280.547790 sendto(12, "HTTP/1.1 200 OK\r\nContent-Length:"..., 1129, MSG_NOSIGNAL, NULL, 0) = 1129 <0.000054>
18550 1790562280.547961 epoll_wait(10, [{events=EPOLLIN, data={u32=9, u64=9}}], 64, 1000) = 1 <0.000480>
18550 1790562280.548540 recvfrom(12, "GET /payload-1024.bin HTTP/1.1\r\n"..., 16384, 0, NULL, NULL) = 75 <0.000039>
18550 1790562280.548922 read(13, "\0\1\2\3\4\5\6\7\10\t\n\v\f\r\16\17\20\21\22\23\24\25\26\27\30\31\32\33\34\35\36\37"..., 1024) = 1024 <0.000166>
18550 1790562280.550155 sendto(12, "HTTP/1.1 200 OK\r\nContent-Length:"..., 1129, MSG_NOSIGNAL, NULL, 0) = 1129 <0.000059>
18550 1790562280.550329 epoll_wait(10, [{events=EPOLLIN, data={u32=9, u64=9}}], 64, 1000) = 1 <0.000414>
18550 1790562280.550841 recvfrom(12, "GET /payload-1024.bin HTTP/1.1\r\n"..., 16384, 0, NULL, NULL) = 75 <0.000038>
18550 1790562280.551163 read(13, "\0\1\2\3\4\5\6\7\10\t\n\v\f\r\16\17\20\21\22\23\24\25\26\27\30\31\32\33\34\35\36\37"..., 1024) = 1024 <0.000046>
18550 1790562280.551943 sendto(12, "HTTP/1.1 200 OK\r\nContent-Length:"..., 1129, MSG_NOSIGNAL, NULL, 0) = 1129 <0.000059>
18550 1790562280.552103 epoll_wait(10, [{events=EPOLLIN, data={u32=9, u64=9}}], 64, 1000) = 1 <0.000226>
18550 1790562280.552436 recvfrom(12, "GET /payload-1024.bin HTTP/1.1\r\n"..., 16384, 0, NULL, NULL) = 75 <0.000042>
18550 1790562280.552755 read(13, "\0\1\2\3\4\5\6\7\10\t\n\v\f\r\16\17\20\21\22\23\24\25\26\27\30\31\32\33\34\35\36\37"..., 1024) = 1024 <0.000055>
18550 1790562280.554053 sendto(12, "HTTP/1.1 200 OK\r\nContent-Length:"..., 1129, MSG_NOSIGNAL, NULL, 0) = 1129 <0.000152>
18550 1790562280.554501 epoll_wait(10, [{events=EPOLLIN, data={u32=9, u64=9}}], 64, 1000) = 1 <0.000339>
18550 1790562280.555078 recvfrom(12, "GET /payload-1024.bin HTTP/1.1\r\n"..., 16384, 0, NULL, NULL) = 75 <0.000067>
18550 1790562280.555638 read(13, "\0\1\2\3\4\5\6\7\10\t\n\v\f\r\16\17\20\21\22\23\24\25\26\27\30\31\32\33\34\35\36\37"..., 1024) = 1024 <0.000183>
18550 1790562280.556979 sendto(12, "HTTP/1.1 200 OK\r\nContent-Length:"..., 1129, MSG_NOSIGNAL, NULL, 0) = 1129 <0.000084>
18550 1790562280.557287 epoll_wait(10, [{events=EPOLLIN, data={u32=9, u64=9}}], 64, 1000) = 1 <0.000301>
18550 1790562280.557791 recvfrom(12, "GET /payload-1024.bin HTTP/1.1\r\n"..., 16384, 0, NULL, NULL) = 75 <0.000128>
18550 1790562280.558328 read(13, "\0\1\2\3\4\5\6\7\10\t\n\v\f\r\16\17\20\21\22\23\24\25\26\27\30\31\32\33\34\35\36\37"..., 1024) = 1024 <0.000092>
18550 1790562280.559507 sendto(12, "HTTP/1.1 200 OK\r\nContent-Length:"..., 1129, MSG_NOSIGNAL, NULL, 0) = 1129 <0.000068>
18550 1790562280.559815 epoll_wait(10, [{events=EPOLLIN, data={u32=9, u64=9}}], 64, 1000) = 1 <0.000310>
18550 1790562280.560298 recvfrom(12, "GET /payload-1024.bin HTTP/1.1\r\n"..., 16384, 0, NULL, NULL) = 75 <0.000077>
18550 1790562280.560703 read(13, "\0\1\2\3\4\5\6\7\10\t\n\v\f\r\16\17\20\21\22\23\24\25\26\27\30\31\32\33\34\35\36\37"..., 1024) = 1024 <0.000050>
18550 1790562280.561693 sendto(12, "HTTP/1.1 200 OK\r\nContent-Length:"..., 1129, MSG_NOSIGNAL, NULL, 0) = 1129 <0.000117>
18550 1790562280.562062 epoll_wait(10, [{events=EPOLLIN, data={u32=9, u64=9}}], 64, 1000) = 1 <0.000419>
18550 1790562280.562706 recvfrom(12, "GET /payload-1024.bin HTTP/1.1\r\n"..., 16384, 0, NULL, NULL) = 75 <0.000056>
18550 1790562280.563084 read(13, "\0\1\2\3\4\5\6\7\10\t\n\v\f\r\16\17\20\21\22\23\24\25\26\27\30\31\32\33\34\35\36\37"..., 1024) = 1024 <0.000048>
18550 1790562280.563931 sendto(12, "HTTP/1.1 200 OK\r\nContent-Length:"..., 1129, MSG_NOSIGNAL, NULL, 0) = 1129 <0.000181>
18550 1790562280.564269 epoll_wait(10, [{events=EPOLLIN|EPOLLRDHUP, data={u32=9, u64=9}}], 64, 1000) = 1 <0.000512>
18550 1790562280.564947 recvfrom(12, "", 16384, 0, NULL, NULL) = 0 <0.000049>
18550 1790562280.565117 epoll_ctl(10, EPOLL_CTL_DEL, 12, NULL) = 0 <0.000046>
18550 1790562280.565370 epoll_wait(10,  <unfinished ...>
18548 1790562280.589244 <... epoll_wait resumed>[{events=EPOLLIN, data={u32=4, u64=4}}], 64, 1000) = 1 <0.089552>
18549 1790562280.589573 <... epoll_wait resumed>[{events=EPOLLIN, data={u32=2, u64=2}}], 64, 1000) = 1 <0.114753>
18549 1790562280.589801 read(9, "\1\0\0\0\0\0\0\0", 8) = 8 <0.000051>
18548 1790562280.589915 epoll_wait(5,  <unfinished ...>
18549 1790562280.589946 read(9, 0x798b14ffea00, 8) = -1 EAGAIN (Resource temporarily unavailable) <0.000040>
18549 1790562280.590095 epoll_ctl(8, EPOLL_CTL_ADD, 12, {events=EPOLLIN|EPOLLRDHUP, data={u32=10, u64=10}}) = 0 <0.000046>
18549 1790562280.590247 epoll_wait(8, [{events=EPOLLIN, data={u32=10, u64=10}}], 64, 1000) = 1 <0.000039>
18549 1790562280.590376 recvfrom(12, "GET /payload-1024.bin HTTP/1.1\r\n"..., 16384, 0, NULL, NULL) = 81 <0.000062>
18549 1790562280.590763 read(13, "\0\1\2\3\4\5\6\7\10\t\n\v\f\r\16\17\20\21\22\23\24\25\26\27\30\31\32\33\34\35\36\37"..., 1024) = 1024 <0.000044>
18549 1790562280.592172 sendto(12, "HTTP/1.1 200 OK\r\nContent-Length:"..., 1129, MSG_NOSIGNAL, NULL, 0) = 1129 <0.000070>
18549 1790562280.592373 epoll_wait(8, [{events=EPOLLIN, data={u32=10, u64=10}}], 64, 1000) = 1 <0.010985>
18549 1790562280.603604 recvfrom(12, "GET /payload-1024.bin HTTP/1.1\r\n"..., 16384, 0, NULL, NULL) = 81 <0.000080>
18549 1790562280.604321 read(13, "\0\1\2\3\4\5\6\7\10\t\n\v\f\r\16\17\20\21\22\23\24\25\26\27\30\31\32\33\34\35\36\37"..., 1024) = 1024 <0.000101>
18549 1790562280.605427 sendto(12, "HTTP/1.1 200 OK\r\nContent-Length:"..., 1129, MSG_NOSIGNAL, NULL, 0) = 1129 <0.000058>
18549 1790562280.605625 epoll_wait(8, [{events=EPOLLIN, data={u32=10, u64=10}}], 64, 1000) = 1 <0.010599>
18549 1790562280.616380 recvfrom(12, "GET /payload-1024.bin HTTP/1.1\r\n"..., 16384, 0, NULL, NULL) = 81 <0.000044>
18549 1790562280.616775 read(13, "\0\1\2\3\4\5\6\7\10\t\n\v\f\r\16\17\20\21\22\23\24\25\26\27\30\31\32\33\34\35\36\37"..., 1024) = 1024 <0.000042>
18549 1790562280.617591 sendto(12, "HTTP/1.1 200 OK\r\nContent-Length:"..., 1129, MSG_NOSIGNAL, NULL, 0) = 1129 <0.000050>
18549 1790562280.617752 epoll_wait(8, [{events=EPOLLIN, data={u32=10, u64=10}}], 64, 1000) = 1 <0.010601>
18549 1790562280.628501 recvfrom(12, "GET /payload-1024.bin HTTP/1.1\r\n"..., 16384, 0, NULL, NULL) = 81 <0.000052>
18549 1790562280.629118 read(13, "\0\1\2\3\4\5\6\7\10\t\n\v\f\r\16\17\20\21\22\23\24\25\26\27\30\31\32\33\34\35\36\37"..., 1024) = 1024 <0.000081>
18549 1790562280.630020 sendto(12, "HTTP/1.1 200 OK\r\nContent-Length:"..., 1129, MSG_NOSIGNAL, NULL, 0) = 1129 <0.000066>
18549 1790562280.630273 epoll_wait(8, [{events=EPOLLIN, data={u32=10, u64=10}}], 64, 1000) = 1 <0.010763>
18549 1790562280.641185 recvfrom(12, "GET /payload-1024.bin HTTP/1.1\r\n"..., 16384, 0, NULL, NULL) = 81 <0.000048>
18549 1790562280.641564 read(13, "\0\1\2\3\4\5\6\7\10\t\n\v\f\r\16\17\20\21\22\23\24\25\26\27\30\31\32\33\34\35\36\37"..., 1024) = 1024 <0.000046>
18549 1790562280.642312 sendto(12, "HTTP/1.1 200 OK\r\nContent-Length:"..., 1129, MSG_NOSIGNAL, NULL, 0) = 1129 <0.000084>
18549 1790562280.642661 epoll_wait(8, [{events=EPOLLIN|EPOLLRDHUP, data={u32=10, u64=10}}], 64, 1000) = 1 <0.010723>
18549 1790562280.653666 recvfrom(12, "", 16384, 0, NULL, NULL) = 0 <0.000052>
18549 1790562280.653917 epoll_ctl(8, EPOLL_CTL_DEL, 12, NULL) = 0 <0.000050>
18549 1790562280.654239 epoll_wait(8,  <detached ...>
