18906 1790562292.192647 epoll_wait(8,  <unfinished ...>
18904 1790562292.192716 epoll_wait(5,  <unfinished ...>
18907 1790562292.192765 epoll_wait(10,  <unfinished ...>
18904 1790562292.343318 <... epoll_wait resumed>[{events=EPOLLIN, data={u32=5, u64=5}}], 64, 1000) = 1 <0.150590>
18907 1790562292.343885 <... epoll_wait resumed>[{events=EPOLLIN, data={u32=3, u64=3}}], 64, 1000) = 1 <0.151084>
18907 1790562292.344364 read(11,  <unfinished ...>
18904 1790562292.344407 epoll_wait(5,  <unfinished ...>
18907 1790562292.344505 <... read resumed>"\1\0\0\0\0\0\0\0", 8) = 8 <0.000105>
18907 1790562292.344639 read(11, 0x743ebe7fca00, 8) = -1 EAGAIN (Resource temporarily unavailable) <0.000085>
18907 1790562292.344834 epoll_ctl(10, EPOLL_CTL_ADD, 12, {events=EPOLLIN|EPOLLRDHUP, data={u32=7, u64=7}}) = 0 <0.000100>
18907 1790562292.345069 epoll_wait(10, [{events=EPOLLIN, data={u32=7, u64=7}}], 64, 1000) = 1 <0.000117>
18907 1790562292.345372 recvfrom(12, "GET /payload-1024.bin HTTP/1.1\r\n"..., 4096, 0, NULL, NULL) = 75 <0.000097>
18907 1790562292.346062 sendto(12, "HTTP/1.1 200 OK\r\nContent-Length:"..., 105, MSG_NOSIGNAL, NULL, 0) = 105 <0.000070>
18907 1790562292.346418 sendfile(12, 13, [0] => [1024], 1024) = 1024 <0.000059>
18907 1790562292.346768 epoll_wait(10, [{events=EPOLLIN, data={u32=7, u64=7}}], 64, 1000) = 1 <0.000421>
18907 1790562292.347283 recvfrom(12, "GET /payload-1024.bin HTTP/1.1\r\n"..., 4096, 0, NULL, NULL) = 75 <0.000051>
18907 1790562292.347869 sendto(12, "HTTP/1.1 200 OK\r\nContent-Length:"..., 105, MSG_NOSIGNAL, NULL, 0) = 105 <0.000062>
18907 1790562292.348189 sendfile(12, 13, [0] => [1024], 1024) = 1024 <0.000054>
18907 1790562292.348521 epoll_wait(10, [{events=EPOLLIN, data={u32=7, u64=7}}], 64, 1000) = 1 <0.000454>
18907 1790562292.349061 recvfrom(12, "GET /payload-1024.bin HTTP/1.1\r\n"..., 4096, 0, NULL, NULL) = 75 <0.000038>
18907 1790562292.349496 sendto(12, "HTTP/1.1 200 OK\r\nContent-Length:"..., 105, MSG_NOSIGNAL, NULL, 0) = 105 <0.000060>
18907 1790562292.349765 sendfile(12, 13, [0] => [1024], 1024) = 1024 <0.000050>
18907 1790562292.350039 epoll_wait(10, [{events=EPOLLIN, data={u32=7, u64=7}}], 64, 1000) = 1 <0.000521>
18907 1790562292.350645 recvfrom(12, "GET /payload-1024.bin HTTP/1.1\r\n"..., 4096, 0, NULL, NULL) = 75 <0.000041>
18907 1790562292.351107 sendto(12, "HTTP/1.1 200 OK\r\nContent-Length:"..., 105, MSG_NOSIGNAL, NULL, 0) = 105 <0.000057>
18907 1790562292.351596 sendfile(12, 13, [0] => [1024], 1024) = 1024 <0.000059>
18907 1790562292.351898 epoll_wait(10, [{events=EPOLLIN, data={u32=7, u64=7}}], 64, 1000) = 1 <0.000302>
18907 1790562292.352298 recvfrom(12, "GET /payload-1024.bin HTTP/1.1\r\n"..., 4096, 0, NULL, NULL) = 75 <0.000040>
18907 1790562292.352792 sendto(12, "HTTP/1.1 200 OK\r\nContent-Length:"..., 105, MSG_NOSIGNAL, NULL, 0) = 105 <0.000056>
18907 1790562292.353090 sendfile(12, 13, [0] => [1024], 1024) = 1024 <0.000049>
18907 1790562292.353358 epoll_wait(10, [{events=EPOLLIN, data={u32=7, u64=7}}], 64, 1000) = 1 <0.000346>
18907 1790562292.353791 recvfrom(12, "GET /payload-1024.bin HTTP/1.1\r\n"..., 4096, 0, NULL, NULL) = 75 <0.000034>
18907 1790562292.354199 sendto(12, "HTTP/1.1 200 OK\r\nContent-Length:"..., 105, MSG_NOSIGNAL, NULL, 0) = 105 <0.000050>
18907 1790562292.354636 sendfile(12, 13, [0] => [1024], 1024) = 1024 <0.000060>
18907 1790562292.354920 epoll_wait(10, [{events=EPOLLIN, data={u32=7, u64=7}}], 64, 1000) = 1 <0.000237>
18907 1790562292.355239 recvfrom(12, "GET /payload-1024.bin HTTP/1.1\r\n"..., 4096, 0, NULL, NULL) = 75 <0.000040>
18907 1790562292.355769 sendto(12, "HTTP/1.1 200 OK\r\nContent-Length:"..., 105, MSG_NOSIGNAL, NULL, 0) = 105 <0.000095>
18907 1790562292.356279 sendfile(12, 13, [0] => [1024], 1024) = 1024 <0.000131>
18907 1790562292.356688 epoll_wait(10, [{events=EPOLLIN, data={u32=7, u64=7}}], 64, 1000) = 1 <0.000102>
18907 1790562292.356873 recvfrom(12, "GET /payload-1024.bin HTTP/1.1\r\n"..., 4096, 0, NULL, NULL) = 75 <0.000031>
18907 1790562292.357341 sendto(12, "HTTP/1.1 200 OK\r\nContent-Length:"..., 105, MSG_NOSIGNAL, NULL, 0) = 105 <0.000052>
18907 1790562292.357659 sendfile(12, 13, [0] => [1024], 1024) = 1024 <0.000131>
18907 1790562292.358084 epoll_wait(10, [{events=EPOLLIN, data={u32=7, u64=7}}], 64, 1000) = 1 <0.000030>
18907 1790562292.358209 recvfrom(12, "GET /payload-1024.bin HTTP/1.1\r\n"..., 4096, 0, NULL, NULL) = 75 <0.000033>
18907 1790562292.358810 sendto(12, "HTTP/1.1 200 OK\r\nContent-Length:"..., 105, MSG_NOSIGNAL, NULL, 0) = 105 <0.000031>
18907 1790562292.359096 sendfile(12, 13, [0] => [1024], 1024) = 1024 <0.000056>
18907 1790562292.359394 epoll_wait(10, [{events=EPOLLIN, data={u32=7, u64=7}}], 64, 1000) = 1 <0.000704>
18907 1790562292.360196 recvfrom(12, "GET /payload-1024.bin HTTP/1.1\r\n"..., 4096, 0, NULL, NULL) = 75 <0.000040>
18907 1790562292.360702 sendto(12, "HTTP/1.1 200 OK\r\nContent-Length:"..., 105, MSG_NOSIGNAL, NULL, 0) = 105 <0.000116>
18907 1790562292.361060 sendfile(12, 13, [0] => [1024], 1024) = 1024 <0.000055>
18907 1790562292.361357 epoll_wait(10, [{events=EPOLLIN, data={u32=7, u64=7}}], 64, 1000) = 1 <0.000394>
18907 1790562292.361838 recvfrom(12, "GET /payload-1024.bin HTTP/1.1\r\n"..., 4096, 0, NULL, NULL) = 75 <0.000039>
18907 1790562292.362287 sendto(12, "HTTP/1.1 200 OK\r\nContent-Length:"..., 105, MSG_NOSIGNAL, NULL, 0) = 105 <0.000104>
18907 1790562292.362623 sendfile(12, 13, [0] => [1024], 1024) = 1024 <0.000054>
18907 1790562292.362921 epoll_wait(10, [{events=EPOLLIN, data={u32=7, u64=7}}], 64, 1000) = 1 <0.000517>
18907 1790562292.363534 recvfrom(12, "GET /payload-1024.bin HTTP/1.1\r\n"..., 4096, 0, NULL, NULL) = 75 <0.000073>
18907 1790562292.364089 sendto(12, "HTTP/1.1 200 OK\r\nContent-Length:"..., 105, MSG_NOSIGNAL, NULL, 0) = 105 <0.000056>
18907 1790562292.364460 sendfile(12, 13, [0] => [1024], 1024) = 1024 <0.000056>
18907 1790562292.364776 epoll_wait(10, [{events=EPOLLIN, data={u32=7, u64=7}}], 64, 1000) = 1 <0.000399>
18907 1790562292.365260 recvfrom(12, "GET /payload-1024.bin HTTP/1.1\r\n"..., 4096, 0, NULL, NULL) = 75 <0.000035>
18907 1790562292.365686 sendto(12, "HTTP/1.1 200 OK\r\nContent-Length:"..., 105, MSG_NOSIGNAL, NULL, 0) = 105 <0.000048>
18907 1790562292.365932 sendfile(12, 13, [0] => [1024], 1024) = 1024 <0.000034>
18907 1790562292.366188 epoll_wait(10, [{events=EPOLLIN, data={u32=7, u64=7}}], 64, 1000) = 1 <0.000607>
18907 1790562292.366924 recvfrom(12, "GET /payload-1024.bin HTTP/1.1\r\n"..., 4096, 0, NULL, NULL) = 75 <0.000036>
18907 1790562292.367322 sendto(12, "HTTP/1.1 200 OK\r\nContent-Length:"..., 105, MSG_NOSIGNAL, NULL, 0) = 105 <0.000048>
18907 1790562292.367619 sendfile(12, 13, [0] => [1024], 1024) = 1024 <0.000043>
18907 1790562292.367934 epoll_wait(10, [{events=EPOLLIN, data={u32=7, u64=7}}], 64, 1000) = 1 <0.000393>
18907 1790562292.368420 recvfrom(12, "GET /payload-1024.bin HTTP/1.1\r\n"..., 4096, 0, NULL, NULL) = 75 <0.000038>
18907 1790562292.368853 sendto(12, "HTTP/1.1 200 OK\r\nContent-Length:"..., 105, MSG_NOSIGNAL, NULL, 0) = 105 <0.000105>
18907 1790562292.369163 sendfile(12, 13, [0] => [1024], 1024) = 1024 <0.000051>
18907 1790562292.369560 epoll_wait(10, [{events=EPOLLIN, data={u32=7, u64=7}}], 64, 1000) = 1 <0.000313>
18907 1790562292.369974 recvfrom(12, "GET /payload-1024.bin HTTP/1.1\r\n"..., 4096, 0, NULL, NULL) = 75 <0.000039>
18907 1790562292.370444 sendto(12, "HTTP/1.1 200 OK\r\nContent-Length:"..., 105, MSG_NOSIGNAL, NULL, 0) = 105 <0.000057>
18907 1790562292.370755 sendfile(12, 13, [0] => [1024], 1024) = 1024 <0.000030>
18907 1790562292.371047 epoll_wait(10, [{events=EPOLLIN, data={u32=7, u64=7}}], 64, 1000) = 1 <0.000273>
18907 1790562292.371419 recvfrom(12, "GET /payload-1024.bin HTTP/1.1\r\n"..., 4096, 0, NULL, NULL) = 75 <0.000043>
18907 1790562292.371932 sendto(12, "HTTP/1.1 200 OK\r\nContent-Length:"..., 105, MSG_NOSIGNAL, NULL, 0) = 105 <0.000118>
18907 1790562292.372305 sendfile(12, 13, [0] => [1024], 1024) = 1024 <0.000058>
18907 1790562292.372772 epoll_wait(10, [{events=EPOLLIN, data={u32=7, u64=7}}], 64, 1000) = 1 <0.000087>
18907 1790562292.372951 recvfrom(12, "GET /payload-1024.bin HTTP/1.1\r\n"..., 4096, 0, NULL, NULL) = 75 <0.000038>
18907 1790562292.373382 sendto(12, "HTTP/1.1 200 OK\r\nContent-Length:"..., 105, MSG_NOSIGNAL, NULL, 0) = 105 <0.000050>
18907 1790562292.373614 sendfile(12, 13, [0] => [1024], 1024) = 1024 <0.000049>
18907 1790562292.373870 epoll_wait(10, [{events=EPOLLIN, data={u32=7, u64=7}}], 64, 1000) = 1 <0.000394>
18907 1790562292.374346 recvfrom(12, "GET /payload-1024.bin HTTP/1.1\r\n"..., 4096, 0, NULL, NULL) = 75 <0.000043>
18907 1790562292.374840 sendto(12, "HTTP/1.1 200 OK\r\nContent-Length:"..., 105, MSG_NOSIGNAL, NULL, 0) = 105 <0.000105>
18907 1790562292.375186 sendfile(12, 13, [0] => [1024], 1024) = 1024 <0.000052>
18907 1790562292.375460 epoll_wait(10, [{events=EPOLLIN, data={u32=7, u64=7}}], 64, 1000) = 1 <0.000541>
18907 1790562292.376078 recvfrom(12, "GET /payload-1024.bin HTTP/1.1\r\n"..., 4096, 0, NULL, NULL) = 75 <0.000044>
18907 1790562292.376533 sendto(12, "HTTP/1.1 200 OK\r\nContent-Length:"..., 105, MSG_NOSIGNAL, NULL, 0) = 105 <0.000053>
18907 1790562292.376794 sendfile(12, 13, [0] => [1024], 1024) = 1024 <0.000053>
18907 1790562292.377109 epoll_wait(10, [{events=EPOLLIN, data={u32=7, u64=7}}], 64, 1000) = 1 <0.000282>
18907 1790562292.377477 recvfrom(12, "GET /payload-1024.bin HTTP/1.1\r\n"..., 4096, 0, NULL, NULL) = 75 <0.000067>
18907 1790562292.377933 sendto(12, "HTTP/1.1 200 OK\r\nContent-Length:"..., 105, MSG_NOSIGNAL, NULL, 0) = 105 <0.000049>
18907 1790562292.378185 sendfile(12, 13, [0] => [1024], 1024) = 1024 <0.000048>
18907 1790562292.378454 epoll_wait(10, [{events=EPOLLIN, data={u32=7, u64=7}}], 64, 1000) = 1 <0.000556>
18907 1790562292.379108 recvfrom(12, "GET /payload-1024.bin HTTP/1.1\r\n"..., 4096, 0, NULL, NULL) = 75 <0.000043>
18907 1790562292.379558 sendto(12, "HTTP/1.1 200 OK\r\nContent-Length:"..., 105, MSG_NOSIGNAL, NULL, 0) = 105 <0.000089>
18907 1790562292.379865 sendfile(12, 13, [0] => [1024], 1024) = 1024 <0.000052>
18907 1790562292.380147 epoll_wait(10, [{events=EPOLLIN, data={u32=7, u64=7}}], 64, 1000) = 1 <0.000443>
18907 1790562292.380681 recvfrom(12, "GET /payload-1024.bin HTTP/1.1\r\n"..., 4096, 0, NULL, NULL) = 75 <0.000044>
18907 1790562292.381157 sendto(12, "HTTP/1.1 200 OK\r\nContent-Length:"..., 105, MSG_NOSIGNAL, NULL, 0) = 105 <0.000050>
18907 1790562292.381422 sendfile(12, 13, [0] => [1024], 1024) = 1024 <0.000050>
18907 1790562292.381707 epoll_wait(10, [{events=EPOLLIN, data={u32=7, u64=7}}], 64, 1000) = 1 <0.000485>
18907 1790562292.382279 recvfrom(12, "GET /payload-1024.bin HTTP/1.1\r\n"..., 4096, 0, NULL, NULL) = 75 <0.000071>
18907 1790562292.382815 sendto(12, "HTTP/1.1 200 OK\r\nContent-Length:"..., 105, MSG_NOSIGNAL, NULL, 0) = 105 <0.000106>
18907 1790562292.383132 sendfile(12, 13, [0] => [1024], 1024) = 1024 <0.000052>
18907 1790562292.383467 epoll_wait(10, [{events=EPOLLIN, data={u32=7, u64=7}}], 64, 1000) = 1 <0.000407>
18907 1790562292.383968 recvfrom(12, "GET /payload-1024.bin HTTP/1.1\r\n"..., 4096, 0, NULL, NULL) = 75 <0.000040>
18907 1790562292.384399 sendto(12, "HTTP/1.1 200 OK\r\nContent-Length:"..., 105, MSG_NOSIGNAL, NULL, 0) = 105 <0.000085>
18907 1790562292.384697 sendfile(12, 13, [0] => [1024], 1024) = 1024 <0.000049>
18907 1790562292.385030 epoll_wait(10, [{events=EPOLLIN, data={u32=7, u64=7}}], 64, 1000) = 1 <0.000332>
18907 1790562292.385464 recvfrom(12, "GET /payload-1024.bin HTTP/1.1\r\n"..., 4096, 0, NULL, NULL) = 75 <0.000037>
18907 1790562292.385947 sendto(12, "HTTP/1.1 200 OK\r\nContent-Length:"..., 105, MSG_NOSIGNAL, NULL, 0) = 105 <0.000061>
18907 1790562292.386294 sendfile(12, 13, [0] => [1024], 1024) = 1024 <0.000048>
18907 1790562292.386606 epoll_wait(10, [{events=EPOLLIN, data={u32=7, u64=7}}], 64, 1000) = 1 <0.000461>
18907 1790562292.387146 recvfrom(12, "GET /payload-1024.bin HTTP/1.1\r\n"..., 4096, 0, NULL, NULL) = 75 <0.000038>
18907 1790562292.387574 sendto(12, "HTTP/1.1 200 OK\r\nContent-Length:"..., 105, MSG_NOSIGNAL, NULL, 0) = 105 <0.000049>
18907 1790562292.387873 sendfile(12, 13, [0] => [1024], 1024) = 1024 <0.000074>
18907 1790562292.388200 epoll_wait(10, [{events=EPOLLIN, data={u32=7, u64=7}}], 64, 1000) = 1 <0.000048>
18907 1790562292.388335 recvfrom(12, "GET /payload-1024.bin HTTP/1.1\r\n"..., 4096, 0, NULL, NULL) = 75 <0.000030>
18907 1790562292.388759 sendto(12, "HTTP/1.1 200 OK\r\nContent-Length:"..., 105, MSG_NOSIGNAL, NULL, 0) = 105 <0.000051>
18907 1790562292.389054 sendfile(12, 13, [0] => [1024], 1024) = 1024 <0.000052>
18907 1790562292.389345 epoll_wait(10, [{events=EPOLLIN, data={u32=7, u64=7}}], 64, 1000) = 1 <0.000305>
18907 1790562292.389722 recvfrom(12, "GET /payload-1024.bin HTTP/1.1\r\n"..., 4096, 0, NULL, NULL) = 75 <0.000035>
18907 1790562292.390131 sendto(12, "HTTP/1.1 200 OK\r\nContent-Length:"..., 105, MSG_NOSIGNAL, NULL, 0) = 105 <0.000050>
18907 1790562292.390434 sendfile(12, 13, [0] => [1024], 1024) = 1024 <0.000098>
18907 1790562292.390839 epoll_wait(10, [{events=EPOLLIN, data={u32=7, u64=7}}], 64, 1000) = 1 <0.000029>
18907 1790562292.390945 recvfrom(12, "GET /payload-1024.bin HTTP/1.1\r\n"..., 4096, 0, NULL, NULL) = 75 <0.000056>
18907 1790562292.391396 sendto(12, "HTTP/1.1 200 OK\r\nContent-Length:"..., 105, MSG_NOSIGNAL, NULL, 0) = 105 <0.000092>
18907 1790562292.391700 sendfile(12, 13, [0] => [1024], 1024) = 1024 <0.000107>
18907 1790562292.392126 epoll_wait(10, [{events=EPOLLIN, data={u32=7, u64=7}}], 64, 1000) = 1 <0.000035>
18907 1790562292.392259 recvfrom(12, "GET /payload-1024.bin HTTP/1.1\r\n"..., 4096, 0, NULL, NULL) = 75 <0.000028>
18907 1790562292.392700 sendto(12, "HTTP/1.1 200 OK\r\nContent-Length:"..., 105, MSG_NOSIGNAL, NULL, 0) = 105 <0.000085>
18907 1790562292.393003 sendfile(12, 13, [0] => [1024], 1024) = 1024 <0.000061>
18907 1790562292.393352 epoll_wait(10, [{events=EPOLLIN, data={u32=7, u64=7}}], 64, 1000) = 1 <0.000080>
18907 1790562292.393520 recvfrom(12, "GET /payload-1024.bin HTTP/1.1\r\n"..., 4096, 0, NULL, NULL) = 75 <0.000031>
18907 1790562292.394097 sendto(12, "HTTP/1.1 200 OK\r\nContent-Length:"..., 105, MSG_NOSIGNAL, NULL, 0) = 105 <0.000071>
18907 1790562292.394521 sendfile(12, 13, [0] => [1024], 1024) = 1024 <0.000070>
18907 1790562292.394924 epoll_wait(10, [{events=EPOLLIN|EPOLLRDHUP, data={u32=7, u64=7}}], 64, 1000) = 1 <0.000029>
18907 1790562292.395051 recvfrom(12, "", 4096, 0, NULL, NULL) = 0 <0.000040>
18907 1790562292.395181 epoll_ctl(10, EPOLL_CTL_DEL, 12, NULL) = 0 <0.000039>
18907 1790562292.395411 epoll_wait(10,  <unfinished ...>
18904 1790562292.413235 <... epoll_wait resumed>[{events=EPOLLIN, data={u32=5, u64=5}}], 64, 1000) = 1 <0.068815>
18906 1790562292.413471 <... epoll_wait resumed>[{events=EPOLLIN, data={u32=2, u64=2}}], 64, 1000) = 1 <0.220776>
18906 1790562292.413654 read(9, "\1\0\0\0\0\0\0\0", 8) = 8 <0.000042>
18904 1790562292.413742 epoll_wait(5,  <unfinished ...>
18906 1790562292.413763 read(9, 0x743ebeffda00, 8) = -1 EAGAIN (Resource temporarily unavailable) <0.000040>
18906 1790562292.413877 epoll_ctl(8, EPOLL_CTL_ADD, 12, {events=EPOLLIN|EPOLLRDHUP, data={u32=8, u64=8}}) = 0 <0.000045>
18906 1790562292.414007 epoll_wait(8, [{events=EPOLLIN, data={u32=8, u64=8}}], 64, 1000) = 1 <0.000040>
18906 1790562292.414142 recvfrom(12, "GET /payload-1024.bin HTTP/1.1\r\n"..., 4096, 0, NULL, NULL) = 75 <0.000051>
18906 1790562292.414678 sendto(12, "HTTP/1.1 200 OK\r\nContent-Length:"..., 105, MSG_NOSIGNAL, NULL, 0) = 105 <0.000052>
18906 1790562292.415019 sendfile(12, 13, [0] => [1024], 1024) = 1024 <0.000055>
18906 1790562292.415362 epoll_wait(8, [{events=EPOLLIN, data={u32=8, u64=8}}], 64, 1000) = 1 <0.000029>
18906 1790562292.415487 recvfrom(12, "GET /payload-1024.bin HTTP/1.1\r\n"..., 4096, 0, NULL, NULL) = 75 <0.000047>
18906 1790562292.415939 sendto(12, "HTTP/1.1 200 OK\r\nContent-Length:"..., 105, MSG_NOSIGNAL, NULL, 0) = 105 <0.000093>
18906 1790562292.416250 sendfile(12, 13, [0] => [1024], 1024) = 1024 <0.000078>
18906 1790562292.416638 epoll_wait(8, [{events=EPOLLIN, data={u32=8, u64=8}}], 64, 1000) = 1 <0.000045>
18906 1790562292.416771 recvfrom(12, "GET /payload-1024.bin HTTP/1.1\r\n"..., 4096, 0, NULL, NULL) = 75 <0.000039>
18906 1790562292.417178 sendto(12, "HTTP/1.1 200 OK\r\nContent-Length:"..., 105, MSG_NOSIGNAL, NULL, 0) = 105 <0.000052>
18906 1790562292.417431 sendfile(12, 13, [0] => [1024], 1024) = 1024 <0.000093>
18906 1790562292.417789 epoll_wait(8, [{events=EPOLLIN, data={u32=8, u64=8}}], 64, 1000) = 1 <0.000026>
18906 1790562292.417885 recvfrom(12, "GET /payload-1024.bin HTTP/1.1\r\n"..., 4096, 0, NULL, NULL) = 75 <0.000028>
18906 1790562292.418530 sendto(12, "HTTP/1.1 200 OK\r\nContent-Length:"..., 105, MSG_NOSIGNAL, NULL, 0) = 105 <0.000061>
18906 1790562292.418917 sendfile(12, 13, [0] => [1024], 1024) = 1024 <0.000053>
18906 1790562292.419285 epoll_wait(8, [{events=EPOLLIN, data={u32=8, u64=8}}], 64, 1000) = 1 <0.000051>
18906 1790562292.419406 recvfrom(12, "GET /payload-1024.bin HTTP/1.1\r\n"..., 4096, 0, NULL, NULL) = 75 <0.000028>
18906 1790562292.419855 sendto(12, "HTTP/1.1 200 OK\r\nContent-Length:"..., 105, MSG_NOSIGNAL, NULL, 0) = 105 <0.000050>
18906 1790562292.420199 sendfile(12, 13, [0] => [1024], 1024) = 1024 <0.000078>
18906 1790562292.420629 epoll_wait(8, [{events=EPOLLIN, data={u32=8, u64=8}}], 64, 1000) = 1 <0.000052>
18906 1790562292.420759 recvfrom(12, "GET /payload-1024.bin HTTP/1.1\r\n"..., 4096, 0, NULL, NULL) = 75 <0.000048>
18906 1790562292.421243 sendto(12, "HTTP/1.1 200 OK\r\nContent-Length:"..., 105, MSG_NOSIGNAL, NULL, 0) = 105 <0.000052>
18906 1790562292.421529 sendfile(12, 13, [0] => [1024], 1024) = 1024 <0.000078>
18906 1790562292.421901 epoll_wait(8, [{events=EPOLLIN, data={u32=8, u64=8}}], 64, 1000) = 1 <0.000037>
18906 1790562292.422012 recvfrom(12, "GET /payload-1024.bin HTTP/1.1\r\n"..., 4096, 0, NULL, NULL) = 75 <0.000033>
18906 1790562292.422563 sendto(12, "HTTP/1.1 200 OK\r\nContent-Length:"..., 105, MSG_NOSIGNAL, NULL, 0) = 105 <0.000072>
18906 1790562292.422966 sendfile(12, 13, [0] => [1024], 1024) = 1024 <0.000062>
18906 1790562292.423357 epoll_wait(8, [{events=EPOLLIN, data={u32=8, u64=8}}], 64, 1000) = 1 <0.000028>
18906 1790562292.423469 recvfrom(12, "GET /payload-1024.bin HTTP/1.1\r\n"..., 4096, 0, NULL, NULL) = 75 <0.000037>
18906 1790562292.423869 sendto(12, "HTTP/1.1 200 OK\r\nContent-Length:"..., 105, MSG_NOSIGNAL, NULL, 0) = 105 <0.000051>
18906 1790562292.424118 sendfile(12, 13, [0] => [1024], 1024) = 1024 <0.000057>
18906 1790562292.424425 epoll_wait(8, [{events=EPOLLIN, data={u32=8, u64=8}}], 64, 1000) = 1 <0.000027>
18906 1790562292.424530 recvfrom(12, "GET /payload-1024.bin HTTP/1.1\r\n"..., 4096, 0, NULL, NULL) = 75 <0.000027>
18906 1790562292.424967 sendto(12, "HTTP/1.1 200 OK\r\nContent-Length:"..., 105, MSG_NOSIGNAL, NULL, 0) = 105 <0.000081>
18906 1790562292.425353 sendfile(12, 13, [0] => [1024], 1024) = 1024 <0.000077>
18906 1790562292.425743 epoll_wait(8, [{events=EPOLLIN, data={u32=8, u64=8}}], 64, 1000) = 1 <0.000028>
18906 1790562292.425826 recvfrom(12, "GET /payload-1024.bin HTTP/1.1\r\n"..., 4096, 0, NULL, NULL) = 75 <0.000036>
18906 1790562292.426243 sendto(12, "HTTP/1.1 200 OK\r\nContent-Length:"..., 105, MSG_NOSIGNAL, NULL, 0) = 105 <0.000079>
18906 1790562292.426661 sendfile(12, 13, [0] => [1024], 1024) = 1024 <0.000097>
18906 1790562292.427073 epoll_wait(8, [{events=EPOLLIN, data={u32=8, u64=8}}], 64, 1000) = 1 <0.000029>
18906 1790562292.427210 recvfrom(12, "GET /payload-1024.bin HTTP/1.1\r\n"..., 4096, 0, NULL, NULL) = 75 <0.000063>
18906 1790562292.427702 sendto(12, "HTTP/1.1 200 OK\r\nContent-Length:"..., 105, MSG_NOSIGNAL, NULL, 0) = 105 <0.000117>
18906 1790562292.428071 sendfile(12, 13, [0] => [1024], 1024) = 1024 <0.000090>
18906 1790562292.428502 epoll_wait(8, [{events=EPOLLIN, data={u32=8, u64=8}}], 64, 1000) = 1 <0.000028>
18906 1790562292.428592 recvfrom(12, "GET /payload-1024.bin HTTP/1.1\r\n"..., 4096, 0, NULL, NULL) = 75 <0.000046>
18906 1790562292.429013 sendto(12, "HTTP/1.1 200 OK\r\nContent-Length:"..., 105, MSG_NOSIGNAL, NULL, 0) = 105 <0.000056>
18906 1790562292.429289 sendfile(12, 13, [0] => [1024], 1024) = 1024 <0.000069>
18906 1790562292.429642 epoll_wait(8, [{events=EPOLLIN, data={u32=8, u64=8}}], 64, 1000) = 1 <0.000028>
18906 1790562292.429756 recvfrom(12, "GET /payload-1024.bin HTTP/1.1\r\n"..., 4096, 0, NULL, NULL) = 75 <0.000028>
18906 1790562292.430165 sendto(12, "HTTP/1.1 200 OK\r\nContent-Length:"..., 105, MSG_NOSIGNAL, NULL, 0) = 105 <0.000048>
18906 1790562292.430439 sendfile(12, 13, [0] => [1024], 1024) = 1024 <0.000053>
18906 1790562292.430743 epoll_wait(8, [{events=EPOLLIN, data={u32=8, u64=8}}], 64, 1000) = 1 <0.000108>
18906 1790562292.430958 recvfrom(12, "GET /payload-1024.bin HTTP/1.1\r\n"..., 4096, 0, NULL, NULL) = 75 <0.000035>
18906 1790562292.431606 sendto(12, "HTTP/1.1 200 OK\r\nContent-Length:"..., 105, MSG_NOSIGNAL, NULL, 0) = 105 <0.000061>
18906 1790562292.432066 sendfile(12, 13, [0] => [1024], 1024) = 1024 <0.000061>
18906 1790562292.432485 epoll_wait(8, [{events=EPOLLIN, data={u32=8, u64=8}}], 64, 1000) = 1 <0.000191>
18906 1790562292.432788 recvfrom(12, "GET /payload-1024.bin HTTP/1.1\r\n"..., 4096, 0, NULL, NULL) = 75 <0.000067>
18906 1790562292.433280 sendto(12, "HTTP/1.1 200 OK\r\nContent-Length:"..., 105, MSG_NOSIGNAL, NULL, 0) = 105 <0.000056>
18906 1790562292.433582 sendfile(12, 13, [0] => [1024], 1024) = 1024 <0.000056>
18906 1790562292.433998 epoll_wait(8, [{events=EPOLLIN, data={u32=8, u64=8}}], 64, 1000) = 1 <0.000049>
18906 1790562292.434120 recvfrom(12, "GET /payload-1024.bin HTTP/1.1\r\n"..., 4096, 0, NULL, NULL) = 75 <0.000043>
18906 1790562292.434613 sendto(12, "HTTP/1.1 200 OK\r\nContent-Length:"..., 105, MSG_NOSIGNAL, NULL, 0) = 105 <0.000052>
18906 1790562292.435076 sendfile(12, 13, [0] => [1024], 1024) = 1024 <0.000054>
18906 1790562292.435460 epoll_wait(8, [{events=EPOLLIN, data={u32=8, u64=8}}], 64, 1000) = 1 <0.000029>
18906 1790562292.435569 recvfrom(12, "GET /payload-1024.bin HTTP/1.1\r\n"..., 4096, 0, NULL, NULL) = 75 <0.000038>
18906 1790562292.436002 sendto(12, "HTTP/1.1 200 OK\r\nContent-Length:"..., 105, MSG_NOSIGNAL, NULL, 0) = 105 <0.000104>
18906 1790562292.436334 sendfile(12, 13, [0] => [1024], 1024) = 1024 <0.000073>
18906 1790562292.436682 epoll_wait(8, [{events=EPOLLIN, data={u32=8, u64=8}}], 64, 1000) = 1 <0.000028>
18906 1790562292.436781 recvfrom(12, "GET /payload-1024.bin HTTP/1.1\r\n"..., 4096, 0, NULL, NULL) = 75 <0.000029>
18906 1790562292.437161 sendto(12, "HTTP/1.1 200 OK\r\nContent-Length:"..., 105, MSG_NOSIGNAL, NULL, 0) = 105 <0.000099>
18906 1790562292.437544 sendfile(12, 13, [0] => [1024], 1024) = 1024 <0.000053>
18906 1790562292.437805 epoll_wait(8, [{events=EPOLLIN, data={u32=8, u64=8}}], 64, 1000) = 1 <0.000028>
18906 1790562292.437907 recvfrom(12, "GET /payload-1024.bin HTTP/1.1\r\n"..., 4096, 0, NULL, NULL) = 75 <0.000037>
18906 1790562292.438330 sendto(12, "HTTP/1.1 200 OK\r\nContent-Length:"..., 105, MSG_NOSIGNAL, NULL, 0) = 105 <0.000062>
18906 1790562292.438609 sendfile(12, 13, [0] => [1024], 1024) = 1024 <0.000058>
18906 1790562292.438943 epoll_wait(8, [{events=EPOLLIN, data={u32=8, u64=8}}], 64, 1000) = 1 <0.000048>
18906 1790562292.439081 recvfrom(12, "GET /payload-1024.bin HTTP/1.1\r\n"..., 4096, 0, NULL, NULL) = 75 <0.000048>
18906 1790562292.439533 sendto(12, "HTTP/1.1 200 OK\r\nContent-Length:"..., 105, MSG_NOSIGNAL, NULL, 0) = 105 <0.000051>
18906 1790562292.439858 sendfile(12, 13, [0] => [1024], 1024) = 1024 <0.000054>
18906 1790562292.440189 epoll_wait(8, [{events=EPOLLIN, data={u32=8, u64=8}}], 64, 1000) = 1 <0.000030>
18906 1790562292.440305 recvfrom(12, "GET /payload-1024.bin HTTP/1.1\r\n"..., 4096, 0, NULL, NULL) = 75 <0.000052>
18906 1790562292.440792 sendto(12, "HTTP/1.1 200 OK\r\nContent-Length:"..., 105, MSG_NOSIGNAL, NULL, 0) = 105 <0.000048>
18906 1790562292.441109 sendfile(12, 13, [0] => [1024], 1024) = 1024 <0.000069>
18906 1790562292.441596 epoll_wait(8, [{events=EPOLLIN, data={u32=8, u64=8}}], 64, 1000) = 1 <0.000033>
18906 1790562292.441720 recvfrom(12, "GET /payload-1024.bin HTTP/1.1\r\n"..., 4096, 0, NULL, NULL) = 75 <0.000043>
18906 1790562292.442172 sendto(12, "HTTP/1.1 200 OK\r\nContent-Length:"..., 105, MSG_NOSIGNAL, NULL, 0) = 105 <0.000093>
18906 1790562292.442645 sendfile(12, 13, [0] => [1024], 1024) = 1024 <0.000054>
18906 1790562292.443023 epoll_wait(8, [{events=EPOLLIN, data={u32=8, u64=8}}], 64, 1000) = 1 <0.000036>
18906 1790562292.443146 recvfrom(12, "GET /payload-1024.bin HTTP/1.1\r\n"..., 4096, 0, NULL, NULL) = 75 <0.000059>
18906 1790562292.443652 sendto(12, "HTTP/1.1 200 OK\r\nContent-Length:"..., 105, MSG_NOSIGNAL, NULL, 0) = 105 <0.000047>
18906 1790562292.443936 sendfile(12, 13, [0] => [1024], 1024) = 1024 <0.000048>
18906 1790562292.444257 epoll_wait(8, [{events=EPOLLIN, data={u32=8, u64=8}}], 64, 1000) = 1 <0.000048>
18906 1790562292.444377 recvfrom(12, "GET /payload-1024.bin HTTP/1.1\r\n"..., 4096, 0, NULL, NULL) = 75 <0.000036>
18906 1790562292.444772 sendto(12, "HTTP/1.1 200 OK\r\nContent-Length:"..., 105, MSG_NOSIGNAL, NULL, 0) = 105 <0.000087>
18906 1790562292.445080 sendfile(12, 13, [0] => [1024], 1024) = 1024 <0.000053>
18906 1790562292.445381 epoll_wait(8, [{events=EPOLLIN, data={u32=8, u64=8}}], 64, 1000) = 1 <0.000027>
18906 1790562292.445470 recvfrom(12, "GET /payload-1024.bin HTTP/1.1\r\n"..., 4096, 0, NULL, NULL) = 75 <0.000027>
18906 1790562292.445884 sendto(12, "HTTP/1.1 200 OK\r\nContent-Length:"..., 105, MSG_NOSIGNAL, NULL, 0) = 105 <0.000110>
18906 1790562292.446212 sendfile(12, 13, [0] => [1024], 1024) = 1024 <0.000081>
18906 1790562292.446587 epoll_wait(8, [{events=EPOLLIN, data={u32=8, u64=8}}], 64, 1000) = 1 <0.000026>
18906 1790562292.446750 recvfrom(12, "GET /payload-1024.bin HTTP/1.1\r\n"..., 4096, 0, NULL, NULL) = 75 <0.000044>
18906 1790562292.447189 sendto(12, "HTTP/1.1 200 OK\r\nContent-Length:"..., 105, MSG_NOSIGNAL, NULL, 0) = 105 <0.000060>
18906 1790562292.447606 sendfile(12, 13, [0] => [1024], 1024) = 1024 <0.000056>
18906 1790562292.447960 epoll_wait(8, [{events=EPOLLIN, data={u32=8, u64=8}}], 64, 1000) = 1 <0.000027>
18906 1790562292.448069 recvfrom(12, "GET /payload-1024.bin HTTP/1.1\r\n"..., 4096, 0, NULL, NULL) = 75 <0.000028>
18906 1790562292.448493 sendto(12, "HTTP/1.1 200 OK\r\nContent-Length:"..., 105, MSG_NOSIGNAL, NULL, 0) = 105 <0.000054>
18906 1790562292.448829 sendfile(12, 13, [0] => [1024], 1024) = 1024 <0.000071>
18906 1790562292.449169 epoll_wait(8, [{events=EPOLLIN, data={u32=8, u64=8}}], 64, 1000) = 1 <0.000026>
18906 1790562292.449251 recvfrom(12, "GET /payload-1024.bin HTTP/1.1\r\n"..., 4096, 0, NULL, NULL) = 75 <0.000033>
18906 1790562292.449662 sendto(12, "HTTP/1.1 200 OK\r\nContent-Length:"..., 105, MSG_NOSIGNAL, NULL, 0) = 105 <0.000082>
18906 1790562292.449943 sendfile(12, 13, [0] => [1024], 1024) = 1024 <0.000068>
18906 1790562292.450226 epoll_wait(8, [{events=EPOLLIN, data={u32=8, u64=8}}], 64, 1000) = 1 <0.000032>
18906 1790562292.450319 recvfrom(12, "GET /payload-1024.bin HTTP/1.1\r\n"..., 4096, 0, NULL, NULL) = 75 <0.000027>
18906 1790562292.450764 sendto(12, "HTTP/1.1 200 OK\r\nContent-Length:"..., 105, MSG_NOSIGNAL, NULL, 0) = 105 <0.000067>
18906 1790562292.451046 sendfile(12, 13, [0] => [1024], 1024) = 1024 <0.000071>
18906 1790562292.451385 epoll_wait(8, [{events=EPOLLIN, data={u32=8, u64=8}}], 64, 1000) = 1 <0.000039>
18906 1790562292.451554 recvfrom(12, "GET /payload-1024.bin HTTP/1.1\r\n"..., 4096, 0, NULL, NULL) = 75 <0.000047>
18906 1790562292.452083 sendto(12, "HTTP/1.1 200 OK\r\nContent-Length:"..., 105, MSG_NOSIGNAL, NULL, 0) = 105 <0.000061>
18906 1790562292.452527 sendfile(12, 13, [0] => [1024], 1024) = 1024 <0.000063>
18906 1790562292.452909 epoll_wait(8, [{events=EPOLLIN, data={u32=8, u64=8}}], 64, 1000) = 1 <0.000069>
18906 1790562292.453085 recvfrom(12, "GET /payload-1024.bin HTTP/1.1\r\n"..., 4096, 0, NULL, NULL) = 75 <0.000050>
18906 1790562292.453753 sendto(12, "HTTP/1.1 200 OK\r\nContent-Length:"..., 105, MSG_NOSIGNAL, NULL, 0) = 105 <0.000049>
18906 1790562292.454112 sendfile(12, 13, [0] => [1024], 1024) = 1024 <0.000107>
18906 1790562292.454463 epoll_wait(8, [{events=EPOLLIN, data={u32=8, u64=8}}], 64, 1000) = 1 <0.000029>
18906 1790562292.454599 recvfrom(12, "GET /payload-1024.bin HTTP/1.1\r\n"..., 4096, 0, NULL, NULL) = 75 <0.000030>
18906 1790562292.455051 sendto(12, "HTTP/1.1 200 OK\r\nContent-Length:"..., 105, MSG_NOSIGNAL, NULL, 0) = 105 <0.000103>
18906 1790562292.455375 sendfile(12, 13, [0] => [1024], 1024) = 1024 <0.000057>
18906 1790562292.455723 epoll_wait(8, [{events=EPOLLIN|EPOLLRDHUP, data={u32=8, u64=8}}], 64, 1000) = 1 <0.000182>
18906 1790562292.455992 recvfrom(12, "", 4096, 0, NULL, NULL) = 0 <0.000040>
18906 1790562292.456114 epoll_ctl(8, EPOLL_CTL_DEL, 12, NULL) = 0 <0.000041>
18906 1790562292.456443 epoll_wait(8,  <unfinished ...>
18904 1790562292.475817 <... epoll_wait resumed>[{events=EPOLLIN, data={u32=5, u64=5}}], 64, 1000) = 1 <0.062065>
18907 1790562292.476097 <... epoll_wait resumed>[{events=EPOLLIN, data={u32=3, u64=3}}], 64, 1000) = 1 <0.080668>
18907 1790562292.476311 read(11,  <unfinished ...>
18904 1790562292.476346 epoll_wait(5,  <unfinished ...>
18907 1790562292.476367 <... read resumed>"\1\0\0\0\0\0\0\0", 8) = 8 <0.000031>
18907 1790562292.476486 read(11, 0x743ebe7fca00, 8) = -1 EAGAIN (Resource temporarily unavailable) <0.000050>
18907 1790562292.476626 epoll_ctl(10, EPOLL_CTL_ADD, 12, {events=EPOLLIN|EPOLLRDHUP, data={u32=9, u64=9}}) = 0 <0.000050>
18907 1790562292.476760 epoll_wait(10, [{events=EPOLLIN, data={u32=9, u64=9}}], 64, 1000) = 1 <0.000041>
18907 1790562292.476892 recvfrom(12, "GET /payload-1024.bin HTTP/1.1\r\n"..., 4096, 0, NULL, NULL) = 75 <0.000047>
18907 1790562292.477588 sendto(12, "HTTP/1.1 200 OK\r\nContent-Length:"..., 105, MSG_NOSIGNAL, NULL, 0) = 105 <0.000052>
18907 1790562292.477987 sendfile(12, 13, [0] => [1024], 1024) = 1024 <0.000063>
18907 1790562292.478360 epoll_wait(10, [{events=EPOLLIN, data={u32=9, u64=9}}], 64, 1000) = 1 <0.000020>
18907 1790562292.478494 recvfrom(12, "GET /payload-1024.bin HTTP/1.1\r\n"..., 4096, 0, NULL, NULL) = 75 <0.000034>
18907 1790562292.479128 sendto(12, "HTTP/1.1 200 OK\r\nContent-Length:"..., 105, MSG_NOSIGNAL, NULL, 0) = 105 <0.000074>
18907 1790562292.479576 sendfile(12, 13, [0] => [1024], 1024) = 1024 <0.000069>
18907 1790562292.479951 epoll_wait(10, [{events=EPOLLIN, data={u32=9, u64=9}}], 64, 1000) = 1 <0.000030>
18907 1790562292.480063 recvfrom(12, "GET /payload-1024.bin HTTP/1.1\r\n"..., 4096, 0, NULL, NULL) = 75 <0.000042>
18907 1790562292.480525 sendto(12, "HTTP/1.1 200 OK\r\nContent-Length:"..., 105, MSG_NOSIGNAL, NULL, 0) = 105 <0.000062>
18907 1790562292.480865 sendfile(12, 13, [0] => [1024], 1024) = 1024 <0.000062>
18907 1790562292.481286 epoll_wait(10, [{events=EPOLLIN, data={u32=9, u64=9}}], 64, 1000) = 1 <0.000028>
18907 1790562292.481408 recvfrom(12, "GET /payload-1024.bin HTTP/1.1\r\n"..., 4096, 0, NULL, NULL) = 75 <0.000028>
18907 1790562292.481860 sendto(12, "HTTP/1.1 200 OK\r\nContent-Length:"..., 105, MSG_NOSIGNAL, NULL, 0) = 105 <0.000108>
18907 1790562292.482217 sendfile(12, 13, [0] => [1024], 1024) = 1024 <0.000052>
18907 1790562292.482508 epoll_wait(10, [{events=EPOLLIN, data={u32=9, u64=9}}], 64, 1000) = 1 <0.000148>
18907 1790562292.482745 recvfrom(12, "GET /payload-1024.bin HTTP/1.1\r\n"..., 4096, 0, NULL, NULL) = 75 <0.000046>
18907 1790562292.483215 sendto(12, "HTTP/1.1 200 OK\r\nContent-Length:"..., 105, MSG_NOSIGNAL, NULL, 0) = 105 <0.000052>
18907 1790562292.483534 sendfile(12, 13, [0] => [1024], 1024) = 1024 <0.000094>
18907 1790562292.483872 epoll_wait(10, [{events=EPOLLIN, data={u32=9, u64=9}}], 64, 1000) = 1 <0.000065>
18907 1790562292.484045 recvfrom(12, "GET /payload-1024.bin HTTP/1.1\r\n"..., 4096, 0, NULL, NULL) = 75 <0.000067>
18907 1790562292.484534 sendto(12, "HTTP/1.1 200 OK\r\nContent-Length:"..., 105, MSG_NOSIGNAL, NULL, 0) = 105 <0.000052>
18907 1790562292.485008 sendfile(12, 13, [0] => [1024], 1024) = 1024 <0.000064>
18907 1790562292.485448 epoll_wait(10, [{events=EPOLLIN, data={u32=9, u64=9}}], 64, 1000) = 1 <0.000028>
18907 1790562292.485562 recvfrom(12, "GET /payload-1024.bin HTTP/1.1\r\n"..., 4096, 0, NULL, NULL) = 75 <0.000056>
18907 1790562292.486124 sendto(12, "HTTP/1.1 200 OK\r\nContent-Length:"..., 105, MSG_NOSIGNAL, NULL, 0) = 105 <0.000049>
18907 1790562292.486512 sendfile(12, 13, [0] => [1024], 1024) = 1024 <0.000076>
18907 1790562292.486963 epoll_wait(10, [{events=EPOLLIN, data={u32=9, u64=9}}], 64, 1000) = 1 <0.000026>
18907 1790562292.487056 recvfrom(12, "GET /payload-1024.bin HTTP/1.1\r\n"..., 4096, 0, NULL, NULL) = 75 <0.000040>
18907 1790562292.487706 sendto(12, "HTTP/1.1 200 OK\r\nContent-Length:"..., 105, MSG_NOSIGNAL, NULL, 0) = 105 <0.000053>
18907 1790562292.488079 sendfile(12, 13, [0] => [1024], 1024) = 1024 <0.000106>
18907 1790562292.488429 epoll_wait(10, [{events=EPOLLIN, data={u32=9, u64=9}}], 64, 1000) = 1 <0.000026>
18907 1790562292.488532 recvfrom(12, "GET /payload-1024.bin HTTP/1.1\r\n"..., 4096, 0, NULL, NULL) = 75 <0.000026>
18907 1790562292.489000 sendto(12, "HTTP/1.1 200 OK\r\nContent-Length:"..., 105, MSG_NOSIGNAL, NULL, 0) = 105 <0.000058>
18907 1790562292.489355 sendfile(12, 13, [0] => [1024], 1024) = 1024 <0.000058>
18907 1790562292.489735 epoll_wait(10, [{events=EPOLLIN, data={u32=9, u64=9}}], 64, 1000) = 1 <0.000045>
18907 1790562292.489843 recvfrom(12, "GET /payload-1024.bin HTTP/1.1\r\n"..., 4096, 0, NULL, NULL) = 75 <0.000043>
18907 1790562292.490324 sendto(12, "HTTP/1.1 200 OK\r\nContent-Length:"..., 105, MSG_NOSIGNAL, NULL, 0) = 105 <0.000060>
18907 1790562292.490634 sendfile(12, 13, [0] => [1024], 1024) = 1024 <0.000055>
18907 1790562292.490996 epoll_wait(10, [{events=EPOLLIN, data={u32=9, u64=9}}], 64, 1000) = 1 <0.000027>
18907 1790562292.491084 recvfrom(12, "GET /payload-1024.bin HTTP/1.1\r\n"..., 4096, 0, NULL, NULL) = 75 <0.000040>
18907 1790562292.491551 sendto(12, "HTTP/1.1 200 OK\r\nContent-Length:"..., 105, MSG_NOSIGNAL, NULL, 0) = 105 <0.000052>
18907 1790562292.491855 sendfile(12, 13, [0] => [1024], 1024) = 1024 <0.000053>
18907 1790562292.492181 epoll_wait(10, [{events=EPOLLIN, data={u32=9, u64=9}}], 64, 1000) = 1 <0.000027>
18907 1790562292.492291 recvfrom(12, "GET /payload-1024.bin HTTP/1.1\r\n"..., 4096, 0, NULL, NULL) = 75 <0.000027>
18907 1790562292.492714 sendto(12, "HTTP/1.1 200 OK\r\nContent-Length:"..., 105, MSG_NOSIGNAL, NULL, 0) = 105 <0.000098>
18907 1790562292.493053 sendfile(12, 13, [0] => [1024], 1024) = 1024 <0.000060>
18907 1790562292.493478 epoll_wait(10, [{events=EPOLLIN, data={u32=9, u64=9}}], 64, 1000) = 1 <0.000170>
18907 1790562292.493765 recvfrom(12, "GET /payload-1024.bin HTTP/1.1\r\n"..., 4096, 0, NULL, NULL) = 75 <0.000047>
18907 1790562292.494287 sendto(12, "HTTP/1.1 200 OK\r\nContent-Length:"..., 105, MSG_NOSIGNAL, NULL, 0) = 105 <0.000053>
18907 1790562292.494927 sendfile(12, 13, [0] => [1024], 1024) = 1024 <0.000099>
18907 1790562292.495421 epoll_wait(10, [{events=EPOLLIN, data={u32=9, u64=9}}], 64, 1000) = 1 <0.000044>
18907 1790562292.495539 recvfrom(12, "GET /payload-1024.bin HTTP/1.1\r\n"..., 4096, 0, NULL, NULL) = 75 <0.000045>
18907 1790562292.495992 sendto(12, "HTTP/1.1 200 OK\r\nContent-Length:"..., 105, MSG_NOSIGNAL, NULL, 0) = 105 <0.000073>
18907 1790562292.496286 sendfile(12, 13, [0] => [1024], 1024) = 1024 <0.000055>
18907 1790562292.496610 epoll_wait(10, [{events=EPOLLIN, data={u32=9, u64=9}}], 64, 1000) = 1 <0.000028>
18907 1790562292.496701 recvfrom(12, "GET /payload-1024.bin HTTP/1.1\r\n"..., 4096, 0, NULL, NULL) = 75 <0.000047>
18907 1790562292.497155 sendto(12, "HTTP/1.1 200 OK\r\nContent-Length:"..., 105, MSG_NOSIGNAL, NULL, 0) = 105 <0.000054>
18907 1790562292.497551 sendfile(12, 13, [0] => [1024], 1024) = 1024 <0.000058>
18907 1790562292.497836 epoll_wait(10, [{events=EPOLLIN, data={u32=9, u64=9}}], 64, 1000) = 1 <0.000233>
18907 1790562292.498149 recvfrom(12, "GET /payload-1024.bin HTTP/1.1\r\n"..., 4096, 0, NULL, NULL) = 75 <0.000035>
18907 1790562292.498596 sendto(12, "HTTP/1.1 200 OK\r\nContent-Length:"..., 105, MSG_NOSIGNAL, NULL, 0) = 105 <0.000052>
18907 1790562292.498949 sendfile(12, 13, [0] => [1024], 1024) = 1024 <0.000091>
18907 1790562292.499303 epoll_wait(10, [{events=EPOLLIN, data={u32=9, u64=9}}], 64, 1000) = 1 <0.000029>
18907 1790562292.499400 recvfrom(12, "GET /payload-1024.bin HTTP/1.1\r\n"..., 4096, 0, NULL, NULL) = 75 <0.000047>
18907 1790562292.499857 sendto(12, "HTTP/1.1 200 OK\r\nContent-Length:"..., 105, MSG_NOSIGNAL, NULL, 0) = 105 <0.000054>
18907 1790562292.500175 sendfile(12, 13, [0] => [1024], 1024) = 1024 <0.000056>
18907 1790562292.500498 epoll_wait(10, [{events=EPOLLIN, data={u32=9, u64=9}}], 64, 1000) = 1 <0.000028>
18907 1790562292.500598 recvfrom(12, "GET /payload-1024.bin HTTP/1.1\r\n"..., 4096, 0, NULL, NULL) = 75 <0.000043>
18907 1790562292.501050 sendto(12, "HTTP/1.1 200 OK\r\nContent-Length:"..., 105, MSG_NOSIGNAL, NULL, 0) = 105 <0.000099>
18907 1790562292.501435 sendfile(12, 13, [0] => [1024], 1024) = 1024 <0.000061>
18907 1790562292.501814 epoll_wait(10, [{events=EPOLLIN, data={u32=9, u64=9}}], 64, 1000) = 1 <0.000029>
18907 1790562292.501926 recvfrom(12, "GET /payload-1024.bin HTTP/1.1\r\n"..., 4096, 0, NULL, NULL) = 75 <0.000027>
18907 1790562292.502371 sendto(12, "HTTP/1.1 200 OK\r\nContent-Length:"..., 105, MSG_NOSIGNAL, NULL, 0) = 105 <0.000050>
18907 1790562292.502666 sendfile(12, 13, [0] => [1024], 1024) = 1024 <0.000052>
18907 1790562292.502965 epoll_wait(10, [{events=EPOLLIN, data={u32=9, u64=9}}], 64, 1000) = 1 <0.000056>
18907 1790562292.503088 recvfrom(12, "GET /payload-1024.bin HTTP/1.1\r\n"..., 4096, 0, NULL, NULL) = 75 <0.000047>
18907 1790562292.503571 sendto(12, "HTTP/1.1 200 OK\r\nContent-Length:"..., 105, MSG_NOSIGNAL, NULL, 0) = 105 <0.000046>
18907 1790562292.503890 sendfile(12, 13, [0] => [1024], 1024) = 1024 <0.000055>
18907 1790562292.504185 epoll_wait(10, [{events=EPOLLIN, data={u32=9, u64=9}}], 64, 1000) = 1 <0.000046>
18907 1790562292.504294 recvfrom(12, "GET /payload-1024.bin HTTP/1.1\r\n"..., 4096, 0, NULL, NULL) = 75 <0.000027>
18907 1790562292.504737 sendto(12, "HTTP/1.1 200 OK\r\nContent-Length:"..., 105, MSG_NOSIGNAL, NULL, 0) = 105 <0.000051>
18907 1790562292.504992 sendfile(12, 13, [0] => [1024], 1024) = 1024 <0.000056>
18907 1790562292.505361 epoll_wait(10, [{events=EPOLLIN, data={u32=9, u64=9}}], 64, 1000) = 1 <0.000027>
18907 1790562292.505458 recvfrom(12, "GET /payload-1024.bin HTTP/1.1\r\n"..., 4096, 0, NULL, NULL) = 75 <0.000059>
18907 1790562292.506010 sendto(12, "HTTP/1.1 200 OK\r\nContent-Length:"..., 105, MSG_NOSIGNAL, NULL, 0) = 105 <0.000050>
18907 1790562292.506340 sendfile(12, 13, [0] => [1024], 1024) = 1024 <0.000072>
18907 1790562292.506701 epoll_wait(10, [{events=EPOLLIN, data={u32=9, u64=9}}], 64, 1000) = 1 <0.000031>
18907 1790562292.506831 recvfrom(12, "GET /payload-1024.bin HTTP/1.1\r\n"..., 4096, 0, NULL, NULL) = 75 <0.000051>
18907 1790562292.507292 sendto(12, "HTTP/1.1 200 OK\r\nContent-Length:"..., 105, MSG_NOSIGNAL, NULL, 0) = 105 <0.000091>
18907 1790562292.507677 sendfile(12, 13, [0] => [1024], 1024) = 1024 <0.000055>
18907 1790562292.507989 epoll_wait(10, [{events=EPOLLIN, data={u32=9, u64=9}}], 64, 1000) = 1 <0.000029>
18907 1790562292.508099 recvfrom(12, "GET /payload-1024.bin HTTP/1.1\r\n"..., 4096, 0, NULL, NULL) = 75 <0.000047>
18907 1790562292.508522 sendto(12, "HTTP/1.1 200 OK\r\nContent-Length:"..., 105, MSG_NOSIGNAL, NULL, 0) = 105 <0.000053>
18907 1790562292.508808 sendfile(12, 13, [0] => [1024], 1024) = 1024 <0.000043>
18907 1790562292.509163 epoll_wait(10, [{events=EPOLLIN, data={u32=9, u64=9}}], 64, 1000) = 1 <0.000029>
18907 1790562292.509258 recvfrom(12, "GET /payload-1024.bin HTTP/1.1\r\n"..., 4096, 0, NULL, NULL) = 75 <0.000043>
18907 1790562292.509744 sendto(12, "HTTP/1.1 200 OK\r\nContent-Length:"..., 105, MSG_NOSIGNAL, NULL, 0) = 105 <0.000056>
18907 1790562292.510136 sendfile(12, 13, [0] => [1024], 1024) = 1024 <0.000054>
18907 1790562292.510418 epoll_wait(10, [{events=EPOLLIN, data={u32=9, u64=9}}], 64, 1000) = 1 <0.000030>
18907 1790562292.510521 recvfrom(12, "GET /payload-1024.bin HTTP/1.1\r\n"..., 4096, 0, NULL, NULL) = 75 <0.000042>
18907 1790562292.510983 sendto(12, "HTTP/1.1 200 OK\r\nContent-Length:"..., 105, MSG_NOSIGNAL, NULL, 0) = 105 <0.000050>
18907 1790562292.511585 sendfile(12, 13, [0] => [1024], 1024) = 1024 <0.000056>
18907 1790562292.511948 epoll_wait(10, [{events=EPOLLIN, data={u32=9, u64=9}}], 64, 1000) = 1 <0.000038>
18907 1790562292.512069 recvfrom(12, "GET /payload-1024.bin HTTP/1.1\r\n"..., 4096, 0, NULL, NULL) = 75 <0.000043>
18907 1790562292.512522 sendto(12, "HTTP/1.1 200 OK\r\nContent-Length:"..., 105, MSG_NOSIGNAL, NULL, 0) = 105 <0.000055>
18907 1790562292.512916 sendfile(12, 13, [0] => [1024], 1024) = 1024 <0.000114>
18907 1790562292.513326 epoll_wait(10, [{events=EPOLLIN, data={u32=9, u64=9}}], 64, 1000) = 1 <0.000028>
18907 1790562292.513432 recvfrom(12, "GET /payload-1024.bin HTTP/1.1\r\n"..., 4096, 0, NULL, NULL) = 75 <0.000027>
18907 1790562292.513862 sendto(12, "HTTP/1.1 200 OK\r\nContent-Length:"..., 105, MSG_NOSIGNAL, NULL, 0) = 105 <0.000112>
18907 1790562292.514370 sendfile(12, 13, [0] => [1024], 1024) = 1024 <0.000062>
18907 1790562292.514735 epoll_wait(10, [{events=EPOLLIN, data={u32=9, u64=9}}], 64, 1000) = 1 <0.000026>
18907 1790562292.514851 recvfrom(12, "GET /payload-1024.bin HTTP/1.1\r\n"..., 4096, 0, NULL, NULL) = 75 <0.000041>
18907 1790562292.515299 sendto(12, "HTTP/1.1 200 OK\r\nContent-Length:"..., 105, MSG_NOSIGNAL, NULL, 0) = 105 <0.000054>
18907 1790562292.515571 sendfile(12, 13, [0] => [1024], 1024) = 1024 <0.000064>
18907 1790562292.515933 epoll_wait(10, [{events=EPOLLIN, data={u32=9, u64=9}}], 64, 1000) = 1 <0.000029>
18907 1790562292.516019 recvfrom(12, "GET /payload-1024.bin HTTP/1.1\r\n"..., 4096, 0, NULL, NULL) = 75 <0.000048>
18907 1790562292.516501 sendto(12, "HTTP/1.1 200 OK\r\nContent-Length:"..., 105, MSG_NOSIGNAL, NULL, 0) = 105 <0.000063>
18907 1790562292.516841 sendfile(12, 13, [0] => [1024], 1024) = 1024 <0.000065>
18907 1790562292.517214 epoll_wait(10, [{events=EPOLLIN, data={u32=9, u64=9}}], 64, 1000) = 1 <0.000029>
18907 1790562292.517325 recvfrom(12, "GET /payload-1024.bin HTTP/1.1\r\n"..., 4096, 0, NULL, NULL) = 75 <0.000049>
18907 1790562292.517784 sendto(12, "HTTP/1.1 200 OK\r\nContent-Length:"..., 105, MSG_NOSIGNAL, NULL, 0) = 105 <0.000055>
18907 1790562292.518107 sendfile(12, 13, [0] => [1024], 1024) = 1024 <0.000065>
18907 1790562292.518571 epoll_wait(10, [{events=EPOLLIN, data={u32=9, u64=9}}], 64, 1000) = 1 <0.000044>
18907 1790562292.518692 recvfrom(12, "GET /payload-1024.bin HTTP/1.1\r\n"..., 4096, 0, NULL, NULL) = 75 <0.000045>
18907 1790562292.519135 sendto(12, "HTTP/1.1 200 OK\r\nContent-Length:"..., 105, MSG_NOSIGNAL, NULL, 0) = 105 <0.000111>
18907 1790562292.519556 sendfile(12, 13, [0] => [1024], 1024) = 1024 <0.000057>
18907 1790562292.520024 epoll_wait(10, [{events=EPOLLIN|EPOLLRDHUP, data={u32=9, u64=9}}], 64, 1000) = 1 <0.000027>
18907 1790562292.520135 recvfrom(12, "", 4096, 0, NULL, NULL) = 0 <0.000030>
18907 1790562292.520244 epoll_ctl(10, EPOLL_CTL_DEL, 12, NULL) = 0 <0.000037>
18907 1790562292.520464 epoll_wait(10,  <unfinished ...>
18904 1790562292.539848 <... epoll_wait resumed>[{events=EPOLLIN, data={u32=5, u64=5}}], 64, 1000) = 1 <0.063483>
18906 1790562292.540090 <... epoll_wait resumed>[{events=EPOLLIN, data={u32=2, u64=2}}], 64, 1000) = 1 <0.083618>
18906 1790562292.540267 read(9, "\1\0\0\0\0\0\0\0", 8) = 8 <0.000026>
18904 1790562292.540329 epoll_wait(5,  <unfinished ...>
18906 1790562292.540358 read(9, 0x743ebeffda00, 8) = -1 EAGAIN (Resource temporarily unavailable) <0.000036>
18906 1790562292.540441 epoll_ctl(8, EPOLL_CTL_ADD, 12, {events=EPOLLIN|EPOLLRDHUP, data={u32=10, u64=10}}) = 0 <0.000042>
18906 1790562292.540570 epoll_wait(8, [{events=EPOLLIN, data={u32=10, u64=10}}], 64, 1000) = 1 <0.000036>
18906 1790562292.540682 recvfrom(12, "GET /payload-1024.bin HTTP/1.1\r\n"..., 4096, 0, NULL, NULL) = 81 <0.000036>
18906 1790562292.541113 sendto(12, "HTTP/1.1 200 OK\r\nContent-Length:"..., 105, MSG_NOSIGNAL, NULL, 0) = 105 <0.000119>
18906 1790562292.541529 sendfile(12, 13, [0] => [1024], 1024) = 1024 <0.000057>
18906 1790562292.541976 epoll_wait(8, [{events=EPOLLIN, data={u32=10, u64=10}}], 64, 1000) = 1 <0.010084>
18906 1790562292.552189 recvfrom(12, "GET /payload-1024.bin HTTP/1.1\r\n"..., 4096, 0, NULL, NULL) = 81 <0.000046>
18906 1790562292.552780 sendto(12, "HTTP/1.1 200 OK\r\nContent-Length:"..., 105, MSG_NOSIGNAL, NULL, 0) = 105 <0.000057>
18906 1790562292.553086 sendfile(12, 13, [0] => [1024], 1024) = 1024 <0.000058>
18906 1790562292.553566 epoll_wait(8, [{events=EPOLLIN, data={u32=10, u64=10}}], 64, 1000) = 1 <0.055849>
18906 1790562292.609644 recvfrom(12, "GET /payload-1024.bin HTTP/1.1\r\n"..., 4096, 0, NULL, NULL) = 81 <0.000214>
18906 1790562292.610583 sendto(12, "HTTP/1.1 200 OK\r\nContent-Length:"..., 105, MSG_NOSIGNAL, NULL, 0) = 105 <0.000074>
18906 1790562292.610989 sendfile(12, 13, [0] => [1024], 1024) = 1024 <0.000069>
18906 1790562292.611430 epoll_wait(8, [{events=EPOLLIN, data={u32=10, u64=10}}], 64, 1000) = 1 <0.054324>
18906 1790562292.666024 recvfrom(12, "GET /payload-1024.bin HTTP/1.1\r\n"..., 4096, 0, NULL, NULL) = 81 <0.000146>
18906 1790562292.667797 sendto(12, "HTTP/1.1 200 OK\r\nContent-Length:"..., 105, MSG_NOSIGNAL, NULL, 0) = 105 <0.000275>
18906 1790562292.668589 sendfile(12, 13, [0] => [1024], 1024) = 1024 <0.000087>
18906 1790562292.669075 epoll_wait(8, [{events=EPOLLIN, data={u32=10, u64=10}}], 64, 1000) = 1 <0.052942>
18906 1790562292.722467 recvfrom(12, "GET /payload-1024.bin HTTP/1.1\r\n"..., 4096, 0, NULL, NULL) = 81 <0.000125>
18906 1790562292.723682 sendto(12, "HTTP/1.1 200 OK\r\nContent-Length:"..., 105, MSG_NOSIGNAL, NULL, 0) = 105 <0.000140>
18906 1790562292.724491 sendfile(12, 13, [0] => [1024], 1024) = 1024 <0.000076>
18906 1790562292.725010 epoll_wait(8, [{events=EPOLLIN|EPOLLRDHUP, data={u32=10, u64=10}}], 64, 1000) = 1 <0.052399>
18906 1790562292.777533 recvfrom(12, "", 4096, 0, NULL, NULL) = 0 <0.000042>
18906 1790562292.777681 epoll_ctl(8, EPOLL_CTL_DEL, 12, NULL) = 0 <0.000038>
18906 1790562292.777964 epoll_wait(8,  <detached ...>
