18616 1790562286.150776 epoll_wait(10,  <unfinished ...>
18615 1790562286.150842 epoll_wait(8,  <unfinished ...>
18613 1790562286.150863 epoll_wait(5, [{events=EPOLLIN, data={u32=4, u64=4}}], 64, 1000) = 1 <0.149750>
18616 1790562286.300969 <... epoll_wait resumed>[{events=EPOLLIN, data={u32=3, u64=3}}], 64, 1000) = 1 <0.150138>
18616 1790562286.301197 read(11, "\1\0\0\0\0\0\0\0", 8) = 8 <0.000035>
18613 1790562286.301288 epoll_wait(5,  <unfinished ...>
18616 1790562286.301314 read(11, 0x7e2febffca00, 8) = -1 EAGAIN (Resource temporarily unavailable) <0.000055>
18616 1790562286.301465 epoll_ctl(10, EPOLL_CTL_ADD, 12, {events=EPOLLIN|EPOLLRDHUP, data={u32=7, u64=7}}) = 0 <0.000045>
18616 1790562286.301627 epoll_wait(10, [{events=EPOLLIN, data={u32=7, u64=7}}], 64, 1000) = 1 <0.000041>
18616 1790562286.301775 recvfrom(12, "GET /payload-1024.bin HTTP/1.1\r\n"..., 4096, 0, NULL, NULL) = 75 <0.000043>
18616 1790562286.302322 sendto(12, "HTTP/1.1 200 OK\r\nContent-Length:"..., 105, MSG_NOSIGNAL, NULL, 0) = 105 <0.000092>
18616 1790562286.302823 sendfile(12, 13, [0] => [1024], 1024) = 1024 <0.000109>
18616 1790562286.303308 epoll_wait(10, [{events=EPOLLIN, data={u32=7, u64=7}}], 64, 1000) = 1 <0.000490>
18616 1790562286.303895 recvfrom(12, "GET /payload-1024.bin HTTP/1.1\r\n"..., 4096, 0, NULL, NULL) = 75 <0.000040>
18616 1790562286.304306 sendto(12, "HTTP/1.1 200 OK\r\nContent-Length:"..., 105, MSG_NOSIGNAL, NULL, 0) = 105 <0.000052>
18616 1790562286.304562 sendfile(12, 13, [0] => [1024], 1024) = 1024 <0.000063>
18616 1790562286.305002 epoll_wait(10, [{events=EPOLLIN, data={u32=7, u64=7}}], 64, 1000) = 1 <0.000038>
18616 1790562286.305108 recvfrom(12, "GET /payload-1024.bin HTTP/1.1\r\n"..., 4096, 0, NULL, NULL) = 75 <0.000035>
18616 1790562286.305470 sendto(12, "HTTP/1.1 200 OK\r\nContent-Length:"..., 105, MSG_NOSIGNAL, NULL, 0) = 105 <0.000044>
18616 1790562286.305898 sendfile(12, 13, [0] => [1024], 1024) = 1024 <0.000046>
18616 1790562286.306238 epoll_wait(10, [{events=EPOLLIN, data={u32=7, u64=7}}], 64, 1000) = 1 <0.000297>
18616 1790562286.306607 recvfrom(12, "GET /payload-1024.bin HTTP/1.1\r\n"..., 4096, 0, NULL, NULL) = 75 <0.000034>
18616 1790562286.307010 sendto(12, "HTTP/1.1 200 OK\r\nContent-Length:"..., 105, MSG_NOSIGNAL, NULL, 0) = 105 <0.000051>
18616 1790562286.307331 sendfile(12, 13, [0] => [1024], 1024) = 1024 <0.000039>
18616 1790562286.307585 epoll_wait(10, [{events=EPOLLIN, data={u32=7, u64=7}}], 64, 1000) = 1 <0.000044>
18616 1790562286.307698 recvfrom(12, "GET /payload-1024.bin HTTP/1.1\r\n"..., 4096, 0, NULL, NULL) = 75 <0.000048>
18616 1790562286.308088 sendto(12, "HTTP/1.1 200 OK\r\nContent-Length:"..., 105, MSG_NOSIGNAL, NULL, 0) = 105 <0.000044>
18616 1790562286.308378 sendfile(12, 13, [0] => [1024], 1024) = 1024 <0.000042>
18616 1790562286.308690 epoll_wait(10, [{events=EPOLLIN, data={u32=7, u64=7}}], 64, 1000) = 1 <0.000034>
18616 1790562286.308778 recvfrom(12, "GET /payload-1024.bin HTTP/1.1\r\n"..., 4096, 0, NULL, NULL) = 75 <0.000033>
18616 1790562286.309103 sendto(12, "HTTP/1.1 200 OK\r\nContent-Length:"..., 105, MSG_NOSIGNAL, NULL, 0) = 105 <0.000041>
18616 1790562286.309338 sendfile(12, 13, [0] => [1024], 1024) = 1024 <0.000043>
18616 1790562286.309660 epoll_wait(10, [{events=EPOLLIN, data={u32=7, u64=7}}], 64, 1000) = 1 <0.000021>
18616 1790562286.309747 recvfrom(12, "GET /payload-1024.bin HTTP/1.1\r\n"..., 4096, 0, NULL, NULL) = 75 <0.000033>
18616 1790562286.310074 sendto(12, "HTTP/1.1 200 OK\r\nContent-Length:"..., 105, MSG_NOSIGNAL, NULL, 0) = 105 <0.000040>
18616 1790562286.310278 sendfile(12, 13, [0] => [1024], 1024) = 1024 <0.000038>
18616 1790562286.310642 epoll_wait(10, [{events=EPOLLIN, data={u32=7, u64=7}}], 64, 1000) = 1 <0.000069>
18616 1790562286.310806 recvfrom(12, "GET /payload-1024.bin HTTP/1.1\r\n"..., 4096, 0, NULL, NULL) = 75 <0.000050>
18616 1790562286.311307 sendto(12, "HTTP/1.1 200 OK\r\nContent-Length:"..., 105, MSG_NOSIGNAL, NULL, 0) = 105 <0.000050>
18616 1790562286.311560 sendfile(12, 13, [0] => [1024], 1024) = 1024 <0.000044>
18616 1790562286.311967 epoll_wait(10, [{events=EPOLLIN, data={u32=7, u64=7}}], 64, 1000) = 1 <0.000287>
18616 1790562286.312332 recvfrom(12, "GET /payload-1024.bin HTTP/1.1\r\n"..., 4096, 0, NULL, NULL) = 75 <0.000027>
18616 1790562286.312842 sendto(12, "HTTP/1.1 200 OK\r\nContent-Length:"..., 105, MSG_NOSIGNAL, NULL, 0) = 105 <0.000043>
18616 1790562286.313043 sendfile(12, 13, [0] => [1024], 1024) = 1024 <0.000042>
18616 1790562286.313269 epoll_wait(10, [{events=EPOLLIN, data={u32=7, u64=7}}], 64, 1000) = 1 <0.000286>
18616 1790562286.313609 recvfrom(12, "GET /payload-1024.bin HTTP/1.1\r\n"..., 4096, 0, NULL, NULL) = 75 <0.000031>
18616 1790562286.313939 sendto(12, "HTTP/1.1 200 OK\r\nContent-Length:"..., 105, MSG_NOSIGNAL, NULL, 0) = 105 <0.000040>
18616 1790562286.314176 sendfile(12, 13, [0] => [1024], 1024) = 1024 <0.000043>
18616 1790562286.314420 epoll_wait(10, [{events=EPOLLIN, data={u32=7, u64=7}}], 64, 1000) = 1 <0.000072>
18616 1790562286.314570 recvfrom(12, "GET /payload-1024.bin HTTP/1.1\r\n"..., 4096, 0, NULL, NULL) = 75 <0.000021>
18616 1790562286.314886 sendto(12, "HTTP/1.1 200 OK\r\nContent-Length:"..., 105, MSG_NOSIGNAL, NULL, 0) = 105 <0.000051>
18616 1790562286.315223 sendfile(12, 13, [0] => [1024], 1024) = 1024 <0.000041>
18616 1790562286.315497 epoll_wait(10, [{events=EPOLLIN, data={u32=7, u64=7}}], 64, 1000) = 1 <0.000625>
18616 1790562286.316187 recvfrom(12, "GET /payload-1024.bin HTTP/1.1\r\n"..., 4096, 0, NULL, NULL) = 75 <0.000034>
18616 1790562286.316540 sendto(12, "HTTP/1.1 200 OK\r\nContent-Length:"..., 105, MSG_NOSIGNAL, NULL, 0) = 105 <0.000044>
18616 1790562286.316825 sendfile(12, 13, [0] => [1024], 1024) = 1024 <0.000047>
18616 1790562286.317130 epoll_wait(10, [{events=EPOLLIN, data={u32=7, u64=7}}], 64, 1000) = 1 <0.000022>
18616 1790562286.317200 recvfrom(12, "GET /payload-1024.bin HTTP/1.1\r\n"..., 4096, 0, NULL, NULL) = 75 <0.000032>
18616 1790562286.317536 sendto(12, "HTTP/1.1 200 OK\r\nContent-Length:"..., 105, MSG_NOSIGNAL, NULL, 0) = 105 <0.000043>
18616 1790562286.317806 sendfile(12, 13, [0] => [1024], 1024) = 1024 <0.000042>
18616 1790562286.318092 epoll_wait(10, [{events=EPOLLIN, data={u32=7, u64=7}}], 64, 1000) = 1 <0.000019>
18616 1790562286.318177 recvfrom(12, "GET /payload-1024.bin HTTP/1.1\r\n"..., 4096, 0, NULL, NULL) = 75 <0.000032>
18616 1790562286.318555 sendto(12, "HTTP/1.1 200 OK\r\nContent-Length:"..., 105, MSG_NOSIGNAL, NULL, 0) = 105 <0.000043>
18616 1790562286.318806 sendfile(12, 13, [0] => [1024], 1024) = 1024 <0.000056>
18616 1790562286.319174 epoll_wait(10, [{events=EPOLLIN, data={u32=7, u64=7}}], 64, 1000) = 1 <0.000412>
18616 1790562286.319662 recvfrom(12, "GET /payload-1024.bin HTTP/1.1\r\n"..., 4096, 0, NULL, NULL) = 75 <0.000030>
18616 1790562286.320099 sendto(12, "HTTP/1.1 200 OK\r\nContent-Length:"..., 105, MSG_NOSIGNAL, NULL, 0) = 105 <0.000054>
18616 1790562286.320822 sendfile(12, 13, [0] => [1024], 1024) = 1024 <0.000058>
18616 1790562286.321128 epoll_wait(10, [{events=EPOLLIN, data={u32=7, u64=7}}], 64, 1000) = 1 <0.000021>
18616 1790562286.321229 recvfrom(12, "GET /payload-1024.bin HTTP/1.1\r\n"..., 4096, 0, NULL, NULL) = 75 <0.000049>
18616 1790562286.321765 sendto(12, "HTTP/1.1 200 OK\r\nContent-Length:"..., 105, MSG_NOSIGNAL, NULL, 0) = 105 <0.000055>
18616 1790562286.322067 sendfile(12, 13, [0] => [1024], 1024) = 1024 <0.000052>
18616 1790562286.322364 epoll_wait(10, [{events=EPOLLIN, data={u32=7, u64=7}}], 64, 1000) = 1 <0.000066>
18616 1790562286.322511 recvfrom(12, "GET /payload-1024.bin HTTP/1.1\r\n"..., 4096, 0, NULL, NULL) = 75 <0.000030>
18616 1790562286.322832 sendto(12, "HTTP/1.1 200 OK\r\nContent-Length:"..., 105, MSG_NOSIGNAL, NULL, 0) = 105 <0.000059>
18616 1790562286.323602 sendfile(12, 13, [0] => [1024], 1024) = 1024 <0.000071>
18616 1790562286.324008 epoll_wait(10, [{events=EPOLLIN, data={u32=7, u64=7}}], 64, 1000) = 1 <0.000030>
18616 1790562286.324119 recvfrom(12, "GET /payload-1024.bin HTTP/1.1\r\n"..., 4096, 0, NULL, NULL) = 75 <0.000038>
18616 1790562286.324494 sendto(12, "HTTP/1.1 200 OK\r\nContent-Length:"..., 105, MSG_NOSIGNAL, NULL, 0) = 105 <0.000047>
18616 1790562286.324796 sendfile(12, 13, [0] => [1024], 1024) = 1024 <0.000043>
18616 1790562286.325113 epoll_wait(10, [{events=EPOLLIN, data={u32=7, u64=7}}], 64, 1000) = 1 <0.000021>
18616 1790562286.325180 recvfrom(12, "GET /payload-1024.bin HTTP/1.1\r\n"..., 4096, 0, NULL, NULL) = 75 <0.000033>
18616 1790562286.325494 sendto(12, "HTTP/1.1 200 OK\r\nContent-Length:"..., 105, MSG_NOSIGNAL, NULL, 0) = 105 <0.000037>
18616 1790562286.325945 sendfile(12, 13, [0] => [1024], 1024) = 1024 <0.000046>
18616 1790562286.326272 epoll_wait(10, [{events=EPOLLIN, data={u32=7, u64=7}}], 64, 1000) = 1 <0.000403>
18616 1790562286.326757 recvfrom(12, "GET /payload-1024.bin HTTP/1.1\r\n"..., 4096, 0, NULL, NULL) = 75 <0.000042>
18616 1790562286.327325 sendto(12, "HTTP/1.1 200 OK\r\nContent-Length:"..., 105, MSG_NOSIGNAL, NULL, 0) = 105 <0.000047>
18616 1790562286.327737 sendfile(12, 13, [0] => [1024], 1024) = 1024 <0.000073>
18616 1790562286.328153 epoll_wait(10, [{events=EPOLLIN, data={u32=7, u64=7}}], 64, 1000) = 1 <0.000478>
18616 1790562286.328722 recvfrom(12, "GET /payload-1024.bin HTTP/1.1\r\n"..., 4096, 0, NULL, NULL) = 75 <0.000033>
18616 1790562286.329268 sendto(12, "HTTP/1.1 200 OK\r\nContent-Length:"..., 105, MSG_NOSIGNAL, NULL, 0) = 105 <0.000047>
18616 1790562286.329559 sendfile(12, 13, [0] => [1024], 1024) = 1024 <0.000080>
18616 1790562286.329911 epoll_wait(10, [{events=EPOLLIN, data={u32=7, u64=7}}], 64, 1000) = 1 <0.000023>
18616 1790562286.329990 recvfrom(12, "GET /payload-1024.bin HTTP/1.1\r\n"..., 4096, 0, NULL, NULL) = 75 <0.000023>
18616 1790562286.330332 sendto(12, "HTTP/1.1 200 OK\r\nContent-Length:"..., 105, MSG_NOSIGNAL, NULL, 0) = 105 <0.000041>
18616 1790562286.330610 sendfile(12, 13, [0] => [1024], 1024) = 1024 <0.000067>
18616 1790562286.330888 epoll_wait(10, [{events=EPOLLIN, data={u32=7, u64=7}}], 64, 1000) = 1 <0.000023>
18616 1790562286.330968 recvfrom(12, "GET /payload-1024.bin HTTP/1.1\r\n"..., 4096, 0, NULL, NULL) = 75 <0.000024>
18616 1790562286.331294 sendto(12, "HTTP/1.1 200 OK\r\nContent-Length:"..., 105, MSG_NOSIGNAL, NULL, 0) = 105 <0.000047>
18616 1790562286.331576 sendfile(12, 13, [0] => [1024], 1024) = 1024 <0.000059>
18616 1790562286.331944 epoll_wait(10, [{events=EPOLLIN, data={u32=7, u64=7}}], 64, 1000) = 1 <0.000023>
18616 1790562286.332019 recvfrom(12, "GET /payload-1024.bin HTTP/1.1\r\n"..., 4096, 0, NULL, NULL) = 75 <0.000031>
18616 1790562286.332369 sendto(12, "HTTP/1.1 200 OK\r\nContent-Length:"..., 105, MSG_NOSIGNAL, NULL, 0) = 105 <0.000040>
18616 1790562286.332613 sendfile(12, 13, [0] => [1024], 1024) = 1024 <0.000045>
18616 1790562286.332835 epoll_wait(10, [{events=EPOLLIN, data={u32=7, u64=7}}], 64, 1000) = 1 <0.000023>
18616 1790562286.332904 recvfrom(12, "GET /payload-1024.bin HTTP/1.1\r\n"..., 4096, 0, NULL, NULL) = 75 <0.000023>
18616 1790562286.333239 sendto(12, "HTTP/1.1 200 OK\r\nContent-Length:"..., 105, MSG_NOSIGNAL, NULL, 0) = 105 <0.000040>
18616 1790562286.333518 sendfile(12, 13, [0] => [1024], 1024) = 1024 <0.000045>
18616 1790562286.333785 epoll_wait(10, [{events=EPOLLIN, data={u32=7, u64=7}}], 64, 1000) = 1 <0.000022>
18616 1790562286.333860 recvfrom(12, "GET /payload-1024.bin HTTP/1.1\r\n"..., 4096, 0, NULL, NULL) = 75 <0.000031>
18616 1790562286.334224 sendto(12, "HTTP/1.1 200 OK\r\nContent-Length:"..., 105, MSG_NOSIGNAL, NULL, 0) = 105 <0.000040>
18616 1790562286.334453 sendfile(12, 13, [0] => [1024], 1024) = 1024 <0.000049>
18616 1790562286.334743 epoll_wait(10, [{events=EPOLLIN, data={u32=7, u64=7}}], 64, 1000) = 1 <0.000024>
18616 1790562286.334821 recvfrom(12, "GET /payload-1024.bin HTTP/1.1\r\n"..., 4096, 0, NULL, NULL) = 75 <0.000023>
18616 1790562286.335172 sendto(12, "HTTP/1.1 200 OK\r\nContent-Length:"..., 105, MSG_NOSIGNAL, NULL, 0) = 105 <0.000044>
18616 1790562286.335405 sendfile(12, 13, [0] => [1024], 1024) = 1024 <0.000045>
18616 1790562286.335809 epoll_wait(10, [{events=EPOLLIN, data={u32=7, u64=7}}], 64, 1000) = 1 <0.000205>
18616 1790562286.336095 recvfrom(12, "GET /payload-1024.bin HTTP/1.1\r\n"..., 4096, 0, NULL, NULL) = 75 <0.000034>
18616 1790562286.336513 sendto(12, "HTTP/1.1 200 OK\r\nContent-Length:"..., 105, MSG_NOSIGNAL, NULL, 0) = 105 <0.000041>
18616 1790562286.336778 sendfile(12, 13, [0] => [1024], 1024) = 1024 <0.000050>
18616 1790562286.337051 epoll_wait(10, [{events=EPOLLIN, data={u32=7, u64=7}}], 64, 1000) = 1 <0.000023>
18616 1790562286.337126 recvfrom(12, "GET /payload-1024.bin HTTP/1.1\r\n"..., 4096, 0, NULL, NULL) = 75 <0.000024>
18616 1790562286.337510 sendto(12, "HTTP/1.1 200 OK\r\nContent-Length:"..., 105, MSG_NOSIGNAL, NULL, 0) = 105 <0.000045>
18616 1790562286.337742 sendfile(12, 13, [0] => [1024], 1024) = 1024 <0.000046>
18616 1790562286.337991 epoll_wait(10, [{events=EPOLLIN, data={u32=7, u64=7}}], 64, 1000) = 1 <0.000024>
18616 1790562286.338067 recvfrom(12, "GET /payload-1024.bin HTTP/1.1\r\n"..., 4096, 0, NULL, NULL) = 75 <0.000040>
18616 1790562286.338452 sendto(12, "HTTP/1.1 200 OK\r\nContent-Length:"..., 105, MSG_NOSIGNAL, NULL, 0) = 105 <0.000044>
18616 1790562286.338697 sendfile(12, 13, [0] => [1024], 1024) = 1024 <0.000046>
18616 1790562286.338958 epoll_wait(10, [{events=EPOLLIN, data={u32=7, u64=7}}], 64, 1000) = 1 <0.000024>
18616 1790562286.339025 recvfrom(12, "GET /payload-1024.bin HTTP/1.1\r\n"..., 4096, 0, NULL, NULL) = 75 <0.000035>
18616 1790562286.339384 sendto(12, "HTTP/1.1 200 OK\r\nContent-Length:"..., 105, MSG_NOSIGNAL, NULL, 0) = 105 <0.000040>
18616 1790562286.339660 sendfile(12, 13, [0] => [1024], 1024) = 1024 <0.000100>
18616 1790562286.339989 epoll_wait(10, [{events=EPOLLIN, data={u32=7, u64=7}}], 64, 1000) = 1 <0.000358>
18616 1790562286.340444 recvfrom(12, "GET /payload-1024.bin HTTP/1.1\r\n"..., 4096, 0, NULL, NULL) = 75 <0.000033>
18616 1790562286.340815 sendto(12, "HTTP/1.1 200 OK\r\nContent-Length:"..., 105, MSG_NOSIGNAL, NULL, 0) = 105 <0.000045>
18616 1790562286.341076 sendfile(12, 13, [0] => [1024], 1024) = 1024 <0.000050>
18616 1790562286.341431 epoll_wait(10, [{events=EPOLLIN|EPOLLRDHUP, data={u32=7, u64=7}}], 64, 1000) = 1 <0.000048>
18616 1790562286.341562 recvfrom(12, "", 4096, 0, NULL, NULL) = 0 <0.000035>
18616 1790562286.341673 epoll_ctl(10, EPOLL_CTL_DEL, 12, NULL) = 0 <0.000032>
18616 1790562286.341873 epoll_wait(10,  <unfinished ...>
18613 1790562286.358715 <... epoll_wait resumed>[{events=EPOLLIN, data={u32=4, u64=4}}], 64, 1000) = 1 <0.057414>
18615 1790562286.358970 <... epoll_wait resumed>[{events=EPOLLIN, data={u32=2, u64=2}}], 64, 1000) = 1 <0.208121>
18615 1790562286.359126 read(9, "\1\0\0\0\0\0\0\0", 8) = 8 <0.000022>
18613 1790562286.359189 epoll_wait(5,  <unfinished ...>
18615 1790562286.359205 read(9, 0x7e2fec7fda00, 8) = -1 EAGAIN (Resource temporarily unavailable) <0.000038>
18615 1790562286.359312 epoll_ctl(8, EPOLL_CTL_ADD, 12, {events=EPOLLIN|EPOLLRDHUP, data={u32=8, u64=8}}) = 0 <0.000035>
18615 1790562286.359433 epoll_wait(8, [{events=EPOLLIN, data={u32=8, u64=8}}], 64, 1000) = 1 <0.000032>
18615 1790562286.359529 recvfrom(12, "GET /payload-1024.bin HTTP/1.1\r\n"..., 4096, 0, NULL, NULL) = 75 <0.000031>
18615 1790562286.359939 sendto(12, "HTTP/1.1 200 OK\r\nContent-Length:"..., 105, MSG_NOSIGNAL, NULL, 0) = 105 <0.000098>
18615 1790562286.360269 sendfile(12, 13, [0] => [1024], 1024) = 1024 <0.000093>
18615 1790562286.360600 epoll_wait(8, [{events=EPOLLIN, data={u32=8, u64=8}}], 64, 1000) = 1 <0.000239>
18615 1790562286.360917 recvfrom(12, "GET /payload-1024.bin HTTP/1.1\r\n"..., 4096, 0, NULL, NULL) = 75 <0.000035>
18615 1790562286.361326 sendto(12, "HTTP/1.1 200 OK\r\nContent-Length:"..., 105, MSG_NOSIGNAL, NULL, 0) = 105 <0.000045>
18615 1790562286.361703 sendfile(12, 13, [0] => [1024], 1024) = 1024 <0.000108>
18615 1790562286.362183 epoll_wait(8, [{events=EPOLLIN, data={u32=8, u64=8}}], 64, 1000) = 1 <0.000037>
18615 1790562286.362299 recvfrom(12, "GET /payload-1024.bin HTTP/1.1\r\n"..., 4096, 0, NULL, NULL) = 75 <0.000033>
18615 1790562286.362702 sendto(12, "HTTP/1.1 200 OK\r\nContent-Length:"..., 105, MSG_NOSIGNAL, NULL, 0) = 105 <0.000081>
18615 1790562286.362991 sendfile(12, 13, [0] => [1024], 1024) = 1024 <0.000052>
18615 1790562286.363266 epoll_wait(8, [{events=EPOLLIN, data={u32=8, u64=8}}], 64, 1000) = 1 <0.000023>
18615 1790562286.363348 recvfrom(12, "GET /payload-1024.bin HTTP/1.1\r\n"..., 4096, 0, NULL, NULL) = 75 <0.000037>
18615 1790562286.363715 sendto(12, "HTTP/1.1 200 OK\r\nContent-Length:"..., 105, MSG_NOSIGNAL, NULL, 0) = 105 <0.000043>
18615 1790562286.363976 sendfile(12, 13, [0] => [1024], 1024) = 1024 <0.000047>
18615 1790562286.364246 epoll_wait(8, [{events=EPOLLIN, data={u32=8, u64=8}}], 64, 1000) = 1 <0.000024>
18615 1790562286.364325 recvfrom(12, "GET /payload-1024.bin HTTP/1.1\r\n"..., 4096, 0, NULL, NULL) = 75 <0.000036>
18615 1790562286.364755 sendto(12, "HTTP/1.1 200 OK\r\nContent-Length:"..., 105, MSG_NOSIGNAL, NULL, 0) = 105 <0.000048>
18615 1790562286.364992 sendfile(12, 13, [0] => [1024], 1024) = 1024 <0.000042>
18615 1790562286.365281 epoll_wait(8, [{events=EPOLLIN, data={u32=8, u64=8}}], 64, 1000) = 1 <0.000194>
18615 1790562286.365544 recvfrom(12, "GET /payload-1024.bin HTTP/1.1\r\n"..., 4096, 0, NULL, NULL) = 75 <0.000083>
18615 1790562286.365981 sendto(12, "HTTP/1.1 200 OK\r\nContent-Length:"..., 105, MSG_NOSIGNAL, NULL, 0) = 105 <0.000080>
18615 1790562286.366269 sendfile(12, 13, [0] => [1024], 1024) = 1024 <0.000044>
18615 1790562286.366556 epoll_wait(8, [{events=EPOLLIN, data={u32=8, u64=8}}], 64, 1000) = 1 <0.000037>
18615 1790562286.366662 recvfrom(12, "GET /payload-1024.bin HTTP/1.1\r\n"..., 4096, 0, NULL, NULL) = 75 <0.000025>
18615 1790562286.367026 sendto(12, "HTTP/1.1 200 OK\r\nContent-Length:"..., 105, MSG_NOSIGNAL, NULL, 0) = 105 <0.000042>
18615 1790562286.367254 sendfile(12, 13, [0] => [1024], 1024) = 1024 <0.000045>
18615 1790562286.367555 epoll_wait(8, [{events=EPOLLIN, data={u32=8, u64=8}}], 64, 1000) = 1 <0.000024>
18615 1790562286.367633 recvfrom(12, "GET /payload-1024.bin HTTP/1.1\r\n"..., 4096, 0, NULL, NULL) = 75 <0.000027>
18615 1790562286.367969 sendto(12, "HTTP/1.1 200 OK\r\nContent-Length:"..., 105, MSG_NOSIGNAL, NULL, 0) = 105 <0.000044>
18615 1790562286.368218 sendfile(12, 13, [0] => [1024], 1024) = 1024 <0.000051>
18615 1790562286.368518 epoll_wait(8, [{events=EPOLLIN, data={u32=8, u64=8}}], 64, 1000) = 1 <0.000022>
18615 1790562286.368596 recvfrom(12, "GET /payload-1024.bin HTTP/1.1\r\n"..., 4096, 0, NULL, NULL) = 75 <0.000037>
18615 1790562286.368962 sendto(12, "HTTP/1.1 200 OK\r\nContent-Length:"..., 105, MSG_NOSIGNAL, NULL, 0) = 105 <0.000043>
18615 1790562286.369181 sendfile(12, 13, [0] => [1024], 1024) = 1024 <0.000047>
18615 1790562286.369417 epoll_wait(8, [{events=EPOLLIN, data={u32=8, u64=8}}], 64, 1000) = 1 <0.000380>
18615 1790562286.369874 recvfrom(12, "GET /payload-1024.bin HTTP/1.1\r\n"..., 4096, 0, NULL, NULL) = 75 <0.000030>
18615 1790562286.370218 sendto(12, "HTTP/1.1 200 OK\r\nContent-Length:"..., 105, MSG_NOSIGNAL, NULL, 0) = 105 <0.000071>
18615 1790562286.370552 sendfile(12, 13, [0] => [1024], 1024) = 1024 <0.000085>
18615 1790562286.370855 epoll_wait(8, [{events=EPOLLIN, data={u32=8, u64=8}}], 64, 1000) = 1 <0.000162>
18615 1790562286.371086 recvfrom(12, "GET /payload-1024.bin HTTP/1.1\r\n"..., 4096, 0, NULL, NULL) = 75 <0.000030>
18615 1790562286.371423 sendto(12, "HTTP/1.1 200 OK\r\nContent-Length:"..., 105, MSG_NOSIGNAL, NULL, 0) = 105 <0.000073>
18615 1790562286.371707 sendfile(12, 13, [0] => [1024], 1024) = 1024 <0.000083>
18615 1790562286.372069 epoll_wait(8, [{events=EPOLLIN, data={u32=8, u64=8}}], 64, 1000) = 1 <0.000024>
18615 1790562286.372145 recvfrom(12, "GET /payload-1024.bin HTTP/1.1\r\n"..., 4096, 0, NULL, NULL) = 75 <0.000029>
18615 1790562286.372476 sendto(12, "HTTP/1.1 200 OK\r\nContent-Length:"..., 105, MSG_NOSIGNAL, NULL, 0) = 105 <0.000078>
18615 1790562286.372784 sendfile(12, 13, [0] => [1024], 1024) = 1024 <0.000042>
18615 1790562286.373076 epoll_wait(8, [{events=EPOLLIN, data={u32=8, u64=8}}], 64, 1000) = 1 <0.000023>
18615 1790562286.373166 recvfrom(12, "GET /payload-1024.bin HTTP/1.1\r\n"..., 4096, 0, NULL, NULL) = 75 <0.000042>
18615 1790562286.373553 sendto(12, "HTTP/1.1 200 OK\r\nContent-Length:"..., 105, MSG_NOSIGNAL, NULL, 0) = 105 <0.000042>
18615 1790562286.373801 sendfile(12, 13, [0] => [1024], 1024) = 1024 <0.000045>
18615 1790562286.374058 epoll_wait(8, [{events=EPOLLIN, data={u32=8, u64=8}}], 64, 1000) = 1 <0.000199>
18615 1790562286.374327 recvfrom(12, "GET /payload-1024.bin HTTP/1.1\r\n"..., 4096, 0, NULL, NULL) = 75 <0.000035>
18615 1790562286.374715 sendto(12, "HTTP/1.1 200 OK\r\nContent-Length:"..., 105, MSG_NOSIGNAL, NULL, 0) = 105 <0.000040>
18615 1790562286.374958 sendfile(12, 13, [0] => [1024], 1024) = 1024 <0.000091>
18615 1790562286.375317 epoll_wait(8, [{events=EPOLLIN, data={u32=8, u64=8}}], 64, 1000) = 1 <0.000023>
18615 1790562286.375398 recvfrom(12, "GET /payload-1024.bin HTTP/1.1\r\n"..., 4096, 0, NULL, NULL) = 75 <0.000036>
18615 1790562286.375791 sendto(12, "HTTP/1.1 200 OK\r\nContent-Length:"..., 105, MSG_NOSIGNAL, NULL, 0) = 105 <0.000280>
18615 1790562286.376408 sendfile(12, 13, [0] => [1024], 1024) = 1024 <0.000049>
18615 1790562286.376692 epoll_wait(8, [{events=EPOLLIN, data={u32=8, u64=8}}], 64, 1000) = 1 <0.000025>
18615 1790562286.376773 recvfrom(12, "GET /payload-1024.bin HTTP/1.1\r\n"..., 4096, 0, NULL, NULL) = 75 <0.000032>
18615 1790562286.377113 sendto(12, "HTTP/1.1 200 OK\r\nContent-Length:"..., 105, MSG_NOSIGNAL, NULL, 0) = 105 <0.000083>
18615 1790562286.377559 sendfile(12, 13, [0] => [1024], 1024) = 1024 <0.000045>
18615 1790562286.377868 epoll_wait(8, [{events=EPOLLIN, data={u32=8, u64=8}}], 64, 1000) = 1 <0.000028>
18615 1790562286.377947 recvfrom(12, "GET /payload-1024.bin HTTP/1.1\r\n"..., 4096, 0, NULL, NULL) = 75 <0.000023>
18615 1790562286.378278 sendto(12, "HTTP/1.1 200 OK\r\nContent-Length:"..., 105, MSG_NOSIGNAL, NULL, 0) = 105 <0.000042>
18615 1790562286.378539 sendfile(12, 13, [0] => [1024], 1024) = 1024 <0.000061>
18615 1790562286.378807 epoll_wait(8, [{events=EPOLLIN, data={u32=8, u64=8}}], 64, 1000) = 1 <0.000036>
18615 1790562286.378890 recvfrom(12, "GET /payload-1024.bin HTTP/1.1\r\n"..., 4096, 0, NULL, NULL) = 75 <0.000044>
18615 1790562286.379242 sendto(12, "HTTP/1.1 200 OK\r\nContent-Length:"..., 105, MSG_NOSIGNAL, NULL, 0) = 105 <0.000045>
18615 1790562286.379503 sendfile(12, 13, [0] => [1024], 1024) = 1024 <0.000048>
18615 1790562286.379761 epoll_wait(8, [{events=EPOLLIN, data={u32=8, u64=8}}], 64, 1000) = 1 <0.000024>
18615 1790562286.379848 recvfrom(12, "GET /payload-1024.bin HTTP/1.1\r\n"..., 4096, 0, NULL, NULL) = 75 <0.000029>
18615 1790562286.380194 sendto(12, "HTTP/1.1 200 OK\r\nContent-Length:"..., 105, MSG_NOSIGNAL, NULL, 0) = 105 <0.000045>
18615 1790562286.380422 sendfile(12, 13, [0] => [1024], 1024) = 1024 <0.000083>
18615 1790562286.380810 epoll_wait(8, [{events=EPOLLIN, data={u32=8, u64=8}}], 64, 1000) = 1 <0.000023>
18615 1790562286.380894 recvfrom(12, "GET /payload-1024.bin HTTP/1.1\r\n"..., 4096, 0, NULL, NULL) = 75 <0.000030>
18615 1790562286.381236 sendto(12, "HTTP/1.1 200 OK\r\nContent-Length:"..., 105, MSG_NOSIGNAL, NULL, 0) = 105 <0.000093>
18615 1790562286.381604 sendfile(12, 13, [0] => [1024], 1024) = 1024 <0.000058>
18615 1790562286.382012 epoll_wait(8, [{events=EPOLLIN, data={u32=8, u64=8}}], 64, 1000) = 1 <0.000023>
18615 1790562286.382107 recvfrom(12, "GET /payload-1024.bin HTTP/1.1\r\n"..., 4096, 0, NULL, NULL) = 75 <0.000031>
18615 1790562286.382478 sendto(12, "HTTP/1.1 200 OK\r\nContent-Length:"..., 105, MSG_NOSIGNAL, NULL, 0) = 105 <0.000040>
18615 1790562286.382741 sendfile(12, 13, [0] => [1024], 1024) = 1024 <0.000048>
18615 1790562286.383018 epoll_wait(8, [{events=EPOLLIN, data={u32=8, u64=8}}], 64, 1000) = 1 <0.000024>
18615 1790562286.383100 recvfrom(12, "GET /payload-1024.bin HTTP/1.1\r\n"..., 4096, 0, NULL, NULL) = 75 <0.000023>
18615 1790562286.383438 sendto(12, "HTTP/1.1 200 OK\r\nContent-Length:"..., 105, MSG_NOSIGNAL, NULL, 0) = 105 <0.000072>
18615 1790562286.383714 sendfile(12, 13, [0] => [1024], 1024) = 1024 <0.000069>
18615 1790562286.383970 epoll_wait(8, [{events=EPOLLIN, data={u32=8, u64=8}}], 64, 1000) = 1 <0.000037>
18615 1790562286.384061 recvfrom(12, "GET /payload-1024.bin HTTP/1.1\r\n"..., 4096, 0, NULL, NULL) = 75 <0.000023>
18615 1790562286.384400 sendto(12, "HTTP/1.1 200 OK\r\nContent-Length:"..., 105, MSG_NOSIGNAL, NULL, 0) = 105 <0.000070>
18615 1790562286.384656 sendfile(12, 13, [0] => [1024], 1024) = 1024 <0.000043>
18615 1790562286.384907 epoll_wait(8, [{events=EPOLLIN, data={u32=8, u64=8}}], 64, 1000) = 1 <0.000029>
18615 1790562286.384986 recvfrom(12, "GET /payload-1024.bin HTTP/1.1\r\n"..., 4096, 0, NULL, NULL) = 75 <0.000039>
18615 1790562286.385351 sendto(12, "HTTP/1.1 200 OK\r\nContent-Length:"..., 105, MSG_NOSIGNAL, NULL, 0) = 105 <0.000077>
18615 1790562286.385698 sendfile(12, 13, [0] => [1024], 1024) = 1024 <0.000060>
18615 1790562286.386050 epoll_wait(8, [{events=EPOLLIN, data={u32=8, u64=8}}], 64, 1000) = 1 <0.000033>
18615 1790562286.386133 recvfrom(12, "GET /payload-1024.bin HTTP/1.1\r\n"..., 4096, 0, NULL, NULL) = 75 <0.000041>
18615 1790562286.386616 sendto(12, "HTTP/1.1 200 OK\r\nContent-Length:"..., 105, MSG_NOSIGNAL, NULL, 0) = 105 <0.000063>
18615 1790562286.386951 sendfile(12, 13, [0] => [1024], 1024) = 1024 <0.000058>
18615 1790562286.387361 epoll_wait(8, [{events=EPOLLIN, data={u32=8, u64=8}}], 64, 1000) = 1 <0.000055>
18615 1790562286.387490 recvfrom(12, "GET /payload-1024.bin HTTP/1.1\r\n"..., 4096, 0, NULL, NULL) = 75 <0.000034>
18615 1790562286.388019 sendto(12, "HTTP/1.1 200 OK\r\nContent-Length:"..., 105, MSG_NOSIGNAL, NULL, 0) = 105 <0.000045>
18615 1790562286.388319 sendfile(12, 13, [0] => [1024], 1024) = 1024 <0.000056>
18615 1790562286.388717 epoll_wait(8, [{events=EPOLLIN, data={u32=8, u64=8}}], 64, 1000) = 1 <0.000052>
18615 1790562286.388830 recvfrom(12, "GET /payload-1024.bin HTTP/1.1\r\n"..., 4096, 0, NULL, NULL) = 75 <0.000025>
18615 1790562286.389244 sendto(12, "HTTP/1.1 200 OK\r\nContent-Length:"..., 105, MSG_NOSIGNAL, NULL, 0) = 105 <0.000074>
18615 1790562286.389529 sendfile(12, 13, [0] => [1024], 1024) = 1024 <0.000090>
18615 1790562286.389867 epoll_wait(8, [{events=EPOLLIN, data={u32=8, u64=8}}], 64, 1000) = 1 <0.000106>
18615 1790562286.390022 recvfrom(12, "GET /payload-1024.bin HTTP/1.1\r\n"..., 4096, 0, NULL, NULL) = 75 <0.000041>
18615 1790562286.390457 sendto(12, "HTTP/1.1 200 OK\r\nContent-Length:"..., 105, MSG_NOSIGNAL, NULL, 0) = 105 <0.000048>
18615 1790562286.390731 sendfile(12, 13, [0] => [1024], 1024) = 1024 <0.000051>
18615 1790562286.391030 epoll_wait(8, [{events=EPOLLIN, data={u32=8, u64=8}}], 64, 1000) = 1 <0.000025>
18615 1790562286.391122 recvfrom(12, "GET /payload-1024.bin HTTP/1.1\r\n"..., 4096, 0, NULL, NULL) = 75 <0.000042>
18615 1790562286.391565 sendto(12, "HTTP/1.1 200 OK\r\nContent-Length:"..., 105, MSG_NOSIGNAL, NULL, 0) = 105 <0.000086>
18615 1790562286.391899 sendfile(12, 13, [0] => [1024], 1024) = 1024 <0.000096>
18615 1790562286.392338 epoll_wait(8, [{events=EPOLLIN, data={u32=8, u64=8}}], 64, 1000) = 1 <0.000047>
18615 1790562286.392482 recvfrom(12, "GET /payload-1024.bin HTTP/1.1\r\n"..., 4096, 0, NULL, NULL) = 75 <0.000027>
18615 1790562286.392881 sendto(12, "HTTP/1.1 200 OK\r\nContent-Length:"..., 105, MSG_NOSIGNAL, NULL, 0) = 105 <0.000088>
18615 1790562286.393200 sendfile(12, 13, [0] => [1024], 1024) = 1024 <0.000058>
18615 1790562286.393566 epoll_wait(8, [{events=EPOLLIN, data={u32=8, u64=8}}], 64, 1000) = 1 <0.000027>
18615 1790562286.393665 recvfrom(12, "GET /payload-1024.bin HTTP/1.1\r\n"..., 4096, 0, NULL, NULL) = 75 <0.000042>
18615 1790562286.394117 sendto(12, "HTTP/1.1 200 OK\r\nContent-Length:"..., 105, MSG_NOSIGNAL, NULL, 0) = 105 <0.000046>
18615 1790562286.394407 sendfile(12, 13, [0] => [1024], 1024) = 1024 <0.000046>
18615 1790562286.394667 epoll_wait(8, [{events=EPOLLIN, data={u32=8, u64=8}}], 64, 1000) = 1 <0.000252>
18615 1790562286.394981 recvfrom(12, "GET /payload-1024.bin HTTP/1.1\r\n"..., 4096, 0, NULL, NULL) = 75 <0.000038>
18615 1790562286.395384 sendto(12, "HTTP/1.1 200 OK\r\nContent-Length:"..., 105, MSG_NOSIGNAL, NULL, 0) = 105 <0.000097>
18615 1790562286.395728 sendfile(12, 13, [0] => [1024], 1024) = 1024 <0.000059>
18615 1790562286.396006 epoll_wait(8, [{events=EPOLLIN|EPOLLRDHUP, data={u32=8, u64=8}}], 64, 1000) = 1 <0.000252>
18615 1790562286.396342 recvfrom(12, "", 4096, 0, NULL, NULL) = 0 <0.000049>
18615 1790562286.396485 epoll_ctl(8, EPOLL_CTL_DEL, 12, NULL) = 0 <0.000036>
18615 1790562286.396685 epoll_wait(8,  <unfinished ...>
18613 1790562286.414334 <... epoll_wait resumed>[{events=EPOLLIN, data={u32=4, u64=4}}], 64, 1000) = 1 <0.055133>
18616 1790562286.414660 <... epoll_wait resumed>[{events=EPOLLIN, data={u32=3, u64=3}}], 64, 1000) = 1 <0.072767>
18616 1790562286.414815 read(11,  <unfinished ...>
18613 1790562286.414853 epoll_wait(5,  <unfinished ...>
18616 1790562286.414910 <... read resumed>"\1\0\0\0\0\0\0\0", 8) = 8 <0.000072>
18616 1790562286.415001 read(11, 0x7e2febffca00, 8) = -1 EAGAIN (Resource temporarily unavailable) <0.000040>
18616 1790562286.415139 epoll_ctl(10, EPOLL_CTL_ADD, 12, {events=EPOLLIN|EPOLLRDHUP, data={u32=9, u64=9}}) = 0 <0.000052>
18616 1790562286.415296 epoll_wait(10, [{events=EPOLLIN, data={u32=9, u64=9}}], 64, 1000) = 1 <0.000050>
18616 1790562286.415430 recvfrom(12, "GET /payload-1024.bin HTTP/1.1\r\n"..., 4096, 0, NULL, NULL) = 75 <0.000051>
18616 1790562286.416024 sendto(12, "HTTP/1.1 200 OK\r\nContent-Length:"..., 105, MSG_NOSIGNAL, NULL, 0) = 105 <0.000059>
18616 1790562286.416332 sendfile(12, 13, [0] => [1024], 1024) = 1024 <0.000060>
18616 1790562286.416729 epoll_wait(10, [{events=EPOLLIN, data={u32=9, u64=9}}], 64, 1000) = 1 <0.000063>
18616 1790562286.416875 recvfrom(12, "GET /payload-1024.bin HTTP/1.1\r\n"..., 4096, 0, NULL, NULL) = 75 <0.000028>
18616 1790562286.417298 sendto(12, "HTTP/1.1 200 OK\r\nContent-Length:"..., 105, MSG_NOSIGNAL, NULL, 0) = 105 <0.000066>
18616 1790562286.417638 sendfile(12, 13, [0] => [1024], 1024) = 1024 <0.000058>
18616 1790562286.417928 epoll_wait(10, [{events=EPOLLIN, data={u32=9, u64=9}}], 64, 1000) = 1 <0.000278>
18616 1790562286.418328 recvfrom(12, "GET /payload-1024.bin HTTP/1.1\r\n"..., 4096, 0, NULL, NULL) = 75 <0.000055>
18616 1790562286.418949 sendto(12, "HTTP/1.1 200 OK\r\nContent-Length:"..., 105, MSG_NOSIGNAL, NULL, 0) = 105 <0.000057>
18616 1790562286.419254 sendfile(12, 13, [0] => [1024], 1024) = 1024 <0.000051>
18616 1790562286.419573 epoll_wait(10, [{events=EPOLLIN, data={u32=9, u64=9}}], 64, 1000) = 1 <0.000322>
18616 1790562286.419985 recvfrom(12, "GET /payload-1024.bin HTTP/1.1\r\n"..., 4096, 0, NULL, NULL) = 75 <0.000053>
18616 1790562286.420503 sendto(12, "HTTP/1.1 200 OK\r\nContent-Length:"..., 105, MSG_NOSIGNAL, NULL, 0) = 105 <0.000051>
18616 1790562286.420798 sendfile(12, 13, [0] => [1024], 1024) = 1024 <0.000061>
18616 1790562286.421053 epoll_wait(10, [{events=EPOLLIN, data={u32=9, u64=9}}], 64, 1000) = 1 <0.000364>
18616 1790562286.421506 recvfrom(12, "GET /payload-1024.bin HTTP/1.1\r\n"..., 4096, 0, NULL, NULL) = 75 <0.000037>
18616 1790562286.421924 sendto(12, "HTTP/1.1 200 OK\r\nContent-Length:"..., 105, MSG_NOSIGNAL, NULL, 0) = 105 <0.000047>
18616 1790562286.422204 sendfile(12, 13, [0] => [1024], 1024) = 1024 <0.000050>
18616 1790562286.422536 epoll_wait(10, [{events=EPOLLIN, data={u32=9, u64=9}}], 64, 1000) = 1 <0.000517>
18616 1790562286.423168 recvfrom(12, "GET /payload-1024.bin HTTP/1.1\r\n"..., 4096, 0, NULL, NULL) = 75 <0.000039>
18616 1790562286.423627 sendto(12, "HTTP/1.1 200 OK\r\nContent-Length:"..., 105, MSG_NOSIGNAL, NULL, 0) = 105 <0.000051>
18616 1790562286.423923 sendfile(12, 13, [0] => [1024], 1024) = 1024 <0.000047>
18616 1790562286.424197 epoll_wait(10, [{events=EPOLLIN, data={u32=9, u64=9}}], 64, 1000) = 1 <0.000193>
18616 1790562286.424472 recvfrom(12, "GET /payload-1024.bin HTTP/1.1\r\n"..., 4096, 0, NULL, NULL) = 75 <0.000036>
18616 1790562286.424877 sendto(12, "HTTP/1.1 200 OK\r\nContent-Length:"..., 105, MSG_NOSIGNAL, NULL, 0) = 105 <0.000118>
18616 1790562286.425183 sendfile(12, 13, [0] => [1024], 1024) = 1024 <0.000047>
18616 1790562286.425460 epoll_wait(10, [{events=EPOLLIN, data={u32=9, u64=9}}], 64, 1000) = 1 <0.000172>
18616 1790562286.425709 recvfrom(12, "GET /payload-1024.bin HTTP/1.1\r\n"..., 4096, 0, NULL, NULL) = 75 <0.000036>
18616 1790562286.426150 sendto(12, "HTTP/1.1 200 OK\r\nContent-Length:"..., 105, MSG_NOSIGNAL, NULL, 0) = 105 <0.000067>
18616 1790562286.426523 sendfile(12, 13, [0] => [1024], 1024) = 1024 <0.000057>
18616 1790562286.426806 epoll_wait(10, [{events=EPOLLIN, data={u32=9, u64=9}}], 64, 1000) = 1 <0.000027>
18616 1790562286.426908 recvfrom(12, "GET /payload-1024.bin HTTP/1.1\r\n"..., 4096, 0, NULL, NULL) = 75 <0.000040>
18616 1790562286.427365 sendto(12, "HTTP/1.1 200 OK\r\nContent-Length:"..., 105, MSG_NOSIGNAL, NULL, 0) = 105 <0.000051>
18616 1790562286.427732 sendfile(12, 13, [0] => [1024], 1024) = 1024 <0.000090>
18616 1790562286.428165 epoll_wait(10, [{events=EPOLLIN, data={u32=9, u64=9}}], 64, 1000) = 1 <0.000053>
18616 1790562286.428325 recvfrom(12, "GET /payload-1024.bin HTTP/1.1\r\n"..., 4096, 0, NULL, NULL) = 75 <0.000038>
18616 1790562286.428736 sendto(12, "HTTP/1.1 200 OK\r\nContent-Length:"..., 105, MSG_NOSIGNAL, NULL, 0) = 105 <0.000124>
18616 1790562286.429047 sendfile(12, 13, [0] => [1024], 1024) = 1024 <0.000047>
18616 1790562286.429270 epoll_wait(10, [{events=EPOLLIN, data={u32=9, u64=9}}], 64, 1000) = 1 <0.000107>
18616 1790562286.429433 recvfrom(12, "GET /payload-1024.bin HTTP/1.1\r\n"..., 4096, 0, NULL, NULL) = 75 <0.000027>
18616 1790562286.429824 sendto(12, "HTTP/1.1 200 OK\r\nContent-Length:"..., 105, MSG_NOSIGNAL, NULL, 0) = 105 <0.000081>
18616 1790562286.430095 sendfile(12, 13, [0] => [1024], 1024) = 1024 <0.000070>
18616 1790562286.430373 epoll_wait(10, [{events=EPOLLIN, data={u32=9, u64=9}}], 64, 1000) = 1 <0.000056>
18616 1790562286.430550 recvfrom(12, "GET /payload-1024.bin HTTP/1.1\r\n"..., 4096, 0, NULL, NULL) = 75 <0.000044>
18616 1790562286.430983 sendto(12, "HTTP/1.1 200 OK\r\nContent-Length:"..., 105, MSG_NOSIGNAL, NULL, 0) = 105 <0.000062>
18616 1790562286.431264 sendfile(12, 13, [0] => [1024], 1024) = 1024 <0.000080>
18616 1790562286.431637 epoll_wait(10, [{events=EPOLLIN, data={u32=9, u64=9}}], 64, 1000) = 1 <0.000042>
18616 1790562286.431764 recvfrom(12, "GET /payload-1024.bin HTTP/1.1\r\n"..., 4096, 0, NULL, NULL) = 75 <0.000029>
18616 1790562286.432184 sendto(12, "HTTP/1.1 200 OK\r\nContent-Length:"..., 105, MSG_NOSIGNAL, NULL, 0) = 105 <0.000104>
18616 1790562286.432543 sendfile(12, 13, [0] => [1024], 1024) = 1024 <0.000082>
18616 1790562286.432890 epoll_wait(10, [{events=EPOLLIN, data={u32=9, u64=9}}], 64, 1000) = 1 <0.000038>
18616 1790562286.433006 recvfrom(12, "GET /payload-1024.bin HTTP/1.1\r\n"..., 4096, 0, NULL, NULL) = 75 <0.000038>
18616 1790562286.433625 sendto(12, "HTTP/1.1 200 OK\r\nContent-Length:"..., 105, MSG_NOSIGNAL, NULL, 0) = 105 <0.000078>
18616 1790562286.433898 sendfile(12, 13, [0] => [1024], 1024) = 1024 <0.000047>
18616 1790562286.434212 epoll_wait(10, [{events=EPOLLIN, data={u32=9, u64=9}}], 64, 1000) = 1 <0.000311>
18616 1790562286.434616 recvfrom(12, "GET /payload-1024.bin HTTP/1.1\r\n"..., 4096, 0, NULL, NULL) = 75 <0.000039>
18616 1790562286.435031 sendto(12, "HTTP/1.1 200 OK\r\nContent-Length:"..., 105, MSG_NOSIGNAL, NULL, 0) = 105 <0.000044>
18616 1790562286.435303 sendfile(12, 13, [0] => [1024], 1024) = 1024 <0.000047>
18616 1790562286.435684 epoll_wait(10, [{events=EPOLLIN, data={u32=9, u64=9}}], 64, 1000) = 1 <0.000186>
18616 1790562286.435979 recvfrom(12, "GET /payload-1024.bin HTTP/1.1\r\n"..., 4096, 0, NULL, NULL) = 75 <0.000046>
18616 1790562286.436460 sendto(12, "HTTP/1.1 200 OK\r\nContent-Length:"..., 105, MSG_NOSIGNAL, NULL, 0) = 105 <0.000076>
18616 1790562286.436789 sendfile(12, 13, [0] => [1024], 1024) = 1024 <0.000051>
18616 1790562286.437058 epoll_wait(10, [{events=EPOLLIN, data={u32=9, u64=9}}], 64, 1000) = 1 <0.000402>
18616 1790562286.437583 recvfrom(12, "GET /payload-1024.bin HTTP/1.1\r\n"..., 4096, 0, NULL, NULL) = 75 <0.000039>
18616 1790562286.438121 sendto(12, "HTTP/1.1 200 OK\r\nContent-Length:"..., 105, MSG_NOSIGNAL, NULL, 0) = 105 <0.000056>
18616 1790562286.438510 sendfile(12, 13, [0] => [1024], 1024) = 1024 <0.000069>
18616 1790562286.438886 epoll_wait(10, [{events=EPOLLIN, data={u32=9, u64=9}}], 64, 1000) = 1 <0.000097>
18616 1790562286.439038 recvfrom(12, "GET /payload-1024.bin HTTP/1.1\r\n"..., 4096, 0, NULL, NULL) = 75 <0.000039>
18616 1790562286.439495 sendto(12, "HTTP/1.1 200 OK\r\nContent-Length:"..., 105, MSG_NOSIGNAL, NULL, 0) = 105 <0.000053>
18616 1790562286.439995 sendfile(12, 13, [0] => [1024], 1024) = 1024 <0.000065>
18616 1790562286.440435 epoll_wait(10, [{events=EPOLLIN, data={u32=9, u64=9}}], 64, 1000) = 1 <0.000079>
18616 1790562286.440586 recvfrom(12, "GET /payload-1024.bin HTTP/1.1\r\n"..., 4096, 0, NULL, NULL) = 75 <0.000042>
18616 1790562286.441009 sendto(12, "HTTP/1.1 200 OK\r\nContent-Length:"..., 105, MSG_NOSIGNAL, NULL, 0) = 105 <0.000050>
18616 1790562286.441253 sendfile(12, 13, [0] => [1024], 1024) = 1024 <0.000057>
18616 1790562286.441575 epoll_wait(10, [{events=EPOLLIN, data={u32=9, u64=9}}], 64, 1000) = 1 <0.000085>
18616 1790562286.441752 recvfrom(12, "GET /payload-1024.bin HTTP/1.1\r\n"..., 4096, 0, NULL, NULL) = 75 <0.000035>
18616 1790562286.442154 sendto(12, "HTTP/1.1 200 OK\r\nContent-Length:"..., 105, MSG_NOSIGNAL, NULL, 0) = 105 <0.000080>
18616 1790562286.442480 sendfile(12, 13, [0] => [1024], 1024) = 1024 <0.000049>
18616 1790562286.442770 epoll_wait(10, [{events=EPOLLIN, data={u32=9, u64=9}}], 64, 1000) = 1 <0.000028>
18616 1790562286.442862 recvfrom(12, "GET /payload-1024.bin HTTP/1.1\r\n"..., 4096, 0, NULL, NULL) = 75 <0.000027>
18616 1790562286.443256 sendto(12, "HTTP/1.1 200 OK\r\nContent-Length:"..., 105, MSG_NOSIGNAL, NULL, 0) = 105 <0.000060>
18616 1790562286.443525 sendfile(12, 13, [0] => [1024], 1024) = 1024 <0.000051>
18616 1790562286.443828 epoll_wait(10, [{events=EPOLLIN, data={u32=9, u64=9}}], 64, 1000) = 1 <0.000110>
18616 1790562286.444007 recvfrom(12, "GET /payload-1024.bin HTTP/1.1\r\n"..., 4096, 0, NULL, NULL) = 75 <0.000038>
18616 1790562286.444442 sendto(12, "HTTP/1.1 200 OK\r\nContent-Length:"..., 105, MSG_NOSIGNAL, NULL, 0) = 105 <0.000107>
18616 1790562286.444743 sendfile(12, 13, [0] => [1024], 1024) = 1024 <0.000050>
18616 1790562286.444997 epoll_wait(10, [{events=EPOLLIN, data={u32=9, u64=9}}], 64, 1000) = 1 <0.000087>
18616 1790562286.445156 recvfrom(12, "GET /payload-1024.bin HTTP/1.1\r\n"..., 4096, 0, NULL, NULL) = 75 <0.000027>
18616 1790562286.445636 sendto(12, "HTTP/1.1 200 OK\r\nContent-Length:"..., 105, MSG_NOSIGNAL, NULL, 0) = 105 <0.000055>
18616 1790562286.445997 sendfile(12, 13, [0] => [1024], 1024) = 1024 <0.000088>
18616 1790562286.446335 epoll_wait(10, [{events=EPOLLIN, data={u32=9, u64=9}}], 64, 1000) = 1 <0.000030>
18616 1790562286.446469 recvfrom(12, "GET /payload-1024.bin HTTP/1.1\r\n"..., 4096, 0, NULL, NULL) = 75 <0.000045>
18616 1790562286.446899 sendto(12, "HTTP/1.1 200 OK\r\nContent-Length:"..., 105, MSG_NOSIGNAL, NULL, 0) = 105 <0.000085>
18616 1790562286.447228 sendfile(12, 13, [0] => [1024], 1024) = 1024 <0.000048>
18616 1790562286.447506 epoll_wait(10, [{events=EPOLLIN, data={u32=9, u64=9}}], 64, 1000) = 1 <0.000189>
18616 1790562286.447761 recvfrom(12, "GET /payload-1024.bin HTTP/1.1\r\n"..., 4096, 0, NULL, NULL) = 75 <0.000040>
18616 1790562286.448291 sendto(12, "HTTP/1.1 200 OK\r\nContent-Length:"..., 105, MSG_NOSIGNAL, NULL, 0) = 105 <0.000057>
18616 1790562286.448575 sendfile(12, 13, [0] => [1024], 1024) = 1024 <0.000053>
18616 1790562286.448913 epoll_wait(10, [{events=EPOLLIN, data={u32=9, u64=9}}], 64, 1000) = 1 <0.000032>
18616 1790562286.449011 recvfrom(12, "GET /payload-1024.bin HTTP/1.1\r\n"..., 4096, 0, NULL, NULL) = 75 <0.000039>
18616 1790562286.449415 sendto(12, "HTTP/1.1 200 OK\r\nContent-Length:"..., 105, MSG_NOSIGNAL, NULL, 0) = 105 <0.000058>
18616 1790562286.449729 sendfile(12, 13, [0] => [1024], 1024) = 1024 <0.000060>
18616 1790562286.450009 epoll_wait(10, [{events=EPOLLIN, data={u32=9, u64=9}}], 64, 1000) = 1 <0.000102>
18616 1790562286.450182 recvfrom(12, "GET /payload-1024.bin HTTP/1.1\r\n"..., 4096, 0, NULL, NULL) = 75 <0.000038>
18616 1790562286.450623 sendto(12, "HTTP/1.1 200 OK\r\nContent-Length:"..., 105, MSG_NOSIGNAL, NULL, 0) = 105 <0.000089>
18616 1790562286.450928 sendfile(12, 13, [0] => [1024], 1024) = 1024 <0.000049>
18616 1790562286.451250 epoll_wait(10, [{events=EPOLLIN, data={u32=9, u64=9}}], 64, 1000) = 1 <0.000028>
18616 1790562286.451354 recvfrom(12, "GET /payload-1024.bin HTTP/1.1\r\n"..., 4096, 0, NULL, NULL) = 75 <0.000027>
18616 1790562286.451787 sendto(12, "HTTP/1.1 200 OK\r\nContent-Length:"..., 105, MSG_NOSIGNAL, NULL, 0) = 105 <0.000053>
18616 1790562286.452096 sendfile(12, 13, [0] => [1024], 1024) = 1024 <0.000047>
18616 1790562286.452413 epoll_wait(10, [{events=EPOLLIN, data={u32=9, u64=9}}], 64, 1000) = 1 <0.000089>
18616 1790562286.452611 recvfrom(12, "GET /payload-1024.bin HTTP/1.1\r\n"..., 4096, 0, NULL, NULL) = 75 <0.000050>
18616 1790562286.453085 sendto(12, "HTTP/1.1 200 OK\r\nContent-Length:"..., 105, MSG_NOSIGNAL, NULL, 0) = 105 <0.000066>
18616 1790562286.453529 sendfile(12, 13, [0] => [1024], 1024) = 1024 <0.000071>
18616 1790562286.453944 epoll_wait(10, [{events=EPOLLIN, data={u32=9, u64=9}}], 64, 1000) = 1 <0.000074>
18616 1790562286.454072 recvfrom(12, "GET /payload-1024.bin HTTP/1.1\r\n"..., 4096, 0, NULL, NULL) = 75 <0.000043>
18616 1790562286.454573 sendto(12, "HTTP/1.1 200 OK\r\nContent-Length:"..., 105, MSG_NOSIGNAL, NULL, 0) = 105 <0.000099>
18616 1790562286.454898 sendfile(12, 13, [0] => [1024], 1024) = 1024 <0.000058>
18616 1790562286.455186 epoll_wait(10, [{events=EPOLLIN, data={u32=9, u64=9}}], 64, 1000) = 1 <0.000098>
18616 1790562286.455366 recvfrom(12, "GET /payload-1024.bin HTTP/1.1\r\n"..., 4096, 0, NULL, NULL) = 75 <0.000028>
18616 1790562286.455837 sendto(12, "HTTP/1.1 200 OK\r\nContent-Length:"..., 105, MSG_NOSIGNAL, NULL, 0) = 105 <0.000051>
18616 1790562286.456243 sendfile(12, 13, [0] => [1024], 1024) = 1024 <0.000067>
18616 1790562286.456736 epoll_wait(10, [{events=EPOLLIN, data={u32=9, u64=9}}], 64, 1000) = 1 <0.000093>
18616 1790562286.456962 recvfrom(12, "GET /payload-1024.bin HTTP/1.1\r\n"..., 4096, 0, NULL, NULL) = 75 <0.000055>
18616 1790562286.457424 sendto(12, "HTTP/1.1 200 OK\r\nContent-Length:"..., 105, MSG_NOSIGNAL, NULL, 0) = 105 <0.000072>
18616 1790562286.457703 sendfile(12, 13, [0] => [1024], 1024) = 1024 <0.000058>
18616 1790562286.458065 epoll_wait(10, [{events=EPOLLIN|EPOLLRDHUP, data={u32=9, u64=9}}], 64, 1000) = 1 <0.000113>
18616 1790562286.458250 recvfrom(12, "", 4096, 0, NULL, NULL) = 0 <0.000045>
18616 1790562286.458412 epoll_ctl(10, EPOLL_CTL_DEL, 12, NULL) = 0 <0.000044>
18616 1790562286.458644 epoll_wait(10,  <unfinished ...>
18613 1790562286.477105 <... epoll_wait resumed>[{events=EPOLLIN, data={u32=4, u64=4}}], 64, 1000) = 1 <0.062241>
18615 1790562286.477442 <... epoll_wait resumed>[{events=EPOLLIN, data={u32=2, u64=2}}], 64, 1000) = 1 <0.080732>
18615 1790562286.477695 read(9, "\1\0\0\0\0\0\0\0", 8) = 8 <0.000049>
18613 1790562286.477813 epoll_wait(5,  <unfinished ...>
18615 1790562286.477838 read(9, 0x7e2fec7fda00, 8) = -1 EAGAIN (Resource temporarily unavailable) <0.000043>
18615 1790562286.477956 epoll_ctl(8, EPOLL_CTL_ADD, 12, {events=EPOLLIN|EPOLLRDHUP, data={u32=10, u64=10}}) = 0 <0.000042>
18615 1790562286.478090 epoll_wait(8, [{events=EPOLLIN, data={u32=10, u64=10}}], 64, 1000) = 1 <0.000037>
18615 1790562286.478223 recvfrom(12, "GET /payload-1024.bin HTTP/1.1\r\n"..., 4096, 0, NULL, NULL) = 81 <0.000048>
18615 1790562286.478715 sendto(12, "HTTP/1.1 200 OK\r\nContent-Length:"..., 105, MSG_NOSIGNAL, NULL, 0) = 105 <0.000094>
18615 1790562286.479182 sendfile(12, 13, [0] => [1024], 1024) = 1024 <0.000096>
18615 1790562286.479530 epoll_wait(8, [{events=EPOLLIN, data={u32=10, u64=10}}], 64, 1000) = 1 <0.010295>
18615 1790562286.489987 recvfrom(12, "GET /payload-1024.bin HTTP/1.1\r\n"..., 4096, 0, NULL, NULL) = 81 <0.000049>
18615 1790562286.490900 sendto(12, "HTTP/1.1 200 OK\r\nContent-Length:"..., 105, MSG_NOSIGNAL, NULL, 0) = 105 <0.000084>
18615 1790562286.491353 sendfile(12, 13, [0] => [1024], 1024) = 1024 <0.000070>
18615 1790562286.491884 epoll_wait(8, [{events=EPOLLIN, data={u32=10, u64=10}}], 64, 1000) = 1 <0.054868>
18615 1790562286.547116 recvfrom(12, "GET /payload-1024.bin HTTP/1.1\r\n"..., 4096, 0, NULL, NULL) = 81 <0.000198>
18615 1790562286.548929 sendto(12, "HTTP/1.1 200 OK\r\nContent-Length:"..., 105, MSG_NOSIGNAL, NULL, 0) = 105 <0.000095>
18615 1790562286.549478 sendfile(12, 13, [0] => [1024], 1024) = 1024 <0.000076>
18615 1790562286.550035 epoll_wait(8, [{events=EPOLLIN, data={u32=10, u64=10}}], 64, 1000) = 1 <0.051821>
18615 1790562286.602061 recvfrom(12, "GET /payload-1024.bin HTTP/1.1\r\n"..., 4096, 0, NULL, NULL) = 81 <0.000047>
18615 1790562286.602755 sendto(12, "HTTP/1.1 200 OK\r\nContent-Length:"..., 105, MSG_NOSIGNAL, NULL, 0) = 105 <0.000062>
18615 1790562286.603179 sendfile(12, 13, [0] => [1024], 1024) = 1024 <0.000058>
18615 1790562286.603547 epoll_wait(8, [{events=EPOLLIN, data={u32=10, u64=10}}], 64, 1000) = 1 <0.054357>
18615 1790562286.658137 recvfrom(12, "GET /payload-1024.bin HTTP/1.1\r\n"..., 4096, 0, NULL, NULL) = 81 <0.000082>
18615 1790562286.659082 sendto(12, "HTTP/1.1 200 OK\r\nContent-Length:"..., 105, MSG_NOSIGNAL, NULL, 0) = 105 <0.000092>
18615 1790562286.659604 sendfile(12, 13, [0] => [1024], 1024) = 1024 <0.000102>
18615 1790562286.660141 epoll_wait(8, [{events=EPOLLIN|EPOLLRDHUP, data={u32=10, u64=10}}], 64, 1000) = 1 <0.053929>
18615 1790562286.714177 recvfrom(12, "", 4096, 0, NULL, NULL) = 0 <0.000074>
18615 1790562286.714387 epoll_ctl(8, EPOLL_CTL_DEL, 12, NULL) = 0 <0.000096>
18615 1790562286.714984 epoll_wait(8,  <detached ...>
