18924 1790562293.166190 epoll_wait(10,  <unfinished ...>
18923 1790562293.166271 epoll_wait(8,  <unfinished ...>
18922 1790562293.166294 epoll_wait(5, [{events=EPOLLIN, data={u32=4, u64=4}}], 64, 1000) = 1 <0.149093>
18924 1790562293.316158 <... epoll_wait resumed>[{events=EPOLLIN, data={u32=3, u64=3}}], 64, 1000) = 1 <0.149895>
18924 1790562293.316577 read(11, "\1\0\0\0\0\0\0\0", 8) = 8 <0.000051>
18922 1790562293.316712 epoll_wait(5,  <unfinished ...>
18924 1790562293.316766 read(11, 0x7ef03bffea00, 8) = -1 EAGAIN (Resource temporarily unavailable) <0.000086>
18924 1790562293.317004 epoll_ctl(10, EPOLL_CTL_ADD, 12, {events=EPOLLIN|EPOLLRDHUP, data={u32=7, u64=7}}) = 0 <0.000103>
18924 1790562293.317330 epoll_wait(10, [{events=EPOLLIN, data={u32=7, u64=7}}], 64, 1000) = 1 <0.000110>
18924 1790562293.317679 recvfrom(12, "GET /payload-1024.bin HTTP/1.1\r\n"..., 16384, 0, NULL, NULL) = 75 <0.000118>
18924 1790562293.319403 sendto(12, "HTTP/1.1 200 OK\r\nContent-Length:"..., 105, MSG_NOSIGNAL, NULL, 0) = 105 <0.000116>
18924 1790562293.320259 sendfile(12, 13, [0] => [1024], 1024) = 1024 <0.000084>
18924 1790562293.320791 epoll_wait(10, [{events=EPOLLIN, data={u32=7, u64=7}}], 64, 1000) = 1 <0.000083>
18924 1790562293.321020 recvfrom(12, "GET /payload-1024.bin HTTP/1.1\r\n"..., 16384, 0, NULL, NULL) = 75 <0.000068>
18924 1790562293.322284 sendto(12, "HTTP/1.1 200 OK\r\nContent-Length:"..., 105, MSG_NOSIGNAL, NULL, 0) = 105 <0.000187>
18924 1790562293.322833 sendfile(12, 13, [0] => [1024], 1024) = 1024 <0.000054>
18924 1790562293.323209 epoll_wait(10, [{events=EPOLLIN, data={u32=7, u64=7}}], 64, 1000) = 1 <0.044649>
18924 1790562293.368218 recvfrom(12, "GET /payload-1024.bin HTTP/1.1\r\n"..., 16384, 0, NULL, NULL) = 75 <0.000120>
18924 1790562293.370811 sendto(12, "HTTP/1.1 200 OK\r\nContent-Length:"..., 105, MSG_NOSIGNAL, NULL, 0) = 105 <0.000207>
18924 1790562293.371714 sendfile(12, 13, [0] => [1024], 1024) = 1024 <0.000133>
18924 1790562293.372445 epoll_wait(10, [{events=EPOLLIN, data={u32=7, u64=7}}], 64, 1000) = 1 <0.043577>
18924 1790562293.416346 recvfrom(12, "GET /payload-1024.bin HTTP/1.1\r\n"..., 16384, 0, NULL, NULL) = 75 <0.000146>
18924 1790562293.419397 sendto(12, "HTTP/1.1 200 OK\r\nContent-Length:"..., 105, MSG_NOSIGNAL, NULL, 0) = 105 <0.000177>
18924 1790562293.420152 sendfile(12, 13, [0] => [1024], 1024) = 1024 <0.000099>
18924 1790562293.420763 epoll_wait(10, [{events=EPOLLIN, data={u32=7, u64=7}}], 64, 1000) = 1 <0.042401>
18924 1790562293.463315 recvfrom(12, "GET /payload-1024.bin HTTP/1.1\r\n"..., 16384, 0, NULL, NULL) = 75 <0.000084>
18924 1790562293.464496 sendto(12, "HTTP/1.1 200 OK\r\nContent-Length:"..., 105, MSG_NOSIGNAL, NULL, 0) = 105 <0.000051>
18924 1790562293.464833 sendfile(12, 13, [0] => [1024], 1024) = 1024 <0.000044>
18924 1790562293.465192 epoll_wait(10, [{events=EPOLLIN, data={u32=7, u64=7}}], 64, 1000) = 1 <0.046138>
18924 1790562293.511457 recvfrom(12, "GET /payload-1024.bin HTTP/1.1\r\n"..., 16384, 0, NULL, NULL) = 75 <0.000040>
18924 1790562293.512459 sendto(12, "HTTP/1.1 200 OK\r\nContent-Length:"..., 105, MSG_NOSIGNAL, NULL, 0) = 105 <0.000068>
18924 1790562293.512794 sendfile(12, 13, [0] => [1024], 1024) = 1024 <0.000042>
18924 1790562293.513062 epoll_wait(10, [{events=EPOLLIN, data={u32=7, u64=7}}], 64, 1000) = 1 <0.041946>
18924 1790562293.555129 recvfrom(12, "GET /payload-1024.bin HTTP/1.1\r\n"..., 16384, 0, NULL, NULL) = 75 <0.000033>
18924 1790562293.556300 sendto(12, "HTTP/1.1 200 OK\r\nContent-Length:"..., 105, MSG_NOSIGNAL, NULL, 0) = 105 <0.000071>
18924 1790562293.556742 sendfile(12, 13, [0] => [1024], 1024) = 1024 <0.000180>
18924 1790562293.557351 epoll_wait(10, [{events=EPOLLIN, data={u32=7, u64=7}}], 64, 1000) = 1 <0.041826>
18924 1790562293.599290 recvfrom(12, "GET /payload-1024.bin HTTP/1.1\r\n"..., 16384, 0, NULL, NULL) = 75 <0.000033>
18924 1790562293.600298 sendto(12, "HTTP/1.1 200 OK\r\nContent-Length:"..., 105, MSG_NOSIGNAL, NULL, 0) = 105 <0.000047>
18924 1790562293.600596 sendfile(12, 13, [0] => [1024], 1024) = 1024 <0.000041>
18924 1790562293.600856 epoll_wait(10, [{events=EPOLLIN, data={u32=7, u64=7}}], 64, 1000) = 1 <0.042817>
18924 1790562293.643903 recvfrom(12, "GET /payload-1024.bin HTTP/1.1\r\n"..., 16384, 0, NULL, NULL) = 75 <0.000075>
18924 1790562293.645501 sendto(12, "HTTP/1.1 200 OK\r\nContent-Length:"..., 105, MSG_NOSIGNAL, NULL, 0) = 105 <0.000077>
18924 1790562293.645956 sendfile(12, 13, [0] => [1024], 1024) = 1024 <0.000134>
18924 1790562293.646421 epoll_wait(10, [{events=EPOLLIN, data={u32=7, u64=7}}], 64, 1000) = 1 <0.040693>
18924 1790562293.687292 recvfrom(12, "GET /payload-1024.bin HTTP/1.1\r\n"..., 16384, 0, NULL, NULL) = 75 <0.000050>
18924 1790562293.688405 sendto(12, "HTTP/1.1 200 OK\r\nContent-Length:"..., 105, MSG_NOSIGNAL, NULL, 0) = 105 <0.000054>
18924 1790562293.688827 sendfile(12, 13, [0] => [1024], 1024) = 1024 <0.000055>
18924 1790562293.689199 epoll_wait(10, [{events=EPOLLIN, data={u32=7, u64=7}}], 64, 1000) = 1 <0.043043>
18924 1790562293.732474 recvfrom(12, "GET /payload-1024.bin HTTP/1.1\r\n"..., 16384, 0, NULL, NULL) = 75 <0.000175>
18924 1790562293.734781 sendto(12, "HTTP/1.1 200 OK\r\nContent-Length:"..., 105, MSG_NOSIGNAL, NULL, 0) = 105 <0.000189>
18924 1790562293.735668 sendfile(12, 13, [0] => [1024], 1024) = 1024 <0.000121>
18924 1790562293.736505 epoll_wait(10, [{events=EPOLLIN, data={u32=7, u64=7}}], 64, 1000) = 1 <0.042870>
18924 1790562293.779573 recvfrom(12, "GET /payload-1024.bin HTTP/1.1\r\n"..., 16384, 0, NULL, NULL) = 75 <0.000075>
18924 1790562293.781077 sendto(12, "HTTP/1.1 200 OK\r\nContent-Length:"..., 105, MSG_NOSIGNAL, NULL, 0) = 105 <0.000053>
18924 1790562293.781429 sendfile(12, 13, [0] => [1024], 1024) = 1024 <0.000049>
18924 1790562293.781760 epoll_wait(10, [{events=EPOLLIN, data={u32=7, u64=7}}], 64, 1000) = 1 <0.041252>
18924 1790562293.823185 recvfrom(12, "GET /payload-1024.bin HTTP/1.1\r\n"..., 16384, 0, NULL, NULL) = 75 <0.000045>
18924 1790562293.824031 sendto(12, "HTTP/1.1 200 OK\r\nContent-Length:"..., 105, MSG_NOSIGNAL, NULL, 0) = 105 <0.000051>
18924 1790562293.824357 sendfile(12, 13, [0] => [1024], 1024) = 1024 <0.000049>
18924 1790562293.824647 epoll_wait(10, [{events=EPOLLIN, data={u32=7, u64=7}}], 64, 1000) = 1 <0.042807>
18924 1790562293.867735 recvfrom(12, "GET /payload-1024.bin HTTP/1.1\r\n"..., 16384, 0, NULL, NULL) = 75 <0.000091>
18924 1790562293.869962 sendto(12, "HTTP/1.1 200 OK\r\nContent-Length:"..., 105, MSG_NOSIGNAL, NULL, 0) = 105 <0.000149>
18924 1790562293.870705 sendfile(12, 13, [0] => [1024], 1024) = 1024 <0.000108>
18924 1790562293.871373 epoll_wait(10, [{events=EPOLLIN, data={u32=7, u64=7}}], 64, 1000) = 1 <0.044462>
18924 1790562293.916217 recvfrom(12, "GET /payload-1024.bin HTTP/1.1\r\n"..., 16384, 0, NULL, NULL) = 75 <0.000134>
18924 1790562293.918900 sendto(12, "HTTP/1.1 200 OK\r\nContent-Length:"..., 105, MSG_NOSIGNAL, NULL, 0) = 105 <0.000130>
18924 1790562293.919763 sendfile(12, 13, [0] => [1024], 1024) = 1024 <0.000118>
18924 1790562293.920869 epoll_wait(10, [{events=EPOLLIN, data={u32=7, u64=7}}], 64, 1000) = 1 <0.042817>
18924 1790562293.963930 recvfrom(12, "GET /payload-1024.bin HTTP/1.1\r\n"..., 16384, 0, NULL, NULL) = 75 <0.000089>
18924 1790562293.965940 sendto(12, "HTTP/1.1 200 OK\r\nContent-Length:"..., 105, MSG_NOSIGNAL, NULL, 0) = 105 <0.000169>
18924 1790562293.966655 sendfile(12, 13, [0] => [1024], 1024) = 1024 <0.000077>
18924 1790562293.967117 epoll_wait(10, [{events=EPOLLIN, data={u32=7, u64=7}}], 64, 1000) = 1 <0.040544>
18924 1790562294.007928 recvfrom(12, "GET /payload-1024.bin HTTP/1.1\r\n"..., 16384, 0, NULL, NULL) = 75 <0.000129>
18924 1790562294.009862 sendto(12, "HTTP/1.1 200 OK\r\nContent-Length:"..., 105, MSG_NOSIGNAL, NULL, 0) = 105 <0.000083>
18924 1790562294.010503 sendfile(12, 13, [0] => [1024], 1024) = 1024 <0.000080>
18924 1790562294.011054 epoll_wait(10, [{events=EPOLLIN, data={u32=7, u64=7}}], 64, 1000) = 1 <0.040016>
18924 1790562294.051287 recvfrom(12, "GET /payload-1024.bin HTTP/1.1\r\n"..., 16384, 0, NULL, NULL) = 75 <0.000066>
18924 1790562294.052558 sendto(12, "HTTP/1.1 200 OK\r\nContent-Length:"..., 105, MSG_NOSIGNAL, NULL, 0) = 105 <0.000061>
18924 1790562294.053035 sendfile(12, 13, [0] => [1024], 1024) = 1024 <0.000055>
18924 1790562294.053337 epoll_wait(10, [{events=EPOLLIN, data={u32=7, u64=7}}], 64, 1000) = 1 <0.042297>
18924 1790562294.095918 recvfrom(12, "GET /payload-1024.bin HTTP/1.1\r\n"..., 16384, 0, NULL, NULL) = 75 <0.000151>
18924 1790562294.098671 sendto(12, "HTTP/1.1 200 OK\r\nContent-Length:"..., 105, MSG_NOSIGNAL, NULL, 0) = 105 <0.000106>
18924 1790562294.099320 sendfile(12, 13, [0] => [1024], 1024) = 1024 <0.000096>
18924 1790562294.099886 epoll_wait(10, [{events=EPOLLIN, data={u32=7, u64=7}}], 64, 1000) = 1 <0.043672>
18924 1790562294.143811 recvfrom(12, "GET /payload-1024.bin HTTP/1.1\r\n"..., 16384, 0, NULL, NULL) = 75 <0.000124>
18924 1790562294.145929 sendto(12, "HTTP/1.1 200 OK\r\nContent-Length:"..., 105, MSG_NOSIGNAL, NULL, 0) = 105 <0.000110>
18924 1790562294.146541 sendfile(12, 13, [0] => [1024], 1024) = 1024 <0.000076>
18924 1790562294.147007 epoll_wait(10,  <unfinished ...>
18923 1790562294.167592 <... epoll_wait resumed>[], 64, 1000) = 0 <1.001301>
18923 1790562294.167863 epoll_wait(8,  <unfinished ...>
18924 1790562294.187124 <... epoll_wait resumed>[{events=EPOLLIN, data={u32=7, u64=7}}], 64, 1000) = 1 <0.040083>
18924 1790562294.187266 recvfrom(12, "GET /payload-1024.bin HTTP/1.1\r\n"..., 16384, 0, NULL, NULL) = 75 <0.000051>
18924 1790562294.188823 sendto(12, "HTTP/1.1 200 OK\r\nContent-Length:"..., 105, MSG_NOSIGNAL, NULL, 0) = 105 <0.000065>
18924 1790562294.189312 sendfile(12, 13, [0] => [1024], 1024) = 1024 <0.000049>
18924 1790562294.189674 epoll_wait(10, [{events=EPOLLIN, data={u32=7, u64=7}}], 64, 1000) = 1 <0.042109>
18924 1790562294.232192 recvfrom(12, "GET /payload-1024.bin HTTP/1.1\r\n"..., 16384, 0, NULL, NULL) = 75 <0.000147>
18924 1790562294.234813 sendto(12, "HTTP/1.1 200 OK\r\nContent-Length:"..., 105, MSG_NOSIGNAL, NULL, 0) = 105 <0.000168>
18924 1790562294.235870 sendfile(12, 13, [0] => [1024], 1024) = 1024 <0.000089>
18924 1790562294.236675 epoll_wait(10, [{events=EPOLLIN, data={u32=7, u64=7}}], 64, 1000) = 1 <0.042722>
18924 1790562294.279673 recvfrom(12, "GET /payload-1024.bin HTTP/1.1\r\n"..., 16384, 0, NULL, NULL) = 75 <0.000080>
18924 1790562294.281397 sendto(12, "HTTP/1.1 200 OK\r\nContent-Length:"..., 105, MSG_NOSIGNAL, NULL, 0) = 105 <0.000164>
18924 1790562294.282018 sendfile(12, 13, [0] => [1024], 1024) = 1024 <0.000079>
18924 1790562294.282522 epoll_wait(10,  <unfinished ...>
18922 1790562294.317951 <... epoll_wait resumed>[], 64, 1000) = 0 <1.001199>
18922 1790562294.318055 epoll_wait(5,  <unfinished ...>
18924 1790562294.327105 <... epoll_wait resumed>[{events=EPOLLIN, data={u32=7, u64=7}}], 64, 1000) = 1 <0.044533>
18924 1790562294.327232 recvfrom(12, "GET /payload-1024.bin HTTP/1.1\r\n"..., 16384, 0, NULL, NULL) = 75 <0.000050>
18924 1790562294.328268 sendto(12, "HTTP/1.1 200 OK\r\nContent-Length:"..., 105, MSG_NOSIGNAL, NULL, 0) = 105 <0.000054>
18924 1790562294.328638 sendfile(12, 13, [0] => [1024], 1024) = 1024 <0.000051>
18924 1790562294.329044 epoll_wait(10, [{events=EPOLLIN, data={u32=7, u64=7}}], 64, 1000) = 1 <0.042288>
18924 1790562294.371491 recvfrom(12, "GET /payload-1024.bin HTTP/1.1\r\n"..., 16384, 0, NULL, NULL) = 75 <0.000076>
18924 1790562294.372867 sendto(12, "HTTP/1.1 200 OK\r\nContent-Length:"..., 105, MSG_NOSIGNAL, NULL, 0) = 105 <0.000075>
18924 1790562294.373312 sendfile(12, 13, [0] => [1024], 1024) = 1024 <0.000061>
18924 1790562294.373720 epoll_wait(10, [{events=EPOLLIN, data={u32=7, u64=7}}], 64, 1000) = 1 <0.041884>
18924 1790562294.415863 recvfrom(12, "GET /payload-1024.bin HTTP/1.1\r\n"..., 16384, 0, NULL, NULL) = 75 <0.000114>
18924 1790562294.417849 sendto(12, "HTTP/1.1 200 OK\r\nContent-Length:"..., 105, MSG_NOSIGNAL, NULL, 0) = 105 <0.000094>
18924 1790562294.418469 sendfile(12, 13, [0] => [1024], 1024) = 1024 <0.000080>
18924 1790562294.418974 epoll_wait(10, [{events=EPOLLIN, data={u32=7, u64=7}}], 64, 1000) = 1 <0.044355>
18924 1790562294.463624 recvfrom(12, "GET /payload-1024.bin HTTP/1.1\r\n"..., 16384, 0, NULL, NULL) = 75 <0.000100>
18924 1790562294.465003 sendto(12, "HTTP/1.1 200 OK\r\nContent-Length:"..., 105, MSG_NOSIGNAL, NULL, 0) = 105 <0.000076>
18924 1790562294.465443 sendfile(12, 13, [0] => [1024], 1024) = 1024 <0.000064>
18924 1790562294.465816 epoll_wait(10, [{events=EPOLLIN, data={u32=7, u64=7}}], 64, 1000) = 1 <0.041127>
18924 1790562294.507076 recvfrom(12, "GET /payload-1024.bin HTTP/1.1\r\n"..., 16384, 0, NULL, NULL) = 75 <0.000042>
18924 1790562294.507931 sendto(12, "HTTP/1.1 200 OK\r\nContent-Length:"..., 105, MSG_NOSIGNAL, NULL, 0) = 105 <0.000046>
18924 1790562294.508229 sendfile(12, 13, [0] => [1024], 1024) = 1024 <0.000048>
18924 1790562294.508524 epoll_wait(10, [{events=EPOLLIN, data={u32=7, u64=7}}], 64, 1000) = 1 <0.043601>
18924 1790562294.552347 recvfrom(12, "GET /payload-1024.bin HTTP/1.1\r\n"..., 16384, 0, NULL, NULL) = 75 <0.000078>
18924 1790562294.554713 sendto(12, "HTTP/1.1 200 OK\r\nContent-Length:"..., 105, MSG_NOSIGNAL, NULL, 0) = 105 <0.000086>
18924 1790562294.555376 sendfile(12, 13, [0] => [1024], 1024) = 1024 <0.000111>
18924 1790562294.556086 epoll_wait(10, [{events=EPOLLIN, data={u32=7, u64=7}}], 64, 1000) = 1 <0.043082>
18924 1790562294.599317 recvfrom(12, "GET /payload-1024.bin HTTP/1.1\r\n"..., 16384, 0, NULL, NULL) = 75 <0.000030>
18924 1790562294.600143 sendto(12, "HTTP/1.1 200 OK\r\nContent-Length:"..., 105, MSG_NOSIGNAL, NULL, 0) = 105 <0.000084>
18924 1790562294.600453 sendfile(12, 13, [0] => [1024], 1024) = 1024 <0.000045>
18924 1790562294.600759 epoll_wait(10, [{events=EPOLLIN, data={u32=7, u64=7}}], 64, 1000) = 1 <0.042587>
18924 1790562294.643470 recvfrom(12, "GET /payload-1024.bin HTTP/1.1\r\n"..., 16384, 0, NULL, NULL) = 75 <0.000041>
18924 1790562294.644226 sendto(12, "HTTP/1.1 200 OK\r\nContent-Length:"..., 105, MSG_NOSIGNAL, NULL, 0) = 105 <0.000086>
18924 1790562294.644545 sendfile(12, 13, [0] => [1024], 1024) = 1024 <0.000046>
18924 1790562294.644847 epoll_wait(10, [{events=EPOLLIN, data={u32=7, u64=7}}], 64, 1000) = 1 <0.042148>
18924 1790562294.687138 recvfrom(12, "GET /payload-1024.bin HTTP/1.1\r\n"..., 16384, 0, NULL, NULL) = 75 <0.000040>
18924 1790562294.688059 sendto(12, "HTTP/1.1 200 OK\r\nContent-Length:"..., 105, MSG_NOSIGNAL, NULL, 0) = 105 <0.000082>
18924 1790562294.688369 sendfile(12, 13, [0] => [1024], 1024) = 1024 <0.000037>
18924 1790562294.688604 epoll_wait(10, [{events=EPOLLIN|EPOLLRDHUP, data={u32=7, u64=7}}], 64, 1000) = 1 <0.042768>
18924 1790562294.731580 recvfrom(12, "", 16384, 0, NULL, NULL) = 0 <0.000069>
18924 1790562294.731830 epoll_ctl(10, EPOLL_CTL_DEL, 12, NULL) = 0 <0.000047>
18924 1790562294.732300 epoll_wait(10,  <unfinished ...>
18922 1790562294.750549 <... epoll_wait resumed>[{events=EPOLLIN, data={u32=4, u64=4}}], 64, 1000) = 1 <0.432481>
18923 1790562294.750848 <... epoll_wait resumed>[{events=EPOLLIN, data={u32=2, u64=2}}], 64, 1000) = 1 <0.582936>
18923 1790562294.750986 read(9,  <unfinished ...>
18922 1790562294.751011 epoll_wait(5,  <unfinished ...>
18923 1790562294.751068 <... read resumed>"\1\0\0\0\0\0\0\0", 8) = 8 <0.000064>
18923 1790562294.751255 read(9, 0x7ef0409fea00, 8) = -1 EAGAIN (Resource temporarily unavailable) <0.000037>
18923 1790562294.751368 epoll_ctl(8, EPOLL_CTL_ADD, 12, {events=EPOLLIN|EPOLLRDHUP, data={u32=8, u64=8}}) = 0 <0.000042>
18923 1790562294.751506 epoll_wait(8, [{events=EPOLLIN, data={u32=8, u64=8}}], 64, 1000) = 1 <0.000047>
18923 1790562294.751614 recvfrom(12, "GET /payload-1024.bin HTTP/1.1\r\n"..., 16384, 0, NULL, NULL) = 75 <0.000046>
18923 1790562294.752575 sendto(12, "HTTP/1.1 200 OK\r\nContent-Length:"..., 105, MSG_NOSIGNAL, NULL, 0) = 105 <0.000062>
18923 1790562294.752916 sendfile(12, 13, [0] => [1024], 1024) = 1024 <0.000044>
18923 1790562294.753230 epoll_wait(8, [{events=EPOLLIN, data={u32=8, u64=8}}], 64, 1000) = 1 <0.000548>
18923 1790562294.753922 recvfrom(12, "GET /payload-1024.bin HTTP/1.1\r\n"..., 16384, 0, NULL, NULL) = 75 <0.000057>
18923 1790562294.754909 sendto(12, "HTTP/1.1 200 OK\r\nContent-Length:"..., 105, MSG_NOSIGNAL, NULL, 0) = 105 <0.000044>
18923 1790562294.755194 sendfile(12, 13, [0] => [1024], 1024) = 1024 <0.000033>
18923 1790562294.755442 epoll_wait(8, [{events=EPOLLIN, data={u32=8, u64=8}}], 64, 1000) = 1 <0.043468>
18923 1790562294.799034 recvfrom(12, "GET /payload-1024.bin HTTP/1.1\r\n"..., 16384, 0, NULL, NULL) = 75 <0.000034>
18923 1790562294.799959 sendto(12, "HTTP/1.1 200 OK\r\nContent-Length:"..., 105, MSG_NOSIGNAL, NULL, 0) = 105 <0.000084>
18923 1790562294.800447 sendfile(12, 13, [0] => [1024], 1024) = 1024 <0.000042>
18923 1790562294.800780 epoll_wait(8, [{events=EPOLLIN, data={u32=8, u64=8}}], 64, 1000) = 1 <0.042189>
18923 1790562294.843099 recvfrom(12, "GET /payload-1024.bin HTTP/1.1\r\n"..., 16384, 0, NULL, NULL) = 75 <0.000045>
18923 1790562294.844096 sendto(12, "HTTP/1.1 200 OK\r\nContent-Length:"..., 105, MSG_NOSIGNAL, NULL, 0) = 105 <0.000052>
18923 1790562294.844450 sendfile(12, 13, [0] => [1024], 1024) = 1024 <0.000051>
18923 1790562294.844753 epoll_wait(8, [{events=EPOLLIN, data={u32=8, u64=8}}], 64, 1000) = 1 <0.046474>
18923 1790562294.891371 recvfrom(12, "GET /payload-1024.bin HTTP/1.1\r\n"..., 16384, 0, NULL, NULL) = 75 <0.000057>
18923 1790562294.892865 sendto(12, "HTTP/1.1 200 OK\r\nContent-Length:"..., 105, MSG_NOSIGNAL, NULL, 0) = 105 <0.000058>
18923 1790562294.893219 sendfile(12, 13, [0] => [1024], 1024) = 1024 <0.000050>
18923 1790562294.893565 epoll_wait(8, [{events=EPOLLIN, data={u32=8, u64=8}}], 64, 1000) = 1 <0.042227>
18923 1790562294.935934 recvfrom(12, "GET /payload-1024.bin HTTP/1.1\r\n"..., 16384, 0, NULL, NULL) = 75 <0.000042>
18923 1790562294.936997 sendto(12, "HTTP/1.1 200 OK\r\nContent-Length:"..., 105, MSG_NOSIGNAL, NULL, 0) = 105 <0.000048>
18923 1790562294.937332 sendfile(12, 13, [0] => [1024], 1024) = 1024 <0.000054>
18923 1790562294.937658 epoll_wait(8, [{events=EPOLLIN, data={u32=8, u64=8}}], 64, 1000) = 1 <0.041331>
18923 1790562294.979109 recvfrom(12, "GET /payload-1024.bin HTTP/1.1\r\n"..., 16384, 0, NULL, NULL) = 75 <0.000034>
18923 1790562294.979913 sendto(12, "HTTP/1.1 200 OK\r\nContent-Length:"..., 105, MSG_NOSIGNAL, NULL, 0) = 105 <0.000041>
18923 1790562294.980181 sendfile(12, 13, [0] => [1024], 1024) = 1024 <0.000041>
18923 1790562294.980440 epoll_wait(8, [{events=EPOLLIN, data={u32=8, u64=8}}], 64, 1000) = 1 <0.042685>
18923 1790562295.023289 recvfrom(12, "GET /payload-1024.bin HTTP/1.1\r\n"..., 16384, 0, NULL, NULL) = 75 <0.000049>
18923 1790562295.024364 sendto(12, "HTTP/1.1 200 OK\r\nContent-Length:"..., 105, MSG_NOSIGNAL, NULL, 0) = 105 <0.000056>
18923 1790562295.024803 sendfile(12, 13, [0] => [1024], 1024) = 1024 <0.000048>
18923 1790562295.025123 epoll_wait(8, [{events=EPOLLIN, data={u32=8, u64=8}}], 64, 1000) = 1 <0.042093>
18923 1790562295.067482 recvfrom(12, "GET /payload-1024.bin HTTP/1.1\r\n"..., 16384, 0, NULL, NULL) = 75 <0.000102>
18923 1790562295.069314 sendto(12, "HTTP/1.1 200 OK\r\nContent-Length:"..., 105, MSG_NOSIGNAL, NULL, 0) = 105 <0.000107>
18923 1790562295.069973 sendfile(12, 13, [0] => [1024], 1024) = 1024 <0.000092>
18923 1790562295.070522 epoll_wait(8, [{events=EPOLLIN, data={u32=8, u64=8}}], 64, 1000) = 1 <0.041268>
18923 1790562295.112119 recvfrom(12, "GET /payload-1024.bin HTTP/1.1\r\n"..., 16384, 0, NULL, NULL) = 75 <0.000182>
18923 1790562295.114926 sendto(12, "HTTP/1.1 200 OK\r\nContent-Length:"..., 105, MSG_NOSIGNAL, NULL, 0) = 105 <0.000117>
18923 1790562295.115634 sendfile(12, 13, [0] => [1024], 1024) = 1024 <0.000139>
18923 1790562295.116431 epoll_wait(8, [{events=EPOLLIN, data={u32=8, u64=8}}], 64, 1000) = 1 <0.043150>
18923 1790562295.159840 recvfrom(12, "GET /payload-1024.bin HTTP/1.1\r\n"..., 16384, 0, NULL, NULL) = 75 <0.000099>
18923 1790562295.161690 sendto(12, "HTTP/1.1 200 OK\r\nContent-Length:"..., 105, MSG_NOSIGNAL, NULL, 0) = 105 <0.000084>
18923 1790562295.162218 sendfile(12, 13, [0] => [1024], 1024) = 1024 <0.000090>
18923 1790562295.162826 epoll_wait(8, [{events=EPOLLIN, data={u32=8, u64=8}}], 64, 1000) = 1 <0.040359>
18923 1790562295.203401 recvfrom(12, "GET /payload-1024.bin HTTP/1.1\r\n"..., 16384, 0, NULL, NULL) = 75 <0.000112>
18923 1790562295.205067 sendto(12, "HTTP/1.1 200 OK\r\nContent-Length:"..., 105, MSG_NOSIGNAL, NULL, 0) = 105 <0.000094>
18923 1790562295.205581 sendfile(12, 13, [0] => [1024], 1024) = 1024 <0.000081>
18923 1790562295.206012 epoll_wait(8, [{events=EPOLLIN, data={u32=8, u64=8}}], 64, 1000) = 1 <0.041707>
18923 1790562295.247916 recvfrom(12, "GET /payload-1024.bin HTTP/1.1\r\n"..., 16384, 0, NULL, NULL) = 75 <0.000066>
18923 1790562295.249277 sendto(12, "HTTP/1.1 200 OK\r\nContent-Length:"..., 105, MSG_NOSIGNAL, NULL, 0) = 105 <0.000080>
18923 1790562295.249734 sendfile(12, 13, [0] => [1024], 1024) = 1024 <0.000063>
18923 1790562295.250091 epoll_wait(8, [{events=EPOLLIN, data={u32=8, u64=8}}], 64, 1000) = 1 <0.041528>
18923 1790562295.291835 recvfrom(12, "GET /payload-1024.bin HTTP/1.1\r\n"..., 16384, 0, NULL, NULL) = 75 <0.000093>
18923 1790562295.293472 sendto(12, "HTTP/1.1 200 OK\r\nContent-Length:"..., 105, MSG_NOSIGNAL, NULL, 0) = 105 <0.000087>
18923 1790562295.293931 sendfile(12, 13, [0] => [1024], 1024) = 1024 <0.000070>
18923 1790562295.294341 epoll_wait(8, [{events=EPOLLIN, data={u32=8, u64=8}}], 64, 1000) = 1 <0.041302>
18923 1790562295.335845 recvfrom(12, "GET /payload-1024.bin HTTP/1.1\r\n"..., 16384, 0, NULL, NULL) = 75 <0.000085>
18923 1790562295.337432 sendto(12, "HTTP/1.1 200 OK\r\nContent-Length:"..., 105, MSG_NOSIGNAL, NULL, 0) = 105 <0.000090>
18923 1790562295.337956 sendfile(12, 13, [0] => [1024], 1024) = 1024 <0.000078>
18923 1790562295.338443 epoll_wait(8, [{events=EPOLLIN, data={u32=8, u64=8}}], 64, 1000) = 1 <0.040403>
18923 1790562295.378982 recvfrom(12, "GET /payload-1024.bin HTTP/1.1\r\n"..., 16384, 0, NULL, NULL) = 75 <0.000035>
18923 1790562295.379787 sendto(12, "HTTP/1.1 200 OK\r\nContent-Length:"..., 105, MSG_NOSIGNAL, NULL, 0) = 105 <0.000078>
18923 1790562295.380149 sendfile(12, 13, [0] => [1024], 1024) = 1024 <0.000040>
18923 1790562295.380425 epoll_wait(8, [{events=EPOLLIN, data={u32=8, u64=8}}], 64, 1000) = 1 <0.042764>
18923 1790562295.423321 recvfrom(12, "GET /payload-1024.bin HTTP/1.1\r\n"..., 16384, 0, NULL, NULL) = 75 <0.000041>
18923 1790562295.424186 sendto(12, "HTTP/1.1 200 OK\r\nContent-Length:"..., 105, MSG_NOSIGNAL, NULL, 0) = 105 <0.000094>
18923 1790562295.424515 sendfile(12, 13, [0] => [1024], 1024) = 1024 <0.000040>
18923 1790562295.424752 epoll_wait(8, [{events=EPOLLIN, data={u32=8, u64=8}}], 64, 1000) = 1 <0.042363>
18923 1790562295.467263 recvfrom(12, "GET /payload-1024.bin HTTP/1.1\r\n"..., 16384, 0, NULL, NULL) = 75 <0.000052>
18923 1790562295.468255 sendto(12, "HTTP/1.1 200 OK\r\nContent-Length:"..., 105, MSG_NOSIGNAL, NULL, 0) = 105 <0.000060>
18923 1790562295.468613 sendfile(12, 13, [0] => [1024], 1024) = 1024 <0.000050>
18923 1790562295.468941 epoll_wait(8, [{events=EPOLLIN, data={u32=8, u64=8}}], 64, 1000) = 1 <0.042059>
18923 1790562295.511204 recvfrom(12, "GET /payload-1024.bin HTTP/1.1\r\n"..., 16384, 0, NULL, NULL) = 75 <0.000082>
18923 1790562295.512414 sendto(12, "HTTP/1.1 200 OK\r\nContent-Length:"..., 105, MSG_NOSIGNAL, NULL, 0) = 105 <0.000060>
18923 1790562295.512769 sendfile(12, 13, [0] => [1024], 1024) = 1024 <0.000052>
18923 1790562295.513078 epoll_wait(8, [{events=EPOLLIN, data={u32=8, u64=8}}], 64, 1000) = 1 <0.041982>
18923 1790562295.555423 recvfrom(12, "GET /payload-1024.bin HTTP/1.1\r\n"..., 16384, 0, NULL, NULL) = 75 <0.000130>
18923 1790562295.556885 sendto(12, "HTTP/1.1 200 OK\r\nContent-Length:"..., 105, MSG_NOSIGNAL, NULL, 0) = 105 <0.000090>
18923 1790562295.557332 sendfile(12, 13, [0] => [1024], 1024) = 1024 <0.000079>
18923 1790562295.557739 epoll_wait(8, [{events=EPOLLIN, data={u32=8, u64=8}}], 64, 1000) = 1 <0.041193>
18923 1790562295.599076 recvfrom(12, "GET /payload-1024.bin HTTP/1.1\r\n"..., 16384, 0, NULL, NULL) = 75 <0.000034>
18923 1790562295.599784 sendto(12, "HTTP/1.1 200 OK\r\nContent-Length:"..., 105, MSG_NOSIGNAL, NULL, 0) = 105 <0.000041>
18923 1790562295.600078 sendfile(12, 13, [0] => [1024], 1024) = 1024 <0.000038>
18923 1790562295.600310 epoll_wait(8, [{events=EPOLLIN, data={u32=8, u64=8}}], 64, 1000) = 1 <0.043827>
18923 1790562295.644399 recvfrom(12, "GET /payload-1024.bin HTTP/1.1\r\n"..., 16384, 0, NULL, NULL) = 75 <0.000045>
18923 1790562295.645250 sendto(12, "HTTP/1.1 200 OK\r\nContent-Length:"..., 105, MSG_NOSIGNAL, NULL, 0) = 105 <0.000095>
18923 1790562295.645584 sendfile(12, 13, [0] => [1024], 1024) = 1024 <0.000042>
18923 1790562295.645854 epoll_wait(8, [{events=EPOLLIN, data={u32=8, u64=8}}], 64, 1000) = 1 <0.041247>
18923 1790562295.687336 recvfrom(12, "GET /payload-1024.bin HTTP/1.1\r\n"..., 16384, 0, NULL, NULL) = 75 <0.000077>
18923 1790562295.688630 sendto(12, "HTTP/1.1 200 OK\r\nContent-Length:"..., 105, MSG_NOSIGNAL, NULL, 0) = 105 <0.000056>
18923 1790562295.688956 sendfile(12, 13, [0] => [1024], 1024) = 1024 <0.000047>
18923 1790562295.689310 epoll_wait(8, [{events=EPOLLIN, data={u32=8, u64=8}}], 64, 1000) = 1 <0.042403>
18923 1790562295.732010 recvfrom(12, "GET /payload-1024.bin HTTP/1.1\r\n"..., 16384, 0, NULL, NULL) = 75 <0.000124>
18924 1790562295.733463 <... epoll_wait resumed>[], 64, 1000) = 0 <1.001129>
18924 1790562295.733573 epoll_wait(10,  <unfinished ...>
18923 1790562295.733620 sendto(12, "HTTP/1.1 200 OK\r\nContent-Length:"..., 105, MSG_NOSIGNAL, NULL, 0) = 105 <0.000142>
18923 1790562295.734076 sendfile(12, 13, [0] => [1024], 1024) = 1024 <0.000076>
18923 1790562295.734664 epoll_wait(8,  <unfinished ...>
18922 1790562295.752208 <... epoll_wait resumed>[], 64, 1000) = 0 <1.001181>
18922 1790562295.752564 epoll_wait(5,  <unfinished ...>
18923 1790562295.775288 <... epoll_wait resumed>[{events=EPOLLIN, data={u32=8, u64=8}}], 64, 1000) = 1 <0.040485>
18923 1790562295.775539 recvfrom(12, "GET /payload-1024.bin HTTP/1.1\r\n"..., 16384, 0, NULL, NULL) = 75 <0.000083>
18923 1790562295.777152 sendto(12, "HTTP/1.1 200 OK\r\nContent-Length:"..., 105, MSG_NOSIGNAL, NULL, 0) = 105 <0.000081>
18923 1790562295.777673 sendfile(12, 13, [0] => [1024], 1024) = 1024 <0.000171>
18923 1790562295.778307 epoll_wait(8, [{events=EPOLLIN, data={u32=8, u64=8}}], 64, 1000) = 1 <0.040971>
18923 1790562295.819452 recvfrom(12, "GET /payload-1024.bin HTTP/1.1\r\n"..., 16384, 0, NULL, NULL) = 75 <0.000060>
18923 1790562295.820429 sendto(12, "HTTP/1.1 200 OK\r\nContent-Length:"..., 105, MSG_NOSIGNAL, NULL, 0) = 105 <0.000045>
18923 1790562295.820758 sendfile(12, 13, [0] => [1024], 1024) = 1024 <0.000050>
18923 1790562295.821048 epoll_wait(8, [{events=EPOLLIN, data={u32=8, u64=8}}], 64, 1000) = 1 <0.041967>
18923 1790562295.863173 recvfrom(12, "GET /payload-1024.bin HTTP/1.1\r\n"..., 16384, 0, NULL, NULL) = 75 <0.000050>
18923 1790562295.864599 sendto(12, "HTTP/1.1 200 OK\r\nContent-Length:"..., 105, MSG_NOSIGNAL, NULL, 0) = 105 <0.000074>
18923 1790562295.865014 sendfile(12, 13, [0] => [1024], 1024) = 1024 <0.000053>
18923 1790562295.865359 epoll_wait(8, [{events=EPOLLIN, data={u32=8, u64=8}}], 64, 1000) = 1 <0.042269>
18923 1790562295.907831 recvfrom(12, "GET /payload-1024.bin HTTP/1.1\r\n"..., 16384, 0, NULL, NULL) = 75 <0.000065>
18923 1790562295.909283 sendto(12, "HTTP/1.1 200 OK\r\nContent-Length:"..., 105, MSG_NOSIGNAL, NULL, 0) = 105 <0.000065>
18923 1790562295.909885 sendfile(12, 13, [0] => [1024], 1024) = 1024 <0.000074>
18923 1790562295.910486 epoll_wait(8, [{events=EPOLLIN, data={u32=8, u64=8}}], 64, 1000) = 1 <0.041039>
18923 1790562295.951773 recvfrom(12, "GET /payload-1024.bin HTTP/1.1\r\n"..., 16384, 0, NULL, NULL) = 75 <0.000115>
18923 1790562295.953537 sendto(12, "HTTP/1.1 200 OK\r\nContent-Length:"..., 105, MSG_NOSIGNAL, NULL, 0) = 105 <0.000092>
18923 1790562295.954084 sendfile(12, 13, [0] => [1024], 1024) = 1024 <0.000072>
18923 1790562295.954641 epoll_wait(8, [{events=EPOLLIN, data={u32=8, u64=8}}], 64, 1000) = 1 <0.040604>
18923 1790562295.995421 recvfrom(12, "GET /payload-1024.bin HTTP/1.1\r\n"..., 16384, 0, NULL, NULL) = 75 <0.000147>
18923 1790562295.996748 sendto(12, "HTTP/1.1 200 OK\r\nContent-Length:"..., 105, MSG_NOSIGNAL, NULL, 0) = 105 <0.000057>
18923 1790562295.997333 sendfile(12, 13, [0] => [1024], 1024) = 1024 <0.000068>
18923 1790562295.997745 epoll_wait(8, [{events=EPOLLIN, data={u32=8, u64=8}}], 64, 1000) = 1 <0.042352>
18923 1790562296.040445 recvfrom(12, "GET /payload-1024.bin HTTP/1.1\r\n"..., 16384, 0, NULL, NULL) = 75 <0.000162>
18923 1790562296.043286 sendto(12, "HTTP/1.1 200 OK\r\nContent-Length:"..., 105, MSG_NOSIGNAL, NULL, 0) = 105 <0.000128>
18923 1790562296.044283 sendfile(12, 13, [0] => [1024], 1024) = 1024 <0.000112>
18923 1790562296.045032 epoll_wait(8, [{events=EPOLLIN, data={u32=8, u64=8}}], 64, 1000) = 1 <0.042284>
18923 1790562296.087625 recvfrom(12, "GET /payload-1024.bin HTTP/1.1\r\n"..., 16384, 0, NULL, NULL) = 75 <0.000144>
18923 1790562296.090052 sendto(12, "HTTP/1.1 200 OK\r\nContent-Length:"..., 105, MSG_NOSIGNAL, NULL, 0) = 105 <0.000074>
18923 1790562296.090726 sendfile(12, 13, [0] => [1024], 1024) = 1024 <0.000066>
18923 1790562296.091193 epoll_wait(8, [{events=EPOLLIN|EPOLLRDHUP, data={u32=8, u64=8}}], 64, 1000) = 1 <0.041076>
18923 1790562296.132632 recvfrom(12, "", 16384, 0, NULL, NULL) = 0 <0.000137>
18923 1790562296.133128 epoll_ctl(8, EPOLL_CTL_DEL, 12, NULL) = 0 <0.000214>
18923 1790562296.133998 epoll_wait(8,  <unfinished ...>
18922 1790562296.153723 <... epoll_wait resumed>[{events=EPOLLIN, data={u32=4, u64=4}}], 64, 1000) = 1 <0.401077>
18924 1790562296.154172 <... epoll_wait resumed>[{events=EPOLLIN, data={u32=3, u64=3}}], 64, 1000) = 1 <0.420565>
18924 1790562296.154639 read(11, "\1\0\0\0\0\0\0\0", 8) = 8 <0.000070>
18922 1790562296.154767 epoll_wait(5,  <unfinished ...>
18924 1790562296.154836 read(11, 0x7ef03bffea00, 8) = -1 EAGAIN (Resource temporarily unavailable) <0.000042>
18924 1790562296.155039 epoll_ctl(10, EPOLL_CTL_ADD, 12, {events=EPOLLIN|EPOLLRDHUP, data={u32=9, u64=9}}) = 0 <0.000060>
18924 1790562296.155226 epoll_wait(10, [{events=EPOLLIN, data={u32=9, u64=9}}], 64, 1000) = 1 <0.000051>
18924 1790562296.155389 recvfrom(12, "GET /payload-1024.bin HTTP/1.1\r\n"..., 16384, 0, NULL, NULL) = 75 <0.000052>
18924 1790562296.156681 sendto(12, "HTTP/1.1 200 OK\r\nContent-Length:"..., 105, MSG_NOSIGNAL, NULL, 0) = 105 <0.000101>
18924 1790562296.157079 sendfile(12, 13, [0] => [1024], 1024) = 1024 <0.000050>
18924 1790562296.157421 epoll_wait(10, [{events=EPOLLIN, data={u32=9, u64=9}}], 64, 1000) = 1 <0.000036>
18924 1790562296.157599 recvfrom(12, "GET /payload-1024.bin HTTP/1.1\r\n"..., 16384, 0, NULL, NULL) = 75 <0.000039>
18924 1790562296.158382 sendto(12, "HTTP/1.1 200 OK\r\nContent-Length:"..., 105, MSG_NOSIGNAL, NULL, 0) = 105 <0.000047>
18924 1790562296.158699 sendfile(12, 13, [0] => [1024], 1024) = 1024 <0.000044>
18924 1790562296.158966 epoll_wait(10, [{events=EPOLLIN, data={u32=9, u64=9}}], 64, 1000) = 1 <0.044202>
18924 1790562296.203375 recvfrom(12, "GET /payload-1024.bin HTTP/1.1\r\n"..., 16384, 0, NULL, NULL) = 75 <0.000152>
18924 1790562296.204960 sendto(12, "HTTP/1.1 200 OK\r\nContent-Length:"..., 105, MSG_NOSIGNAL, NULL, 0) = 105 <0.000091>
18924 1790562296.205404 sendfile(12, 13, [0] => [1024], 1024) = 1024 <0.000087>
18924 1790562296.205841 epoll_wait(10, [{events=EPOLLIN, data={u32=9, u64=9}}], 64, 1000) = 1 <0.042086>
18924 1790562296.248252 recvfrom(12, "GET /payload-1024.bin HTTP/1.1\r\n"..., 16384, 0, NULL, NULL) = 75 <0.000159>
18924 1790562296.250320 sendto(12, "HTTP/1.1 200 OK\r\nContent-Length:"..., 105, MSG_NOSIGNAL, NULL, 0) = 105 <0.000116>
18924 1790562296.251962 sendfile(12, 13, [0] => [1024], 1024) = 1024 <0.000114>
18924 1790562296.252777 epoll_wait(10, [{events=EPOLLIN, data={u32=9, u64=9}}], 64, 1000) = 1 <0.042645>
18924 1790562296.295717 recvfrom(12, "GET /payload-1024.bin HTTP/1.1\r\n"..., 16384, 0, NULL, NULL) = 75 <0.000107>
18924 1790562296.298019 sendto(12, "HTTP/1.1 200 OK\r\nContent-Length:"..., 105, MSG_NOSIGNAL, NULL, 0) = 105 <0.000118>
18924 1790562296.298753 sendfile(12, 13, [0] => [1024], 1024) = 1024 <0.000086>
18924 1790562296.299307 epoll_wait(10, [{events=EPOLLIN, data={u32=9, u64=9}}], 64, 1000) = 1 <0.044204>
18924 1790562296.343783 recvfrom(12, "GET /payload-1024.bin HTTP/1.1\r\n"..., 16384, 0, NULL, NULL) = 75 <0.000212>
18924 1790562296.346153 sendto(12, "HTTP/1.1 200 OK\r\nContent-Length:"..., 105, MSG_NOSIGNAL, NULL, 0) = 105 <0.000239>
18924 1790562296.347156 sendfile(12, 13, [0] => [1024], 1024) = 1024 <0.000110>
18924 1790562296.347705 epoll_wait(10, [{events=EPOLLIN, data={u32=9, u64=9}}], 64, 1000) = 1 <0.043955>
18924 1790562296.391906 recvfrom(12, "GET /payload-1024.bin HTTP/1.1\r\n"..., 16384, 0, NULL, NULL) = 75 <0.000083>
18924 1790562296.393658 sendto(12, "HTTP/1.1 200 OK\r\nContent-Length:"..., 105, MSG_NOSIGNAL, NULL, 0) = 105 <0.000092>
18924 1790562296.394271 sendfile(12, 13, [0] => [1024], 1024) = 1024 <0.000114>
18924 1790562296.394842 epoll_wait(10, [{events=EPOLLIN, data={u32=9, u64=9}}], 64, 1000) = 1 <0.040463>
18924 1790562296.435545 recvfrom(12, "GET /payload-1024.bin HTTP/1.1\r\n"..., 16384, 0, NULL, NULL) = 75 <0.000064>
18924 1790562296.436931 sendto(12, "HTTP/1.1 200 OK\r\nContent-Length:"..., 105, MSG_NOSIGNAL, NULL, 0) = 105 <0.000080>
18924 1790562296.437386 sendfile(12, 13, [0] => [1024], 1024) = 1024 <0.000075>
18924 1790562296.437806 epoll_wait(10, [{events=EPOLLIN, data={u32=9, u64=9}}], 64, 1000) = 1 <0.041630>
18924 1790562296.479703 recvfrom(12, "GET /payload-1024.bin HTTP/1.1\r\n"..., 16384, 0, NULL, NULL) = 75 <0.000105>
18924 1790562296.481625 sendto(12, "HTTP/1.1 200 OK\r\nContent-Length:"..., 105, MSG_NOSIGNAL, NULL, 0) = 105 <0.000122>
18924 1790562296.482246 sendfile(12, 13, [0] => [1024], 1024) = 1024 <0.000082>
18924 1790562296.482819 epoll_wait(10, [{events=EPOLLIN, data={u32=9, u64=9}}], 64, 1000) = 1 <0.041193>
18924 1790562296.524469 recvfrom(12, "GET /payload-1024.bin HTTP/1.1\r\n"..., 16384, 0, NULL, NULL) = 75 <0.000191>
18924 1790562296.527807 sendto(12, "HTTP/1.1 200 OK\r\nContent-Length:"..., 105, MSG_NOSIGNAL, NULL, 0) = 105 <0.000113>
18924 1790562296.528548 sendfile(12, 13, [0] => [1024], 1024) = 1024 <0.000083>
18924 1790562296.529258 epoll_wait(10, [{events=EPOLLIN, data={u32=9, u64=9}}], 64, 1000) = 1 <0.042988>
18924 1790562296.572559 recvfrom(12, "GET /payload-1024.bin HTTP/1.1\r\n"..., 16384, 0, NULL, NULL) = 75 <0.000127>
18924 1790562296.575523 sendto(12, "HTTP/1.1 200 OK\r\nContent-Length:"..., 105, MSG_NOSIGNAL, NULL, 0) = 105 <0.000270>
18924 1790562296.576475 sendfile(12, 13, [0] => [1024], 1024) = 1024 <0.000119>
18924 1790562296.577160 epoll_wait(10, [{events=EPOLLIN, data={u32=9, u64=9}}], 64, 1000) = 1 <0.041795>
18924 1790562296.619109 recvfrom(12, "GET /payload-1024.bin HTTP/1.1\r\n"..., 16384, 0, NULL, NULL) = 75 <0.000034>
18924 1790562296.619997 sendto(12, "HTTP/1.1 200 OK\r\nContent-Length:"..., 105, MSG_NOSIGNAL, NULL, 0) = 105 <0.000044>
18924 1790562296.620323 sendfile(12, 13, [0] => [1024], 1024) = 1024 <0.000040>
18924 1790562296.620566 epoll_wait(10, [{events=EPOLLIN, data={u32=9, u64=9}}], 64, 1000) = 1 <0.043263>
18924 1790562296.664026 recvfrom(12, "GET /payload-1024.bin HTTP/1.1\r\n"..., 16384, 0, NULL, NULL) = 75 <0.000087>
18924 1790562296.665765 sendto(12, "HTTP/1.1 200 OK\r\nContent-Length:"..., 105, MSG_NOSIGNAL, NULL, 0) = 105 <0.000108>
18924 1790562296.666301 sendfile(12, 13, [0] => [1024], 1024) = 1024 <0.000083>
18924 1790562296.666748 epoll_wait(10, [{events=EPOLLIN, data={u32=9, u64=9}}], 64, 1000) = 1 <0.040447>
18924 1790562296.707409 recvfrom(12, "GET /payload-1024.bin HTTP/1.1\r\n"..., 16384, 0, NULL, NULL) = 75 <0.000096>
18924 1790562296.709276 sendto(12, "HTTP/1.1 200 OK\r\nContent-Length:"..., 105, MSG_NOSIGNAL, NULL, 0) = 105 <0.000074>
18924 1790562296.709705 sendfile(12, 13, [0] => [1024], 1024) = 1024 <0.000059>
18924 1790562296.710073 epoll_wait(10, [{events=EPOLLIN, data={u32=9, u64=9}}], 64, 1000) = 1 <0.041633>
18924 1790562296.752024 recvfrom(12, "GET /payload-1024.bin HTTP/1.1\r\n"..., 16384, 0, NULL, NULL) = 75 <0.000221>
18924 1790562296.754692 sendto(12, "HTTP/1.1 200 OK\r\nContent-Length:"..., 105, MSG_NOSIGNAL, NULL, 0) = 105 <0.000169>
18924 1790562296.755708 sendfile(12, 13, [0] => [1024], 1024) = 1024 <0.000093>
18924 1790562296.756499 epoll_wait(10, [{events=EPOLLIN, data={u32=9, u64=9}}], 64, 1000) = 1 <0.042921>
18924 1790562296.799724 recvfrom(12, "GET /payload-1024.bin HTTP/1.1\r\n"..., 16384, 0, NULL, NULL) = 75 <0.000100>
18924 1790562296.801481 sendto(12, "HTTP/1.1 200 OK\r\nContent-Length:"..., 105, MSG_NOSIGNAL, NULL, 0) = 105 <0.000098>
18924 1790562296.802042 sendfile(12, 13, [0] => [1024], 1024) = 1024 <0.000135>
18924 1790562296.802584 epoll_wait(10, [{events=EPOLLIN, data={u32=9, u64=9}}], 64, 1000) = 1 <0.041064>
18924 1790562296.843936 recvfrom(12, "GET /payload-1024.bin HTTP/1.1\r\n"..., 16384, 0, NULL, NULL) = 75 <0.000087>
18924 1790562296.845797 sendto(12, "HTTP/1.1 200 OK\r\nContent-Length:"..., 105, MSG_NOSIGNAL, NULL, 0) = 105 <0.000095>
18924 1790562296.846430 sendfile(12, 13, [0] => [1024], 1024) = 1024 <0.000112>
18924 1790562296.847133 epoll_wait(10, [{events=EPOLLIN, data={u32=9, u64=9}}], 64, 1000) = 1 <0.040409>
18924 1790562296.887786 recvfrom(12, "GET /payload-1024.bin HTTP/1.1\r\n"..., 16384, 0, NULL, NULL) = 75 <0.000047>
18924 1790562296.889907 sendto(12, "HTTP/1.1 200 OK\r\nContent-Length:"..., 105, MSG_NOSIGNAL, NULL, 0) = 105 <0.000116>
18924 1790562296.890417 sendfile(12, 13, [0] => [1024], 1024) = 1024 <0.000043>
18924 1790562296.890736 epoll_wait(10, [{events=EPOLLIN, data={u32=9, u64=9}}], 64, 1000) = 1 <0.040232>
18924 1790562296.931085 recvfrom(12, "GET /payload-1024.bin HTTP/1.1\r\n"..., 16384, 0, NULL, NULL) = 75 <0.000052>
18924 1790562296.932163 sendto(12, "HTTP/1.1 200 OK\r\nContent-Length:"..., 105, MSG_NOSIGNAL, NULL, 0) = 105 <0.000116>
18924 1790562296.932548 sendfile(12, 13, [0] => [1024], 1024) = 1024 <0.000040>
18924 1790562296.932815 epoll_wait(10, [{events=EPOLLIN, data={u32=9, u64=9}}], 64, 1000) = 1 <0.042385>
18924 1790562296.975386 recvfrom(12, "GET /payload-1024.bin HTTP/1.1\r\n"..., 16384, 0, NULL, NULL) = 75 <0.000090>
18924 1790562296.976952 sendto(12, "HTTP/1.1 200 OK\r\nContent-Length:"..., 105, MSG_NOSIGNAL, NULL, 0) = 105 <0.000059>
18924 1790562296.977490 sendfile(12, 13, [0] => [1024], 1024) = 1024 <0.000090>
18924 1790562296.977999 epoll_wait(10, [{events=EPOLLIN, data={u32=9, u64=9}}], 64, 1000) = 1 <0.040978>
18924 1790562297.019113 recvfrom(12, "GET /payload-1024.bin HTTP/1.1\r\n"..., 16384, 0, NULL, NULL) = 75 <0.000042>
18924 1790562297.020004 sendto(12, "HTTP/1.1 200 OK\r\nContent-Length:"..., 105, MSG_NOSIGNAL, NULL, 0) = 105 <0.000101>
18924 1790562297.020387 sendfile(12, 13, [0] => [1024], 1024) = 1024 <0.000054>
18924 1790562297.020705 epoll_wait(10, [{events=EPOLLIN, data={u32=9, u64=9}}], 64, 1000) = 1 <0.042256>
18924 1790562297.063116 recvfrom(12, "GET /payload-1024.bin HTTP/1.1\r\n"..., 16384, 0, NULL, NULL) = 75 <0.000042>
18924 1790562297.063946 sendto(12, "HTTP/1.1 200 OK\r\nContent-Length:"..., 105, MSG_NOSIGNAL, NULL, 0) = 105 <0.000043>
18924 1790562297.064511 sendfile(12, 13, [0] => [1024], 1024) = 1024 <0.000068>
18924 1790562297.064936 epoll_wait(10, [{events=EPOLLIN, data={u32=9, u64=9}}], 64, 1000) = 1 <0.042396>
18924 1790562297.107555 recvfrom(12, "GET /payload-1024.bin HTTP/1.1\r\n"..., 16384, 0, NULL, NULL) = 75 <0.000059>
18924 1790562297.108652 sendto(12, "HTTP/1.1 200 OK\r\nContent-Length:"..., 105, MSG_NOSIGNAL, NULL, 0) = 105 <0.000111>
18924 1790562297.109053 sendfile(12, 13, [0] => [1024], 1024) = 1024 <0.000050>
18924 1790562297.109484 epoll_wait(10,  <unfinished ...>
18923 1790562297.135338 <... epoll_wait resumed>[], 64, 1000) = 0 <1.001268>
18923 1790562297.135520 epoll_wait(8,  <unfinished ...>
18924 1790562297.151707 <... epoll_wait resumed>[{events=EPOLLIN, data={u32=9, u64=9}}], 64, 1000) = 1 <0.042182>
18924 1790562297.151884 recvfrom(12, "GET /payload-1024.bin HTTP/1.1\r\n"..., 16384, 0, NULL, NULL) = 75 <0.000112>
18924 1790562297.153145 sendto(12, "HTTP/1.1 200 OK\r\nContent-Length:"..., 105, MSG_NOSIGNAL, NULL, 0) = 105 <0.000084>
18924 1790562297.153714 sendfile(12, 13, [0] => [1024], 1024) = 1024 <0.000046>
18924 1790562297.154054 epoll_wait(10,  <unfinished ...>
18922 1790562297.155947 <... epoll_wait resumed>[], 64, 1000) = 0 <1.001172>
18922 1790562297.156043 epoll_wait(5,  <unfinished ...>
18924 1790562297.195234 <... epoll_wait resumed>[{events=EPOLLIN, data={u32=9, u64=9}}], 64, 1000) = 1 <0.041133>
18924 1790562297.195439 recvfrom(12, "GET /payload-1024.bin HTTP/1.1\r\n"..., 16384, 0, NULL, NULL) = 75 <0.000063>
18924 1790562297.196514 sendto(12, "HTTP/1.1 200 OK\r\nContent-Length:"..., 105, MSG_NOSIGNAL, NULL, 0) = 105 <0.000103>
18924 1790562297.197105 sendfile(12, 13, [0] => [1024], 1024) = 1024 <0.000049>
18924 1790562297.197436 epoll_wait(10, [{events=EPOLLIN, data={u32=9, u64=9}}], 64, 1000) = 1 <0.042368>
18924 1790562297.239936 recvfrom(12, "GET /payload-1024.bin HTTP/1.1\r\n"..., 16384, 0, NULL, NULL) = 75 <0.000049>
18924 1790562297.241187 sendto(12, "HTTP/1.1 200 OK\r\nContent-Length:"..., 105, MSG_NOSIGNAL, NULL, 0) = 105 <0.000157>
18924 1790562297.241717 sendfile(12, 13, [0] => [1024], 1024) = 1024 <0.000067>
18924 1790562297.242107 epoll_wait(10, [{events=EPOLLIN, data={u32=9, u64=9}}], 64, 1000) = 1 <0.041937>
18924 1790562297.284334 recvfrom(12, "GET /payload-1024.bin HTTP/1.1\r\n"..., 16384, 0, NULL, NULL) = 75 <0.000171>
18924 1790562297.286846 sendto(12, "HTTP/1.1 200 OK\r\nContent-Length:"..., 105, MSG_NOSIGNAL, NULL, 0) = 105 <0.000099>
18924 1790562297.287449 sendfile(12, 13, [0] => [1024], 1024) = 1024 <0.000072>
18924 1790562297.287986 epoll_wait(10, [{events=EPOLLIN, data={u32=9, u64=9}}], 64, 1000) = 1 <0.043331>
18924 1790562297.331488 recvfrom(12, "GET /payload-1024.bin HTTP/1.1\r\n"..., 16384, 0, NULL, NULL) = 75 <0.000047>
18924 1790562297.332474 sendto(12, "HTTP/1.1 200 OK\r\nContent-Length:"..., 105, MSG_NOSIGNAL, NULL, 0) = 105 <0.000047>
18924 1790562297.332813 sendfile(12, 13, [0] => [1024], 1024) = 1024 <0.000042>
18924 1790562297.333097 epoll_wait(10, [{events=EPOLLIN, data={u32=9, u64=9}}], 64, 1000) = 1 <0.042212>
18924 1790562297.375510 recvfrom(12, "GET /payload-1024.bin HTTP/1.1\r\n"..., 16384, 0, NULL, NULL) = 75 <0.000092>
18924 1790562297.376937 sendto(12, "HTTP/1.1 200 OK\r\nContent-Length:"..., 105, MSG_NOSIGNAL, NULL, 0) = 105 <0.000040>
18924 1790562297.377220 sendfile(12, 13, [0] => [1024], 1024) = 1024 <0.000053>
18924 1790562297.377537 epoll_wait(10, [{events=EPOLLIN, data={u32=9, u64=9}}], 64, 1000) = 1 <0.042572>
18924 1790562297.420395 recvfrom(12, "GET /payload-1024.bin HTTP/1.1\r\n"..., 16384, 0, NULL, NULL) = 75 <0.000099>
18924 1790562297.423071 sendto(12, "HTTP/1.1 200 OK\r\nContent-Length:"..., 105, MSG_NOSIGNAL, NULL, 0) = 105 <0.000050>
18924 1790562297.423702 sendfile(12, 13, [0] => [1024], 1024) = 1024 <0.000060>
18924 1790562297.424102 epoll_wait(10, [{events=EPOLLIN, data={u32=9, u64=9}}], 64, 1000) = 1 <0.042783>
18924 1790562297.467044 recvfrom(12, "GET /payload-1024.bin HTTP/1.1\r\n"..., 16384, 0, NULL, NULL) = 75 <0.000057>
18924 1790562297.468331 sendto(12, "HTTP/1.1 200 OK\r\nContent-Length:"..., 105, MSG_NOSIGNAL, NULL, 0) = 105 <0.000170>
18924 1790562297.468892 sendfile(12, 13, [0] => [1024], 1024) = 1024 <0.000048>
18924 1790562297.469198 epoll_wait(10, [{events=EPOLLIN, data={u32=9, u64=9}}], 64, 1000) = 1 <0.042801>
18924 1790562297.512301 recvfrom(12, "GET /payload-1024.bin HTTP/1.1\r\n"..., 16384, 0, NULL, NULL) = 75 <0.000177>
18924 1790562297.514426 sendto(12, "HTTP/1.1 200 OK\r\nContent-Length:"..., 105, MSG_NOSIGNAL, NULL, 0) = 105 <0.000117>
18924 1790562297.514888 sendfile(12, 13, [0] => [1024], 1024) = 1024 <0.000041>
18924 1790562297.515209 epoll_wait(10, [{events=EPOLLIN|EPOLLRDHUP, data={u32=9, u64=9}}], 64, 1000) = 1 <0.044764>
18924 1790562297.560132 recvfrom(12, "", 16384, 0, NULL, NULL) = 0 <0.000086>
18924 1790562297.560308 epoll_ctl(10, EPOLL_CTL_DEL, 12, NULL) = 0 <0.000232>
18924 1790562297.560765 epoll_wait(10,  <unfinished ...>
18922 1790562297.577226 <... epoll_wait resumed>[{events=EPOLLIN, data={u32=4, u64=4}}], 64, 1000) = 1 <0.421156>
18923 1790562297.577983 <... epoll_wait resumed>[{events=EPOLLIN, data={u32=2, u64=2}}], 64, 1000) = 1 <0.442433>
18923 1790562297.578072 read(9,  <unfinished ...>
18922 1790562297.578092 epoll_wait(5,  <unfinished ...>
18923 1790562297.578119 <... read resumed>"\1\0\0\0\0\0\0\0", 8) = 8 <0.000039>
18923 1790562297.578187 read(9, 0x7ef0409fea00, 8) = -1 EAGAIN (Resource temporarily unavailable) <0.000050>
18923 1790562297.578341 epoll_ctl(8, EPOLL_CTL_ADD, 12, {events=EPOLLIN|EPOLLRDHUP, data={u32=10, u64=10}}) = 0 <0.000149>
18923 1790562297.578703 epoll_wait(8, [{events=EPOLLIN, data={u32=10, u64=10}}], 64, 1000) = 1 <0.000051>
18923 1790562297.578842 recvfrom(12, "GET /payload-1024.bin HTTP/1.1\r\n"..., 16384, 0, NULL, NULL) = 81 <0.000117>
18923 1790562297.580341 sendto(12, "HTTP/1.1 200 OK\r\nContent-Length:"..., 105, MSG_NOSIGNAL, NULL, 0) = 105 <0.000075>
18923 1790562297.580755 sendfile(12, 13, [0] => [1024], 1024) = 1024 <0.000087>
18923 1790562297.581186 epoll_wait(8, [{events=EPOLLIN, data={u32=10, u64=10}}], 64, 1000) = 1 <0.010231>
18923 1790562297.591553 recvfrom(12, "GET /payload-1024.bin HTTP/1.1\r\n"..., 16384, 0, NULL, NULL) = 81 <0.000041>
18923 1790562297.592700 sendto(12, "HTTP/1.1 200 OK\r\nContent-Length:"..., 105, MSG_NOSIGNAL, NULL, 0) = 105 <0.000086>
18923 1790562297.593184 sendfile(12, 13, [0] => [1024], 1024) = 1024 <0.000066>
18923 1790562297.593572 epoll_wait(8, [{events=EPOLLIN, data={u32=10, u64=10}}], 64, 1000) = 1 <0.052794>
18923 1790562297.646720 recvfrom(12, "GET /payload-1024.bin HTTP/1.1\r\n"..., 16384, 0, NULL, NULL) = 81 <0.000163>
18923 1790562297.650358 sendto(12, "HTTP/1.1 200 OK\r\nContent-Length:"..., 105, MSG_NOSIGNAL, NULL, 0) = 105 <0.000139>
18923 1790562297.651367 sendfile(12, 13, [0] => [1024], 1024) = 1024 <0.000120>
18923 1790562297.652182 epoll_wait(8, [{events=EPOLLIN, data={u32=10, u64=10}}], 64, 1000) = 1 <0.053309>
18923 1790562297.705688 recvfrom(12, "GET /payload-1024.bin HTTP/1.1\r\n"..., 16384, 0, NULL, NULL) = 81 <0.000091>
18923 1790562297.706846 sendto(12, "HTTP/1.1 200 OK\r\nContent-Length:"..., 105, MSG_NOSIGNAL, NULL, 0) = 105 <0.000056>
18923 1790562297.707193 sendfile(12, 13, [0] => [1024], 1024) = 1024 <0.000054>
18923 1790562297.707553 epoll_wait(8, [{events=EPOLLIN, data={u32=10, u64=10}}], 64, 1000) = 1 <0.054086>
18923 1790562297.761834 recvfrom(12, "GET /payload-1024.bin HTTP/1.1\r\n"..., 16384, 0, NULL, NULL) = 81 <0.000047>
18923 1790562297.763134 sendto(12, "HTTP/1.1 200 OK\r\nContent-Length:"..., 105, MSG_NOSIGNAL, NULL, 0) = 105 <0.000044>
18923 1790562297.763580 sendfile(12, 13, [0] => [1024], 1024) = 1024 <0.000054>
18923 1790562297.763949 epoll_wait(8, [{events=EPOLLIN|EPOLLRDHUP, data={u32=10, u64=10}}], 64, 1000) = 1 <0.054560>
18923 1790562297.819001 recvfrom(12, "", 16384, 0, NULL, NULL) = 0 <0.000174>
18923 1790562297.819422 epoll_ctl(8, EPOLL_CTL_DEL, 12, NULL) = 0 <0.000183>
18923 1790562297.820321 epoll_wait(8,  <detached ...>
