18573 1790562281.080518 epoll_wait(8,  <unfinished ...>
18574 1790562281.080591 epoll_wait(10,  <unfinished ...>
18571 1790562281.080620 epoll_wait(5, [{events=EPOLLIN, data={u32=4, u64=4}}], 64, 1000) = 1 <0.148748>
18574 1790562281.229673 <... epoll_wait resumed>[{events=EPOLLIN, data={u32=3, u64=3}}], 64, 1000) = 1 <0.149073>
18574 1790562281.229854 read(11, "\1\0\0\0\0\0\0\0", 8) = 8 <0.000026>
18571 1790562281.229924 epoll_wait(5,  <unfinished ...>
18574 1790562281.229943 read(11, 0x7b80ae3fca00, 8) = -1 EAGAIN (Resource temporarily unavailable) <0.000044>
18574 1790562281.230052 epoll_ctl(10, EPOLL_CTL_ADD, 12, {events=EPOLLIN|EPOLLRDHUP, data={u32=7, u64=7}}) = 0 <0.000035>
18574 1790562281.230190 epoll_wait(10, [{events=EPOLLIN, data={u32=7, u64=7}}], 64, 1000) = 1 <0.000037>
18574 1790562281.230318 recvfrom(12, "GET /payload-1024.bin HTTP/1.1\r\n"..., 4096, 0, NULL, NULL) = 75 <0.000041>
18574 1790562281.230796 sendto(12, "HTTP/1.1 200 OK\r\nContent-Length:"..., 105, MSG_NOSIGNAL, NULL, 0) = 105 <0.000097>
18574 1790562281.231182 sendfile(12, 13, [0] => [1024], 1024) = 1024 <0.000103>
18574 1790562281.231535 epoll_wait(10, [{events=EPOLLIN, data={u32=7, u64=7}}], 64, 1000) = 1 <0.000025>
18574 1790562281.231624 recvfrom(12, "GET /payload-1024.bin HTTP/1.1\r\n"..., 4096, 0, NULL, NULL) = 75 <0.000045>
18574 1790562281.232310 sendto(12, "HTTP/1.1 200 OK\r\nContent-Length:"..., 105, MSG_NOSIGNAL, NULL, 0) = 105 <0.000057>
18574 1790562281.232645 sendfile(12, 13, [0] => [1024], 1024) = 1024 <0.000050>
18574 1790562281.232910 epoll_wait(10, [{events=EPOLLIN, data={u32=7, u64=7}}], 64, 1000) = 1 <0.042030>
18574 1790562281.275047 recvfrom(12, "GET /payload-1024.bin HTTP/1.1\r\n"..., 4096, 0, NULL, NULL) = 75 <0.000036>
18574 1790562281.275454 sendto(12, "HTTP/1.1 200 OK\r\nContent-Length:"..., 105, MSG_NOSIGNAL, NULL, 0) = 105 <0.000048>
18574 1790562281.275753 sendfile(12, 13, [0] => [1024], 1024) = 1024 <0.000075>
18574 1790562281.276030 epoll_wait(10, [{events=EPOLLIN, data={u32=7, u64=7}}], 64, 1000) = 1 <0.044263>
18574 1790562281.320621 recvfrom(12, "GET /payload-1024.bin HTTP/1.1\r\n"..., 4096, 0, NULL, NULL) = 75 <0.000138>
18574 1790562281.322466 sendto(12, "HTTP/1.1 200 OK\r\nContent-Length:"..., 105, MSG_NOSIGNAL, NULL, 0) = 105 <0.000158>
18574 1790562281.323582 sendfile(12, 13, [0] => [1024], 1024) = 1024 <0.000347>
18574 1790562281.324729 epoll_wait(10, [{events=EPOLLIN, data={u32=7, u64=7}}], 64, 1000) = 1 <0.042674>
18574 1790562281.367566 recvfrom(12, "GET /payload-1024.bin HTTP/1.1\r\n"..., 4096, 0, NULL, NULL) = 75 <0.000042>
18574 1790562281.368301 sendto(12, "HTTP/1.1 200 OK\r\nContent-Length:"..., 105, MSG_NOSIGNAL, NULL, 0) = 105 <0.000115>
18574 1790562281.368838 sendfile(12, 13, [0] => [1024], 1024) = 1024 <0.000146>
18574 1790562281.369693 epoll_wait(10, [{events=EPOLLIN, data={u32=7, u64=7}}], 64, 1000) = 1 <0.042920>
18574 1790562281.413061 recvfrom(12, "GET /payload-1024.bin HTTP/1.1\r\n"..., 4096, 0, NULL, NULL) = 75 <0.000140>
18574 1790562281.415279 sendto(12, "HTTP/1.1 200 OK\r\nContent-Length:"..., 105, MSG_NOSIGNAL, NULL, 0) = 105 <0.000207>
18574 1790562281.416534 sendfile(12, 13, [0] => [1024], 1024) = 1024 <0.000177>
18574 1790562281.417889 epoll_wait(10, [{events=EPOLLIN, data={u32=7, u64=7}}], 64, 1000) = 1 <0.042012>
18574 1790562281.460276 recvfrom(12, "GET /payload-1024.bin HTTP/1.1\r\n"..., 4096, 0, NULL, NULL) = 75 <0.000180>
18574 1790562281.462747 sendto(12, "HTTP/1.1 200 OK\r\nContent-Length:"..., 105, MSG_NOSIGNAL, NULL, 0) = 105 <0.000153>
18574 1790562281.463641 sendfile(12, 13, [0] => [1024], 1024) = 1024 <0.000136>
18574 1790562281.464388 epoll_wait(10, [{events=EPOLLIN, data={u32=7, u64=7}}], 64, 1000) = 1 <0.042795>
18574 1790562281.507366 recvfrom(12, "GET /payload-1024.bin HTTP/1.1\r\n"..., 4096, 0, NULL, NULL) = 75 <0.000047>
18574 1790562281.508001 sendto(12, "HTTP/1.1 200 OK\r\nContent-Length:"..., 105, MSG_NOSIGNAL, NULL, 0) = 105 <0.000056>
18574 1790562281.508304 sendfile(12, 13, [0] => [1024], 1024) = 1024 <0.000053>
18574 1790562281.508610 epoll_wait(10, [{events=EPOLLIN, data={u32=7, u64=7}}], 64, 1000) = 1 <0.043694>
18574 1790562281.552601 recvfrom(12, "GET /payload-1024.bin HTTP/1.1\r\n"..., 4096, 0, NULL, NULL) = 75 <0.000227>
18574 1790562281.555148 sendto(12, "HTTP/1.1 200 OK\r\nContent-Length:"..., 105, MSG_NOSIGNAL, NULL, 0) = 105 <0.000160>
18574 1790562281.556535 sendfile(12, 13, [0] => [1024], 1024) = 1024 <0.000193>
18574 1790562281.557822 epoll_wait(10, [{events=EPOLLIN, data={u32=7, u64=7}}], 64, 1000) = 1 <0.042061>
18574 1790562281.600196 recvfrom(12, "GET /payload-1024.bin HTTP/1.1\r\n"..., 4096, 0, NULL, NULL) = 75 <0.000138>
18574 1790562281.601427 sendto(12, "HTTP/1.1 200 OK\r\nContent-Length:"..., 105, MSG_NOSIGNAL, NULL, 0) = 105 <0.000092>
18574 1790562281.602002 sendfile(12, 13, [0] => [1024], 1024) = 1024 <0.000088>
18574 1790562281.602486 epoll_wait(10, [{events=EPOLLIN, data={u32=7, u64=7}}], 64, 1000) = 1 <0.042290>
18574 1790562281.645134 recvfrom(12, "GET /payload-1024.bin HTTP/1.1\r\n"..., 4096, 0, NULL, NULL) = 75 <0.000187>
18574 1790562281.647356 sendto(12, "HTTP/1.1 200 OK\r\nContent-Length:"..., 105, MSG_NOSIGNAL, NULL, 0) = 105 <0.000300>
18574 1790562281.648916 sendfile(12, 13, [0] => [1024], 1024) = 1024 <0.000116>
18574 1790562281.649749 epoll_wait(10, [{events=EPOLLIN, data={u32=7, u64=7}}], 64, 1000) = 1 <0.042480>
18574 1790562281.692496 recvfrom(12, "GET /payload-1024.bin HTTP/1.1\r\n"..., 4096, 0, NULL, NULL) = 75 <0.000103>
18574 1790562281.694189 sendto(12, "HTTP/1.1 200 OK\r\nContent-Length:"..., 105, MSG_NOSIGNAL, NULL, 0) = 105 <0.000227>
18574 1790562281.695210 sendfile(12, 13, [0] => [1024], 1024) = 1024 <0.000145>
18574 1790562281.696155 epoll_wait(10, [{events=EPOLLIN, data={u32=7, u64=7}}], 64, 1000) = 1 <0.043956>
18574 1790562281.740407 recvfrom(12, "GET /payload-1024.bin HTTP/1.1\r\n"..., 4096, 0, NULL, NULL) = 75 <0.000221>
18574 1790562281.743048 sendto(12, "HTTP/1.1 200 OK\r\nContent-Length:"..., 105, MSG_NOSIGNAL, NULL, 0) = 105 <0.000429>
18574 1790562281.744762 sendfile(12, 13, [0] => [1024], 1024) = 1024 <0.000249>
18574 1790562281.746172 epoll_wait(10, [{events=EPOLLIN, data={u32=7, u64=7}}], 64, 1000) = 1 <0.042351>
18574 1790562281.788927 recvfrom(12, "GET /payload-1024.bin HTTP/1.1\r\n"..., 4096, 0, NULL, NULL) = 75 <0.000199>
18574 1790562281.791973 sendto(12, "HTTP/1.1 200 OK\r\nContent-Length:"..., 105, MSG_NOSIGNAL, NULL, 0) = 105 <0.000223>
18574 1790562281.793448 sendfile(12, 13, [0] => [1024], 1024) = 1024 <0.000171>
18574 1790562281.794566 epoll_wait(10, [{events=EPOLLIN, data={u32=7, u64=7}}], 64, 1000) = 1 <0.042130>
18574 1790562281.837111 recvfrom(12, "GET /payload-1024.bin HTTP/1.1\r\n"..., 4096, 0, NULL, NULL) = 75 <0.000110>
18574 1790562281.839915 sendto(12, "HTTP/1.1 200 OK\r\nContent-Length:"..., 105, MSG_NOSIGNAL, NULL, 0) = 105 <0.000225>
18574 1790562281.841159 sendfile(12, 13, [0] => [1024], 1024) = 1024 <0.000159>
18574 1790562281.841929 epoll_wait(10, [{events=EPOLLIN, data={u32=7, u64=7}}], 64, 1000) = 1 <0.041885>
18574 1790562281.884120 recvfrom(12, "GET /payload-1024.bin HTTP/1.1\r\n"..., 4096, 0, NULL, NULL) = 75 <0.000163>
18574 1790562281.886103 sendto(12, "HTTP/1.1 200 OK\r\nContent-Length:"..., 105, MSG_NOSIGNAL, NULL, 0) = 105 <0.000156>
18574 1790562281.887002 sendfile(12, 13, [0] => [1024], 1024) = 1024 <0.000145>
18574 1790562281.887745 epoll_wait(10, [{events=EPOLLIN, data={u32=7, u64=7}}], 64, 1000) = 1 <0.044411>
18574 1790562281.932522 recvfrom(12, "GET /payload-1024.bin HTTP/1.1\r\n"..., 4096, 0, NULL, NULL) = 75 <0.000126>
18574 1790562281.935326 sendto(12, "HTTP/1.1 200 OK\r\nContent-Length:"..., 105, MSG_NOSIGNAL, NULL, 0) = 105 <0.000439>
18574 1790562281.936786 sendfile(12, 13, [0] => [1024], 1024) = 1024 <0.000281>
18574 1790562281.937689 epoll_wait(10, [{events=EPOLLIN, data={u32=7, u64=7}}], 64, 1000) = 1 <0.042189>
18574 1790562281.980276 recvfrom(12, "GET /payload-1024.bin HTTP/1.1\r\n"..., 4096, 0, NULL, NULL) = 75 <0.000206>
18574 1790562281.982735 sendto(12, "HTTP/1.1 200 OK\r\nContent-Length:"..., 105, MSG_NOSIGNAL, NULL, 0) = 105 <0.000163>
18574 1790562281.983890 sendfile(12, 13, [0] => [1024], 1024) = 1024 <0.000197>
18574 1790562281.985073 epoll_wait(10, [{events=EPOLLIN, data={u32=7, u64=7}}], 64, 1000) = 1 <0.042317>
18574 1790562282.027600 recvfrom(12, "GET /payload-1024.bin HTTP/1.1\r\n"..., 4096, 0, NULL, NULL) = 75 <0.000066>
18574 1790562282.028712 sendto(12, "HTTP/1.1 200 OK\r\nContent-Length:"..., 105, MSG_NOSIGNAL, NULL, 0) = 105 <0.000064>
18574 1790562282.029333 sendfile(12, 13, [0] => [1024], 1024) = 1024 <0.000071>
18574 1790562282.029852 epoll_wait(10, [{events=EPOLLIN, data={u32=7, u64=7}}], 64, 1000) = 1 <0.041942>
18574 1790562282.071997 recvfrom(12, "GET /payload-1024.bin HTTP/1.1\r\n"..., 4096, 0, NULL, NULL) = 75 <0.000078>
18574 1790562282.073617 sendto(12, "HTTP/1.1 200 OK\r\nContent-Length:"..., 105, MSG_NOSIGNAL, NULL, 0) = 105 <0.000211>
18574 1790562282.074676 sendfile(12, 13, [0] => [1024], 1024) = 1024 <0.000149>
18574 1790562282.075572 epoll_wait(10,  <unfinished ...>
18573 1790562282.081967 <... epoll_wait resumed>[], 64, 1000) = 0 <1.001366>
18573 1790562282.082273 epoll_wait(8,  <unfinished ...>
18574 1790562282.117025 <... epoll_wait resumed>[{events=EPOLLIN, data={u32=7, u64=7}}], 64, 1000) = 1 <0.041386>
18574 1790562282.117540 recvfrom(12, "GET /payload-1024.bin HTTP/1.1\r\n"..., 4096, 0, NULL, NULL) = 75 <0.000199>
18574 1790562282.119965 sendto(12, "HTTP/1.1 200 OK\r\nContent-Length:"..., 105, MSG_NOSIGNAL, NULL, 0) = 105 <0.000249>
18574 1790562282.121204 sendfile(12, 13, [0] => [1024], 1024) = 1024 <0.000149>
18574 1790562282.122314 epoll_wait(10, [{events=EPOLLIN, data={u32=7, u64=7}}], 64, 1000) = 1 <0.041697>
18574 1790562282.164369 recvfrom(12, "GET /payload-1024.bin HTTP/1.1\r\n"..., 4096, 0, NULL, NULL) = 75 <0.000113>
18574 1790562282.166044 sendto(12, "HTTP/1.1 200 OK\r\nContent-Length:"..., 105, MSG_NOSIGNAL, NULL, 0) = 105 <0.000159>
18574 1790562282.166957 sendfile(12, 13, [0] => [1024], 1024) = 1024 <0.000142>
18574 1790562282.167918 epoll_wait(10, [{events=EPOLLIN, data={u32=7, u64=7}}], 64, 1000) = 1 <0.045153>
18574 1790562282.213546 recvfrom(12, "GET /payload-1024.bin HTTP/1.1\r\n"..., 4096, 0, NULL, NULL) = 75 <0.000206>
18574 1790562282.216374 sendto(12, "HTTP/1.1 200 OK\r\nContent-Length:"..., 105, MSG_NOSIGNAL, NULL, 0) = 105 <0.000226>
18574 1790562282.217673 sendfile(12, 13, [0] => [1024], 1024) = 1024 <0.000217>
18574 1790562282.218978 epoll_wait(10,  <unfinished ...>
18571 1790562282.230733 <... epoll_wait resumed>[], 64, 1000) = 0 <1.000787>
18571 1790562282.231018 epoll_wait(5,  <unfinished ...>
18574 1790562282.259197 <... epoll_wait resumed>[{events=EPOLLIN, data={u32=7, u64=7}}], 64, 1000) = 1 <0.040130>
18574 1790562282.259374 recvfrom(12, "GET /payload-1024.bin HTTP/1.1\r\n"..., 4096, 0, NULL, NULL) = 75 <0.000117>
18574 1790562282.260177 sendto(12, "HTTP/1.1 200 OK\r\nContent-Length:"..., 105, MSG_NOSIGNAL, NULL, 0) = 105 <0.000094>
18574 1790562282.260670 sendfile(12, 13, [0] => [1024], 1024) = 1024 <0.000085>
18574 1790562282.261136 epoll_wait(10, [{events=EPOLLIN, data={u32=7, u64=7}}], 64, 1000) = 1 <0.043012>
18574 1790562282.304405 recvfrom(12, "GET /payload-1024.bin HTTP/1.1\r\n"..., 4096, 0, NULL, NULL) = 75 <0.000142>
18574 1790562282.306287 sendto(12, "HTTP/1.1 200 OK\r\nContent-Length:"..., 105, MSG_NOSIGNAL, NULL, 0) = 105 <0.000192>
18574 1790562282.307196 sendfile(12, 13, [0] => [1024], 1024) = 1024 <0.000095>
18574 1790562282.307801 epoll_wait(10, [{events=EPOLLIN, data={u32=7, u64=7}}], 64, 1000) = 1 <0.045104>
18574 1790562282.353319 recvfrom(12, "GET /payload-1024.bin HTTP/1.1\r\n"..., 4096, 0, NULL, NULL) = 75 <0.000152>
18574 1790562282.355057 sendto(12, "HTTP/1.1 200 OK\r\nContent-Length:"..., 105, MSG_NOSIGNAL, NULL, 0) = 105 <0.000110>
18574 1790562282.356185 sendfile(12, 13, [0] => [1024], 1024) = 1024 <0.000203>
18574 1790562282.357224 epoll_wait(10, [{events=EPOLLIN, data={u32=7, u64=7}}], 64, 1000) = 1 <0.043278>
18574 1790562282.400978 recvfrom(12, "GET /payload-1024.bin HTTP/1.1\r\n"..., 4096, 0, NULL, NULL) = 75 <0.000152>
18574 1790562282.403129 sendto(12, "HTTP/1.1 200 OK\r\nContent-Length:"..., 105, MSG_NOSIGNAL, NULL, 0) = 105 <0.000294>
18574 1790562282.404588 sendfile(12, 13, [0] => [1024], 1024) = 1024 <0.000201>
18574 1790562282.405664 epoll_wait(10, [{events=EPOLLIN, data={u32=7, u64=7}}], 64, 1000) = 1 <0.042333>
18574 1790562282.448250 recvfrom(12, "GET /payload-1024.bin HTTP/1.1\r\n"..., 4096, 0, NULL, NULL) = 75 <0.000079>
18574 1790562282.449832 sendto(12, "HTTP/1.1 200 OK\r\nContent-Length:"..., 105, MSG_NOSIGNAL, NULL, 0) = 105 <0.000124>
18574 1790562282.450546 sendfile(12, 13, [0] => [1024], 1024) = 1024 <0.000103>
18574 1790562282.451251 epoll_wait(10, [{events=EPOLLIN, data={u32=7, u64=7}}], 64, 1000) = 1 <0.039808>
18574 1790562282.491220 recvfrom(12, "GET /payload-1024.bin HTTP/1.1\r\n"..., 4096, 0, NULL, NULL) = 75 <0.000046>
18574 1790562282.491798 sendto(12, "HTTP/1.1 200 OK\r\nContent-Length:"..., 105, MSG_NOSIGNAL, NULL, 0) = 105 <0.000062>
18574 1790562282.492154 sendfile(12, 13, [0] => [1024], 1024) = 1024 <0.000060>
18574 1790562282.492454 epoll_wait(10, [{events=EPOLLIN, data={u32=7, u64=7}}], 64, 1000) = 1 <0.042600>
18574 1790562282.535195 recvfrom(12, "GET /payload-1024.bin HTTP/1.1\r\n"..., 4096, 0, NULL, NULL) = 75 <0.000045>
18574 1790562282.535699 sendto(12, "HTTP/1.1 200 OK\r\nContent-Length:"..., 105, MSG_NOSIGNAL, NULL, 0) = 105 <0.000050>
18574 1790562282.536026 sendfile(12, 13, [0] => [1024], 1024) = 1024 <0.000057>
18574 1790562282.536316 epoll_wait(10, [{events=EPOLLIN, data={u32=7, u64=7}}], 64, 1000) = 1 <0.044256>
18574 1790562282.580866 recvfrom(12, "GET /payload-1024.bin HTTP/1.1\r\n"..., 4096, 0, NULL, NULL) = 75 <0.000427>
18574 1790562282.583624 sendto(12, "HTTP/1.1 200 OK\r\nContent-Length:"..., 105, MSG_NOSIGNAL, NULL, 0) = 105 <0.000203>
18574 1790562282.584602 sendfile(12, 13, [0] => [1024], 1024) = 1024 <0.000128>
18574 1790562282.585388 epoll_wait(10, [{events=EPOLLIN, data={u32=7, u64=7}}], 64, 1000) = 1 <0.041991>
18574 1790562282.627547 recvfrom(12, "GET /payload-1024.bin HTTP/1.1\r\n"..., 4096, 0, NULL, NULL) = 75 <0.000093>
18574 1790562282.628785 sendto(12, "HTTP/1.1 200 OK\r\nContent-Length:"..., 105, MSG_NOSIGNAL, NULL, 0) = 105 <0.000116>
18574 1790562282.629419 sendfile(12, 13, [0] => [1024], 1024) = 1024 <0.000116>
18574 1790562282.630010 epoll_wait(10, [{events=EPOLLIN|EPOLLRDHUP, data={u32=7, u64=7}}], 64, 1000) = 1 <0.041035>
18574 1790562282.671176 recvfrom(12, "", 4096, 0, NULL, NULL) = 0 <0.000043>
18574 1790562282.671304 epoll_ctl(10, EPOLL_CTL_DEL, 12, NULL) = 0 <0.000044>
18574 1790562282.671558 epoll_wait(10,  <unfinished ...>
18571 1790562282.689429 <... epoll_wait resumed>[{events=EPOLLIN, data={u32=4, u64=4}}], 64, 1000) = 1 <0.458305>
18573 1790562282.689863 <... epoll_wait resumed>[{events=EPOLLIN, data={u32=2, u64=2}}], 64, 1000) = 1 <0.607528>
18573 1790562282.689946 read(9, "\1\0\0\0\0\0\0\0", 8) = 8 <0.000074>
18571 1790562282.690087 epoll_wait(5,  <unfinished ...>
18573 1790562282.690116 read(9, 0x7b80aebfda00, 8) = -1 EAGAIN (Resource temporarily unavailable) <0.000043>
18573 1790562282.690243 epoll_ctl(8, EPOLL_CTL_ADD, 12, {events=EPOLLIN|EPOLLRDHUP, data={u32=8, u64=8}}) = 0 <0.000044>
18573 1790562282.690352 epoll_wait(8, [{events=EPOLLIN, data={u32=8, u64=8}}], 64, 1000) = 1 <0.000052>
18573 1790562282.690484 recvfrom(12, "GET /payload-1024.bin HTTP/1.1\r\n"..., 4096, 0, NULL, NULL) = 75 <0.000035>
18573 1790562282.691036 sendto(12, "HTTP/1.1 200 OK\r\nContent-Length:"..., 105, MSG_NOSIGNAL, NULL, 0) = 105 <0.000074>
18573 1790562282.691626 sendfile(12, 13, [0] => [1024], 1024) = 1024 <0.000086>
18573 1790562282.692028 epoll_wait(8, [{events=EPOLLIN, data={u32=8, u64=8}}], 64, 1000) = 1 <0.000058>
18573 1790562282.692178 recvfrom(12, "GET /payload-1024.bin HTTP/1.1\r\n"..., 4096, 0, NULL, NULL) = 75 <0.000051>
18573 1790562282.692783 sendto(12, "HTTP/1.1 200 OK\r\nContent-Length:"..., 105, MSG_NOSIGNAL, NULL, 0) = 105 <0.000044>
18573 1790562282.693036 sendfile(12, 13, [0] => [1024], 1024) = 1024 <0.000049>
18573 1790562282.693302 epoll_wait(8, [{events=EPOLLIN, data={u32=8, u64=8}}], 64, 1000) = 1 <0.043723>
18573 1790562282.737253 recvfrom(12, "GET /payload-1024.bin HTTP/1.1\r\n"..., 4096, 0, NULL, NULL) = 75 <0.000283>
18573 1790562282.738937 sendto(12, "HTTP/1.1 200 OK\r\nContent-Length:"..., 105, MSG_NOSIGNAL, NULL, 0) = 105 <0.000331>
18573 1790562282.740076 sendfile(12, 13, [0] => [1024], 1024) = 1024 <0.000114>
18573 1790562282.740821 epoll_wait(8, [{events=EPOLLIN, data={u32=8, u64=8}}], 64, 1000) = 1 <0.043139>
18573 1790562282.784128 recvfrom(12, "GET /payload-1024.bin HTTP/1.1\r\n"..., 4096, 0, NULL, NULL) = 75 <0.000110>
18573 1790562282.784965 sendto(12, "HTTP/1.1 200 OK\r\nContent-Length:"..., 105, MSG_NOSIGNAL, NULL, 0) = 105 <0.000181>
18573 1790562282.785554 sendfile(12, 13, [0] => [1024], 1024) = 1024 <0.000060>
18573 1790562282.786166 epoll_wait(8, [{events=EPOLLIN, data={u32=8, u64=8}}], 64, 1000) = 1 <0.042100>
18573 1790562282.828692 recvfrom(12, "GET /payload-1024.bin HTTP/1.1\r\n"..., 4096, 0, NULL, NULL) = 75 <0.000169>
18573 1790562282.831165 sendto(12, "HTTP/1.1 200 OK\r\nContent-Length:"..., 105, MSG_NOSIGNAL, NULL, 0) = 105 <0.000341>
18573 1790562282.832468 sendfile(12, 13, [0] => [1024], 1024) = 1024 <0.000148>
18573 1790562282.833364 epoll_wait(8, [{events=EPOLLIN, data={u32=8, u64=8}}], 64, 1000) = 1 <0.043005>
18573 1790562282.876780 recvfrom(12, "GET /payload-1024.bin HTTP/1.1\r\n"..., 4096, 0, NULL, NULL) = 75 <0.000150>
18573 1790562282.878827 sendto(12, "HTTP/1.1 200 OK\r\nContent-Length:"..., 105, MSG_NOSIGNAL, NULL, 0) = 105 <0.000179>
18573 1790562282.880070 sendfile(12, 13, [0] => [1024], 1024) = 1024 <0.000206>
18573 1790562282.881040 epoll_wait(8, [{events=EPOLLIN, data={u32=8, u64=8}}], 64, 1000) = 1 <0.043995>
18573 1790562282.925560 recvfrom(12, "GET /payload-1024.bin HTTP/1.1\r\n"..., 4096, 0, NULL, NULL) = 75 <0.000185>
18573 1790562282.927798 sendto(12, "HTTP/1.1 200 OK\r\nContent-Length:"..., 105, MSG_NOSIGNAL, NULL, 0) = 105 <0.000233>
18573 1790562282.928743 sendfile(12, 13, [0] => [1024], 1024) = 1024 <0.000226>
18573 1790562282.929666 epoll_wait(8, [{events=EPOLLIN, data={u32=8, u64=8}}], 64, 1000) = 1 <0.043156>
18573 1790562282.973211 recvfrom(12, "GET /payload-1024.bin HTTP/1.1\r\n"..., 4096, 0, NULL, NULL) = 75 <0.000229>
18573 1790562282.976054 sendto(12, "HTTP/1.1 200 OK\r\nContent-Length:"..., 105, MSG_NOSIGNAL, NULL, 0) = 105 <0.000216>
18573 1790562282.977416 sendfile(12, 13, [0] => [1024], 1024) = 1024 <0.000151>
18573 1790562282.978242 epoll_wait(8, [{events=EPOLLIN, data={u32=8, u64=8}}], 64, 1000) = 1 <0.043247>
18573 1790562283.021893 recvfrom(12, "GET /payload-1024.bin HTTP/1.1\r\n"..., 4096, 0, NULL, NULL) = 75 <0.000284>
18573 1790562283.024716 sendto(12, "HTTP/1.1 200 OK\r\nContent-Length:"..., 105, MSG_NOSIGNAL, NULL, 0) = 105 <0.000162>
18573 1790562283.025996 sendfile(12, 13, [0] => [1024], 1024) = 1024 <0.000220>
18573 1790562283.027452 epoll_wait(8, [{events=EPOLLIN, data={u32=8, u64=8}}], 64, 1000) = 1 <0.040570>
18573 1790562283.068435 recvfrom(12, "GET /payload-1024.bin HTTP/1.1\r\n"..., 4096, 0, NULL, NULL) = 75 <0.000148>
18573 1790562283.070207 sendto(12, "HTTP/1.1 200 OK\r\nContent-Length:"..., 105, MSG_NOSIGNAL, NULL, 0) = 105 <0.000185>
18573 1790562283.071144 sendfile(12, 13, [0] => [1024], 1024) = 1024 <0.000135>
18573 1790562283.071903 epoll_wait(8, [{events=EPOLLIN, data={u32=8, u64=8}}], 64, 1000) = 1 <0.045285>
18573 1790562283.117595 recvfrom(12, "GET /payload-1024.bin HTTP/1.1\r\n"..., 4096, 0, NULL, NULL) = 75 <0.000287>
18573 1790562283.120363 sendto(12, "HTTP/1.1 200 OK\r\nContent-Length:"..., 105, MSG_NOSIGNAL, NULL, 0) = 105 <0.000247>
18573 1790562283.121564 sendfile(12, 13, [0] => [1024], 1024) = 1024 <0.000149>
18573 1790562283.122447 epoll_wait(8, [{events=EPOLLIN, data={u32=8, u64=8}}], 64, 1000) = 1 <0.041995>
18573 1790562283.164725 recvfrom(12, "GET /payload-1024.bin HTTP/1.1\r\n"..., 4096, 0, NULL, NULL) = 75 <0.000165>
18573 1790562283.166335 sendto(12, "HTTP/1.1 200 OK\r\nContent-Length:"..., 105, MSG_NOSIGNAL, NULL, 0) = 105 <0.000105>
18573 1790562283.167108 sendfile(12, 13, [0] => [1024], 1024) = 1024 <0.000181>
18573 1790562283.167966 epoll_wait(8, [{events=EPOLLIN, data={u32=8, u64=8}}], 64, 1000) = 1 <0.047166>
18573 1790562283.215330 recvfrom(12, "GET /payload-1024.bin HTTP/1.1\r\n"..., 4096, 0, NULL, NULL) = 75 <0.000066>
18573 1790562283.215935 sendto(12, "HTTP/1.1 200 OK\r\nContent-Length:"..., 105, MSG_NOSIGNAL, NULL, 0) = 105 <0.000053>
18573 1790562283.216279 sendfile(12, 13, [0] => [1024], 1024) = 1024 <0.000051>
18573 1790562283.216580 epoll_wait(8, [{events=EPOLLIN, data={u32=8, u64=8}}], 64, 1000) = 1 <0.042657>
18573 1790562283.259387 recvfrom(12, "GET /payload-1024.bin HTTP/1.1\r\n"..., 4096, 0, NULL, NULL) = 75 <0.000044>
18573 1790562283.259909 sendto(12, "HTTP/1.1 200 OK\r\nContent-Length:"..., 105, MSG_NOSIGNAL, NULL, 0) = 105 <0.000056>
18573 1790562283.260226 sendfile(12, 13, [0] => [1024], 1024) = 1024 <0.000051>
18573 1790562283.260558 epoll_wait(8, [{events=EPOLLIN, data={u32=8, u64=8}}], 64, 1000) = 1 <0.042884>
18573 1790562283.303584 recvfrom(12, "GET /payload-1024.bin HTTP/1.1\r\n"..., 4096, 0, NULL, NULL) = 75 <0.000053>
18573 1790562283.304225 sendto(12, "HTTP/1.1 200 OK\r\nContent-Length:"..., 105, MSG_NOSIGNAL, NULL, 0) = 105 <0.000064>
18573 1790562283.304554 sendfile(12, 13, [0] => [1024], 1024) = 1024 <0.000067>
18573 1790562283.304943 epoll_wait(8, [{events=EPOLLIN, data={u32=8, u64=8}}], 64, 1000) = 1 <0.042045>
18573 1790562283.347103 recvfrom(12, "GET /payload-1024.bin HTTP/1.1\r\n"..., 4096, 0, NULL, NULL) = 75 <0.000044>
18573 1790562283.348645 sendto(12, "HTTP/1.1 200 OK\r\nContent-Length:"..., 105, MSG_NOSIGNAL, NULL, 0) = 105 <0.000140>
18573 1790562283.349448 sendfile(12, 13, [0] => [1024], 1024) = 1024 <0.000074>
18573 1790562283.350078 epoll_wait(8, [{events=EPOLLIN, data={u32=8, u64=8}}], 64, 1000) = 1 <0.042004>
18573 1790562283.392324 recvfrom(12, "GET /payload-1024.bin HTTP/1.1\r\n"..., 4096, 0, NULL, NULL) = 75 <0.000104>
18573 1790562283.393258 sendto(12, "HTTP/1.1 200 OK\r\nContent-Length:"..., 105, MSG_NOSIGNAL, NULL, 0) = 105 <0.000168>
18573 1790562283.393655 sendfile(12, 13, [0] => [1024], 1024) = 1024 <0.000059>
18573 1790562283.393955 epoll_wait(8, [{events=EPOLLIN, data={u32=8, u64=8}}], 64, 1000) = 1 <0.041129>
18573 1790562283.435240 recvfrom(12, "GET /payload-1024.bin HTTP/1.1\r\n"..., 4096, 0, NULL, NULL) = 75 <0.000048>
18573 1790562283.435852 sendto(12, "HTTP/1.1 200 OK\r\nContent-Length:"..., 105, MSG_NOSIGNAL, NULL, 0) = 105 <0.000138>
18573 1790562283.436332 sendfile(12, 13, [0] => [1024], 1024) = 1024 <0.000055>
18573 1790562283.436619 epoll_wait(8, [{events=EPOLLIN, data={u32=8, u64=8}}], 64, 1000) = 1 <0.042351>
18573 1790562283.479100 recvfrom(12, "GET /payload-1024.bin HTTP/1.1\r\n"..., 4096, 0, NULL, NULL) = 75 <0.000046>
18573 1790562283.479611 sendto(12, "HTTP/1.1 200 OK\r\nContent-Length:"..., 105, MSG_NOSIGNAL, NULL, 0) = 105 <0.000096>
18573 1790562283.480007 sendfile(12, 13, [0] => [1024], 1024) = 1024 <0.000050>
18573 1790562283.480315 epoll_wait(8, [{events=EPOLLIN, data={u32=8, u64=8}}], 64, 1000) = 1 <0.043121>
18573 1790562283.523720 recvfrom(12, "GET /payload-1024.bin HTTP/1.1\r\n"..., 4096, 0, NULL, NULL) = 75 <0.000063>
18573 1790562283.524685 sendto(12, "HTTP/1.1 200 OK\r\nContent-Length:"..., 105, MSG_NOSIGNAL, NULL, 0) = 105 <0.000091>
18573 1790562283.525320 sendfile(12, 13, [0] => [1024], 1024) = 1024 <0.000097>
18573 1790562283.525819 epoll_wait(8, [{events=EPOLLIN, data={u32=8, u64=8}}], 64, 1000) = 1 <0.041943>
18573 1790562283.568146 recvfrom(12, "GET /payload-1024.bin HTTP/1.1\r\n"..., 4096, 0, NULL, NULL) = 75 <0.000103>
18573 1790562283.569127 sendto(12, "HTTP/1.1 200 OK\r\nContent-Length:"..., 105, MSG_NOSIGNAL, NULL, 0) = 105 <0.000350>
18573 1790562283.570098 sendfile(12, 13, [0] => [1024], 1024) = 1024 <0.000112>
18573 1790562283.570500 epoll_wait(8, [{events=EPOLLIN, data={u32=8, u64=8}}], 64, 1000) = 1 <0.040951>
18573 1790562283.611735 recvfrom(12, "GET /payload-1024.bin HTTP/1.1\r\n"..., 4096, 0, NULL, NULL) = 75 <0.000108>
18573 1790562283.612899 sendto(12, "HTTP/1.1 200 OK\r\nContent-Length:"..., 105, MSG_NOSIGNAL, NULL, 0) = 105 <0.000114>
18573 1790562283.613516 sendfile(12, 13, [0] => [1024], 1024) = 1024 <0.000093>
18573 1790562283.614167 epoll_wait(8, [{events=EPOLLIN, data={u32=8, u64=8}}], 64, 1000) = 1 <0.042113>
18573 1790562283.656590 recvfrom(12, "GET /payload-1024.bin HTTP/1.1\r\n"..., 4096, 0, NULL, NULL) = 75 <0.000151>
18573 1790562283.658206 sendto(12, "HTTP/1.1 200 OK\r\nContent-Length:"..., 105, MSG_NOSIGNAL, NULL, 0) = 105 <0.000348>
18573 1790562283.659030 sendfile(12, 13, [0] => [1024], 1024) = 1024 <0.000069>
18573 1790562283.659429 epoll_wait(8,  <unfinished ...>
18574 1790562283.672916 <... epoll_wait resumed>[], 64, 1000) = 0 <1.001321>
18574 1790562283.673361 epoll_wait(10,  <unfinished ...>
18571 1790562283.691398 <... epoll_wait resumed>[], 64, 1000) = 0 <1.001278>
18571 1790562283.691626 epoll_wait(5,  <unfinished ...>
18573 1790562283.704047 <... epoll_wait resumed>[{events=EPOLLIN, data={u32=8, u64=8}}], 64, 1000) = 1 <0.044587>
18573 1790562283.704354 recvfrom(12, "GET /payload-1024.bin HTTP/1.1\r\n"..., 4096, 0, NULL, NULL) = 75 <0.000134>
18573 1790562283.706290 sendto(12, "HTTP/1.1 200 OK\r\nContent-Length:"..., 105, MSG_NOSIGNAL, NULL, 0) = 105 <0.000198>
18573 1790562283.707411 sendfile(12, 13, [0] => [1024], 1024) = 1024 <0.000062>
18573 1790562283.707777 epoll_wait(8, [{events=EPOLLIN, data={u32=8, u64=8}}], 64, 1000) = 1 <0.044431>
18573 1790562283.752656 recvfrom(12, "GET /payload-1024.bin HTTP/1.1\r\n"..., 4096, 0, NULL, NULL) = 75 <0.000108>
18573 1790562283.753783 sendto(12, "HTTP/1.1 200 OK\r\nContent-Length:"..., 105, MSG_NOSIGNAL, NULL, 0) = 105 <0.000097>
18573 1790562283.754301 sendfile(12, 13, [0] => [1024], 1024) = 1024 <0.000043>
18573 1790562283.754701 epoll_wait(8, [{events=EPOLLIN, data={u32=8, u64=8}}], 64, 1000) = 1 <0.040764>
18573 1790562283.795616 recvfrom(12, "GET /payload-1024.bin HTTP/1.1\r\n"..., 4096, 0, NULL, NULL) = 75 <0.000100>
18573 1790562283.796769 sendto(12, "HTTP/1.1 200 OK\r\nContent-Length:"..., 105, MSG_NOSIGNAL, NULL, 0) = 105 <0.000066>
18573 1790562283.797242 sendfile(12, 13, [0] => [1024], 1024) = 1024 <0.000090>
18573 1790562283.797788 epoll_wait(8, [{events=EPOLLIN, data={u32=8, u64=8}}], 64, 1000) = 1 <0.041853>
18573 1790562283.839773 recvfrom(12, "GET /payload-1024.bin HTTP/1.1\r\n"..., 4096, 0, NULL, NULL) = 75 <0.000064>
18573 1790562283.840551 sendto(12, "HTTP/1.1 200 OK\r\nContent-Length:"..., 105, MSG_NOSIGNAL, NULL, 0) = 105 <0.000106>
18573 1790562283.841146 sendfile(12, 13, [0] => [1024], 1024) = 1024 <0.000112>
18573 1790562283.841706 epoll_wait(8, [{events=EPOLLIN, data={u32=8, u64=8}}], 64, 1000) = 1 <0.041739>
18573 1790562283.883597 recvfrom(12, "GET /payload-1024.bin HTTP/1.1\r\n"..., 4096, 0, NULL, NULL) = 75 <0.000128>
18573 1790562283.884193 sendto(12, "HTTP/1.1 200 OK\r\nContent-Length:"..., 105, MSG_NOSIGNAL, NULL, 0) = 105 <0.000077>
18573 1790562283.884580 sendfile(12, 13, [0] => [1024], 1024) = 1024 <0.000139>
18573 1790562283.885106 epoll_wait(8, [{events=EPOLLIN, data={u32=8, u64=8}}], 64, 1000) = 1 <0.042390>
18573 1790562283.927757 recvfrom(12, "GET /payload-1024.bin HTTP/1.1\r\n"..., 4096, 0, NULL, NULL) = 75 <0.000067>
18573 1790562283.928695 sendto(12, "HTTP/1.1 200 OK\r\nContent-Length:"..., 105, MSG_NOSIGNAL, NULL, 0) = 105 <0.000093>
18573 1790562283.929196 sendfile(12, 13, [0] => [1024], 1024) = 1024 <0.000072>
18573 1790562283.929617 epoll_wait(8, [{events=EPOLLIN, data={u32=8, u64=8}}], 64, 1000) = 1 <0.041998>
18573 1790562283.971878 recvfrom(12, "GET /payload-1024.bin HTTP/1.1\r\n"..., 4096, 0, NULL, NULL) = 75 <0.000087>
18573 1790562283.973246 sendto(12, "HTTP/1.1 200 OK\r\nContent-Length:"..., 105, MSG_NOSIGNAL, NULL, 0) = 105 <0.000118>
18573 1790562283.973906 sendfile(12, 13, [0] => [1024], 1024) = 1024 <0.000094>
18573 1790562283.974499 epoll_wait(8, [{events=EPOLLIN, data={u32=8, u64=8}}], 64, 1000) = 1 <0.041495>
18573 1790562284.016454 recvfrom(12, "GET /payload-1024.bin HTTP/1.1\r\n"..., 4096, 0, NULL, NULL) = 75 <0.000101>
18573 1790562284.017926 sendto(12, "HTTP/1.1 200 OK\r\nContent-Length:"..., 105, MSG_NOSIGNAL, NULL, 0) = 105 <0.000109>
18573 1790562284.018595 sendfile(12, 13, [0] => [1024], 1024) = 1024 <0.000061>
18573 1790562284.019157 epoll_wait(8, [{events=EPOLLIN, data={u32=8, u64=8}}], 64, 1000) = 1 <0.043991>
18573 1790562284.063302 recvfrom(12, "GET /payload-1024.bin HTTP/1.1\r\n"..., 4096, 0, NULL, NULL) = 75 <0.000090>
18573 1790562284.064127 sendto(12, "HTTP/1.1 200 OK\r\nContent-Length:"..., 105, MSG_NOSIGNAL, NULL, 0) = 105 <0.000053>
18573 1790562284.064500 sendfile(12, 13, [0] => [1024], 1024) = 1024 <0.000054>
18573 1790562284.064855 epoll_wait(8, [{events=EPOLLIN|EPOLLRDHUP, data={u32=8, u64=8}}], 64, 1000) = 1 <0.043025>
18573 1790562284.108041 recvfrom(12, "", 4096, 0, NULL, NULL) = 0 <0.000074>
18573 1790562284.108310 epoll_ctl(8, EPOLL_CTL_DEL, 12, NULL) = 0 <0.000053>
18573 1790562284.108540 epoll_wait(8,  <unfinished ...>
18571 1790562284.127162 <... epoll_wait resumed>[{events=EPOLLIN, data={u32=4, u64=4}}], 64, 1000) = 1 <0.435517>
18574 1790562284.127654 <... epoll_wait resumed>[{events=EPOLLIN, data={u32=3, u64=3}}], 64, 1000) = 1 <0.454188>
18574 1790562284.127929 read(11, "\1\0\0\0\0\0\0\0", 8) = 8 <0.000071>
18571 1790562284.128086 epoll_wait(5,  <unfinished ...>
18574 1790562284.128164 read(11, 0x7b80ae3fca00, 8) = -1 EAGAIN (Resource temporarily unavailable) <0.000058>
18574 1790562284.128333 epoll_ctl(10, EPOLL_CTL_ADD, 12, {events=EPOLLIN|EPOLLRDHUP, data={u32=9, u64=9}}) = 0 <0.000068>
18574 1790562284.128501 epoll_wait(10, [{events=EPOLLIN, data={u32=9, u64=9}}], 64, 1000) = 1 <0.000081>
18574 1790562284.128705 recvfrom(12, "GET /payload-1024.bin HTTP/1.1\r\n"..., 4096, 0, NULL, NULL) = 75 <0.000087>
18574 1790562284.129312 sendto(12, "HTTP/1.1 200 OK\r\nContent-Length:"..., 105, MSG_NOSIGNAL, NULL, 0) = 105 <0.000054>
18574 1790562284.129706 sendfile(12, 13, [0] => [1024], 1024) = 1024 <0.000102>
18574 1790562284.130230 epoll_wait(10, [{events=EPOLLIN, data={u32=9, u64=9}}], 64, 1000) = 1 <0.000046>
18574 1790562284.130357 recvfrom(12, "GET /payload-1024.bin HTTP/1.1\r\n"..., 4096, 0, NULL, NULL) = 75 <0.000072>
18574 1790562284.130874 sendto(12, "HTTP/1.1 200 OK\r\nContent-Length:"..., 105, MSG_NOSIGNAL, NULL, 0) = 105 <0.000047>
18574 1790562284.131219 sendfile(12, 13, [0] => [1024], 1024) = 1024 <0.000058>
18574 1790562284.131524 epoll_wait(10, [{events=EPOLLIN, data={u32=9, u64=9}}], 64, 1000) = 1 <0.044433>
18574 1790562284.176164 recvfrom(12, "GET /payload-1024.bin HTTP/1.1\r\n"..., 4096, 0, NULL, NULL) = 75 <0.000042>
18574 1790562284.176688 sendto(12, "HTTP/1.1 200 OK\r\nContent-Length:"..., 105, MSG_NOSIGNAL, NULL, 0) = 105 <0.000053>
18574 1790562284.176984 sendfile(12, 13, [0] => [1024], 1024) = 1024 <0.000063>
18574 1790562284.177346 epoll_wait(10, [{events=EPOLLIN, data={u32=9, u64=9}}], 64, 1000) = 1 <0.042156>
18574 1790562284.219698 recvfrom(12, "GET /payload-1024.bin HTTP/1.1\r\n"..., 4096, 0, NULL, NULL) = 75 <0.000065>
18574 1790562284.220787 sendto(12, "HTTP/1.1 200 OK\r\nContent-Length:"..., 105, MSG_NOSIGNAL, NULL, 0) = 105 <0.000129>
18574 1790562284.221506 sendfile(12, 13, [0] => [1024], 1024) = 1024 <0.000141>
18574 1790562284.222272 epoll_wait(10, [{events=EPOLLIN, data={u32=9, u64=9}}], 64, 1000) = 1 <0.041481>
18574 1790562284.263922 recvfrom(12, "GET /payload-1024.bin HTTP/1.1\r\n"..., 4096, 0, NULL, NULL) = 75 <0.000059>
18574 1790562284.264853 sendto(12, "HTTP/1.1 200 OK\r\nContent-Length:"..., 105, MSG_NOSIGNAL, NULL, 0) = 105 <0.000268>
18574 1790562284.265828 sendfile(12, 13, [0] => [1024], 1024) = 1024 <0.000125>
18574 1790562284.266653 epoll_wait(10, [{events=EPOLLIN, data={u32=9, u64=9}}], 64, 1000) = 1 <0.041121>
18574 1790562284.308103 recvfrom(12, "GET /payload-1024.bin HTTP/1.1\r\n"..., 4096, 0, NULL, NULL) = 75 <0.000174>
18574 1790562284.309906 sendto(12, "HTTP/1.1 200 OK\r\nContent-Length:"..., 105, MSG_NOSIGNAL, NULL, 0) = 105 <0.000139>
18574 1790562284.310771 sendfile(12, 13, [0] => [1024], 1024) = 1024 <0.000136>
18574 1790562284.311333 epoll_wait(10, [{events=EPOLLIN, data={u32=9, u64=9}}], 64, 1000) = 1 <0.039690>
18574 1790562284.351169 recvfrom(12, "GET /payload-1024.bin HTTP/1.1\r\n"..., 4096, 0, NULL, NULL) = 75 <0.000086>
18574 1790562284.351784 sendto(12, "HTTP/1.1 200 OK\r\nContent-Length:"..., 105, MSG_NOSIGNAL, NULL, 0) = 105 <0.000046>
18574 1790562284.352066 sendfile(12, 13, [0] => [1024], 1024) = 1024 <0.000112>
18574 1790562284.352468 epoll_wait(10, [{events=EPOLLIN, data={u32=9, u64=9}}], 64, 1000) = 1 <0.043106>
18574 1790562284.395846 recvfrom(12, "GET /payload-1024.bin HTTP/1.1\r\n"..., 4096, 0, NULL, NULL) = 75 <0.000086>
18574 1790562284.396807 sendto(12, "HTTP/1.1 200 OK\r\nContent-Length:"..., 105, MSG_NOSIGNAL, NULL, 0) = 105 <0.000072>
18574 1790562284.397346 sendfile(12, 13, [0] => [1024], 1024) = 1024 <0.000073>
18574 1790562284.397867 epoll_wait(10, [{events=EPOLLIN, data={u32=9, u64=9}}], 64, 1000) = 1 <0.041711>
18574 1790562284.439783 recvfrom(12, "GET /payload-1024.bin HTTP/1.1\r\n"..., 4096, 0, NULL, NULL) = 75 <0.000125>
18574 1790562284.440801 sendto(12, "HTTP/1.1 200 OK\r\nContent-Length:"..., 105, MSG_NOSIGNAL, NULL, 0) = 105 <0.000108>
18574 1790562284.441339 sendfile(12, 13, [0] => [1024], 1024) = 1024 <0.000107>
18574 1790562284.441954 epoll_wait(10, [{events=EPOLLIN, data={u32=9, u64=9}}], 64, 1000) = 1 <0.041206>
18574 1790562284.483295 recvfrom(12, "GET /payload-1024.bin HTTP/1.1\r\n"..., 4096, 0, NULL, NULL) = 75 <0.000040>
18574 1790562284.483852 sendto(12, "HTTP/1.1 200 OK\r\nContent-Length:"..., 105, MSG_NOSIGNAL, NULL, 0) = 105 <0.000101>
18574 1790562284.484350 sendfile(12, 13, [0] => [1024], 1024) = 1024 <0.000080>
18574 1790562284.484695 epoll_wait(10, [{events=EPOLLIN, data={u32=9, u64=9}}], 64, 1000) = 1 <0.042510>
18574 1790562284.527351 recvfrom(12, "GET /payload-1024.bin HTTP/1.1\r\n"..., 4096, 0, NULL, NULL) = 75 <0.000071>
18574 1790562284.528193 sendto(12, "HTTP/1.1 200 OK\r\nContent-Length:"..., 105, MSG_NOSIGNAL, NULL, 0) = 105 <0.000051>
18574 1790562284.528708 sendfile(12, 13, [0] => [1024], 1024) = 1024 <0.000042>
18574 1790562284.529070 epoll_wait(10, [{events=EPOLLIN, data={u32=9, u64=9}}], 64, 1000) = 1 <0.042001>
18574 1790562284.571251 recvfrom(12, "GET /payload-1024.bin HTTP/1.1\r\n"..., 4096, 0, NULL, NULL) = 75 <0.000048>
18574 1790562284.571741 sendto(12, "HTTP/1.1 200 OK\r\nContent-Length:"..., 105, MSG_NOSIGNAL, NULL, 0) = 105 <0.000052>
18574 1790562284.572078 sendfile(12, 13, [0] => [1024], 1024) = 1024 <0.000044>
18574 1790562284.572383 epoll_wait(10, [{events=EPOLLIN, data={u32=9, u64=9}}], 64, 1000) = 1 <0.043487>
18574 1790562284.616012 recvfrom(12, "GET /payload-1024.bin HTTP/1.1\r\n"..., 4096, 0, NULL, NULL) = 75 <0.000037>
18574 1790562284.616749 sendto(12, "HTTP/1.1 200 OK\r\nContent-Length:"..., 105, MSG_NOSIGNAL, NULL, 0) = 105 <0.000067>
18574 1790562284.617233 sendfile(12, 13, [0] => [1024], 1024) = 1024 <0.000085>
18574 1790562284.617691 epoll_wait(10, [{events=EPOLLIN, data={u32=9, u64=9}}], 64, 1000) = 1 <0.041926>
18574 1790562284.659789 recvfrom(12, "GET /payload-1024.bin HTTP/1.1\r\n"..., 4096, 0, NULL, NULL) = 75 <0.000116>
18574 1790562284.660543 sendto(12, "HTTP/1.1 200 OK\r\nContent-Length:"..., 105, MSG_NOSIGNAL, NULL, 0) = 105 <0.000118>
18574 1790562284.660988 sendfile(12, 13, [0] => [1024], 1024) = 1024 <0.000064>
18574 1790562284.661358 epoll_wait(10, [{events=EPOLLIN, data={u32=9, u64=9}}], 64, 1000) = 1 <0.041989>
18574 1790562284.703501 recvfrom(12, "GET /payload-1024.bin HTTP/1.1\r\n"..., 4096, 0, NULL, NULL) = 75 <0.000058>
18574 1790562284.704293 sendto(12, "HTTP/1.1 200 OK\r\nContent-Length:"..., 105, MSG_NOSIGNAL, NULL, 0) = 105 <0.000054>
18574 1790562284.704644 sendfile(12, 13, [0] => [1024], 1024) = 1024 <0.000061>
18574 1790562284.705052 epoll_wait(10, [{events=EPOLLIN, data={u32=9, u64=9}}], 64, 1000) = 1 <0.042639>
18574 1790562284.747858 recvfrom(12, "GET /payload-1024.bin HTTP/1.1\r\n"..., 4096, 0, NULL, NULL) = 75 <0.000118>
18574 1790562284.749126 sendto(12, "HTTP/1.1 200 OK\r\nContent-Length:"..., 105, MSG_NOSIGNAL, NULL, 0) = 105 <0.000117>
18574 1790562284.749596 sendfile(12, 13, [0] => [1024], 1024) = 1024 <0.000059>
18574 1790562284.750032 epoll_wait(10, [{events=EPOLLIN, data={u32=9, u64=9}}], 64, 1000) = 1 <0.041684>
18574 1790562284.792110 recvfrom(12, "GET /payload-1024.bin HTTP/1.1\r\n"..., 4096, 0, NULL, NULL) = 75 <0.000147>
18574 1790562284.794098 sendto(12, "HTTP/1.1 200 OK\r\nContent-Length:"..., 105, MSG_NOSIGNAL, NULL, 0) = 105 <0.000171>
18574 1790562284.794743 sendfile(12, 13, [0] => [1024], 1024) = 1024 <0.000076>
18574 1790562284.795243 epoll_wait(10, [{events=EPOLLIN, data={u32=9, u64=9}}], 64, 1000) = 1 <0.044135>
18574 1790562284.839654 recvfrom(12, "GET /payload-1024.bin HTTP/1.1\r\n"..., 4096, 0, NULL, NULL) = 75 <0.000109>
18574 1790562284.840790 sendto(12, "HTTP/1.1 200 OK\r\nContent-Length:"..., 105, MSG_NOSIGNAL, NULL, 0) = 105 <0.000056>
18574 1790562284.841117 sendfile(12, 13, [0] => [1024], 1024) = 1024 <0.000060>
18574 1790562284.841463 epoll_wait(10, [{events=EPOLLIN, data={u32=9, u64=9}}], 64, 1000) = 1 <0.041533>
18574 1790562284.883146 recvfrom(12, "GET /payload-1024.bin HTTP/1.1\r\n"..., 4096, 0, NULL, NULL) = 75 <0.000039>
18574 1790562284.883754 sendto(12, "HTTP/1.1 200 OK\r\nContent-Length:"..., 105, MSG_NOSIGNAL, NULL, 0) = 105 <0.000186>
18574 1790562284.884323 sendfile(12, 13, [0] => [1024], 1024) = 1024 <0.000062>
18574 1790562284.884750 epoll_wait(10, [{events=EPOLLIN, data={u32=9, u64=9}}], 64, 1000) = 1 <0.042530>
18574 1790562284.927519 recvfrom(12, "GET /payload-1024.bin HTTP/1.1\r\n"..., 4096, 0, NULL, NULL) = 75 <0.000070>
18574 1790562284.928307 sendto(12, "HTTP/1.1 200 OK\r\nContent-Length:"..., 105, MSG_NOSIGNAL, NULL, 0) = 105 <0.000169>
18574 1790562284.928887 sendfile(12, 13, [0] => [1024], 1024) = 1024 <0.000071>
18574 1790562284.929277 epoll_wait(10, [{events=EPOLLIN, data={u32=9, u64=9}}], 64, 1000) = 1 <0.042415>
18574 1790562284.971996 recvfrom(12, "GET /payload-1024.bin HTTP/1.1\r\n"..., 4096, 0, NULL, NULL) = 75 <0.000146>
18574 1790562284.974095 sendto(12, "HTTP/1.1 200 OK\r\nContent-Length:"..., 105, MSG_NOSIGNAL, NULL, 0) = 105 <0.000166>
18574 1790562284.975103 sendfile(12, 13, [0] => [1024], 1024) = 1024 <0.000073>
18574 1790562284.975447 epoll_wait(10, [{events=EPOLLIN, data={u32=9, u64=9}}], 64, 1000) = 1 <0.043878>
18574 1790562285.019634 recvfrom(12, "GET /payload-1024.bin HTTP/1.1\r\n"..., 4096, 0, NULL, NULL) = 75 <0.000059>
18574 1790562285.020879 sendto(12, "HTTP/1.1 200 OK\r\nContent-Length:"..., 105, MSG_NOSIGNAL, NULL, 0) = 105 <0.000081>
18574 1790562285.021462 sendfile(12, 13, [0] => [1024], 1024) = 1024 <0.000216>
18574 1790562285.022091 epoll_wait(10, [{events=EPOLLIN, data={u32=9, u64=9}}], 64, 1000) = 1 <0.041068>
18574 1790562285.063308 recvfrom(12, "GET /payload-1024.bin HTTP/1.1\r\n"..., 4096, 0, NULL, NULL) = 75 <0.000095>
18574 1790562285.064077 sendto(12, "HTTP/1.1 200 OK\r\nContent-Length:"..., 105, MSG_NOSIGNAL, NULL, 0) = 105 <0.000124>
18574 1790562285.064504 sendfile(12, 13, [0] => [1024], 1024) = 1024 <0.000092>
18574 1790562285.064853 epoll_wait(10, [{events=EPOLLIN, data={u32=9, u64=9}}], 64, 1000) = 1 <0.042883>
18574 1790562285.108000 recvfrom(12, "GET /payload-1024.bin HTTP/1.1\r\n"..., 4096, 0, NULL, NULL) = 75 <0.000081>
18574 1790562285.108701 sendto(12, "HTTP/1.1 200 OK\r\nContent-Length:"..., 105, MSG_NOSIGNAL, NULL, 0) = 105 <0.000060>
18574 1790562285.109091 sendfile(12, 13, [0] => [1024], 1024) = 1024 <0.000056>
18574 1790562285.109480 epoll_wait(10,  <unfinished ...>
18573 1790562285.109681 <... epoll_wait resumed>[], 64, 1000) = 0 <1.001121>
18573 1790562285.109858 epoll_wait(8,  <unfinished ...>
18571 1790562285.129365 <... epoll_wait resumed>[], 64, 1000) = 0 <1.001257>
18571 1790562285.129630 epoll_wait(5,  <unfinished ...>
18574 1790562285.151847 <... epoll_wait resumed>[{events=EPOLLIN, data={u32=9, u64=9}}], 64, 1000) = 1 <0.042326>
18574 1790562285.152105 recvfrom(12, "GET /payload-1024.bin HTTP/1.1\r\n"..., 4096, 0, NULL, NULL) = 75 <0.000185>
18574 1790562285.154024 sendto(12, "HTTP/1.1 200 OK\r\nContent-Length:"..., 105, MSG_NOSIGNAL, NULL, 0) = 105 <0.000140>
18574 1790562285.154774 sendfile(12, 13, [0] => [1024], 1024) = 1024 <0.000193>
18574 1790562285.155318 epoll_wait(10, [{events=EPOLLIN, data={u32=9, u64=9}}], 64, 1000) = 1 <0.044449>
18574 1790562285.200021 recvfrom(12, "GET /payload-1024.bin HTTP/1.1\r\n"..., 4096, 0, NULL, NULL) = 75 <0.000162>
18574 1790562285.201602 sendto(12, "HTTP/1.1 200 OK\r\nContent-Length:"..., 105, MSG_NOSIGNAL, NULL, 0) = 105 <0.000178>
18574 1790562285.202808 sendfile(12, 13, [0] => [1024], 1024) = 1024 <0.000247>
18574 1790562285.203800 epoll_wait(10, [{events=EPOLLIN, data={u32=9, u64=9}}], 64, 1000) = 1 <0.039495>
18574 1790562285.243453 recvfrom(12, "GET /payload-1024.bin HTTP/1.1\r\n"..., 4096, 0, NULL, NULL) = 75 <0.000068>
18574 1790562285.244023 sendto(12, "HTTP/1.1 200 OK\r\nContent-Length:"..., 105, MSG_NOSIGNAL, NULL, 0) = 105 <0.000061>
18574 1790562285.244424 sendfile(12, 13, [0] => [1024], 1024) = 1024 <0.000080>
18574 1790562285.244774 epoll_wait(10, [{events=EPOLLIN, data={u32=9, u64=9}}], 64, 1000) = 1 <0.042405>
18574 1790562285.287330 recvfrom(12, "GET /payload-1024.bin HTTP/1.1\r\n"..., 4096, 0, NULL, NULL) = 75 <0.000052>
18574 1790562285.287974 sendto(12, "HTTP/1.1 200 OK\r\nContent-Length:"..., 105, MSG_NOSIGNAL, NULL, 0) = 105 <0.000051>
18574 1790562285.288299 sendfile(12, 13, [0] => [1024], 1024) = 1024 <0.000058>
18574 1790562285.288629 epoll_wait(10, [{events=EPOLLIN, data={u32=9, u64=9}}], 64, 1000) = 1 <0.042451>
18574 1790562285.331200 recvfrom(12, "GET /payload-1024.bin HTTP/1.1\r\n"..., 4096, 0, NULL, NULL) = 75 <0.000046>
18574 1790562285.331700 sendto(12, "HTTP/1.1 200 OK\r\nContent-Length:"..., 105, MSG_NOSIGNAL, NULL, 0) = 105 <0.000058>
18574 1790562285.332086 sendfile(12, 13, [0] => [1024], 1024) = 1024 <0.000053>
18574 1790562285.332434 epoll_wait(10, [{events=EPOLLIN, data={u32=9, u64=9}}], 64, 1000) = 1 <0.043708>
18574 1790562285.376424 recvfrom(12, "GET /payload-1024.bin HTTP/1.1\r\n"..., 4096, 0, NULL, NULL) = 75 <0.000187>
18574 1790562285.378332 sendto(12, "HTTP/1.1 200 OK\r\nContent-Length:"..., 105, MSG_NOSIGNAL, NULL, 0) = 105 <0.000131>
18574 1790562285.378927 sendfile(12, 13, [0] => [1024], 1024) = 1024 <0.000086>
18574 1790562285.379495 epoll_wait(10, [{events=EPOLLIN, data={u32=9, u64=9}}], 64, 1000) = 1 <0.043585>
18574 1790562285.423345 recvfrom(12, "GET /payload-1024.bin HTTP/1.1\r\n"..., 4096, 0, NULL, NULL) = 75 <0.000051>
18574 1790562285.424034 sendto(12, "HTTP/1.1 200 OK\r\nContent-Length:"..., 105, MSG_NOSIGNAL, NULL, 0) = 105 <0.000110>
18574 1790562285.424478 sendfile(12, 13, [0] => [1024], 1024) = 1024 <0.000066>
18574 1790562285.425319 epoll_wait(10, [{events=EPOLLIN, data={u32=9, u64=9}}], 64, 1000) = 1 <0.041959>
18574 1790562285.467416 recvfrom(12, "GET /payload-1024.bin HTTP/1.1\r\n"..., 4096, 0, NULL, NULL) = 75 <0.000056>
18574 1790562285.467997 sendto(12, "HTTP/1.1 200 OK\r\nContent-Length:"..., 105, MSG_NOSIGNAL, NULL, 0) = 105 <0.000061>
18574 1790562285.468385 sendfile(12, 13, [0] => [1024], 1024) = 1024 <0.000064>
18574 1790562285.468717 epoll_wait(10, [{events=EPOLLIN|EPOLLRDHUP, data={u32=9, u64=9}}], 64, 1000) = 1 <0.042556>
18574 1790562285.511439 recvfrom(12, "", 4096, 0, NULL, NULL) = 0 <0.000071>
18574 1790562285.511633 epoll_ctl(10, EPOLL_CTL_DEL, 12, NULL) = 0 <0.000044>
18574 1790562285.511877 epoll_wait(10,  <unfinished ...>
18571 1790562285.532824 <... epoll_wait resumed>[{events=EPOLLIN, data={u32=4, u64=4}}], 64, 1000) = 1 <0.403160>
18573 1790562285.533107 <... epoll_wait resumed>[{events=EPOLLIN, data={u32=2, u64=2}}], 64, 1000) = 1 <0.423225>
18573 1790562285.533364 read(9, "\1\0\0\0\0\0\0\0", 8) = 8 <0.000043>
18571 1790562285.533461 epoll_wait(5,  <unfinished ...>
18573 1790562285.533484 read(9, 0x7b80aebfda00, 8) = -1 EAGAIN (Resource temporarily unavailable) <0.000040>
18573 1790562285.533598 epoll_ctl(8, EPOLL_CTL_ADD, 12, {events=EPOLLIN|EPOLLRDHUP, data={u32=10, u64=10}}) = 0 <0.000037>
18573 1790562285.533727 epoll_wait(8, [{events=EPOLLIN, data={u32=10, u64=10}}], 64, 1000) = 1 <0.000032>
18573 1790562285.533830 recvfrom(12, "GET /payload-1024.bin HTTP/1.1\r\n"..., 4096, 0, NULL, NULL) = 81 <0.000034>
18573 1790562285.534233 sendto(12, "HTTP/1.1 200 OK\r\nContent-Length:"..., 105, MSG_NOSIGNAL, NULL, 0) = 105 <0.000048>
18573 1790562285.534641 sendfile(12, 13, [0] => [1024], 1024) = 1024 <0.000048>
18573 1790562285.535014 epoll_wait(8, [{events=EPOLLIN, data={u32=10, u64=10}}], 64, 1000) = 1 <0.010297>
18573 1790562285.545475 recvfrom(12, "GET /payload-1024.bin HTTP/1.1\r\n"..., 4096, 0, NULL, NULL) = 81 <0.000071>
18573 1790562285.546325 sendto(12, "HTTP/1.1 200 OK\r\nContent-Length:"..., 105, MSG_NOSIGNAL, NULL, 0) = 105 <0.000065>
18573 1790562285.546782 sendfile(12, 13, [0] => [1024], 1024) = 1024 <0.000077>
18573 1790562285.547204 epoll_wait(8, [{events=EPOLLIN, data={u32=10, u64=10}}], 64, 1000) = 1 <0.055297>
18573 1790562285.602841 recvfrom(12, "GET /payload-1024.bin HTTP/1.1\r\n"..., 4096, 0, NULL, NULL) = 81 <0.000136>
18573 1790562285.604914 sendto(12, "HTTP/1.1 200 OK\r\nContent-Length:"..., 105, MSG_NOSIGNAL, NULL, 0) = 105 <0.000163>
18573 1790562285.605962 sendfile(12, 13, [0] => [1024], 1024) = 1024 <0.000157>
18573 1790562285.607066 epoll_wait(8, [{events=EPOLLIN, data={u32=10, u64=10}}], 64, 1000) = 1 <0.051465>
18573 1790562285.658883 recvfrom(12, "GET /payload-1024.bin HTTP/1.1\r\n"..., 4096, 0, NULL, NULL) = 81 <0.000219>
18573 1790562285.661775 sendto(12, "HTTP/1.1 200 OK\r\nContent-Length:"..., 105, MSG_NOSIGNAL, NULL, 0) = 105 <0.000146>
18573 1790562285.662712 sendfile(12, 13, [0] => [1024], 1024) = 1024 <0.000229>
18573 1790562285.663492 epoll_wait(8, [{events=EPOLLIN, data={u32=10, u64=10}}], 64, 1000) = 1 <0.051066>
18573 1790562285.714955 recvfrom(12, "GET /payload-1024.bin HTTP/1.1\r\n"..., 4096, 0, NULL, NULL) = 81 <0.000249>
18573 1790562285.717470 sendto(12, "HTTP/1.1 200 OK\r\nContent-Length:"..., 105, MSG_NOSIGNAL, NULL, 0) = 105 <0.000181>
18573 1790562285.718720 sendfile(12, 13, [0] => [1024], 1024) = 1024 <0.000326>
18573 1790562285.720082 epoll_wait(8, [{events=EPOLLIN|EPOLLRDHUP, data={u32=10, u64=10}}], 64, 1000) = 1 <0.050014>
18573 1790562285.770514 recvfrom(12, "", 4096, 0, NULL, NULL) = 0 <0.000146>
18573 1790562285.770950 epoll_ctl(8, EPOLL_CTL_DEL, 12, NULL) = 0 <0.000147>
18573 1790562285.771666 epoll_wait(8,  <detached ...>
