18664 1790562287.169001 epoll_wait(8,  <unfinished ...>
18665 1790562287.169073 epoll_wait(10,  <unfinished ...>
18661 1790562287.169107 epoll_wait(5, [{events=EPOLLIN, data={u32=5, u64=5}}], 64, 1000) = 1 <0.149036>
18665 1790562287.318749 <... epoll_wait resumed>[{events=EPOLLIN, data={u32=3, u64=3}}], 64, 1000) = 1 <0.149662>
18665 1790562287.318951 read(11, "\1\0\0\0\0\0\0\0", 8) = 8 <0.000105>
18665 1790562287.319231 read(11,  <unfinished ...>
18661 1790562287.319287 epoll_wait(5,  <unfinished ...>
18665 1790562287.319332 <... read resumed>0x7b1fcb2f7a00, 8) = -1 EAGAIN (Resource temporarily unavailable) <0.000066>
18665 1790562287.319451 epoll_ctl(10, EPOLL_CTL_ADD, 12, {events=EPOLLIN|EPOLLRDHUP, data={u32=7, u64=7}}) = 0 <0.000082>
18665 1790562287.319700 epoll_wait(10, [{events=EPOLLIN, data={u32=7, u64=7}}], 64, 1000) = 1 <0.000076>
18665 1790562287.319937 recvfrom(12, "GET /payload-1024.bin HTTP/1.1\r\n"..., 4096, 0, NULL, NULL) = 75 <0.000066>
18665 1790562287.321069 sendto(12, "HTTP/1.1 200 OK\r\nContent-Length:"..., 105, MSG_NOSIGNAL, NULL, 0) = 105 <0.000097>
18665 1790562287.321688 sendfile(12, 13, [0] => [1024], 1024) = 1024 <0.000120>
18665 1790562287.322337 epoll_wait(10, [{events=EPOLLIN, data={u32=7, u64=7}}], 64, 1000) = 1 <0.000053>
18665 1790562287.322512 recvfrom(12, "GET /payload-1024.bin HTTP/1.1\r\n"..., 4096, 0, NULL, NULL) = 75 <0.000049>
18665 1790562287.323077 sendto(12, "HTTP/1.1 200 OK\r\nContent-Length:"..., 105, MSG_NOSIGNAL, NULL, 0) = 105 <0.000069>
18665 1790562287.323462 sendfile(12, 13, [0] => [1024], 1024) = 1024 <0.000066>
18665 1790562287.323806 epoll_wait(10, [{events=EPOLLIN, data={u32=7, u64=7}}], 64, 1000) = 1 <0.043528>
18665 1790562287.367493 recvfrom(12, "GET /payload-1024.bin HTTP/1.1\r\n"..., 4096, 0, NULL, NULL) = 75 <0.000056>
18665 1790562287.368098 sendto(12, "HTTP/1.1 200 OK\r\nContent-Length:"..., 105, MSG_NOSIGNAL, NULL, 0) = 105 <0.000068>
18665 1790562287.368435 sendfile(12, 13, [0] => [1024], 1024) = 1024 <0.000064>
18665 1790562287.368764 epoll_wait(10, [{events=EPOLLIN, data={u32=7, u64=7}}], 64, 1000) = 1 <0.042930>
18665 1790562287.411943 recvfrom(12, "GET /payload-1024.bin HTTP/1.1\r\n"..., 4096, 0, NULL, NULL) = 75 <0.000096>
18665 1790562287.413099 sendto(12, "HTTP/1.1 200 OK\r\nContent-Length:"..., 105, MSG_NOSIGNAL, NULL, 0) = 105 <0.000116>
18665 1790562287.413778 sendfile(12, 13, [0] => [1024], 1024) = 1024 <0.000105>
18665 1790562287.414468 epoll_wait(10, [{events=EPOLLIN, data={u32=7, u64=7}}], 64, 1000) = 1 <0.041093>
18665 1790562287.455865 recvfrom(12, "GET /payload-1024.bin HTTP/1.1\r\n"..., 4096, 0, NULL, NULL) = 75 <0.000113>
18665 1790562287.457136 sendto(12, "HTTP/1.1 200 OK\r\nContent-Length:"..., 105, MSG_NOSIGNAL, NULL, 0) = 105 <0.000130>
18665 1790562287.457722 sendfile(12, 13, [0] => [1024], 1024) = 1024 <0.000113>
18665 1790562287.458299 epoll_wait(10, [{events=EPOLLIN, data={u32=7, u64=7}}], 64, 1000) = 1 <0.040839>
18665 1790562287.499381 recvfrom(12, "GET /payload-1024.bin HTTP/1.1\r\n"..., 4096, 0, NULL, NULL) = 75 <0.000149>
18665 1790562287.500270 sendto(12, "HTTP/1.1 200 OK\r\nContent-Length:"..., 105, MSG_NOSIGNAL, NULL, 0) = 105 <0.000084>
18665 1790562287.500728 sendfile(12, 13, [0] => [1024], 1024) = 1024 <0.000066>
18665 1790562287.501213 epoll_wait(10, [{events=EPOLLIN, data={u32=7, u64=7}}], 64, 1000) = 1 <0.041786>
18665 1790562287.543125 recvfrom(12, "GET /payload-1024.bin HTTP/1.1\r\n"..., 4096, 0, NULL, NULL) = 75 <0.000034>
18665 1790562287.543547 sendto(12, "HTTP/1.1 200 OK\r\nContent-Length:"..., 105, MSG_NOSIGNAL, NULL, 0) = 105 <0.000077>
18665 1790562287.543899 sendfile(12, 13, [0] => [1024], 1024) = 1024 <0.000055>
18665 1790562287.544203 epoll_wait(10, [{events=EPOLLIN, data={u32=7, u64=7}}], 64, 1000) = 1 <0.042912>
18665 1790562287.587257 recvfrom(12, "GET /payload-1024.bin HTTP/1.1\r\n"..., 4096, 0, NULL, NULL) = 75 <0.000056>
18665 1790562287.587849 sendto(12, "HTTP/1.1 200 OK\r\nContent-Length:"..., 105, MSG_NOSIGNAL, NULL, 0) = 105 <0.000048>
18665 1790562287.588234 sendfile(12, 13, [0] => [1024], 1024) = 1024 <0.000056>
18665 1790562287.588605 epoll_wait(10, [{events=EPOLLIN, data={u32=7, u64=7}}], 64, 1000) = 1 <0.042804>
18665 1790562287.631610 recvfrom(12, "GET /payload-1024.bin HTTP/1.1\r\n"..., 4096, 0, NULL, NULL) = 75 <0.000155>
18665 1790562287.633019 sendto(12, "HTTP/1.1 200 OK\r\nContent-Length:"..., 105, MSG_NOSIGNAL, NULL, 0) = 105 <0.000099>
18665 1790562287.633700 sendfile(12, 13, [0] => [1024], 1024) = 1024 <0.000082>
18665 1790562287.634197 epoll_wait(10, [{events=EPOLLIN, data={u32=7, u64=7}}], 64, 1000) = 1 <0.041129>
18665 1790562287.675660 recvfrom(12, "GET /payload-1024.bin HTTP/1.1\r\n"..., 4096, 0, NULL, NULL) = 75 <0.000051>
18665 1790562287.676476 sendto(12, "HTTP/1.1 200 OK\r\nContent-Length:"..., 105, MSG_NOSIGNAL, NULL, 0) = 105 <0.000064>
18665 1790562287.677191 sendfile(12, 13, [0] => [1024], 1024) = 1024 <0.000134>
18665 1790562287.677810 epoll_wait(10, [{events=EPOLLIN, data={u32=7, u64=7}}], 64, 1000) = 1 <0.041892>
18665 1790562287.719887 recvfrom(12, "GET /payload-1024.bin HTTP/1.1\r\n"..., 4096, 0, NULL, NULL) = 75 <0.000051>
18665 1790562287.720570 sendto(12, "HTTP/1.1 200 OK\r\nContent-Length:"..., 105, MSG_NOSIGNAL, NULL, 0) = 105 <0.000069>
18665 1790562287.720883 sendfile(12, 13, [0] => [1024], 1024) = 1024 <0.000100>
18665 1790562287.721339 epoll_wait(10, [{events=EPOLLIN, data={u32=7, u64=7}}], 64, 1000) = 1 <0.041997>
18665 1790562287.763466 recvfrom(12, "GET /payload-1024.bin HTTP/1.1\r\n"..., 4096, 0, NULL, NULL) = 75 <0.000070>
18665 1790562287.764147 sendto(12, "HTTP/1.1 200 OK\r\nContent-Length:"..., 105, MSG_NOSIGNAL, NULL, 0) = 105 <0.000048>
18665 1790562287.764518 sendfile(12, 13, [0] => [1024], 1024) = 1024 <0.000092>
18665 1790562287.764863 epoll_wait(10, [{events=EPOLLIN, data={u32=7, u64=7}}], 64, 1000) = 1 <0.044565>
18665 1790562287.809576 recvfrom(12, "GET /payload-1024.bin HTTP/1.1\r\n"..., 4096, 0, NULL, NULL) = 75 <0.000042>
18665 1790562287.810844 sendto(12, "HTTP/1.1 200 OK\r\nContent-Length:"..., 105, MSG_NOSIGNAL, NULL, 0) = 105 <0.000063>
18665 1790562287.811400 sendfile(12, 13, [0] => [1024], 1024) = 1024 <0.000053>
18665 1790562287.812074 epoll_wait(10, [{events=EPOLLIN, data={u32=7, u64=7}}], 64, 1000) = 1 <0.043116>
18665 1790562287.855413 recvfrom(12, "GET /payload-1024.bin HTTP/1.1\r\n"..., 4096, 0, NULL, NULL) = 75 <0.000067>
18665 1790562287.856178 sendto(12, "HTTP/1.1 200 OK\r\nContent-Length:"..., 105, MSG_NOSIGNAL, NULL, 0) = 105 <0.000060>
18665 1790562287.856669 sendfile(12, 13, [0] => [1024], 1024) = 1024 <0.000067>
18665 1790562287.857143 epoll_wait(10, [{events=EPOLLIN, data={u32=7, u64=7}}], 64, 1000) = 1 <0.042076>
18665 1790562287.899400 recvfrom(12, "GET /payload-1024.bin HTTP/1.1\r\n"..., 4096, 0, NULL, NULL) = 75 <0.000060>
18665 1790562287.900172 sendto(12, "HTTP/1.1 200 OK\r\nContent-Length:"..., 105, MSG_NOSIGNAL, NULL, 0) = 105 <0.000045>
18665 1790562287.900554 sendfile(12, 13, [0] => [1024], 1024) = 1024 <0.000117>
18665 1790562287.901059 epoll_wait(10, [{events=EPOLLIN, data={u32=7, u64=7}}], 64, 1000) = 1 <0.042179>
18665 1790562287.943420 recvfrom(12, "GET /payload-1024.bin HTTP/1.1\r\n"..., 4096, 0, NULL, NULL) = 75 <0.000072>
18665 1790562287.944144 sendto(12, "HTTP/1.1 200 OK\r\nContent-Length:"..., 105, MSG_NOSIGNAL, NULL, 0) = 105 <0.000105>
18665 1790562287.944626 sendfile(12, 13, [0] => [1024], 1024) = 1024 <0.000142>
18665 1790562287.945118 epoll_wait(10, [{events=EPOLLIN, data={u32=7, u64=7}}], 64, 1000) = 1 <0.042546>
18665 1790562287.987932 recvfrom(12, "GET /payload-1024.bin HTTP/1.1\r\n"..., 4096, 0, NULL, NULL) = 75 <0.000083>
18665 1790562287.989078 sendto(12, "HTTP/1.1 200 OK\r\nContent-Length:"..., 105, MSG_NOSIGNAL, NULL, 0) = 105 <0.000096>
18665 1790562287.989638 sendfile(12, 13, [0] => [1024], 1024) = 1024 <0.000086>
18665 1790562287.990080 epoll_wait(10, [{events=EPOLLIN, data={u32=7, u64=7}}], 64, 1000) = 1 <0.041452>
18665 1790562288.031728 recvfrom(12, "GET /payload-1024.bin HTTP/1.1\r\n"..., 4096, 0, NULL, NULL) = 75 <0.000040>
18665 1790562288.032324 sendto(12, "HTTP/1.1 200 OK\r\nContent-Length:"..., 105, MSG_NOSIGNAL, NULL, 0) = 105 <0.000127>
18665 1790562288.032785 sendfile(12, 13, [0] => [1024], 1024) = 1024 <0.000078>
18665 1790562288.033142 epoll_wait(10, [{events=EPOLLIN, data={u32=7, u64=7}}], 64, 1000) = 1 <0.042041>
18665 1790562288.075341 recvfrom(12, "GET /payload-1024.bin HTTP/1.1\r\n"..., 4096, 0, NULL, NULL) = 75 <0.000058>
18665 1790562288.076061 sendto(12, "HTTP/1.1 200 OK\r\nContent-Length:"..., 105, MSG_NOSIGNAL, NULL, 0) = 105 <0.000071>
18665 1790562288.076460 sendfile(12, 13, [0] => [1024], 1024) = 1024 <0.000067>
18665 1790562288.076830 epoll_wait(10, [{events=EPOLLIN, data={u32=7, u64=7}}], 64, 1000) = 1 <0.046579>
18665 1790562288.123574 recvfrom(12, "GET /payload-1024.bin HTTP/1.1\r\n"..., 4096, 0, NULL, NULL) = 75 <0.000092>
18665 1790562288.124337 sendto(12, "HTTP/1.1 200 OK\r\nContent-Length:"..., 105, MSG_NOSIGNAL, NULL, 0) = 105 <0.000103>
18665 1790562288.124916 sendfile(12, 13, [0] => [1024], 1024) = 1024 <0.000073>
18665 1790562288.125319 epoll_wait(10, [{events=EPOLLIN, data={u32=7, u64=7}}], 64, 1000) = 1 <0.042505>
18665 1790562288.168071 recvfrom(12, "GET /payload-1024.bin HTTP/1.1\r\n"..., 4096, 0, NULL, NULL) = 75 <0.000157>
18665 1790562288.169320 sendto(12, "HTTP/1.1 200 OK\r\nContent-Length:"..., 105, MSG_NOSIGNAL, NULL, 0) = 105 <0.000196>
18665 1790562288.170073 sendfile(12, 13, [0] <unfinished ...>
18664 1790562288.170164 <... epoll_wait resumed>[], 64, 1000) = 0 <1.001105>
18665 1790562288.170227 <... sendfile resumed> => [1024], 1024) = 1024 <0.000087>
18664 1790562288.170277 epoll_wait(8,  <unfinished ...>
18665 1790562288.170748 epoll_wait(10, [{events=EPOLLIN, data={u32=7, u64=7}}], 64, 1000) = 1 <0.040640>
18665 1790562288.211530 recvfrom(12, "GET /payload-1024.bin HTTP/1.1\r\n"..., 4096, 0, NULL, NULL) = 75 <0.000071>
18665 1790562288.212252 sendto(12, "HTTP/1.1 200 OK\r\nContent-Length:"..., 105, MSG_NOSIGNAL, NULL, 0) = 105 <0.000063>
18665 1790562288.212622 sendfile(12, 13, [0] => [1024], 1024) = 1024 <0.000043>
18665 1790562288.212926 epoll_wait(10, [{events=EPOLLIN, data={u32=7, u64=7}}], 64, 1000) = 1 <0.042538>
18665 1790562288.255620 recvfrom(12, "GET /payload-1024.bin HTTP/1.1\r\n"..., 4096, 0, NULL, NULL) = 75 <0.000044>
18665 1790562288.256194 sendto(12, "HTTP/1.1 200 OK\r\nContent-Length:"..., 105, MSG_NOSIGNAL, NULL, 0) = 105 <0.000070>
18665 1790562288.256596 sendfile(12, 13, [0] => [1024], 1024) = 1024 <0.000062>
18665 1790562288.256977 epoll_wait(10, [{events=EPOLLIN, data={u32=7, u64=7}}], 64, 1000) = 1 <0.042069>
18665 1790562288.299186 recvfrom(12, "GET /payload-1024.bin HTTP/1.1\r\n"..., 4096, 0, NULL, NULL) = 75 <0.000036>
18665 1790562288.300040 sendto(12, "HTTP/1.1 200 OK\r\nContent-Length:"..., 105, MSG_NOSIGNAL, NULL, 0) = 105 <0.000048>
18665 1790562288.300303 sendfile(12, 13, [0] => [1024], 1024) = 1024 <0.000043>
18665 1790562288.300587 epoll_wait(10,  <unfinished ...>
18661 1790562288.320571 <... epoll_wait resumed>[], 64, 1000) = 0 <1.001266>
18661 1790562288.320674 epoll_wait(5,  <unfinished ...>
18665 1790562288.346961 <... epoll_wait resumed>[{events=EPOLLIN, data={u32=7, u64=7}}], 64, 1000) = 1 <0.046354>
18665 1790562288.347060 recvfrom(12, "GET /payload-1024.bin HTTP/1.1\r\n"..., 4096, 0, NULL, NULL) = 75 <0.000033>
18665 1790562288.347410 sendto(12, "HTTP/1.1 200 OK\r\nContent-Length:"..., 105, MSG_NOSIGNAL, NULL, 0) = 105 <0.000039>
18665 1790562288.347671 sendfile(12, 13, [0] => [1024], 1024) = 1024 <0.000040>
18665 1790562288.347917 epoll_wait(10, [{events=EPOLLIN, data={u32=7, u64=7}}], 64, 1000) = 1 <0.043340>
18665 1790562288.391432 recvfrom(12, "GET /payload-1024.bin HTTP/1.1\r\n"..., 4096, 0, NULL, NULL) = 75 <0.000060>
18665 1790562288.392149 sendto(12, "HTTP/1.1 200 OK\r\nContent-Length:"..., 105, MSG_NOSIGNAL, NULL, 0) = 105 <0.000149>
18665 1790562288.392618 sendfile(12, 13, [0] => [1024], 1024) = 1024 <0.000080>
18665 1790562288.393020 epoll_wait(10, [{events=EPOLLIN, data={u32=7, u64=7}}], 64, 1000) = 1 <0.042196>
18665 1790562288.435369 recvfrom(12, "GET /payload-1024.bin HTTP/1.1\r\n"..., 4096, 0, NULL, NULL) = 75 <0.000053>
18665 1790562288.436025 sendto(12, "HTTP/1.1 200 OK\r\nContent-Length:"..., 105, MSG_NOSIGNAL, NULL, 0) = 105 <0.000064>
18665 1790562288.436334 sendfile(12, 13, [0] => [1024], 1024) = 1024 <0.000056>
18665 1790562288.436654 epoll_wait(10, [{events=EPOLLIN, data={u32=7, u64=7}}], 64, 1000) = 1 <0.042739>
18665 1790562288.479598 recvfrom(12, "GET /payload-1024.bin HTTP/1.1\r\n"..., 4096, 0, NULL, NULL) = 75 <0.000083>
18665 1790562288.480574 sendto(12, "HTTP/1.1 200 OK\r\nContent-Length:"..., 105, MSG_NOSIGNAL, NULL, 0) = 105 <0.000099>
18665 1790562288.481322 sendfile(12, 13, [0] => [1024], 1024) = 1024 <0.000106>
18665 1790562288.481934 epoll_wait(10, [{events=EPOLLIN, data={u32=7, u64=7}}], 64, 1000) = 1 <0.041110>
18665 1790562288.523202 recvfrom(12, "GET /payload-1024.bin HTTP/1.1\r\n"..., 4096, 0, NULL, NULL) = 75 <0.000040>
18665 1790562288.523656 sendto(12, "HTTP/1.1 200 OK\r\nContent-Length:"..., 105, MSG_NOSIGNAL, NULL, 0) = 105 <0.000061>
18665 1790562288.523991 sendfile(12, 13, [0] => [1024], 1024) = 1024 <0.000051>
18665 1790562288.524263 epoll_wait(10, [{events=EPOLLIN, data={u32=7, u64=7}}], 64, 1000) = 1 <0.043003>
18665 1790562288.567482 recvfrom(12, "GET /payload-1024.bin HTTP/1.1\r\n"..., 4096, 0, NULL, NULL) = 75 <0.000081>
18665 1790562288.568423 sendto(12, "HTTP/1.1 200 OK\r\nContent-Length:"..., 105, MSG_NOSIGNAL, NULL, 0) = 105 <0.000142>
18665 1790562288.569038 sendfile(12, 13, [0] => [1024], 1024) = 1024 <0.000086>
18665 1790562288.569475 epoll_wait(10, [{events=EPOLLIN, data={u32=7, u64=7}}], 64, 1000) = 1 <0.041549>
18665 1790562288.611182 recvfrom(12, "GET /payload-1024.bin HTTP/1.1\r\n"..., 4096, 0, NULL, NULL) = 75 <0.000140>
18665 1790562288.612048 sendto(12, "HTTP/1.1 200 OK\r\nContent-Length:"..., 105, MSG_NOSIGNAL, NULL, 0) = 105 <0.000055>
18665 1790562288.612405 sendfile(12, 13, [0] => [1024], 1024) = 1024 <0.000060>
18665 1790562288.612723 epoll_wait(10, [{events=EPOLLIN, data={u32=7, u64=7}}], 64, 1000) = 1 <0.042535>
18665 1790562288.655548 recvfrom(12, "GET /payload-1024.bin HTTP/1.1\r\n"..., 4096, 0, NULL, NULL) = 75 <0.000055>
18665 1790562288.656301 sendto(12, "HTTP/1.1 200 OK\r\nContent-Length:"..., 105, MSG_NOSIGNAL, NULL, 0) = 105 <0.000077>
18665 1790562288.656952 sendfile(12, 13, [0] => [1024], 1024) = 1024 <0.000093>
18665 1790562288.657541 epoll_wait(10, [{events=EPOLLIN|EPOLLRDHUP, data={u32=7, u64=7}}], 64, 1000) = 1 <0.041933>
18665 1790562288.699601 recvfrom(12, "", 4096, 0, NULL, NULL) = 0 <0.000061>
18665 1790562288.699762 epoll_ctl(10, EPOLL_CTL_DEL, 12, NULL) = 0 <0.000037>
18665 1790562288.700089 epoll_wait(10,  <unfinished ...>
18661 1790562288.718337 <... epoll_wait resumed>[{events=EPOLLIN, data={u32=5, u64=5}}], 64, 1000) = 1 <0.397651>
18664 1790562288.718912 <... epoll_wait resumed>[{events=EPOLLIN, data={u32=2, u64=2}}], 64, 1000) = 1 <0.548622>
18664 1790562288.719006 read(9, "\1\0\0\0\0\0\0\0", 8) = 8 <0.000048>
18664 1790562288.719136 read(9,  <unfinished ...>
18661 1790562288.719166 epoll_wait(5,  <unfinished ...>
18664 1790562288.719181 <... read resumed>0x7b1fcbaf8a00, 8) = -1 EAGAIN (Resource temporarily unavailable) <0.000028>
18664 1790562288.719360 epoll_ctl(8, EPOLL_CTL_ADD, 12, {events=EPOLLIN|EPOLLRDHUP, data={u32=8, u64=8}}) = 0 <0.000054>
18664 1790562288.719513 epoll_wait(8, [{events=EPOLLIN, data={u32=8, u64=8}}], 64, 1000) = 1 <0.000036>
18664 1790562288.719642 recvfrom(12, "GET /payload-1024.bin HTTP/1.1\r\n"..., 4096, 0, NULL, NULL) = 75 <0.000063>
18664 1790562288.720154 sendto(12, "HTTP/1.1 200 OK\r\nContent-Length:"..., 105, MSG_NOSIGNAL, NULL, 0) = 105 <0.000049>
18664 1790562288.720429 sendfile(12, 13, [0] => [1024], 1024) = 1024 <0.000053>
18664 1790562288.720710 epoll_wait(8, [{events=EPOLLIN, data={u32=8, u64=8}}], 64, 1000) = 1 <0.000384>
18664 1790562288.721168 recvfrom(12, "GET /payload-1024.bin HTTP/1.1\r\n"..., 4096, 0, NULL, NULL) = 75 <0.000039>
18664 1790562288.721576 sendto(12, "HTTP/1.1 200 OK\r\nContent-Length:"..., 105, MSG_NOSIGNAL, NULL, 0) = 105 <0.000110>
18664 1790562288.721895 sendfile(12, 13, [0] => [1024], 1024) = 1024 <0.000042>
18664 1790562288.722195 epoll_wait(8, [{events=EPOLLIN, data={u32=8, u64=8}}], 64, 1000) = 1 <0.041008>
18664 1790562288.763363 recvfrom(12, "GET /payload-1024.bin HTTP/1.1\r\n"..., 4096, 0, NULL, NULL) = 75 <0.000102>
18664 1790562288.764074 sendto(12, "HTTP/1.1 200 OK\r\nContent-Length:"..., 105, MSG_NOSIGNAL, NULL, 0) = 105 <0.000096>
18664 1790562288.764516 sendfile(12, 13, [0] => [1024], 1024) = 1024 <0.000067>
18664 1790562288.764889 epoll_wait(8, [{events=EPOLLIN, data={u32=8, u64=8}}], 64, 1000) = 1 <0.042407>
18664 1790562288.807466 recvfrom(12, "GET /payload-1024.bin HTTP/1.1\r\n"..., 4096, 0, NULL, NULL) = 75 <0.000054>
18664 1790562288.808224 sendto(12, "HTTP/1.1 200 OK\r\nContent-Length:"..., 105, MSG_NOSIGNAL, NULL, 0) = 105 <0.000101>
18664 1790562288.808718 sendfile(12, 13, [0] => [1024], 1024) = 1024 <0.000062>
18664 1790562288.809017 epoll_wait(8, [{events=EPOLLIN, data={u32=8, u64=8}}], 64, 1000) = 1 <0.045834>
18664 1790562288.855023 recvfrom(12, "GET /payload-1024.bin HTTP/1.1\r\n"..., 4096, 0, NULL, NULL) = 75 <0.000047>
18664 1790562288.855555 sendto(12, "HTTP/1.1 200 OK\r\nContent-Length:"..., 105, MSG_NOSIGNAL, NULL, 0) = 105 <0.000071>
18664 1790562288.855917 sendfile(12, 13, [0] => [1024], 1024) = 1024 <0.000055>
18664 1790562288.856328 epoll_wait(8, [{events=EPOLLIN, data={u32=8, u64=8}}], 64, 1000) = 1 <0.042781>
18664 1790562288.899256 recvfrom(12, "GET /payload-1024.bin HTTP/1.1\r\n"..., 4096, 0, NULL, NULL) = 75 <0.000048>
18664 1790562288.899736 sendto(12, "HTTP/1.1 200 OK\r\nContent-Length:"..., 105, MSG_NOSIGNAL, NULL, 0) = 105 <0.000054>
18664 1790562288.900046 sendfile(12, 13, [0] => [1024], 1024) = 1024 <0.000050>
18664 1790562288.900323 epoll_wait(8, [{events=EPOLLIN, data={u32=8, u64=8}}], 64, 1000) = 1 <0.043768>
18664 1790562288.944450 recvfrom(12, "GET /payload-1024.bin HTTP/1.1\r\n"..., 4096, 0, NULL, NULL) = 75 <0.000152>
18664 1790562288.946144 sendto(12, "HTTP/1.1 200 OK\r\nContent-Length:"..., 105, MSG_NOSIGNAL, NULL, 0) = 105 <0.000134>
18664 1790562288.947117 sendfile(12, 13, [0] => [1024], 1024) = 1024 <0.000123>
18664 1790562288.948115 epoll_wait(8, [{events=EPOLLIN, data={u32=8, u64=8}}], 64, 1000) = 1 <0.043914>
18664 1790562288.992399 recvfrom(12, "GET /payload-1024.bin HTTP/1.1\r\n"..., 4096, 0, NULL, NULL) = 75 <0.000165>
18664 1790562288.994855 sendto(12, "HTTP/1.1 200 OK\r\nContent-Length:"..., 105, MSG_NOSIGNAL, NULL, 0) = 105 <0.000307>
18664 1790562288.996117 sendfile(12, 13, [0] => [1024], 1024) = 1024 <0.000154>
18664 1790562288.997275 epoll_wait(8, [{events=EPOLLIN, data={u32=8, u64=8}}], 64, 1000) = 1 <0.042583>
18664 1790562289.040269 recvfrom(12, "GET /payload-1024.bin HTTP/1.1\r\n"..., 4096, 0, NULL, NULL) = 75 <0.000166>
18664 1790562289.042380 sendto(12, "HTTP/1.1 200 OK\r\nContent-Length:"..., 105, MSG_NOSIGNAL, NULL, 0) = 105 <0.000251>
18664 1790562289.043577 sendfile(12, 13, [0] => [1024], 1024) = 1024 <0.000146>
18664 1790562289.044415 epoll_wait(8, [{events=EPOLLIN, data={u32=8, u64=8}}], 64, 1000) = 1 <0.043806>
18664 1790562289.088768 recvfrom(12, "GET /payload-1024.bin HTTP/1.1\r\n"..., 4096, 0, NULL, NULL) = 75 <0.000431>
18664 1790562289.091307 sendto(12, "HTTP/1.1 200 OK\r\nContent-Length:"..., 105, MSG_NOSIGNAL, NULL, 0) = 105 <0.000173>
18664 1790562289.092184 sendfile(12, 13, [0] => [1024], 1024) = 1024 <0.000108>
18664 1790562289.092810 epoll_wait(8, [{events=EPOLLIN, data={u32=8, u64=8}}], 64, 1000) = 1 <0.042835>
18664 1790562289.136004 recvfrom(12, "GET /payload-1024.bin HTTP/1.1\r\n"..., 4096, 0, NULL, NULL) = 75 <0.000160>
18664 1790562289.137700 sendto(12, "HTTP/1.1 200 OK\r\nContent-Length:"..., 105, MSG_NOSIGNAL, NULL, 0) = 105 <0.000145>
18664 1790562289.138545 sendfile(12, 13, [0] => [1024], 1024) = 1024 <0.000097>
18664 1790562289.139439 epoll_wait(8, [{events=EPOLLIN, data={u32=8, u64=8}}], 64, 1000) = 1 <0.040740>
18664 1790562289.180638 recvfrom(12, "GET /payload-1024.bin HTTP/1.1\r\n"..., 4096, 0, NULL, NULL) = 75 <0.000140>
18664 1790562289.182513 sendto(12, "HTTP/1.1 200 OK\r\nContent-Length:"..., 105, MSG_NOSIGNAL, NULL, 0) = 105 <0.000254>
18664 1790562289.183507 sendfile(12, 13, [0] => [1024], 1024) = 1024 <0.000103>
18664 1790562289.184276 epoll_wait(8, [{events=EPOLLIN, data={u32=8, u64=8}}], 64, 1000) = 1 <0.044149>
18664 1790562289.228804 recvfrom(12, "GET /payload-1024.bin HTTP/1.1\r\n"..., 4096, 0, NULL, NULL) = 75 <0.000177>
18664 1790562289.231504 sendto(12, "HTTP/1.1 200 OK\r\nContent-Length:"..., 105, MSG_NOSIGNAL, NULL, 0) = 105 <0.000161>
18664 1790562289.232692 sendfile(12, 13, [0] => [1024], 1024) = 1024 <0.000266>
18664 1790562289.233774 epoll_wait(8, [{events=EPOLLIN, data={u32=8, u64=8}}], 64, 1000) = 1 <0.042039>
18664 1790562289.276065 recvfrom(12, "GET /payload-1024.bin HTTP/1.1\r\n"..., 4096, 0, NULL, NULL) = 75 <0.000129>
18664 1790562289.277773 sendto(12, "HTTP/1.1 200 OK\r\nContent-Length:"..., 105, MSG_NOSIGNAL, NULL, 0) = 105 <0.000137>
18664 1790562289.278586 sendfile(12, 13, [0] => [1024], 1024) = 1024 <0.000223>
18664 1790562289.279443 epoll_wait(8, [{events=EPOLLIN, data={u32=8, u64=8}}], 64, 1000) = 1 <0.041179>
18664 1790562289.320954 recvfrom(12, "GET /payload-1024.bin HTTP/1.1\r\n"..., 4096, 0, NULL, NULL) = 75 <0.000243>
18664 1790562289.323257 sendto(12, "HTTP/1.1 200 OK\r\nContent-Length:"..., 105, MSG_NOSIGNAL, NULL, 0) = 105 <0.000187>
18664 1790562289.324461 sendfile(12, 13, [0] => [1024], 1024) = 1024 <0.000164>
18664 1790562289.325362 epoll_wait(8, [{events=EPOLLIN, data={u32=8, u64=8}}], 64, 1000) = 1 <0.045990>
18664 1790562289.371624 recvfrom(12, "GET /payload-1024.bin HTTP/1.1\r\n"..., 4096, 0, NULL, NULL) = 75 <0.000098>
18664 1790562289.372825 sendto(12, "HTTP/1.1 200 OK\r\nContent-Length:"..., 105, MSG_NOSIGNAL, NULL, 0) = 105 <0.000088>
18664 1790562289.373286 sendfile(12, 13, [0] => [1024], 1024) = 1024 <0.000080>
18664 1790562289.373797 epoll_wait(8, [{events=EPOLLIN, data={u32=8, u64=8}}], 64, 1000) = 1 <0.042266>
18664 1790562289.416393 recvfrom(12, "GET /payload-1024.bin HTTP/1.1\r\n"..., 4096, 0, NULL, NULL) = 75 <0.000190>
18664 1790562289.418055 sendto(12, "HTTP/1.1 200 OK\r\nContent-Length:"..., 105, MSG_NOSIGNAL, NULL, 0) = 105 <0.000288>
18664 1790562289.419291 sendfile(12, 13, [0] => [1024], 1024) = 1024 <0.000163>
18664 1790562289.420144 epoll_wait(8, [{events=EPOLLIN, data={u32=8, u64=8}}], 64, 1000) = 1 <0.043444>
18664 1790562289.463785 recvfrom(12, "GET /payload-1024.bin HTTP/1.1\r\n"..., 4096, 0, NULL, NULL) = 75 <0.000060>
18664 1790562289.464797 sendto(12, "HTTP/1.1 200 OK\r\nContent-Length:"..., 105, MSG_NOSIGNAL, NULL, 0) = 105 <0.000083>
18664 1790562289.465459 sendfile(12, 13, [0] => [1024], 1024) = 1024 <0.000090>
18664 1790562289.465944 epoll_wait(8, [{events=EPOLLIN, data={u32=8, u64=8}}], 64, 1000) = 1 <0.041867>
18664 1790562289.508090 recvfrom(12, "GET /payload-1024.bin HTTP/1.1\r\n"..., 4096, 0, NULL, NULL) = 75 <0.000142>
18664 1790562289.509594 sendto(12, "HTTP/1.1 200 OK\r\nContent-Length:"..., 105, MSG_NOSIGNAL, NULL, 0) = 105 <0.000192>
18664 1790562289.510600 sendfile(12, 13, [0] => [1024], 1024) = 1024 <0.000099>
18664 1790562289.511199 epoll_wait(8, [{events=EPOLLIN, data={u32=8, u64=8}}], 64, 1000) = 1 <0.040235>
18664 1790562289.551665 recvfrom(12, "GET /payload-1024.bin HTTP/1.1\r\n"..., 4096, 0, NULL, NULL) = 75 <0.000138>
18664 1790562289.552697 sendto(12, "HTTP/1.1 200 OK\r\nContent-Length:"..., 105, MSG_NOSIGNAL, NULL, 0) = 105 <0.000118>
18664 1790562289.553084 sendfile(12, 13, [0] => [1024], 1024) = 1024 <0.000121>
18664 1790562289.553508 epoll_wait(8, [{events=EPOLLIN, data={u32=8, u64=8}}], 64, 1000) = 1 <0.042736>
18664 1790562289.596591 recvfrom(12, "GET /payload-1024.bin HTTP/1.1\r\n"..., 4096, 0, NULL, NULL) = 75 <0.000163>
18664 1790562289.598377 sendto(12, "HTTP/1.1 200 OK\r\nContent-Length:"..., 105, MSG_NOSIGNAL, NULL, 0) = 105 <0.000253>
18664 1790562289.599586 sendfile(12, 13, [0] => [1024], 1024) = 1024 <0.000197>
18664 1790562289.600350 epoll_wait(8, [{events=EPOLLIN, data={u32=8, u64=8}}], 64, 1000) = 1 <0.043109>
18664 1790562289.643675 recvfrom(12, "GET /payload-1024.bin HTTP/1.1\r\n"..., 4096, 0, NULL, NULL) = 75 <0.000073>
18664 1790562289.644664 sendto(12, "HTTP/1.1 200 OK\r\nContent-Length:"..., 105, MSG_NOSIGNAL, NULL, 0) = 105 <0.000101>
18664 1790562289.645263 sendfile(12, 13, [0] => [1024], 1024) = 1024 <0.000148>
18664 1790562289.645875 epoll_wait(8, [{events=EPOLLIN, data={u32=8, u64=8}}], 64, 1000) = 1 <0.042782>
18664 1790562289.689076 recvfrom(12, "GET /payload-1024.bin HTTP/1.1\r\n"..., 4096, 0, NULL, NULL) = 75 <0.000319>
18664 1790562289.691438 sendto(12, "HTTP/1.1 200 OK\r\nContent-Length:"..., 105, MSG_NOSIGNAL, NULL, 0) = 105 <0.000167>
18664 1790562289.692399 sendfile(12, 13, [0] => [1024], 1024) = 1024 <0.000157>
18664 1790562289.693511 epoll_wait(8,  <unfinished ...>
18665 1790562289.701330 <... epoll_wait resumed>[], 64, 1000) = 0 <1.001205>
18665 1790562289.701563 epoll_wait(10,  <unfinished ...>
18661 1790562289.720487 <... epoll_wait resumed>[], 64, 1000) = 0 <1.001306>
18661 1790562289.720765 epoll_wait(5,  <unfinished ...>
18664 1790562289.736458 <... epoll_wait resumed>[{events=EPOLLIN, data={u32=8, u64=8}}], 64, 1000) = 1 <0.042864>
18664 1790562289.736772 recvfrom(12, "GET /payload-1024.bin HTTP/1.1\r\n"..., 4096, 0, NULL, NULL) = 75 <0.000192>
18664 1790562289.738935 sendto(12, "HTTP/1.1 200 OK\r\nContent-Length:"..., 105, MSG_NOSIGNAL, NULL, 0) = 105 <0.000226>
18664 1790562289.739976 sendfile(12, 13, [0] => [1024], 1024) = 1024 <0.000165>
18664 1790562289.740701 epoll_wait(8, [{events=EPOLLIN, data={u32=8, u64=8}}], 64, 1000) = 1 <0.047983>
18664 1790562289.789146 recvfrom(12, "GET /payload-1024.bin HTTP/1.1\r\n"..., 4096, 0, NULL, NULL) = 75 <0.000380>
18664 1790562289.791622 sendto(12, "HTTP/1.1 200 OK\r\nContent-Length:"..., 105, MSG_NOSIGNAL, NULL, 0) = 105 <0.000659>
18664 1790562289.793310 sendfile(12, 13, [0] => [1024], 1024) = 1024 <0.000156>
18664 1790562289.794005 epoll_wait(8, [{events=EPOLLIN, data={u32=8, u64=8}}], 64, 1000) = 1 <0.041185>
18664 1790562289.835374 recvfrom(12, "GET /payload-1024.bin HTTP/1.1\r\n"..., 4096, 0, NULL, NULL) = 75 <0.000060>
18664 1790562289.836230 sendto(12, "HTTP/1.1 200 OK\r\nContent-Length:"..., 105, MSG_NOSIGNAL, NULL, 0) = 105 <0.000055>
18664 1790562289.836574 sendfile(12, 13, [0] => [1024], 1024) = 1024 <0.000068>
18664 1790562289.836882 epoll_wait(8, [{events=EPOLLIN, data={u32=8, u64=8}}], 64, 1000) = 1 <0.042223>
18664 1790562289.879244 recvfrom(12, "GET /payload-1024.bin HTTP/1.1\r\n"..., 4096, 0, NULL, NULL) = 75 <0.000057>
18664 1790562289.879889 sendto(12, "HTTP/1.1 200 OK\r\nContent-Length:"..., 105, MSG_NOSIGNAL, NULL, 0) = 105 <0.000071>
18664 1790562289.880283 sendfile(12, 13, [0] => [1024], 1024) = 1024 <0.000066>
18664 1790562289.880598 epoll_wait(8, [{events=EPOLLIN, data={u32=8, u64=8}}], 64, 1000) = 1 <0.042884>
18664 1790562289.923601 recvfrom(12, "GET /payload-1024.bin HTTP/1.1\r\n"..., 4096, 0, NULL, NULL) = 75 <0.000055>
18664 1790562289.924276 sendto(12, "HTTP/1.1 200 OK\r\nContent-Length:"..., 105, MSG_NOSIGNAL, NULL, 0) = 105 <0.000073>
18664 1790562289.924625 sendfile(12, 13, [0] => [1024], 1024) = 1024 <0.000076>
18664 1790562289.925085 epoll_wait(8, [{events=EPOLLIN, data={u32=8, u64=8}}], 64, 1000) = 1 <0.045692>
18664 1790562289.970897 recvfrom(12, "GET /payload-1024.bin HTTP/1.1\r\n"..., 4096, 0, NULL, NULL) = 75 <0.000036>
18664 1790562289.971296 sendto(12, "HTTP/1.1 200 OK\r\nContent-Length:"..., 105, MSG_NOSIGNAL, NULL, 0) = 105 <0.000044>
18664 1790562289.971606 sendfile(12, 13, [0] => [1024], 1024) = 1024 <0.000053>
18664 1790562289.971905 epoll_wait(8, [{events=EPOLLIN, data={u32=8, u64=8}}], 64, 1000) = 1 <0.043374>
18664 1790562290.015429 recvfrom(12, "GET /payload-1024.bin HTTP/1.1\r\n"..., 4096, 0, NULL, NULL) = 75 <0.000045>
18664 1790562290.016050 sendto(12, "HTTP/1.1 200 OK\r\nContent-Length:"..., 105, MSG_NOSIGNAL, NULL, 0) = 105 <0.000081>
18664 1790562290.016397 sendfile(12, 13, [0] => [1024], 1024) = 1024 <0.000049>
18664 1790562290.016679 epoll_wait(8, [{events=EPOLLIN, data={u32=8, u64=8}}], 64, 1000) = 1 <0.043435>
18664 1790562290.060490 recvfrom(12, "GET /payload-1024.bin HTTP/1.1\r\n"..., 4096, 0, NULL, NULL) = 75 <0.000131>
18664 1790562290.062465 sendto(12, "HTTP/1.1 200 OK\r\nContent-Length:"..., 105, MSG_NOSIGNAL, NULL, 0) = 105 <0.000151>
18664 1790562290.063192 sendfile(12, 13, [0] => [1024], 1024) = 1024 <0.000138>
18664 1790562290.064022 epoll_wait(8, [{events=EPOLLIN, data={u32=8, u64=8}}], 64, 1000) = 1 <0.043879>
18664 1790562290.108309 recvfrom(12, "GET /payload-1024.bin HTTP/1.1\r\n"..., 4096, 0, NULL, NULL) = 75 <0.000104>
18664 1790562290.109907 sendto(12, "HTTP/1.1 200 OK\r\nContent-Length:"..., 105, MSG_NOSIGNAL, NULL, 0) = 105 <0.000143>
18664 1790562290.110787 sendfile(12, 13, [0] => [1024], 1024) = 1024 <0.000166>
18664 1790562290.111624 epoll_wait(8, [{events=EPOLLIN|EPOLLRDHUP, data={u32=8, u64=8}}], 64, 1000) = 1 <0.044051>
18664 1790562290.156561 recvfrom(12, "", 4096, 0, NULL, NULL) = 0 <0.000299>
18664 1790562290.157183 epoll_ctl(8, EPOLL_CTL_DEL, 12, NULL) = 0 <0.000096>
18664 1790562290.157668 epoll_wait(8,  <unfinished ...>
18661 1790562290.174714 <... epoll_wait resumed>[{events=EPOLLIN, data={u32=5, u64=5}}], 64, 1000) = 1 <0.453904>
18665 1790562290.175129 <... epoll_wait resumed>[{events=EPOLLIN, data={u32=3, u64=3}}], 64, 1000) = 1 <0.473528>
18665 1790562290.175234 read(11, "\1\0\0\0\0\0\0\0", 8) = 8 <0.000064>
18665 1790562290.175449 read(11,  <unfinished ...>
18661 1790562290.175485 epoll_wait(5,  <unfinished ...>
18665 1790562290.175537 <... read resumed>0x7b1fcb2f7a00, 8) = -1 EAGAIN (Resource temporarily unavailable) <0.000062>
18665 1790562290.175593 epoll_ctl(10, EPOLL_CTL_ADD, 12, {events=EPOLLIN|EPOLLRDHUP, data={u32=9, u64=9}}) = 0 <0.000087>
18665 1790562290.175806 epoll_wait(10, [{events=EPOLLIN, data={u32=9, u64=9}}], 64, 1000) = 1 <0.000056>
18665 1790562290.175963 recvfrom(12, "GET /payload-1024.bin HTTP/1.1\r\n"..., 4096, 0, NULL, NULL) = 75 <0.000073>
18665 1790562290.176664 sendto(12, "HTTP/1.1 200 OK\r\nContent-Length:"..., 105, MSG_NOSIGNAL, NULL, 0) = 105 <0.000057>
18665 1790562290.176945 sendfile(12, 13, [0] => [1024], 1024) = 1024 <0.000049>
18665 1790562290.177170 epoll_wait(10, [{events=EPOLLIN, data={u32=9, u64=9}}], 64, 1000) = 1 <0.000738>
18665 1790562290.178000 recvfrom(12, "GET /payload-1024.bin HTTP/1.1\r\n"..., 4096, 0, NULL, NULL) = 75 <0.000073>
18665 1790562290.178832 sendto(12, "HTTP/1.1 200 OK\r\nContent-Length:"..., 105, MSG_NOSIGNAL, NULL, 0) = 105 <0.000118>
18665 1790562290.179194 sendfile(12, 13, [0] => [1024], 1024) = 1024 <0.000045>
18665 1790562290.179464 epoll_wait(10, [{events=EPOLLIN, data={u32=9, u64=9}}], 64, 1000) = 1 <0.044368>
18665 1790562290.224057 recvfrom(12, "GET /payload-1024.bin HTTP/1.1\r\n"..., 4096, 0, NULL, NULL) = 75 <0.000089>
18665 1790562290.225333 sendto(12, "HTTP/1.1 200 OK\r\nContent-Length:"..., 105, MSG_NOSIGNAL, NULL, 0) = 105 <0.000163>
18665 1790562290.226278 sendfile(12, 13, [0] => [1024], 1024) = 1024 <0.000528>
18665 1790562290.227327 epoll_wait(10, [{events=EPOLLIN, data={u32=9, u64=9}}], 64, 1000) = 1 <0.041143>
18665 1790562290.268856 recvfrom(12, "GET /payload-1024.bin HTTP/1.1\r\n"..., 4096, 0, NULL, NULL) = 75 <0.000171>
18665 1790562290.271048 sendto(12, "HTTP/1.1 200 OK\r\nContent-Length:"..., 105, MSG_NOSIGNAL, NULL, 0) = 105 <0.000181>
18665 1790562290.272030 sendfile(12, 13, [0] => [1024], 1024) = 1024 <0.000195>
18665 1790562290.273247 epoll_wait(10, [{events=EPOLLIN, data={u32=9, u64=9}}], 64, 1000) = 1 <0.046195>
18665 1790562290.319670 recvfrom(12, "GET /payload-1024.bin HTTP/1.1\r\n"..., 4096, 0, NULL, NULL) = 75 <0.000090>
18665 1790562290.320552 sendto(12, "HTTP/1.1 200 OK\r\nContent-Length:"..., 105, MSG_NOSIGNAL, NULL, 0) = 105 <0.000087>
18665 1790562290.321085 sendfile(12, 13, [0] => [1024], 1024) = 1024 <0.000077>
18665 1790562290.321507 epoll_wait(10, [{events=EPOLLIN, data={u32=9, u64=9}}], 64, 1000) = 1 <0.041760>
18665 1790562290.363673 recvfrom(12, "GET /payload-1024.bin HTTP/1.1\r\n"..., 4096, 0, NULL, NULL) = 75 <0.000068>
18665 1790562290.364624 sendto(12, "HTTP/1.1 200 OK\r\nContent-Length:"..., 105, MSG_NOSIGNAL, NULL, 0) = 105 <0.000114>
18665 1790562290.365372 sendfile(12, 13, [0] => [1024], 1024) = 1024 <0.000101>
18665 1790562290.365781 epoll_wait(10, [{events=EPOLLIN, data={u32=9, u64=9}}], 64, 1000) = 1 <0.041219>
18665 1790562290.407147 recvfrom(12, "GET /payload-1024.bin HTTP/1.1\r\n"..., 4096, 0, NULL, NULL) = 75 <0.000054>
18665 1790562290.407716 sendto(12, "HTTP/1.1 200 OK\r\nContent-Length:"..., 105, MSG_NOSIGNAL, NULL, 0) = 105 <0.000051>
18665 1790562290.408043 sendfile(12, 13, [0] => [1024], 1024) = 1024 <0.000047>
18665 1790562290.408303 epoll_wait(10, [{events=EPOLLIN, data={u32=9, u64=9}}], 64, 1000) = 1 <0.043359>
18665 1790562290.451959 recvfrom(12, "GET /payload-1024.bin HTTP/1.1\r\n"..., 4096, 0, NULL, NULL) = 75 <0.000131>
18665 1790562290.453146 sendto(12, "HTTP/1.1 200 OK\r\nContent-Length:"..., 105, MSG_NOSIGNAL, NULL, 0) = 105 <0.000142>
18665 1790562290.453786 sendfile(12, 13, [0] => [1024], 1024) = 1024 <0.000096>
18665 1790562290.454479 epoll_wait(10, [{events=EPOLLIN, data={u32=9, u64=9}}], 64, 1000) = 1 <0.041073>
18665 1790562290.495811 recvfrom(12, "GET /payload-1024.bin HTTP/1.1\r\n"..., 4096, 0, NULL, NULL) = 75 <0.000186>
18665 1790562290.497216 sendto(12, "HTTP/1.1 200 OK\r\nContent-Length:"..., 105, MSG_NOSIGNAL, NULL, 0) = 105 <0.000103>
18665 1790562290.498032 sendfile(12, 13, [0] => [1024], 1024) = 1024 <0.000082>
18665 1790562290.498551 epoll_wait(10, [{events=EPOLLIN, data={u32=9, u64=9}}], 64, 1000) = 1 <0.040643>
18665 1790562290.539331 recvfrom(12, "GET /payload-1024.bin HTTP/1.1\r\n"..., 4096, 0, NULL, NULL) = 75 <0.000038>
18665 1790562290.539840 sendto(12, "HTTP/1.1 200 OK\r\nContent-Length:"..., 105, MSG_NOSIGNAL, NULL, 0) = 105 <0.000103>
18665 1790562290.540256 sendfile(12, 13, [0] => [1024], 1024) = 1024 <0.000047>
18665 1790562290.540552 epoll_wait(10, [{events=EPOLLIN, data={u32=9, u64=9}}], 64, 1000) = 1 <0.043092>
18665 1790562290.583817 recvfrom(12, "GET /payload-1024.bin HTTP/1.1\r\n"..., 4096, 0, NULL, NULL) = 75 <0.000062>
18665 1790562290.584409 sendto(12, "HTTP/1.1 200 OK\r\nContent-Length:"..., 105, MSG_NOSIGNAL, NULL, 0) = 105 <0.000124>
18665 1790562290.584855 sendfile(12, 13, [0] => [1024], 1024) = 1024 <0.000050>
18665 1790562290.585274 epoll_wait(10, [{events=EPOLLIN, data={u32=9, u64=9}}], 64, 1000) = 1 <0.042154>
18665 1790562290.627578 recvfrom(12, "GET /payload-1024.bin HTTP/1.1\r\n"..., 4096, 0, NULL, NULL) = 75 <0.000137>
18665 1790562290.628316 sendto(12, "HTTP/1.1 200 OK\r\nContent-Length:"..., 105, MSG_NOSIGNAL, NULL, 0) = 105 <0.000131>
18665 1790562290.628738 sendfile(12, 13, [0] => [1024], 1024) = 1024 <0.000049>
18665 1790562290.629013 epoll_wait(10, [{events=EPOLLIN, data={u32=9, u64=9}}], 64, 1000) = 1 <0.043069>
18665 1790562290.672334 recvfrom(12, "GET /payload-1024.bin HTTP/1.1\r\n"..., 4096, 0, NULL, NULL) = 75 <0.000109>
18665 1790562290.673488 sendto(12, "HTTP/1.1 200 OK\r\nContent-Length:"..., 105, MSG_NOSIGNAL, NULL, 0) = 105 <0.000120>
18665 1790562290.674106 sendfile(12, 13, [0] => [1024], 1024) = 1024 <0.000097>
18665 1790562290.674706 epoll_wait(10, [{events=EPOLLIN, data={u32=9, u64=9}}], 64, 1000) = 1 <0.040358>
18665 1790562290.715248 recvfrom(12, "GET /payload-1024.bin HTTP/1.1\r\n"..., 4096, 0, NULL, NULL) = 75 <0.000058>
18665 1790562290.715684 sendto(12, "HTTP/1.1 200 OK\r\nContent-Length:"..., 105, MSG_NOSIGNAL, NULL, 0) = 105 <0.000048>
18665 1790562290.716207 sendfile(12, 13, [0] => [1024], 1024) = 1024 <0.000052>
18665 1790562290.716594 epoll_wait(10, [{events=EPOLLIN, data={u32=9, u64=9}}], 64, 1000) = 1 <0.046558>
18665 1790562290.763305 recvfrom(12, "GET /payload-1024.bin HTTP/1.1\r\n"..., 4096, 0, NULL, NULL) = 75 <0.000044>
18665 1790562290.764066 sendto(12, "HTTP/1.1 200 OK\r\nContent-Length:"..., 105, MSG_NOSIGNAL, NULL, 0) = 105 <0.000051>
18665 1790562290.764403 sendfile(12, 13, [0] => [1024], 1024) = 1024 <0.000046>
18665 1790562290.764670 epoll_wait(10, [{events=EPOLLIN, data={u32=9, u64=9}}], 64, 1000) = 1 <0.042938>
18665 1790562290.807898 recvfrom(12, "GET /payload-1024.bin HTTP/1.1\r\n"..., 4096, 0, NULL, NULL) = 75 <0.000092>
18665 1790562290.808849 sendto(12, "HTTP/1.1 200 OK\r\nContent-Length:"..., 105, MSG_NOSIGNAL, NULL, 0) = 105 <0.000089>
18665 1790562290.809424 sendfile(12, 13, [0] => [1024], 1024) = 1024 <0.000077>
18665 1790562290.809810 epoll_wait(10, [{events=EPOLLIN, data={u32=9, u64=9}}], 64, 1000) = 1 <0.041657>
18665 1790562290.851719 recvfrom(12, "GET /payload-1024.bin HTTP/1.1\r\n"..., 4096, 0, NULL, NULL) = 75 <0.000076>
18665 1790562290.852653 sendto(12, "HTTP/1.1 200 OK\r\nContent-Length:"..., 105, MSG_NOSIGNAL, NULL, 0) = 105 <0.000082>
18665 1790562290.853097 sendfile(12, 13, [0] => [1024], 1024) = 1024 <0.000071>
18665 1790562290.853516 epoll_wait(10, [{events=EPOLLIN, data={u32=9, u64=9}}], 64, 1000) = 1 <0.041650>
18665 1790562290.895315 recvfrom(12, "GET /payload-1024.bin HTTP/1.1\r\n"..., 4096, 0, NULL, NULL) = 75 <0.000040>
18665 1790562290.895792 sendto(12, "HTTP/1.1 200 OK\r\nContent-Length:"..., 105, MSG_NOSIGNAL, NULL, 0) = 105 <0.000056>
18665 1790562290.896193 sendfile(12, 13, [0] => [1024], 1024) = 1024 <0.000049>
18665 1790562290.896490 epoll_wait(10, [{events=EPOLLIN, data={u32=9, u64=9}}], 64, 1000) = 1 <0.046632>
18665 1790562290.943285 recvfrom(12, "GET /payload-1024.bin HTTP/1.1\r\n"..., 4096, 0, NULL, NULL) = 75 <0.000079>
18665 1790562290.944049 sendto(12, "HTTP/1.1 200 OK\r\nContent-Length:"..., 105, MSG_NOSIGNAL, NULL, 0) = 105 <0.000077>
18665 1790562290.944479 sendfile(12, 13, [0] => [1024], 1024) = 1024 <0.000072>
18665 1790562290.944854 epoll_wait(10, [{events=EPOLLIN, data={u32=9, u64=9}}], 64, 1000) = 1 <0.042743>
18665 1790562290.987953 recvfrom(12, "GET /payload-1024.bin HTTP/1.1\r\n"..., 4096, 0, NULL, NULL) = 75 <0.000119>
18665 1790562290.989016 sendto(12, "HTTP/1.1 200 OK\r\nContent-Length:"..., 105, MSG_NOSIGNAL, NULL, 0) = 105 <0.000112>
18665 1790562290.989540 sendfile(12, 13, [0] => [1024], 1024) = 1024 <0.000097>
18665 1790562290.990147 epoll_wait(10, [{events=EPOLLIN, data={u32=9, u64=9}}], 64, 1000) = 1 <0.041682>
18665 1790562291.032387 recvfrom(12, "GET /payload-1024.bin HTTP/1.1\r\n"..., 4096, 0, NULL, NULL) = 75 <0.000122>
18665 1790562291.034073 sendto(12, "HTTP/1.1 200 OK\r\nContent-Length:"..., 105, MSG_NOSIGNAL, NULL, 0) = 105 <0.000178>
18665 1790562291.034680 sendfile(12, 13, [0] => [1024], 1024) = 1024 <0.000159>
18665 1790562291.035340 epoll_wait(10, [{events=EPOLLIN, data={u32=9, u64=9}}], 64, 1000) = 1 <0.044191>
18665 1790562291.079701 recvfrom(12, "GET /payload-1024.bin HTTP/1.1\r\n"..., 4096, 0, NULL, NULL) = 75 <0.000068>
18665 1790562291.080805 sendto(12, "HTTP/1.1 200 OK\r\nContent-Length:"..., 105, MSG_NOSIGNAL, NULL, 0) = 105 <0.000078>
18665 1790562291.081323 sendfile(12, 13, [0] => [1024], 1024) = 1024 <0.000086>
18665 1790562291.081792 epoll_wait(10, [{events=EPOLLIN, data={u32=9, u64=9}}], 64, 1000) = 1 <0.041396>
18665 1790562291.123323 recvfrom(12, "GET /payload-1024.bin HTTP/1.1\r\n"..., 4096, 0, NULL, NULL) = 75 <0.000056>
18665 1790562291.124072 sendto(12, "HTTP/1.1 200 OK\r\nContent-Length:"..., 105, MSG_NOSIGNAL, NULL, 0) = 105 <0.000053>
18665 1790562291.124349 sendfile(12, 13, [0] => [1024], 1024) = 1024 <0.000051>
18665 1790562291.124718 epoll_wait(10,  <unfinished ...>
18664 1790562291.158808 <... epoll_wait resumed>[], 64, 1000) = 0 <1.001089>
18664 1790562291.158944 epoll_wait(8,  <unfinished ...>
18665 1790562291.171260 <... epoll_wait resumed>[{events=EPOLLIN, data={u32=9, u64=9}}], 64, 1000) = 1 <0.046523>
18665 1790562291.171397 recvfrom(12, "GET /payload-1024.bin HTTP/1.1\r\n"..., 4096, 0, NULL, NULL) = 75 <0.000051>
18665 1790562291.171979 sendto(12, "HTTP/1.1 200 OK\r\nContent-Length:"..., 105, MSG_NOSIGNAL, NULL, 0) = 105 <0.000056>
18665 1790562291.172408 sendfile(12, 13, [0] => [1024], 1024) = 1024 <0.000168>
18665 1790562291.172872 epoll_wait(10,  <unfinished ...>
18661 1790562291.176783 <... epoll_wait resumed>[], 64, 1000) = 0 <1.001290>
18661 1790562291.176851 epoll_wait(5,  <unfinished ...>
18665 1790562291.215149 <... epoll_wait resumed>[{events=EPOLLIN, data={u32=9, u64=9}}], 64, 1000) = 1 <0.042264>
18665 1790562291.215254 recvfrom(12, "GET /payload-1024.bin HTTP/1.1\r\n"..., 4096, 0, NULL, NULL) = 75 <0.000037>
18665 1790562291.215698 sendto(12, "HTTP/1.1 200 OK\r\nContent-Length:"..., 105, MSG_NOSIGNAL, NULL, 0) = 105 <0.000044>
18665 1790562291.216002 sendfile(12, 13, [0] => [1024], 1024) = 1024 <0.000044>
18665 1790562291.216294 epoll_wait(10, [{events=EPOLLIN, data={u32=9, u64=9}}], 64, 1000) = 1 <0.043039>
18665 1790562291.259496 recvfrom(12, "GET /payload-1024.bin HTTP/1.1\r\n"..., 4096, 0, NULL, NULL) = 75 <0.000081>
18665 1790562291.260395 sendto(12, "HTTP/1.1 200 OK\r\nContent-Length:"..., 105, MSG_NOSIGNAL, NULL, 0) = 105 <0.000103>
18665 1790562291.261029 sendfile(12, 13, [0] => [1024], 1024) = 1024 <0.000116>
18665 1790562291.261477 epoll_wait(10, [{events=EPOLLIN, data={u32=9, u64=9}}], 64, 1000) = 1 <0.041623>
18665 1790562291.303229 recvfrom(12, "GET /payload-1024.bin HTTP/1.1\r\n"..., 4096, 0, NULL, NULL) = 75 <0.000065>
18665 1790562291.303739 sendto(12, "HTTP/1.1 200 OK\r\nContent-Length:"..., 105, MSG_NOSIGNAL, NULL, 0) = 105 <0.000086>
18665 1790562291.304184 sendfile(12, 13, [0] => [1024], 1024) = 1024 <0.000060>
18665 1790562291.304661 epoll_wait(10, [{events=EPOLLIN, data={u32=9, u64=9}}], 64, 1000) = 1 <0.042307>
18665 1790562291.347129 recvfrom(12, "GET /payload-1024.bin HTTP/1.1\r\n"..., 4096, 0, NULL, NULL) = 75 <0.000037>
18665 1790562291.347571 sendto(12, "HTTP/1.1 200 OK\r\nContent-Length:"..., 105, MSG_NOSIGNAL, NULL, 0) = 105 <0.000047>
18665 1790562291.347815 sendfile(12, 13, [0] => [1024], 1024) = 1024 <0.000037>
18665 1790562291.348076 epoll_wait(10, [{events=EPOLLIN, data={u32=9, u64=9}}], 64, 1000) = 1 <0.043016>
18665 1790562291.391209 recvfrom(12, "GET /payload-1024.bin HTTP/1.1\r\n"..., 4096, 0, NULL, NULL) = 75 <0.000032>
18665 1790562291.391851 sendto(12, "HTTP/1.1 200 OK\r\nContent-Length:"..., 105, MSG_NOSIGNAL, NULL, 0) = 105 <0.000047>
18665 1790562291.392207 sendfile(12, 13, [0] => [1024], 1024) = 1024 <0.000042>
18665 1790562291.392486 epoll_wait(10, [{events=EPOLLIN, data={u32=9, u64=9}}], 64, 1000) = 1 <0.042886>
18665 1790562291.435521 recvfrom(12, "GET /payload-1024.bin HTTP/1.1\r\n"..., 4096, 0, NULL, NULL) = 75 <0.000035>
18665 1790562291.436048 sendto(12, "HTTP/1.1 200 OK\r\nContent-Length:"..., 105, MSG_NOSIGNAL, NULL, 0) = 105 <0.000079>
18665 1790562291.436391 sendfile(12, 13, [0] => [1024], 1024) = 1024 <0.000058>
18665 1790562291.436736 epoll_wait(10, [{events=EPOLLIN, data={u32=9, u64=9}}], 64, 1000) = 1 <0.042322>
18665 1790562291.479178 recvfrom(12, "GET /payload-1024.bin HTTP/1.1\r\n"..., 4096, 0, NULL, NULL) = 75 <0.000046>
18665 1790562291.479807 sendto(12, "HTTP/1.1 200 OK\r\nContent-Length:"..., 105, MSG_NOSIGNAL, NULL, 0) = 105 <0.000064>
18665 1790562291.480128 sendfile(12, 13, [0] => [1024], 1024) = 1024 <0.000124>
18665 1790562291.480499 epoll_wait(10, [{events=EPOLLIN, data={u32=9, u64=9}}], 64, 1000) = 1 <0.046730>
18665 1790562291.527386 recvfrom(12, "GET /payload-1024.bin HTTP/1.1\r\n"..., 4096, 0, NULL, NULL) = 75 <0.000042>
18665 1790562291.527854 sendto(12, "HTTP/1.1 200 OK\r\nContent-Length:"..., 105, MSG_NOSIGNAL, NULL, 0) = 105 <0.000073>
18665 1790562291.528217 sendfile(12, 13, [0] => [1024], 1024) = 1024 <0.000072>
18665 1790562291.528597 epoll_wait(10, [{events=EPOLLIN|EPOLLRDHUP, data={u32=9, u64=9}}], 64, 1000) = 1 <0.042925>
18665 1790562291.571674 recvfrom(12, "", 4096, 0, NULL, NULL) = 0 <0.000087>
18665 1790562291.571896 epoll_ctl(10, EPOLL_CTL_DEL, 12, NULL) = 0 <0.000049>
18665 1790562291.572276 epoll_wait(10,  <unfinished ...>
18661 1790562291.591703 <... epoll_wait resumed>[{events=EPOLLIN, data={u32=5, u64=5}}], 64, 1000) = 1 <0.414840>
18664 1790562291.592095 <... epoll_wait resumed>[{events=EPOLLIN, data={u32=2, u64=2}}], 64, 1000) = 1 <0.433133>
18664 1790562291.592201 read(9, "\1\0\0\0\0\0\0\0", 8) = 8 <0.000052>
18661 1790562291.592311 epoll_wait(5,  <unfinished ...>
18664 1790562291.592330 read(9, 0x7b1fcbaf8a00, 8) = -1 EAGAIN (Resource temporarily unavailable) <0.000040>
18664 1790562291.592450 epoll_ctl(8, EPOLL_CTL_ADD, 12, {events=EPOLLIN|EPOLLRDHUP, data={u32=10, u64=10}}) = 0 <0.000068>
18664 1790562291.592633 epoll_wait(8, [{events=EPOLLIN, data={u32=10, u64=10}}], 64, 1000) = 1 <0.000053>
18664 1790562291.592781 recvfrom(12, "GET /payload-1024.bin HTTP/1.1\r\n"..., 4096, 0, NULL, NULL) = 81 <0.000053>
18664 1790562291.593334 sendto(12, "HTTP/1.1 200 OK\r\nContent-Length:"..., 105, MSG_NOSIGNAL, NULL, 0) = 105 <0.000069>
18664 1790562291.593836 sendfile(12, 13, [0] => [1024], 1024) = 1024 <0.000101>
18664 1790562291.594363 epoll_wait(8, [{events=EPOLLIN, data={u32=10, u64=10}}], 64, 1000) = 1 <0.010171>
18664 1790562291.604646 recvfrom(12, "GET /payload-1024.bin HTTP/1.1\r\n"..., 4096, 0, NULL, NULL) = 81 <0.000037>
18664 1790562291.605088 sendto(12, "HTTP/1.1 200 OK\r\nContent-Length:"..., 105, MSG_NOSIGNAL, NULL, 0) = 105 <0.000054>
18664 1790562291.605407 sendfile(12, 13, [0] => [1024], 1024) = 1024 <0.000052>
18664 1790562291.605752 epoll_wait(8, [{events=EPOLLIN, data={u32=10, u64=10}}], 64, 1000) = 1 <0.051744>
18664 1790562291.657633 recvfrom(12, "GET /payload-1024.bin HTTP/1.1\r\n"..., 4096, 0, NULL, NULL) = 81 <0.000062>
18664 1790562291.658244 sendto(12, "HTTP/1.1 200 OK\r\nContent-Length:"..., 105, MSG_NOSIGNAL, NULL, 0) = 105 <0.000117>
18664 1790562291.658637 sendfile(12, 13, [0] => [1024], 1024) = 1024 <0.000063>
18664 1790562291.658946 epoll_wait(8, [{events=EPOLLIN, data={u32=10, u64=10}}], 64, 1000) = 1 <0.054965>
18664 1790562291.714272 recvfrom(12, "GET /payload-1024.bin HTTP/1.1\r\n"..., 4096, 0, NULL, NULL) = 81 <0.000208>
18664 1790562291.715828 sendto(12, "HTTP/1.1 200 OK\r\nContent-Length:"..., 105, MSG_NOSIGNAL, NULL, 0) = 105 <0.000115>
18664 1790562291.716438 sendfile(12, 13, [0] => [1024], 1024) = 1024 <0.000092>
18664 1790562291.716995 epoll_wait(8, [{events=EPOLLIN, data={u32=10, u64=10}}], 64, 1000) = 1 <0.052247>
18664 1790562291.769445 recvfrom(12, "GET /payload-1024.bin HTTP/1.1\r\n"..., 4096, 0, NULL, NULL) = 81 <0.000065>
18664 1790562291.770037 sendto(12, "HTTP/1.1 200 OK\r\nContent-Length:"..., 105, MSG_NOSIGNAL, NULL, 0) = 105 <0.000080>
18664 1790562291.770353 sendfile(12, 13, [0] => [1024], 1024) = 1024 <0.000072>
18664 1790562291.770698 epoll_wait(8, [{events=EPOLLIN|EPOLLRDHUP, data={u32=10, u64=10}}], 64, 1000) = 1 <0.051238>
18664 1790562291.822267 recvfrom(12, "", 4096, 0, NULL, NULL) = 0 <0.000136>
18664 1790562291.822629 epoll_ctl(8, EPOLL_CTL_DEL, 12, NULL) = 0 <0.000077>
18664 1790562291.823168 epoll_wait(8,  <detached ...>
