657   1790560676.809566 epoll_wait(10,  <unfinished ...>
656   1790560676.809878 epoll_wait(8,  <unfinished ...>
655   1790560676.809896 epoll_wait(5, [{events=EPOLLIN, data={u32=4, u64=4}}], 64, 1000) = 1 <0.143839>
657   1790560676.958963 <... epoll_wait resumed>[{events=EPOLLIN, data={u32=3, u64=3}}], 64, 1000) = 1 <0.149092>
657   1790560676.959202 read(11, "\1\0\0\0\0\0\0\0", 8) = 8 <0.000026>
657   1790560676.959305 read(11,  <unfinished ...>
655   1790560676.959333 epoll_wait(5,  <unfinished ...>
657   1790560676.959352 <... read resumed>0x7e5d037fda00, 8) = -1 EAGAIN (Resource temporarily unavailable) <0.000028>
657   1790560676.959420 epoll_ctl(10, EPOLL_CTL_ADD, 12, {events=EPOLLIN|EPOLLRDHUP, data={u32=7, u64=7}}) = 0 <0.000042>
657   1790560676.959569 epoll_wait(10, [{events=EPOLLIN, data={u32=7, u64=7}}], 64, 1000) = 1 <0.000037>
657   1790560676.959707 recvfrom(12, "GET /payload-1024.bin HTTP/1.1\r\n"..., 16384, 0, NULL, NULL) = 75 <0.000042>
657   1790560676.960104 read(13, "\0\1\2\3\4\5\6\7\10\t\n\v\f\r\16\17\20\21\22\23\24\25\26\27\30\31\32\33\34\35\36\37"..., 1024) = 1024 <0.000037>
657   1790560676.960665 sendto(12, "HTTP/1.1 200 OK\r\nContent-Length:"..., 1129, MSG_NOSIGNAL, NULL, 0) = 1129 <0.000065>
657   1790560676.961121 epoll_wait(10, [{events=EPOLLIN, data={u32=7, u64=7}}], 64, 1000) = 1 <0.000290>
657   1790560676.961507 recvfrom(12, "GET /payload-1024.bin HTTP/1.1\r\n"..., 16384, 0, NULL, NULL) = 75 <0.000045>
657   1790560676.961799 read(13, "\0\1\2\3\4\5\6\7\10\t\n\v\f\r\16\17\20\21\22\23\24\25\26\27\30\31\32\33\34\35\36\37"..., 1024) = 1024 <0.000038>
657   1790560676.962547 sendto(12, "HTTP/1.1 200 OK\r\nContent-Length:"..., 1129, MSG_NOSIGNAL, NULL, 0) = 1129 <0.000056>
657   1790560676.962708 epoll_wait(10, [{events=EPOLLIN, data={u32=7, u64=7}}], 64, 1000) = 1 <0.000231>
657   1790560676.963045 recvfrom(12, "GET /payload-1024.bin HTTP/1.1\r\n"..., 16384, 0, NULL, NULL) = 75 <0.000039>
657   1790560676.963332 read(13, "\0\1\2\3\4\5\6\7\10\t\n\v\f\r\16\17\20\21\22\23\24\25\26\27\30\31\32\33\34\35\36\37"..., 1024) = 1024 <0.000035>
657   1790560676.963941 sendto(12, "HTTP/1.1 200 OK\r\nContent-Length:"..., 1129, MSG_NOSIGNAL, NULL, 0) = 1129 <0.000041>
657   1790560676.964099 epoll_wait(10, [{events=EPOLLIN, data={u32=7, u64=7}}], 64, 1000) = 1 <0.000232>
657   1790560676.964432 recvfrom(12, "GET /payload-1024.bin HTTP/1.1\r\n"..., 16384, 0, NULL, NULL) = 75 <0.000054>
657   1790560676.964728 read(13, "\0\1\2\3\4\5\6\7\10\t\n\v\f\r\16\17\20\21\22\23\24\25\26\27\30\31\32\33\34\35\36\37"..., 1024) = 1024 <0.000038>
657   1790560676.965419 sendto(12, "HTTP/1.1 200 OK\r\nContent-Length:"..., 1129, MSG_NOSIGNAL, NULL, 0) = 1129 <0.000045>
657   1790560676.965563 epoll_wait(10, [{events=EPOLLIN, data={u32=7, u64=7}}], 64, 1000) = 1 <0.000202>
657   1790560676.965831 recvfrom(12, "GET /payload-1024.bin HTTP/1.1\r\n"..., 16384, 0, NULL, NULL) = 75 <0.000039>
657   1790560676.966108 read(13, "\0\1\2\3\4\5\6\7\10\t\n\v\f\r\16\17\20\21\22\23\24\25\26\27\30\31\32\33\34\35\36\37"..., 1024) = 1024 <0.000036>
657   1790560676.966761 sendto(12, "HTTP/1.1 200 OK\r\nContent-Length:"..., 1129, MSG_NOSIGNAL, NULL, 0) = 1129 <0.000046>
657   1790560676.966913 epoll_wait(10, [{events=EPOLLIN, data={u32=7, u64=7}}], 64, 1000) = 1 <0.000509>
657   1790560676.967539 recvfrom(12, "GET /payload-1024.bin HTTP/1.1\r\n"..., 16384, 0, NULL, NULL) = 75 <0.000080>
657   1790560676.967845 read(13, "\0\1\2\3\4\5\6\7\10\t\n\v\f\r\16\17\20\21\22\23\24\25\26\27\30\31\32\33\34\35\36\37"..., 1024) = 1024 <0.000034>
657   1790560676.968544 sendto(12, "HTTP/1.1 200 OK\r\nContent-Length:"..., 1129, MSG_NOSIGNAL, NULL, 0) = 1129 <0.000054>
657   1790560676.968708 epoll_wait(10, [{events=EPOLLIN, data={u32=7, u64=7}}], 64, 1000) = 1 <0.000226>
657   1790560676.969044 recvfrom(12, "GET /payload-1024.bin HTTP/1.1\r\n"..., 16384, 0, NULL, NULL) = 75 <0.000039>
657   1790560676.969395 read(13, "\0\1\2\3\4\5\6\7\10\t\n\v\f\r\16\17\20\21\22\23\24\25\26\27\30\31\32\33\34\35\36\37"..., 1024) = 1024 <0.000041>
657   1790560676.970075 sendto(12, "HTTP/1.1 200 OK\r\nContent-Length:"..., 1129, MSG_NOSIGNAL, NULL, 0) = 1129 <0.000049>
657   1790560676.970226 epoll_wait(10, [{events=EPOLLIN, data={u32=7, u64=7}}], 64, 1000) = 1 <0.000281>
657   1790560676.970627 recvfrom(12, "GET /payload-1024.bin HTTP/1.1\r\n"..., 16384, 0, NULL, NULL) = 75 <0.000036>
657   1790560676.970928 read(13, "\0\1\2\3\4\5\6\7\10\t\n\v\f\r\16\17\20\21\22\23\24\25\26\27\30\31\32\33\34\35\36\37"..., 1024) = 1024 <0.000034>
657   1790560676.971609 sendto(12, "HTTP/1.1 200 OK\r\nContent-Length:"..., 1129, MSG_NOSIGNAL, NULL, 0) = 1129 <0.000044>
657   1790560676.971754 epoll_wait(10, [{events=EPOLLIN, data={u32=7, u64=7}}], 64, 1000) = 1 <0.000203>
657   1790560676.972050 recvfrom(12, "GET /payload-1024.bin HTTP/1.1\r\n"..., 16384, 0, NULL, NULL) = 75 <0.000036>
657   1790560676.972350 read(13, "\0\1\2\3\4\5\6\7\10\t\n\v\f\r\16\17\20\21\22\23\24\25\26\27\30\31\32\33\34\35\36\37"..., 1024) = 1024 <0.000032>
657   1790560676.972990 sendto(12, "HTTP/1.1 200 OK\r\nContent-Length:"..., 1129, MSG_NOSIGNAL, NULL, 0) = 1129 <0.000047>
657   1790560676.973126 epoll_wait(10, [{events=EPOLLIN, data={u32=7, u64=7}}], 64, 1000) = 1 <0.000207>
657   1790560676.973461 recvfrom(12, "GET /payload-1024.bin HTTP/1.1\r\n"..., 16384, 0, NULL, NULL) = 75 <0.000043>
657   1790560676.973743 read(13, "\0\1\2\3\4\5\6\7\10\t\n\v\f\r\16\17\20\21\22\23\24\25\26\27\30\31\32\33\34\35\36\37"..., 1024) = 1024 <0.000067>
657   1790560676.974439 sendto(12, "HTTP/1.1 200 OK\r\nContent-Length:"..., 1129, MSG_NOSIGNAL, NULL, 0) = 1129 <0.000052>
657   1790560676.974589 epoll_wait(10, [{events=EPOLLIN, data={u32=7, u64=7}}], 64, 1000) = 1 <0.000166>
657   1790560676.974892 recvfrom(12, "GET /payload-1024.bin HTTP/1.1\r\n"..., 16384, 0, NULL, NULL) = 75 <0.000062>
657   1790560676.975272 read(13, "\0\1\2\3\4\5\6\7\10\t\n\v\f\r\16\17\20\21\22\23\24\25\26\27\30\31\32\33\34\35\36\37"..., 1024) = 1024 <0.000032>
657   1790560676.975933 sendto(12, "HTTP/1.1 200 OK\r\nContent-Length:"..., 1129, MSG_NOSIGNAL, NULL, 0) = 1129 <0.000086>
657   1790560676.976101 epoll_wait(10, [{events=EPOLLIN, data={u32=7, u64=7}}], 64, 1000) = 1 <0.000185>
657   1790560676.976367 recvfrom(12, "GET /payload-1024.bin HTTP/1.1\r\n"..., 16384, 0, NULL, NULL) = 75 <0.000044>
657   1790560676.976683 read(13, "\0\1\2\3\4\5\6\7\10\t\n\v\f\r\16\17\20\21\22\23\24\25\26\27\30\31\32\33\34\35\36\37"..., 1024) = 1024 <0.000058>
657   1790560676.977353 sendto(12, "HTTP/1.1 200 OK\r\nContent-Length:"..., 1129, MSG_NOSIGNAL, NULL, 0) = 1129 <0.000063>
657   1790560676.977541 epoll_wait(10, [{events=EPOLLIN, data={u32=7, u64=7}}], 64, 1000) = 1 <0.000148>
657   1790560676.977771 recvfrom(12, "GET /payload-1024.bin HTTP/1.1\r\n"..., 16384, 0, NULL, NULL) = 75 <0.000038>
657   1790560676.978032 read(13, "\0\1\2\3\4\5\6\7\10\t\n\v\f\r\16\17\20\21\22\23\24\25\26\27\30\31\32\33\34\35\36\37"..., 1024) = 1024 <0.000031>
657   1790560676.978763 sendto(12, "HTTP/1.1 200 OK\r\nContent-Length:"..., 1129, MSG_NOSIGNAL, NULL, 0) = 1129 <0.000043>
657   1790560676.978900 epoll_wait(10, [{events=EPOLLIN, data={u32=7, u64=7}}], 64, 1000) = 1 <0.000252>
657   1790560676.979233 recvfrom(12, "GET /payload-1024.bin HTTP/1.1\r\n"..., 16384, 0, NULL, NULL) = 75 <0.000037>
657   1790560676.979557 read(13, "\0\1\2\3\4\5\6\7\10\t\n\v\f\r\16\17\20\21\22\23\24\25\26\27\30\31\32\33\34\35\36\37"..., 1024) = 1024 <0.000035>
657   1790560676.980226 sendto(12, "HTTP/1.1 200 OK\r\nContent-Length:"..., 1129, MSG_NOSIGNAL, NULL, 0) = 1129 <0.000050>
657   1790560676.980405 epoll_wait(10, [{events=EPOLLIN, data={u32=7, u64=7}}], 64, 1000) = 1 <0.000190>
657   1790560676.980684 recvfrom(12, "GET /payload-1024.bin HTTP/1.1\r\n"..., 16384, 0, NULL, NULL) = 75 <0.000048>
657   1790560676.981049 read(13, "\0\1\2\3\4\5\6\7\10\t\n\v\f\r\16\17\20\21\22\23\24\25\26\27\30\31\32\33\34\35\36\37"..., 1024) = 1024 <0.000046>
657   1790560676.981736 sendto(12, "HTTP/1.1 200 OK\r\nContent-Length:"..., 1129, MSG_NOSIGNAL, NULL, 0) = 1129 <0.000051>
657   1790560676.981897 epoll_wait(10, [{events=EPOLLIN, data={u32=7, u64=7}}], 64, 1000) = 1 <0.000174>
657   1790560676.982171 recvfrom(12, "GET /payload-1024.bin HTTP/1.1\r\n"..., 16384, 0, NULL, NULL) = 75 <0.000034>
657   1790560676.982461 read(13, "\0\1\2\3\4\5\6\7\10\t\n\v\f\r\16\17\20\21\22\23\24\25\26\27\30\31\32\33\34\35\36\37"..., 1024) = 1024 <0.000040>
657   1790560676.983199 sendto(12, "HTTP/1.1 200 OK\r\nContent-Length:"..., 1129, MSG_NOSIGNAL, NULL, 0) = 1129 <0.000056>
657   1790560676.983368 epoll_wait(10, [{events=EPOLLIN, data={u32=7, u64=7}}], 64, 1000) = 1 <0.000172>
657   1790560676.983639 recvfrom(12, "GET /payload-1024.bin HTTP/1.1\r\n"..., 16384, 0, NULL, NULL) = 75 <0.000042>
657   1790560676.983945 read(13, "\0\1\2\3\4\5\6\7\10\t\n\v\f\r\16\17\20\21\22\23\24\25\26\27\30\31\32\33\34\35\36\37"..., 1024) = 1024 <0.000043>
657   1790560676.984690 sendto(12, "HTTP/1.1 200 OK\r\nContent-Length:"..., 1129, MSG_NOSIGNAL, NULL, 0) = 1129 <0.000116>
657   1790560676.984919 epoll_wait(10, [{events=EPOLLIN, data={u32=7, u64=7}}], 64, 1000) = 1 <0.000081>
657   1790560676.985125 recvfrom(12, "GET /payload-1024.bin HTTP/1.1\r\n"..., 16384, 0, NULL, NULL) = 75 <0.000044>
657   1790560676.985433 read(13, "\0\1\2\3\4\5\6\7\10\t\n\v\f\r\16\17\20\21\22\23\24\25\26\27\30\31\32\33\34\35\36\37"..., 1024) = 1024 <0.000036>
657   1790560676.986186 sendto(12, "HTTP/1.1 200 OK\r\nContent-Length:"..., 1129, MSG_NOSIGNAL, NULL, 0) = 1129 <0.000049>
657   1790560676.986357 epoll_wait(10, [{events=EPOLLIN, data={u32=7, u64=7}}], 64, 1000) = 1 <0.000188>
657   1790560676.986652 recvfrom(12, "GET /payload-1024.bin HTTP/1.1\r\n"..., 16384, 0, NULL, NULL) = 75 <0.000034>
657   1790560676.987005 read(13, "\0\1\2\3\4\5\6\7\10\t\n\v\f\r\16\17\20\21\22\23\24\25\26\27\30\31\32\33\34\35\36\37"..., 1024) = 1024 <0.000037>
657   1790560676.987767 sendto(12, "HTTP/1.1 200 OK\r\nContent-Length:"..., 1129, MSG_NOSIGNAL, NULL, 0) = 1129 <0.000045>
657   1790560676.987902 epoll_wait(10, [{events=EPOLLIN, data={u32=7, u64=7}}], 64, 1000) = 1 <0.000285>
657   1790560676.988266 recvfrom(12, "GET /payload-1024.bin HTTP/1.1\r\n"..., 16384, 0, NULL, NULL) = 75 <0.000037>
657   1790560676.988525 read(13, "\0\1\2\3\4\5\6\7\10\t\n\v\f\r\16\17\20\21\22\23\24\25\26\27\30\31\32\33\34\35\36\37"..., 1024) = 1024 <0.000033>
657   1790560676.989086 sendto(12, "HTTP/1.1 200 OK\r\nContent-Length:"..., 1129, MSG_NOSIGNAL, NULL, 0) = 1129 <0.000037>
657   1790560676.989207 epoll_wait(10, [{events=EPOLLIN, data={u32=7, u64=7}}], 64, 1000) = 1 <0.000226>
657   1790560676.989506 recvfrom(12, "GET /payload-1024.bin HTTP/1.1\r\n"..., 16384, 0, NULL, NULL) = 75 <0.000038>
657   1790560676.989768 read(13, "\0\1\2\3\4\5\6\7\10\t\n\v\f\r\16\17\20\21\22\23\24\25\26\27\30\31\32\33\34\35\36\37"..., 1024) = 1024 <0.000059>
657   1790560676.990616 sendto(12, "HTTP/1.1 200 OK\r\nContent-Length:"..., 1129, MSG_NOSIGNAL, NULL, 0) = 1129 <0.000112>
657   1790560676.990857 epoll_wait(10, [{events=EPOLLIN, data={u32=7, u64=7}}], 64, 1000) = 1 <0.000132>
657   1790560676.991120 recvfrom(12, "GET /payload-1024.bin HTTP/1.1\r\n"..., 16384, 0, NULL, NULL) = 75 <0.000048>
657   1790560676.991466 read(13, "\0\1\2\3\4\5\6\7\10\t\n\v\f\r\16\17\20\21\22\23\24\25\26\27\30\31\32\33\34\35\36\37"..., 1024) = 1024 <0.000038>
657   1790560676.992231 sendto(12, "HTTP/1.1 200 OK\r\nContent-Length:"..., 1129, MSG_NOSIGNAL, NULL, 0) = 1129 <0.000046>
657   1790560676.992366 epoll_wait(10, [{events=EPOLLIN, data={u32=7, u64=7}}], 64, 1000) = 1 <0.000316>
657   1790560676.992774 recvfrom(12, "GET /payload-1024.bin HTTP/1.1\r\n"..., 16384, 0, NULL, NULL) = 75 <0.000069>
657   1790560676.993082 read(13, "\0\1\2\3\4\5\6\7\10\t\n\v\f\r\16\17\20\21\22\23\24\25\26\27\30\31\32\33\34\35\36\37"..., 1024) = 1024 <0.000046>
657   1790560676.993800 sendto(12, "HTTP/1.1 200 OK\r\nContent-Length:"..., 1129, MSG_NOSIGNAL, NULL, 0) = 1129 <0.000047>
657   1790560676.993945 epoll_wait(10, [{events=EPOLLIN, data={u32=7, u64=7}}], 64, 1000) = 1 <0.000651>
657   1790560676.994701 recvfrom(12, "GET /payload-1024.bin HTTP/1.1\r\n"..., 16384, 0, NULL, NULL) = 75 <0.000041>
657   1790560676.995018 read(13, "\0\1\2\3\4\5\6\7\10\t\n\v\f\r\16\17\20\21\22\23\24\25\26\27\30\31\32\33\34\35\36\37"..., 1024) = 1024 <0.000039>
657   1790560676.995809 sendto(12, "HTTP/1.1 200 OK\r\nContent-Length:"..., 1129, MSG_NOSIGNAL, NULL, 0) = 1129 <0.000048>
657   1790560676.996081 epoll_wait(10, [{events=EPOLLIN, data={u32=7, u64=7}}], 64, 1000) = 1 <0.000256>
657   1790560676.996426 recvfrom(12, "GET /payload-1024.bin HTTP/1.1\r\n"..., 16384, 0, NULL, NULL) = 75 <0.000033>
657   1790560676.996718 read(13, "\0\1\2\3\4\5\6\7\10\t\n\v\f\r\16\17\20\21\22\23\24\25\26\27\30\31\32\33\34\35\36\37"..., 1024) = 1024 <0.000037>
657   1790560676.997405 sendto(12, "HTTP/1.1 200 OK\r\nContent-Length:"..., 1129, MSG_NOSIGNAL, NULL, 0) = 1129 <0.000044>
657   1790560676.997551 epoll_wait(10, [{events=EPOLLIN, data={u32=7, u64=7}}], 64, 1000) = 1 <0.000271>
657   1790560676.997889 recvfrom(12, "GET /payload-1024.bin HTTP/1.1\r\n"..., 16384, 0, NULL, NULL) = 75 <0.000033>
657   1790560676.998135 read(13, "\0\1\2\3\4\5\6\7\10\t\n\v\f\r\16\17\20\21\22\23\24\25\26\27\30\31\32\33\34\35\36\37"..., 1024) = 1024 <0.000048>
657   1790560676.998898 sendto(12, "HTTP/1.1 200 OK\r\nContent-Length:"..., 1129, MSG_NOSIGNAL, NULL, 0) = 1129 <0.000044>
657   1790560676.999052 epoll_wait(10, [{events=EPOLLIN, data={u32=7, u64=7}}], 64, 1000) = 1 <0.000226>
657   1790560676.999370 recvfrom(12, "GET /payload-1024.bin HTTP/1.1\r\n"..., 16384, 0, NULL, NULL) = 75 <0.000038>
657   1790560676.999645 read(13, "\0\1\2\3\4\5\6\7\10\t\n\v\f\r\16\17\20\21\22\23\24\25\26\27\30\31\32\33\34\35\36\37"..., 1024) = 1024 <0.000035>
657   1790560677.000371 sendto(12, "HTTP/1.1 200 OK\r\nContent-Length:"..., 1129, MSG_NOSIGNAL, NULL, 0) = 1129 <0.000047>
657   1790560677.000501 epoll_wait(10, [{events=EPOLLIN, data={u32=7, u64=7}}], 64, 1000) = 1 <0.000258>
657   1790560677.000831 recvfrom(12, "GET /payload-1024.bin HTTP/1.1\r\n"..., 16384, 0, NULL, NULL) = 75 <0.000052>
657   1790560677.001182 read(13, "\0\1\2\3\4\5\6\7\10\t\n\v\f\r\16\17\20\21\22\23\24\25\26\27\30\31\32\33\34\35\36\37"..., 1024) = 1024 <0.000036>
657   1790560677.001915 sendto(12, "HTTP/1.1 200 OK\r\nContent-Length:"..., 1129, MSG_NOSIGNAL, NULL, 0) = 1129 <0.000043>
657   1790560677.002086 epoll_wait(10, [{events=EPOLLIN, data={u32=7, u64=7}}], 64, 1000) = 1 <0.000170>
657   1790560677.002341 recvfrom(12, "GET /payload-1024.bin HTTP/1.1\r\n"..., 16384, 0, NULL, NULL) = 75 <0.000131>
657   1790560677.002786 read(13, "\0\1\2\3\4\5\6\7\10\t\n\v\f\r\16\17\20\21\22\23\24\25\26\27\30\31\32\33\34\35\36\37"..., 1024) = 1024 <0.000036>
657   1790560677.003464 sendto(12, "HTTP/1.1 200 OK\r\nContent-Length:"..., 1129, MSG_NOSIGNAL, NULL, 0) = 1129 <0.000113>
657   1790560677.003718 epoll_wait(10, [{events=EPOLLIN, data={u32=7, u64=7}}], 64, 1000) = 1 <0.000080>
657   1790560677.003889 recvfrom(12, "GET /payload-1024.bin HTTP/1.1\r\n"..., 16384, 0, NULL, NULL) = 75 <0.000034>
657   1790560677.004159 read(13, "\0\1\2\3\4\5\6\7\10\t\n\v\f\r\16\17\20\21\22\23\24\25\26\27\30\31\32\33\34\35\36\37"..., 1024) = 1024 <0.000034>
657   1790560677.004816 sendto(12, "HTTP/1.1 200 OK\r\nContent-Length:"..., 1129, MSG_NOSIGNAL, NULL, 0) = 1129 <0.000046>
657   1790560677.005002 epoll_wait(10, [{events=EPOLLIN, data={u32=7, u64=7}}], 64, 1000) = 1 <0.000150>
657   1790560677.005229 recvfrom(12, "GET /payload-1024.bin HTTP/1.1\r\n"..., 16384, 0, NULL, NULL) = 75 <0.000036>
657   1790560677.005528 read(13, "\0\1\2\3\4\5\6\7\10\t\n\v\f\r\16\17\20\21\22\23\24\25\26\27\30\31\32\33\34\35\36\37"..., 1024) = 1024 <0.000039>
657   1790560677.006175 sendto(12, "HTTP/1.1 200 OK\r\nContent-Length:"..., 1129, MSG_NOSIGNAL, NULL, 0) = 1129 <0.000045>
657   1790560677.006296 epoll_wait(10, [{events=EPOLLIN, data={u32=7, u64=7}}], 64, 1000) = 1 <0.000332>
657   1790560677.006713 recvfrom(12, "GET /payload-1024.bin HTTP/1.1\r\n"..., 16384, 0, NULL, NULL) = 75 <0.000049>
657   1790560677.007009 read(13, "\0\1\2\3\4\5\6\7\10\t\n\v\f\r\16\17\20\21\22\23\24\25\26\27\30\31\32\33\34\35\36\37"..., 1024) = 1024 <0.000065>
657   1790560677.007745 sendto(12, "HTTP/1.1 200 OK\r\nContent-Length:"..., 1129, MSG_NOSIGNAL, NULL, 0) = 1129 <0.000043>
657   1790560677.007874 epoll_wait(10, [{events=EPOLLIN|EPOLLRDHUP, data={u32=7, u64=7}}], 64, 1000) = 1 <0.000330>
657   1790560677.008272 recvfrom(12, "", 16384, 0, NULL, NULL) = 0 <0.000040>
657   1790560677.008398 epoll_ctl(10, EPOLL_CTL_DEL, 12, NULL) = 0 <0.000037>
657   1790560677.008612 epoll_wait(10,  <unfinished ...>
655   1790560677.029098 <... epoll_wait resumed>[{events=EPOLLIN, data={u32=4, u64=4}}], 64, 1000) = 1 <0.069754>
656   1790560677.029402 <... epoll_wait resumed>[{events=EPOLLIN, data={u32=2, u64=2}}], 64, 1000) = 1 <0.219514>
656   1790560677.029610 read(9, "\1\0\0\0\0\0\0\0", 8) = 8 <0.000051>
655   1790560677.029730 epoll_wait(5,  <unfinished ...>
656   1790560677.029753 read(9, 0x7e5d03ffea00, 8) = -1 EAGAIN (Resource temporarily unavailable) <0.000037>
656   1790560677.029863 epoll_ctl(8, EPOLL_CTL_ADD, 12, {events=EPOLLIN|EPOLLRDHUP, data={u32=8, u64=8}}) = 0 <0.000041>
656   1790560677.029991 epoll_wait(8, [{events=EPOLLIN, data={u32=8, u64=8}}], 64, 1000) = 1 <0.000063>
656   1790560677.030127 recvfrom(12, "GET /payload-1024.bin HTTP/1.1\r\n"..., 16384, 0, NULL, NULL) = 75 <0.000034>
656   1790560677.030500 read(13, "\0\1\2\3\4\5\6\7\10\t\n\v\f\r\16\17\20\21\22\23\24\25\26\27\30\31\32\33\34\35\36\37"..., 1024) = 1024 <0.000047>
656   1790560677.031172 sendto(12, "HTTP/1.1 200 OK\r\nContent-Length:"..., 1129, MSG_NOSIGNAL, NULL, 0) = 1129 <0.000047>
656   1790560677.031331 epoll_wait(8, [{events=EPOLLIN, data={u32=8, u64=8}}], 64, 1000) = 1 <0.000560>
656   1790560677.031974 recvfrom(12, "GET /payload-1024.bin HTTP/1.1\r\n"..., 16384, 0, NULL, NULL) = 75 <0.000037>
656   1790560677.032285 read(13, "\0\1\2\3\4\5\6\7\10\t\n\v\f\r\16\17\20\21\22\23\24\25\26\27\30\31\32\33\34\35\36\37"..., 1024) = 1024 <0.000032>
656   1790560677.033005 sendto(12, "HTTP/1.1 200 OK\r\nContent-Length:"..., 1129, MSG_NOSIGNAL, NULL, 0) = 1129 <0.000045>
656   1790560677.033139 epoll_wait(8, [{events=EPOLLIN, data={u32=8, u64=8}}], 64, 1000) = 1 <0.000254>
656   1790560677.033468 recvfrom(12, "GET /payload-1024.bin HTTP/1.1\r\n"..., 16384, 0, NULL, NULL) = 75 <0.000035>
656   1790560677.033776 read(13, "\0\1\2\3\4\5\6\7\10\t\n\v\f\r\16\17\20\21\22\23\24\25\26\27\30\31\32\33\34\35\36\37"..., 1024) = 1024 <0.000034>
656   1790560677.034372 sendto(12, "HTTP/1.1 200 OK\r\nContent-Length:"..., 1129, MSG_NOSIGNAL, NULL, 0) = 1129 <0.000048>
656   1790560677.034615 epoll_wait(8, [{events=EPOLLIN, data={u32=8, u64=8}}], 64, 1000) = 1 <0.000115>
656   1790560677.034820 recvfrom(12, "GET /payload-1024.bin HTTP/1.1\r\n"..., 16384, 0, NULL, NULL) = 75 <0.000037>
656   1790560677.035125 read(13, "\0\1\2\3\4\5\6\7\10\t\n\v\f\r\16\17\20\21\22\23\24\25\26\27\30\31\32\33\34\35\36\37"..., 1024) = 1024 <0.000033>
656   1790560677.035810 sendto(12, "HTTP/1.1 200 OK\r\nContent-Length:"..., 1129, MSG_NOSIGNAL, NULL, 0) = 1129 <0.000044>
656   1790560677.035967 epoll_wait(8, [{events=EPOLLIN, data={u32=8, u64=8}}], 64, 1000) = 1 <0.000158>
656   1790560677.036203 recvfrom(12, "GET /payload-1024.bin HTTP/1.1\r\n"..., 16384, 0, NULL, NULL) = 75 <0.000035>
656   1790560677.036482 read(13, "\0\1\2\3\4\5\6\7\10\t\n\v\f\r\16\17\20\21\22\23\24\25\26\27\30\31\32\33\34\35\36\37"..., 1024) = 1024 <0.000043>
656   1790560677.037174 sendto(12, "HTTP/1.1 200 OK\r\nContent-Length:"..., 1129, MSG_NOSIGNAL, NULL, 0) = 1129 <0.000048>
656   1790560677.037307 epoll_wait(8, [{events=EPOLLIN, data={u32=8, u64=8}}], 64, 1000) = 1 <0.000438>
656   1790560677.037829 recvfrom(12, "GET /payload-1024.bin HTTP/1.1\r\n"..., 16384, 0, NULL, NULL) = 75 <0.000038>
656   1790560677.038108 read(13, "\0\1\2\3\4\5\6\7\10\t\n\v\f\r\16\17\20\21\22\23\24\25\26\27\30\31\32\33\34\35\36\37"..., 1024) = 1024 <0.000029>
656   1790560677.038769 sendto(12, "HTTP/1.1 200 OK\r\nContent-Length:"..., 1129, MSG_NOSIGNAL, NULL, 0) = 1129 <0.000047>
656   1790560677.038912 epoll_wait(8, [{events=EPOLLIN, data={u32=8, u64=8}}], 64, 1000) = 1 <0.000177>
656   1790560677.039173 recvfrom(12, "GET /payload-1024.bin HTTP/1.1\r\n"..., 16384, 0, NULL, NULL) = 75 <0.000066>
656   1790560677.039489 read(13, "\0\1\2\3\4\5\6\7\10\t\n\v\f\r\16\17\20\21\22\23\24\25\26\27\30\31\32\33\34\35\36\37"..., 1024) = 1024 <0.000033>
656   1790560677.040212 sendto(12, "HTTP/1.1 200 OK\r\nContent-Length:"..., 1129, MSG_NOSIGNAL, NULL, 0) = 1129 <0.000046>
656   1790560677.040365 epoll_wait(8, [{events=EPOLLIN, data={u32=8, u64=8}}], 64, 1000) = 1 <0.000315>
656   1790560677.040774 recvfrom(12, "GET /payload-1024.bin HTTP/1.1\r\n"..., 16384, 0, NULL, NULL) = 75 <0.000072>
656   1790560677.041096 read(13, "\0\1\2\3\4\5\6\7\10\t\n\v\f\r\16\17\20\21\22\23\24\25\26\27\30\31\32\33\34\35\36\37"..., 1024) = 1024 <0.000038>
656   1790560677.041759 sendto(12, "HTTP/1.1 200 OK\r\nContent-Length:"..., 1129, MSG_NOSIGNAL, NULL, 0) = 1129 <0.000087>
656   1790560677.041990 epoll_wait(8, [{events=EPOLLIN, data={u32=8, u64=8}}], 64, 1000) = 1 <0.000149>
656   1790560677.042231 recvfrom(12, "GET /payload-1024.bin HTTP/1.1\r\n"..., 16384, 0, NULL, NULL) = 75 <0.000036>
656   1790560677.042540 read(13, "\0\1\2\3\4\5\6\7\10\t\n\v\f\r\16\17\20\21\22\23\24\25\26\27\30\31\32\33\34\35\36\37"..., 1024) = 1024 <0.000031>
656   1790560677.043103 sendto(12, "HTTP/1.1 200 OK\r\nContent-Length:"..., 1129, MSG_NOSIGNAL, NULL, 0) = 1129 <0.000044>
656   1790560677.043238 epoll_wait(8, [{events=EPOLLIN, data={u32=8, u64=8}}], 64, 1000) = 1 <0.000382>
656   1790560677.043706 recvfrom(12, "GET /payload-1024.bin HTTP/1.1\r\n"..., 16384, 0, NULL, NULL) = 75 <0.000063>
656   1790560677.044097 read(13, "\0\1\2\3\4\5\6\7\10\t\n\v\f\r\16\17\20\21\22\23\24\25\26\27\30\31\32\33\34\35\36\37"..., 1024) = 1024 <0.000041>
656   1790560677.044863 sendto(12, "HTTP/1.1 200 OK\r\nContent-Length:"..., 1129, MSG_NOSIGNAL, NULL, 0) = 1129 <0.000068>
656   1790560677.045042 epoll_wait(8, [{events=EPOLLIN, data={u32=8, u64=8}}], 64, 1000) = 1 <0.000354>
656   1790560677.045511 recvfrom(12, "GET /payload-1024.bin HTTP/1.1\r\n"..., 16384, 0, NULL, NULL) = 75 <0.000041>
656   1790560677.045824 read(13, "\0\1\2\3\4\5\6\7\10\t\n\v\f\r\16\17\20\21\22\23\24\25\26\27\30\31\32\33\34\35\36\37"..., 1024) = 1024 <0.000034>
656   1790560677.046503 sendto(12, "HTTP/1.1 200 OK\r\nContent-Length:"..., 1129, MSG_NOSIGNAL, NULL, 0) = 1129 <0.000052>
656   1790560677.046661 epoll_wait(8, [{events=EPOLLIN, data={u32=8, u64=8}}], 64, 1000) = 1 <0.000190>
656   1790560677.046936 recvfrom(12, "GET /payload-1024.bin HTTP/1.1\r\n"..., 16384, 0, NULL, NULL) = 75 <0.000044>
656   1790560677.047231 read(13, "\0\1\2\3\4\5\6\7\10\t\n\v\f\r\16\17\20\21\22\23\24\25\26\27\30\31\32\33\34\35\36\37"..., 1024) = 1024 <0.000035>
656   1790560677.047839 sendto(12, "HTTP/1.1 200 OK\r\nContent-Length:"..., 1129, MSG_NOSIGNAL, NULL, 0) = 1129 <0.000046>
656   1790560677.047990 epoll_wait(8, [{events=EPOLLIN, data={u32=8, u64=8}}], 64, 1000) = 1 <0.000188>
656   1790560677.048267 recvfrom(12, "GET /payload-1024.bin HTTP/1.1\r\n"..., 16384, 0, NULL, NULL) = 75 <0.000037>
656   1790560677.048585 read(13, "\0\1\2\3\4\5\6\7\10\t\n\v\f\r\16\17\20\21\22\23\24\25\26\27\30\31\32\33\34\35\36\37"..., 1024) = 1024 <0.000035>
656   1790560677.049234 sendto(12, "HTTP/1.1 200 OK\r\nContent-Length:"..., 1129, MSG_NOSIGNAL, NULL, 0) = 1129 <0.000081>
656   1790560677.049408 epoll_wait(8, [{events=EPOLLIN, data={u32=8, u64=8}}], 64, 1000) = 1 <0.000172>
656   1790560677.049665 recvfrom(12, "GET /payload-1024.bin HTTP/1.1\r\n"..., 16384, 0, NULL, NULL) = 75 <0.000039>
656   1790560677.049950 read(13, "\0\1\2\3\4\5\6\7\10\t\n\v\f\r\16\17\20\21\22\23\24\25\26\27\30\31\32\33\34\35\36\37"..., 1024) = 1024 <0.000039>
656   1790560677.050662 sendto(12, "HTTP/1.1 200 OK\r\nContent-Length:"..., 1129, MSG_NOSIGNAL, NULL, 0) = 1129 <0.000044>
656   1790560677.050803 epoll_wait(8, [{events=EPOLLIN, data={u32=8, u64=8}}], 64, 1000) = 1 <0.000454>
656   1790560677.051326 recvfrom(12, "GET /payload-1024.bin HTTP/1.1\r\n"..., 16384, 0, NULL, NULL) = 75 <0.000035>
656   1790560677.051577 read(13, "\0\1\2\3\4\5\6\7\10\t\n\v\f\r\16\17\20\21\22\23\24\25\26\27\30\31\32\33\34\35\36\37"..., 1024) = 1024 <0.000035>
656   1790560677.052276 sendto(12, "HTTP/1.1 200 OK\r\nContent-Length:"..., 1129, MSG_NOSIGNAL, NULL, 0) = 1129 <0.000042>
656   1790560677.052403 epoll_wait(8, [{events=EPOLLIN, data={u32=8, u64=8}}], 64, 1000) = 1 <0.000414>
656   1790560677.052917 recvfrom(12, "GET /payload-1024.bin HTTP/1.1\r\n"..., 16384, 0, NULL, NULL) = 75 <0.000046>
656   1790560677.053236 read(13, "\0\1\2\3\4\5\6\7\10\t\n\v\f\r\16\17\20\21\22\23\24\25\26\27\30\31\32\33\34\35\36\37"..., 1024) = 1024 <0.000039>
656   1790560677.053939 sendto(12, "HTTP/1.1 200 OK\r\nContent-Length:"..., 1129, MSG_NOSIGNAL, NULL, 0) = 1129 <0.000105>
656   1790560677.054144 epoll_wait(8, [{events=EPOLLIN, data={u32=8, u64=8}}], 64, 1000) = 1 <0.000341>
656   1790560677.054597 recvfrom(12, "GET /payload-1024.bin HTTP/1.1\r\n"..., 16384, 0, NULL, NULL) = 75 <0.000041>
656   1790560677.054899 read(13, "\0\1\2\3\4\5\6\7\10\t\n\v\f\r\16\17\20\21\22\23\24\25\26\27\30\31\32\33\34\35\36\37"..., 1024) = 1024 <0.000034>
656   1790560677.055645 sendto(12, "HTTP/1.1 200 OK\r\nContent-Length:"..., 1129, MSG_NOSIGNAL, NULL, 0) = 1129 <0.000043>
656   1790560677.055864 epoll_wait(8, [{events=EPOLLIN, data={u32=8, u64=8}}], 64, 1000) = 1 <0.000354>
656   1790560677.056322 recvfrom(12, "GET /payload-1024.bin HTTP/1.1\r\n"..., 16384, 0, NULL, NULL) = 75 <0.000037>
656   1790560677.056621 read(13, "\0\1\2\3\4\5\6\7\10\t\n\v\f\r\16\17\20\21\22\23\24\25\26\27\30\31\32\33\34\35\36\37"..., 1024) = 1024 <0.000040>
656   1790560677.057252 sendto(12, "HTTP/1.1 200 OK\r\nContent-Length:"..., 1129, MSG_NOSIGNAL, NULL, 0) = 1129 <0.000048>
656   1790560677.057425 epoll_wait(8, [{events=EPOLLIN, data={u32=8, u64=8}}], 64, 1000) = 1 <0.000154>
656   1790560677.057658 recvfrom(12, "GET /payload-1024.bin HTTP/1.1\r\n"..., 16384, 0, NULL, NULL) = 75 <0.000033>
656   1790560677.057923 read(13, "\0\1\2\3\4\5\6\7\10\t\n\v\f\r\16\17\20\21\22\23\24\25\26\27\30\31\32\33\34\35\36\37"..., 1024) = 1024 <0.000036>
656   1790560677.058625 sendto(12, "HTTP/1.1 200 OK\r\nContent-Length:"..., 1129, MSG_NOSIGNAL, NULL, 0) = 1129 <0.000041>
656   1790560677.058762 epoll_wait(8, [{events=EPOLLIN, data={u32=8, u64=8}}], 64, 1000) = 1 <0.000152>
656   1790560677.059014 recvfrom(12, "GET /payload-1024.bin HTTP/1.1\r\n"..., 16384, 0, NULL, NULL) = 75 <0.000042>
656   1790560677.059309 read(13, "\0\1\2\3\4\5\6\7\10\t\n\v\f\r\16\17\20\21\22\23\24\25\26\27\30\31\32\33\34\35\36\37"..., 1024) = 1024 <0.000034>
656   1790560677.059964 sendto(12, "HTTP/1.1 200 OK\r\nContent-Length:"..., 1129, MSG_NOSIGNAL, NULL, 0) = 1129 <0.000053>
656   1790560677.060126 epoll_wait(8, [{events=EPOLLIN, data={u32=8, u64=8}}], 64, 1000) = 1 <0.000193>
656   1790560677.060414 recvfrom(12, "GET /payload-1024.bin HTTP/1.1\r\n"..., 16384, 0, NULL, NULL) = 75 <0.000034>
656   1790560677.060681 read(13, "\0\1\2\3\4\5\6\7\10\t\n\v\f\r\16\17\20\21\22\23\24\25\26\27\30\31\32\33\34\35\36\37"..., 1024) = 1024 <0.000045>
656   1790560677.061433 sendto(12, "HTTP/1.1 200 OK\r\nContent-Length:"..., 1129, MSG_NOSIGNAL, NULL, 0) = 1129 <0.000050>
656   1790560677.061586 epoll_wait(8, [{events=EPOLLIN, data={u32=8, u64=8}}], 64, 1000) = 1 <0.000277>
656   1790560677.061931 recvfrom(12, "GET /payload-1024.bin HTTP/1.1\r\n"..., 16384, 0, NULL, NULL) = 75 <0.000035>
656   1790560677.062449 read(13, "\0\1\2\3\4\5\6\7\10\t\n\v\f\r\16\17\20\21\22\23\24\25\26\27\30\31\32\33\34\35\36\37"..., 1024) = 1024 <0.000033>
656   1790560677.063094 sendto(12, "HTTP/1.1 200 OK\r\nContent-Length:"..., 1129, MSG_NOSIGNAL, NULL, 0) = 1129 <0.000039>
656   1790560677.063212 epoll_wait(8, [{events=EPOLLIN, data={u32=8, u64=8}}], 64, 1000) = 1 <0.000211>
656   1790560677.063520 recvfrom(12, "GET /payload-1024.bin HTTP/1.1\r\n"..., 16384, 0, NULL, NULL) = 75 <0.000062>
656   1790560677.063834 read(13, "\0\1\2\3\4\5\6\7\10\t\n\v\f\r\16\17\20\21\22\23\24\25\26\27\30\31\32\33\34\35\36\37"..., 1024) = 1024 <0.000059>
656   1790560677.064455 sendto(12, "HTTP/1.1 200 OK\r\nContent-Length:"..., 1129, MSG_NOSIGNAL, NULL, 0) = 1129 <0.000041>
656   1790560677.064589 epoll_wait(8, [{events=EPOLLIN, data={u32=8, u64=8}}], 64, 1000) = 1 <0.000135>
656   1790560677.064825 recvfrom(12, "GET /payload-1024.bin HTTP/1.1\r\n"..., 16384, 0, NULL, NULL) = 75 <0.000063>
656   1790560677.065177 read(13, "\0\1\2\3\4\5\6\7\10\t\n\v\f\r\16\17\20\21\22\23\24\25\26\27\30\31\32\33\34\35\36\37"..., 1024) = 1024 <0.000060>
656   1790560677.065836 sendto(12, "HTTP/1.1 200 OK\r\nContent-Length:"..., 1129, MSG_NOSIGNAL, NULL, 0) = 1129 <0.000046>
656   1790560677.065973 epoll_wait(8, [{events=EPOLLIN, data={u32=8, u64=8}}], 64, 1000) = 1 <0.000180>
656   1790560677.066233 recvfrom(12, "GET /payload-1024.bin HTTP/1.1\r\n"..., 16384, 0, NULL, NULL) = 75 <0.000031>
656   1790560677.066527 read(13, "\0\1\2\3\4\5\6\7\10\t\n\v\f\r\16\17\20\21\22\23\24\25\26\27\30\31\32\33\34\35\36\37"..., 1024) = 1024 <0.000034>
656   1790560677.067219 sendto(12, "HTTP/1.1 200 OK\r\nContent-Length:"..., 1129, MSG_NOSIGNAL, NULL, 0) = 1129 <0.000041>
656   1790560677.067361 epoll_wait(8, [{events=EPOLLIN, data={u32=8, u64=8}}], 64, 1000) = 1 <0.000250>
656   1790560677.067672 recvfrom(12, "GET /payload-1024.bin HTTP/1.1\r\n"..., 16384, 0, NULL, NULL) = 75 <0.000032>
656   1790560677.067939 read(13, "\0\1\2\3\4\5\6\7\10\t\n\v\f\r\16\17\20\21\22\23\24\25\26\27\30\31\32\33\34\35\36\37"..., 1024) = 1024 <0.000071>
656   1790560677.068622 sendto(12, "HTTP/1.1 200 OK\r\nContent-Length:"..., 1129, MSG_NOSIGNAL, NULL, 0) = 1129 <0.000047>
656   1790560677.068759 epoll_wait(8, [{events=EPOLLIN, data={u32=8, u64=8}}], 64, 1000) = 1 <0.000184>
656   1790560677.069063 recvfrom(12, "GET /payload-1024.bin HTTP/1.1\r\n"..., 16384, 0, NULL, NULL) = 75 <0.000049>
656   1790560677.069400 read(13, "\0\1\2\3\4\5\6\7\10\t\n\v\f\r\16\17\20\21\22\23\24\25\26\27\30\31\32\33\34\35\36\37"..., 1024) = 1024 <0.000037>
656   1790560677.070032 sendto(12, "HTTP/1.1 200 OK\r\nContent-Length:"..., 1129, MSG_NOSIGNAL, NULL, 0) = 1129 <0.000042>
656   1790560677.070163 epoll_wait(8, [{events=EPOLLIN, data={u32=8, u64=8}}], 64, 1000) = 1 <0.000169>
656   1790560677.070472 recvfrom(12, "GET /payload-1024.bin HTTP/1.1\r\n"..., 16384, 0, NULL, NULL) = 75 <0.000040>
656   1790560677.070776 read(13, "\0\1\2\3\4\5\6\7\10\t\n\v\f\r\16\17\20\21\22\23\24\25\26\27\30\31\32\33\34\35\36\37"..., 1024) = 1024 <0.000034>
656   1790560677.071456 sendto(12, "HTTP/1.1 200 OK\r\nContent-Length:"..., 1129, MSG_NOSIGNAL, NULL, 0) = 1129 <0.000044>
656   1790560677.071587 epoll_wait(8, [{events=EPOLLIN, data={u32=8, u64=8}}], 64, 1000) = 1 <0.000132>
656   1790560677.071797 recvfrom(12, "GET /payload-1024.bin HTTP/1.1\r\n"..., 16384, 0, NULL, NULL) = 75 <0.000033>
656   1790560677.072049 read(13, "\0\1\2\3\4\5\6\7\10\t\n\v\f\r\16\17\20\21\22\23\24\25\26\27\30\31\32\33\34\35\36\37"..., 1024) = 1024 <0.000033>
656   1790560677.072656 sendto(12, "HTTP/1.1 200 OK\r\nContent-Length:"..., 1129, MSG_NOSIGNAL, NULL, 0) = 1129 <0.000051>
656   1790560677.072803 epoll_wait(8, [{events=EPOLLIN, data={u32=8, u64=8}}], 64, 1000) = 1 <0.000148>
656   1790560677.073057 recvfrom(12, "GET /payload-1024.bin HTTP/1.1\r\n"..., 16384, 0, NULL, NULL) = 75 <0.000036>
656   1790560677.073403 read(13, "\0\1\2\3\4\5\6\7\10\t\n\v\f\r\16\17\20\21\22\23\24\25\26\27\30\31\32\33\34\35\36\37"..., 1024) = 1024 <0.000043>
656   1790560677.074067 sendto(12, "HTTP/1.1 200 OK\r\nContent-Length:"..., 1129, MSG_NOSIGNAL, NULL, 0) = 1129 <0.000043>
656   1790560677.074232 epoll_wait(8, [{events=EPOLLIN, data={u32=8, u64=8}}], 64, 1000) = 1 <0.000126>
656   1790560677.074482 recvfrom(12, "GET /payload-1024.bin HTTP/1.1\r\n"..., 16384, 0, NULL, NULL) = 75 <0.000076>
656   1790560677.074810 read(13, "\0\1\2\3\4\5\6\7\10\t\n\v\f\r\16\17\20\21\22\23\24\25\26\27\30\31\32\33\34\35\36\37"..., 1024) = 1024 <0.000035>
656   1790560677.075414 sendto(12, "HTTP/1.1 200 OK\r\nContent-Length:"..., 1129, MSG_NOSIGNAL, NULL, 0) = 1129 <0.000054>
656   1790560677.075563 epoll_wait(8, [{events=EPOLLIN, data={u32=8, u64=8}}], 64, 1000) = 1 <0.000175>
656   1790560677.075809 recvfrom(12, "GET /payload-1024.bin HTTP/1.1\r\n"..., 16384, 0, NULL, NULL) = 75 <0.000074>
656   1790560677.076123 read(13, "\0\1\2\3\4\5\6\7\10\t\n\v\f\r\16\17\20\21\22\23\24\25\26\27\30\31\32\33\34\35\36\37"..., 1024) = 1024 <0.000039>
656   1790560677.076769 sendto(12, "HTTP/1.1 200 OK\r\nContent-Length:"..., 1129, MSG_NOSIGNAL, NULL, 0) = 1129 <0.000104>
656   1790560677.076969 epoll_wait(8, [{events=EPOLLIN|EPOLLRDHUP, data={u32=8, u64=8}}], 64, 1000) = 1 <0.000110>
656   1790560677.077169 recvfrom(12, "", 16384, 0, NULL, NULL) = 0 <0.000050>
656   1790560677.077323 epoll_ctl(8, EPOLL_CTL_DEL, 12, NULL) = 0 <0.000130>
656   1790560677.077711 epoll_wait(8,  <unfinished ...>
655   1790560677.097983 <... epoll_wait resumed>[{events=EPOLLIN, data={u32=4, u64=4}}], 64, 1000) = 1 <0.068237>
657   1790560677.098318 <... epoll_wait resumed>[{events=EPOLLIN, data={u32=3, u64=3}}], 64, 1000) = 1 <0.089672>
657   1790560677.098681 read(11, "\1\0\0\0\0\0\0\0", 8) = 8 <0.000039>
655   1790560677.098781 epoll_wait(5,  <unfinished ...>
657   1790560677.098798 read(11, 0x7e5d037fda00, 8) = -1 EAGAIN (Resource temporarily unavailable) <0.000036>
657   1790560677.098898 epoll_ctl(10, EPOLL_CTL_ADD, 12, {events=EPOLLIN|EPOLLRDHUP, data={u32=9, u64=9}}) = 0 <0.000038>
657   1790560677.099034 epoll_wait(10, [{events=EPOLLIN, data={u32=9, u64=9}}], 64, 1000) = 1 <0.000053>
657   1790560677.099156 recvfrom(12, "GET /payload-1024.bin HTTP/1.1\r\n"..., 16384, 0, NULL, NULL) = 75 <0.000037>
657   1790560677.099554 read(13, "\0\1\2\3\4\5\6\7\10\t\n\v\f\r\16\17\20\21\22\23\24\25\26\27\30\31\32\33\34\35\36\37"..., 1024) = 1024 <0.000034>
657   1790560677.100130 sendto(12, "HTTP/1.1 200 OK\r\nContent-Length:"..., 1129, MSG_NOSIGNAL, NULL, 0) = 1129 <0.000047>
657   1790560677.100271 epoll_wait(10, [{events=EPOLLIN, data={u32=9, u64=9}}], 64, 1000) = 1 <0.000272>
657   1790560677.100617 recvfrom(12, "GET /payload-1024.bin HTTP/1.1\r\n"..., 16384, 0, NULL, NULL) = 75 <0.000032>
657   1790560677.100868 read(13, "\0\1\2\3\4\5\6\7\10\t\n\v\f\r\16\17\20\21\22\23\24\25\26\27\30\31\32\33\34\35\36\37"..., 1024) = 1024 <0.000037>
657   1790560677.101532 sendto(12, "HTTP/1.1 200 OK\r\nContent-Length:"..., 1129, MSG_NOSIGNAL, NULL, 0) = 1129 <0.000041>
657   1790560677.101732 epoll_wait(10, [{events=EPOLLIN, data={u32=9, u64=9}}], 64, 1000) = 1 <0.000133>
657   1790560677.101943 recvfrom(12, "GET /payload-1024.bin HTTP/1.1\r\n"..., 16384, 0, NULL, NULL) = 75 <0.000064>
657   1790560677.102208 read(13, "\0\1\2\3\4\5\6\7\10\t\n\v\f\r\16\17\20\21\22\23\24\25\26\27\30\31\32\33\34\35\36\37"..., 1024) = 1024 <0.000033>
657   1790560677.102912 sendto(12, "HTTP/1.1 200 OK\r\nContent-Length:"..., 1129, MSG_NOSIGNAL, NULL, 0) = 1129 <0.000056>
657   1790560677.103118 epoll_wait(10, [{events=EPOLLIN, data={u32=9, u64=9}}], 64, 1000) = 1 <0.000081>
657   1790560677.103295 recvfrom(12, "GET /payload-1024.bin HTTP/1.1\r\n"..., 16384, 0, NULL, NULL) = 75 <0.000033>
657   1790560677.103550 read(13, "\0\1\2\3\4\5\6\7\10\t\n\v\f\r\16\17\20\21\22\23\24\25\26\27\30\31\32\33\34\35\36\37"..., 1024) = 1024 <0.000078>
657   1790560677.104193 sendto(12, "HTTP/1.1 200 OK\r\nContent-Length:"..., 1129, MSG_NOSIGNAL, NULL, 0) = 1129 <0.000044>
657   1790560677.104341 epoll_wait(10, [{events=EPOLLIN, data={u32=9, u64=9}}], 64, 1000) = 1 <0.000228>
657   1790560677.104643 recvfrom(12, "GET /payload-1024.bin HTTP/1.1\r\n"..., 16384, 0, NULL, NULL) = 75 <0.000037>
657   1790560677.104942 read(13, "\0\1\2\3\4\5\6\7\10\t\n\v\f\r\16\17\20\21\22\23\24\25\26\27\30\31\32\33\34\35\36\37"..., 1024) = 1024 <0.000035>
657   1790560677.105640 sendto(12, "HTTP/1.1 200 OK\r\nContent-Length:"..., 1129, MSG_NOSIGNAL, NULL, 0) = 1129 <0.000045>
657   1790560677.105829 epoll_wait(10, [{events=EPOLLIN, data={u32=9, u64=9}}], 64, 1000) = 1 <0.000166>
657   1790560677.106066 recvfrom(12, "GET /payload-1024.bin HTTP/1.1\r\n"..., 16384, 0, NULL, NULL) = 75 <0.000031>
657   1790560677.106328 read(13, "\0\1\2\3\4\5\6\7\10\t\n\v\f\r\16\17\20\21\22\23\24\25\26\27\30\31\32\33\34\35\36\37"..., 1024) = 1024 <0.000035>
657   1790560677.107025 sendto(12, "HTTP/1.1 200 OK\r\nContent-Length:"..., 1129, MSG_NOSIGNAL, NULL, 0) = 1129 <0.000069>
657   1790560677.107240 epoll_wait(10, [{events=EPOLLIN, data={u32=9, u64=9}}], 64, 1000) = 1 <0.000152>
657   1790560677.107473 recvfrom(12, "GET /payload-1024.bin HTTP/1.1\r\n"..., 16384, 0, NULL, NULL) = 75 <0.000038>
657   1790560677.107792 read(13, "\0\1\2\3\4\5\6\7\10\t\n\v\f\r\16\17\20\21\22\23\24\25\26\27\30\31\32\33\34\35\36\37"..., 1024) = 1024 <0.000040>
657   1790560677.108566 sendto(12, "HTTP/1.1 200 OK\r\nContent-Length:"..., 1129, MSG_NOSIGNAL, NULL, 0) = 1129 <0.000062>
657   1790560677.108735 epoll_wait(10, [{events=EPOLLIN, data={u32=9, u64=9}}], 64, 1000) = 1 <0.000402>
657   1790560677.109261 recvfrom(12, "GET /payload-1024.bin HTTP/1.1\r\n"..., 16384, 0, NULL, NULL) = 75 <0.000032>
657   1790560677.109529 read(13, "\0\1\2\3\4\5\6\7\10\t\n\v\f\r\16\17\20\21\22\23\24\25\26\27\30\31\32\33\34\35\36\37"..., 1024) = 1024 <0.000035>
657   1790560677.110196 sendto(12, "HTTP/1.1 200 OK\r\nContent-Length:"..., 1129, MSG_NOSIGNAL, NULL, 0) = 1129 <0.000043>
657   1790560677.110324 epoll_wait(10, [{events=EPOLLIN, data={u32=9, u64=9}}], 64, 1000) = 1 <0.000405>
657   1790560677.110858 recvfrom(12, "GET /payload-1024.bin HTTP/1.1\r\n"..., 16384, 0, NULL, NULL) = 75 <0.000071>
657   1790560677.111173 read(13, "\0\1\2\3\4\5\6\7\10\t\n\v\f\r\16\17\20\21\22\23\24\25\26\27\30\31\32\33\34\35\36\37"..., 1024) = 1024 <0.000035>
657   1790560677.111808 sendto(12, "HTTP/1.1 200 OK\r\nContent-Length:"..., 1129, MSG_NOSIGNAL, NULL, 0) = 1129 <0.000107>
657   1790560677.112009 epoll_wait(10, [{events=EPOLLIN, data={u32=9, u64=9}}], 64, 1000) = 1 <0.000103>
657   1790560677.112191 recvfrom(12, "GET /payload-1024.bin HTTP/1.1\r\n"..., 16384, 0, NULL, NULL) = 75 <0.000067>
657   1790560677.112540 read(13, "\0\1\2\3\4\5\6\7\10\t\n\v\f\r\16\17\20\21\22\23\24\25\26\27\30\31\32\33\34\35\36\37"..., 1024) = 1024 <0.000031>
657   1790560677.113153 sendto(12, "HTTP/1.1 200 OK\r\nContent-Length:"..., 1129, MSG_NOSIGNAL, NULL, 0) = 1129 <0.000044>
657   1790560677.113279 epoll_wait(10, [{events=EPOLLIN, data={u32=9, u64=9}}], 64, 1000) = 1 <0.000281>
657   1790560677.113618 recvfrom(12, "GET /payload-1024.bin HTTP/1.1\r\n"..., 16384, 0, NULL, NULL) = 75 <0.000035>
657   1790560677.113878 read(13, "\0\1\2\3\4\5\6\7\10\t\n\v\f\r\16\17\20\21\22\23\24\25\26\27\30\31\32\33\34\35\36\37"..., 1024) = 1024 <0.000036>
657   1790560677.114616 sendto(12, "HTTP/1.1 200 OK\r\nContent-Length:"..., 1129, MSG_NOSIGNAL, NULL, 0) = 1129 <0.000104>
657   1790560677.114873 epoll_wait(10, [{events=EPOLLIN, data={u32=9, u64=9}}], 64, 1000) = 1 <0.000350>
657   1790560677.115361 recvfrom(12, "GET /payload-1024.bin HTTP/1.1\r\n"..., 16384, 0, NULL, NULL) = 75 <0.000036>
657   1790560677.115644 read(13, "\0\1\2\3\4\5\6\7\10\t\n\v\f\r\16\17\20\21\22\23\24\25\26\27\30\31\32\33\34\35\36\37"..., 1024) = 1024 <0.000076>
657   1790560677.116439 sendto(12, "HTTP/1.1 200 OK\r\nContent-Length:"..., 1129, MSG_NOSIGNAL, NULL, 0) = 1129 <0.000048>
657   1790560677.116680 epoll_wait(10, [{events=EPOLLIN, data={u32=9, u64=9}}], 64, 1000) = 1 <0.000139>
657   1790560677.116928 recvfrom(12, "GET /payload-1024.bin HTTP/1.1\r\n"..., 16384, 0, NULL, NULL) = 75 <0.000044>
657   1790560677.117246 read(13, "\0\1\2\3\4\5\6\7\10\t\n\v\f\r\16\17\20\21\22\23\24\25\26\27\30\31\32\33\34\35\36\37"..., 1024) = 1024 <0.000064>
657   1790560677.117949 sendto(12, "HTTP/1.1 200 OK\r\nContent-Length:"..., 1129, MSG_NOSIGNAL, NULL, 0) = 1129 <0.000071>
657   1790560677.118147 epoll_wait(10, [{events=EPOLLIN, data={u32=9, u64=9}}], 64, 1000) = 1 <0.000335>
657   1790560677.118600 recvfrom(12, "GET /payload-1024.bin HTTP/1.1\r\n"..., 16384, 0, NULL, NULL) = 75 <0.000046>
657   1790560677.118942 read(13, "\0\1\2\3\4\5\6\7\10\t\n\v\f\r\16\17\20\21\22\23\24\25\26\27\30\31\32\33\34\35\36\37"..., 1024) = 1024 <0.000091>
657   1790560677.119744 sendto(12, "HTTP/1.1 200 OK\r\nContent-Length:"..., 1129, MSG_NOSIGNAL, NULL, 0) = 1129 <0.000051>
657   1790560677.119892 epoll_wait(10, [{events=EPOLLIN, data={u32=9, u64=9}}], 64, 1000) = 1 <0.000184>
657   1790560677.120225 recvfrom(12, "GET /payload-1024.bin HTTP/1.1\r\n"..., 16384, 0, NULL, NULL) = 75 <0.000038>
657   1790560677.120573 read(13, "\0\1\2\3\4\5\6\7\10\t\n\v\f\r\16\17\20\21\22\23\24\25\26\27\30\31\32\33\34\35\36\37"..., 1024) = 1024 <0.000037>
657   1790560677.121222 sendto(12, "HTTP/1.1 200 OK\r\nContent-Length:"..., 1129, MSG_NOSIGNAL, NULL, 0) = 1129 <0.000052>
657   1790560677.121438 epoll_wait(10, [{events=EPOLLIN, data={u32=9, u64=9}}], 64, 1000) = 1 <0.000143>
657   1790560677.121665 recvfrom(12, "GET /payload-1024.bin HTTP/1.1\r\n"..., 16384, 0, NULL, NULL) = 75 <0.000037>
657   1790560677.121943 read(13, "\0\1\2\3\4\5\6\7\10\t\n\v\f\r\16\17\20\21\22\23\24\25\26\27\30\31\32\33\34\35\36\37"..., 1024) = 1024 <0.000029>
657   1790560677.122649 sendto(12, "HTTP/1.1 200 OK\r\nContent-Length:"..., 1129, MSG_NOSIGNAL, NULL, 0) = 1129 <0.000043>
657   1790560677.122780 epoll_wait(10, [{events=EPOLLIN, data={u32=9, u64=9}}], 64, 1000) = 1 <0.000325>
657   1790560677.123223 recvfrom(12, "GET /payload-1024.bin HTTP/1.1\r\n"..., 16384, 0, NULL, NULL) = 75 <0.000055>
657   1790560677.123580 read(13, "\0\1\2\3\4\5\6\7\10\t\n\v\f\r\16\17\20\21\22\23\24\25\26\27\30\31\32\33\34\35\36\37"..., 1024) = 1024 <0.000050>
657   1790560677.124255 sendto(12, "HTTP/1.1 200 OK\r\nContent-Length:"..., 1129, MSG_NOSIGNAL, NULL, 0) = 1129 <0.000049>
657   1790560677.124399 epoll_wait(10, [{events=EPOLLIN, data={u32=9, u64=9}}], 64, 1000) = 1 <0.000545>
657   1790560677.125048 recvfrom(12, "GET /payload-1024.bin HTTP/1.1\r\n"..., 16384, 0, NULL, NULL) = 75 <0.000037>
657   1790560677.125418 read(13, "\0\1\2\3\4\5\6\7\10\t\n\v\f\r\16\17\20\21\22\23\24\25\26\27\30\31\32\33\34\35\36\37"..., 1024) = 1024 <0.000054>
657   1790560677.126063 sendto(12, "HTTP/1.1 200 OK\r\nContent-Length:"..., 1129, MSG_NOSIGNAL, NULL, 0) = 1129 <0.000100>
657   1790560677.126276 epoll_wait(10, [{events=EPOLLIN, data={u32=9, u64=9}}], 64, 1000) = 1 <0.000189>
657   1790560677.126559 recvfrom(12, "GET /payload-1024.bin HTTP/1.1\r\n"..., 16384, 0, NULL, NULL) = 75 <0.000033>
657   1790560677.126840 read(13, "\0\1\2\3\4\5\6\7\10\t\n\v\f\r\16\17\20\21\22\23\24\25\26\27\30\31\32\33\34\35\36\37"..., 1024) = 1024 <0.000038>
657   1790560677.127534 sendto(12, "HTTP/1.1 200 OK\r\nContent-Length:"..., 1129, MSG_NOSIGNAL, NULL, 0) = 1129 <0.000043>
657   1790560677.127662 epoll_wait(10, [{events=EPOLLIN, data={u32=9, u64=9}}], 64, 1000) = 1 <0.000589>
657   1790560677.128350 recvfrom(12, "GET /payload-1024.bin HTTP/1.1\r\n"..., 16384, 0, NULL, NULL) = 75 <0.000054>
657   1790560677.128672 read(13, "\0\1\2\3\4\5\6\7\10\t\n\v\f\r\16\17\20\21\22\23\24\25\26\27\30\31\32\33\34\35\36\37"..., 1024) = 1024 <0.000048>
657   1790560677.129486 sendto(12, "HTTP/1.1 200 OK\r\nContent-Length:"..., 1129, MSG_NOSIGNAL, NULL, 0) = 1129 <0.000063>
657   1790560677.129680 epoll_wait(10, [{events=EPOLLIN, data={u32=9, u64=9}}], 64, 1000) = 1 <0.000260>
657   1790560677.130036 recvfrom(12, "GET /payload-1024.bin HTTP/1.1\r\n"..., 16384, 0, NULL, NULL) = 75 <0.000047>
657   1790560677.130343 read(13, "\0\1\2\3\4\5\6\7\10\t\n\v\f\r\16\17\20\21\22\23\24\25\26\27\30\31\32\33\34\35\36\37"..., 1024) = 1024 <0.000039>
657   1790560677.131062 sendto(12, "HTTP/1.1 200 OK\r\nContent-Length:"..., 1129, MSG_NOSIGNAL, NULL, 0) = 1129 <0.000080>
657   1790560677.131309 epoll_wait(10, [{events=EPOLLIN, data={u32=9, u64=9}}], 64, 1000) = 1 <0.000076>
657   1790560677.131511 recvfrom(12, "GET /payload-1024.bin HTTP/1.1\r\n"..., 16384, 0, NULL, NULL) = 75 <0.000077>
657   1790560677.131872 read(13, "\0\1\2\3\4\5\6\7\10\t\n\v\f\r\16\17\20\21\22\23\24\25\26\27\30\31\32\33\34\35\36\37"..., 1024) = 1024 <0.000041>
657   1790560677.132552 sendto(12, "HTTP/1.1 200 OK\r\nContent-Length:"..., 1129, MSG_NOSIGNAL, NULL, 0) = 1129 <0.000047>
657   1790560677.132700 epoll_wait(10, [{events=EPOLLIN, data={u32=9, u64=9}}], 64, 1000) = 1 <0.000508>
657   1790560677.133329 recvfrom(12, "GET /payload-1024.bin HTTP/1.1\r\n"..., 16384, 0, NULL, NULL) = 75 <0.000090>
657   1790560677.133722 read(13, "\0\1\2\3\4\5\6\7\10\t\n\v\f\r\16\17\20\21\22\23\24\25\26\27\30\31\32\33\34\35\36\37"..., 1024) = 1024 <0.000036>
657   1790560677.134444 sendto(12, "HTTP/1.1 200 OK\r\nContent-Length:"..., 1129, MSG_NOSIGNAL, NULL, 0) = 1129 <0.000060>
657   1790560677.134666 epoll_wait(10, [{events=EPOLLIN, data={u32=9, u64=9}}], 64, 1000) = 1 <0.000129>
657   1790560677.134877 recvfrom(12, "GET /payload-1024.bin HTTP/1.1\r\n"..., 16384, 0, NULL, NULL) = 75 <0.000063>
657   1790560677.135205 read(13, "\0\1\2\3\4\5\6\7\10\t\n\v\f\r\16\17\20\21\22\23\24\25\26\27\30\31\32\33\34\35\36\37"..., 1024) = 1024 <0.000036>
657   1790560677.135916 sendto(12, "HTTP/1.1 200 OK\r\nContent-Length:"..., 1129, MSG_NOSIGNAL, NULL, 0) = 1129 <0.000068>
657   1790560677.136147 epoll_wait(10, [{events=EPOLLIN, data={u32=9, u64=9}}], 64, 1000) = 1 <0.000200>
657   1790560677.136450 recvfrom(12, "GET /payload-1024.bin HTTP/1.1\r\n"..., 16384, 0, NULL, NULL) = 75 <0.000080>
657   1790560677.136885 read(13, "\0\1\2\3\4\5\6\7\10\t\n\v\f\r\16\17\20\21\22\23\24\25\26\27\30\31\32\33\34\35\36\37"..., 1024) = 1024 <0.000037>
657   1790560677.137582 sendto(12, "HTTP/1.1 200 OK\r\nContent-Length:"..., 1129, MSG_NOSIGNAL, NULL, 0) = 1129 <0.000050>
657   1790560677.137720 epoll_wait(10, [{events=EPOLLIN, data={u32=9, u64=9}}], 64, 1000) = 1 <0.000216>
657   1790560677.138008 recvfrom(12, "GET /payload-1024.bin HTTP/1.1\r\n"..., 16384, 0, NULL, NULL) = 75 <0.000050>
657   1790560677.138332 read(13, "\0\1\2\3\4\5\6\7\10\t\n\v\f\r\16\17\20\21\22\23\24\25\26\27\30\31\32\33\34\35\36\37"..., 1024) = 1024 <0.000038>
657   1790560677.139074 sendto(12, "HTTP/1.1 200 OK\r\nContent-Length:"..., 1129, MSG_NOSIGNAL, NULL, 0) = 1129 <0.000043>
657   1790560677.139216 epoll_wait(10, [{events=EPOLLIN, data={u32=9, u64=9}}], 64, 1000) = 1 <0.000191>
657   1790560677.139481 recvfrom(12, "GET /payload-1024.bin HTTP/1.1\r\n"..., 16384, 0, NULL, NULL) = 75 <0.000035>
657   1790560677.139775 read(13, "\0\1\2\3\4\5\6\7\10\t\n\v\f\r\16\17\20\21\22\23\24\25\26\27\30\31\32\33\34\35\36\37"..., 1024) = 1024 <0.000046>
657   1790560677.140397 sendto(12, "HTTP/1.1 200 OK\r\nContent-Length:"..., 1129, MSG_NOSIGNAL, NULL, 0) = 1129 <0.000045>
657   1790560677.140563 epoll_wait(10, [{events=EPOLLIN, data={u32=9, u64=9}}], 64, 1000) = 1 <0.000145>
657   1790560677.140793 recvfrom(12, "GET /payload-1024.bin HTTP/1.1\r\n"..., 16384, 0, NULL, NULL) = 75 <0.000039>
657   1790560677.141273 read(13, "\0\1\2\3\4\5\6\7\10\t\n\v\f\r\16\17\20\21\22\23\24\25\26\27\30\31\32\33\34\35\36\37"..., 1024) = 1024 <0.000036>
657   1790560677.142009 sendto(12, "HTTP/1.1 200 OK\r\nContent-Length:"..., 1129, MSG_NOSIGNAL, NULL, 0) = 1129 <0.000048>
657   1790560677.142195 epoll_wait(10, [{events=EPOLLIN, data={u32=9, u64=9}}], 64, 1000) = 1 <0.000279>
657   1790560677.142578 recvfrom(12, "GET /payload-1024.bin HTTP/1.1\r\n"..., 16384, 0, NULL, NULL) = 75 <0.000059>
657   1790560677.142916 read(13, "\0\1\2\3\4\5\6\7\10\t\n\v\f\r\16\17\20\21\22\23\24\25\26\27\30\31\32\33\34\35\36\37"..., 1024) = 1024 <0.000036>
657   1790560677.143604 sendto(12, "HTTP/1.1 200 OK\r\nContent-Length:"..., 1129, MSG_NOSIGNAL, NULL, 0) = 1129 <0.000061>
657   1790560677.143810 epoll_wait(10, [{events=EPOLLIN, data={u32=9, u64=9}}], 64, 1000) = 1 <0.000400>
657   1790560677.144446 recvfrom(12, "GET /payload-1024.bin HTTP/1.1\r\n"..., 16384, 0, NULL, NULL) = 75 <0.000111>
657   1790560677.144829 read(13, "\0\1\2\3\4\5\6\7\10\t\n\v\f\r\16\17\20\21\22\23\24\25\26\27\30\31\32\33\34\35\36\37"..., 1024) = 1024 <0.000050>
657   1790560677.145508 sendto(12, "HTTP/1.1 200 OK\r\nContent-Length:"..., 1129, MSG_NOSIGNAL, NULL, 0) = 1129 <0.000053>
657   1790560677.145679 epoll_wait(10, [{events=EPOLLIN, data={u32=9, u64=9}}], 64, 1000) = 1 <0.000127>
657   1790560677.145902 recvfrom(12, "GET /payload-1024.bin HTTP/1.1\r\n"..., 16384, 0, NULL, NULL) = 75 <0.000039>
657   1790560677.146186 read(13, "\0\1\2\3\4\5\6\7\10\t\n\v\f\r\16\17\20\21\22\23\24\25\26\27\30\31\32\33\34\35\36\37"..., 1024) = 1024 <0.000039>
657   1790560677.146974 sendto(12, "HTTP/1.1 200 OK\r\nContent-Length:"..., 1129, MSG_NOSIGNAL, NULL, 0) = 1129 <0.000051>
657   1790560677.147141 epoll_wait(10, [{events=EPOLLIN, data={u32=9, u64=9}}], 64, 1000) = 1 <0.000243>
657   1790560677.147477 recvfrom(12, "GET /payload-1024.bin HTTP/1.1\r\n"..., 16384, 0, NULL, NULL) = 75 <0.000039>
657   1790560677.147801 read(13, "\0\1\2\3\4\5\6\7\10\t\n\v\f\r\16\17\20\21\22\23\24\25\26\27\30\31\32\33\34\35\36\37"..., 1024) = 1024 <0.000041>
657   1790560677.148651 sendto(12, "HTTP/1.1 200 OK\r\nContent-Length:"..., 1129, MSG_NOSIGNAL, NULL, 0) = 1129 <0.000050>
657   1790560677.148813 epoll_wait(10, [{events=EPOLLIN|EPOLLRDHUP, data={u32=9, u64=9}}], 64, 1000) = 1 <0.000253>
657   1790560677.149169 recvfrom(12, "", 16384, 0, NULL, NULL) = 0 <0.000040>
657   1790560677.149321 epoll_ctl(10, EPOLL_CTL_DEL, 12, NULL) = 0 <0.000043>
657   1790560677.149545 epoll_wait(10,  <unfinished ...>
655   1790560677.171495 <... epoll_wait resumed>[{events=EPOLLIN, data={u32=4, u64=4}}], 64, 1000) = 1 <0.072701>
656   1790560677.171781 <... epoll_wait resumed>[{events=EPOLLIN, data={u32=2, u64=2}}], 64, 1000) = 1 <0.094042>
656   1790560677.172069 read(9,  <unfinished ...>
655   1790560677.172107 epoll_wait(5,  <unfinished ...>
656   1790560677.172147 <... read resumed>"\1\0\0\0\0\0\0\0", 8) = 8 <0.000047>
656   1790560677.172219 read(9, 0x7e5d03ffea00, 8) = -1 EAGAIN (Resource temporarily unavailable) <0.000036>
656   1790560677.172340 epoll_ctl(8, EPOLL_CTL_ADD, 12, {events=EPOLLIN|EPOLLRDHUP, data={u32=10, u64=10}}) = 0 <0.000042>
656   1790560677.172468 epoll_wait(8, [{events=EPOLLIN, data={u32=10, u64=10}}], 64, 1000) = 1 <0.000044>
656   1790560677.172598 recvfrom(12, "GET /payload-1024.bin HTTP/1.1\r\n"..., 16384, 0, NULL, NULL) = 81 <0.000044>
656   1790560677.172918 read(13, "\0\1\2\3\4\5\6\7\10\t\n\v\f\r\16\17\20\21\22\23\24\25\26\27\30\31\32\33\34\35\36\37"..., 1024) = 1024 <0.000035>
656   1790560677.173579 sendto(12, "HTTP/1.1 200 OK\r\nContent-Length:"..., 1129, MSG_NOSIGNAL, NULL, 0) = 1129 <0.000079>
656   1790560677.173744 epoll_wait(8, [{events=EPOLLIN, data={u32=10, u64=10}}], 64, 1000) = 1 <0.010476>
656   1790560677.184353 recvfrom(12, "GET /payload-1024.bin HTTP/1.1\r\n"..., 16384, 0, NULL, NULL) = 81 <0.000039>
656   1790560677.184686 read(13, "\0\1\2\3\4\5\6\7\10\t\n\v\f\r\16\17\20\21\22\23\24\25\26\27\30\31\32\33\34\35\36\37"..., 1024) = 1024 <0.000034>
656   1790560677.185347 sendto(12, "HTTP/1.1 200 OK\r\nContent-Length:"..., 1129, MSG_NOSIGNAL, NULL, 0) = 1129 <0.000067>
656   1790560677.185518 epoll_wait(8, [{events=EPOLLIN, data={u32=10, u64=10}}], 64, 1000) = 1 <0.010440>
656   1790560677.196057 recvfrom(12, "GET /payload-1024.bin HTTP/1.1\r\n"..., 16384, 0, NULL, NULL) = 81 <0.000043>
656   1790560677.196335 read(13, "\0\1\2\3\4\5\6\7\10\t\n\v\f\r\16\17\20\21\22\23\24\25\26\27\30\31\32\33\34\35\36\37"..., 1024) = 1024 <0.000035>
656   1790560677.196983 sendto(12, "HTTP/1.1 200 OK\r\nContent-Length:"..., 1129, MSG_NOSIGNAL, NULL, 0) = 1129 <0.000042>
656   1790560677.197111 epoll_wait(8, [{events=EPOLLIN, data={u32=10, u64=10}}], 64, 1000) = 1 <0.010366>
656   1790560677.207563 recvfrom(12, "GET /payload-1024.bin HTTP/1.1\r\n"..., 16384, 0, NULL, NULL) = 81 <0.000039>
656   1790560677.207855 read(13, "\0\1\2\3\4\5\6\7\10\t\n\v\f\r\16\17\20\21\22\23\24\25\26\27\30\31\32\33\34\35\36\37"..., 1024) = 1024 <0.000032>
656   1790560677.208481 sendto(12, "HTTP/1.1 200 OK\r\nContent-Length:"..., 1129, MSG_NOSIGNAL, NULL, 0) = 1129 <0.000051>
656   1790560677.208635 epoll_wait(8, [{events=EPOLLIN, data={u32=10, u64=10}}], 64, 1000) = 1 <0.010325>
656   1790560677.219064 recvfrom(12, "GET /payload-1024.bin HTTP/1.1\r\n"..., 16384, 0, NULL, NULL) = 81 <0.000055>
656   1790560677.219384 read(13, "\0\1\2\3\4\5\6\7\10\t\n\v\f\r\16\17\20\21\22\23\24\25\26\27\30\31\32\33\34\35\36\37"..., 1024) = 1024 <0.000051>
656   1790560677.220202 sendto(12, "HTTP/1.1 200 OK\r\nContent-Length:"..., 1129, MSG_NOSIGNAL, NULL, 0) = 1129 <0.000053>
656   1790560677.220371 epoll_wait(8, [{events=EPOLLIN|EPOLLRDHUP, data={u32=10, u64=10}}], 64, 1000) = 1 <0.010618>
656   1790560677.231149 recvfrom(12, "", 16384, 0, NULL, NULL) = 0 <0.000039>
656   1790560677.231287 epoll_ctl(8, EPOLL_CTL_DEL, 12, NULL) = 0 <0.000037>
656   1790560677.231746 epoll_wait(8,  <detached ...>
