27076 1790565038.053316 epoll_wait(10,  <unfinished ...>
27075 1790565038.053377 epoll_wait(8,  <unfinished ...>
27073 1790565038.053400 epoll_wait(5, [{events=EPOLLIN, data={u32=5, u64=5}}], 64, 1000) = 1 <0.149486>
27073 1790565038.203156 setsockopt(12, SOL_TCP, TCP_NODELAY, [1], 4) = 0 <0.000056>
27076 1790565038.203390 <... epoll_wait resumed>[{events=EPOLLIN, data={u32=3, u64=3}}], 64, 1000) = 1 <0.150022>
27076 1790565038.203573 read(11, "\1\0\0\0\0\0\0\0", 8) = 8 <0.000057>
27073 1790565038.203685 epoll_wait(5,  <unfinished ...>
27076 1790565038.203706 read(11, 0x77e09e5fca00, 8) = -1 EAGAIN (Resource temporarily unavailable) <0.000043>
27076 1790565038.203812 epoll_ctl(10, EPOLL_CTL_ADD, 12, {events=EPOLLIN|EPOLLRDHUP, data={u32=7, u64=7}}) = 0 <0.000036>
27076 1790565038.203927 epoll_wait(10, [{events=EPOLLIN, data={u32=7, u64=7}}], 64, 1000) = 1 <0.000028>
27076 1790565038.204033 recvfrom(12, "GET /payload-1024.bin HTTP/1.1\r\n"..., 4096, 0, NULL, NULL) = 75 <0.000033>
27076 1790565038.204583 sendto(12, "HTTP/1.1 200 OK\r\nContent-Length:"..., 105, MSG_NOSIGNAL, NULL, 0) = 105 <0.000040>
27076 1790565038.204831 sendfile(12, 13, [0] => [1024], 1024) = 1024 <0.000065>
27076 1790565038.205237 epoll_wait(10, [{events=EPOLLIN, data={u32=7, u64=7}}], 64, 1000) = 1 <0.000276>
27076 1790565038.205651 recvfrom(12, "GET /payload-1024.bin HTTP/1.1\r\n"..., 4096, 0, NULL, NULL) = 75 <0.000035>
27076 1790565038.206041 sendto(12, "HTTP/1.1 200 OK\r\nContent-Length:"..., 105, MSG_NOSIGNAL, NULL, 0) = 105 <0.000044>
27076 1790565038.206378 sendfile(12, 13, [0] => [1024], 1024) = 1024 <0.000047>
27076 1790565038.206673 epoll_wait(10, [{events=EPOLLIN, data={u32=7, u64=7}}], 64, 1000) = 1 <0.000239>
27076 1790565038.206991 recvfrom(12, "GET /payload-1024.bin HTTP/1.1\r\n"..., 4096, 0, NULL, NULL) = 75 <0.000044>
27076 1790565038.207366 sendto(12, "HTTP/1.1 200 OK\r\nContent-Length:"..., 105, MSG_NOSIGNAL, NULL, 0) = 105 <0.000051>
27076 1790565038.207666 sendfile(12, 13, [0] => [1024], 1024) = 1024 <0.000055>
27076 1790565038.207993 epoll_wait(10, [{events=EPOLLIN, data={u32=7, u64=7}}], 64, 1000) = 1 <0.000457>
27076 1790565038.208565 recvfrom(12, "GET /payload-1024.bin HTTP/1.1\r\n"..., 4096, 0, NULL, NULL) = 75 <0.000073>
27076 1790565038.208980 sendto(12, "HTTP/1.1 200 OK\r\nContent-Length:"..., 105, MSG_NOSIGNAL, NULL, 0) = 105 <0.000048>
27076 1790565038.209291 sendfile(12, 13, [0] => [1024], 1024) = 1024 <0.000044>
27076 1790565038.209620 epoll_wait(10, [{events=EPOLLIN, data={u32=7, u64=7}}], 64, 1000) = 1 <0.000494>
27076 1790565038.210192 recvfrom(12, "GET /payload-1024.bin HTTP/1.1\r\n"..., 4096, 0, NULL, NULL) = 75 <0.000039>
27076 1790565038.210700 sendto(12, "HTTP/1.1 200 OK\r\nContent-Length:"..., 105, MSG_NOSIGNAL, NULL, 0) = 105 <0.000053>
27076 1790565038.211075 sendfile(12, 13, [0] => [1024], 1024) = 1024 <0.000084>
27076 1790565038.211424 epoll_wait(10, [{events=EPOLLIN, data={u32=7, u64=7}}], 64, 1000) = 1 <0.000159>
27076 1790565038.211685 recvfrom(12, "GET /payload-1024.bin HTTP/1.1\r\n"..., 4096, 0, NULL, NULL) = 75 <0.000039>
27076 1790565038.212152 sendto(12, "HTTP/1.1 200 OK\r\nContent-Length:"..., 105, MSG_NOSIGNAL, NULL, 0) = 105 <0.000047>
27076 1790565038.212398 sendfile(12, 13, [0] => [1024], 1024) = 1024 <0.000056>
27076 1790565038.212994 epoll_wait(10, [{events=EPOLLIN, data={u32=7, u64=7}}], 64, 1000) = 1 <0.000405>
27076 1790565038.213541 recvfrom(12, "GET /payload-1024.bin HTTP/1.1\r\n"..., 4096, 0, NULL, NULL) = 75 <0.000048>
27076 1790565038.213965 sendto(12, "HTTP/1.1 200 OK\r\nContent-Length:"..., 105, MSG_NOSIGNAL, NULL, 0) = 105 <0.000077>
27076 1790565038.214353 sendfile(12, 13, [0] => [1024], 1024) = 1024 <0.000077>
27076 1790565038.214906 epoll_wait(10, [{events=EPOLLIN, data={u32=7, u64=7}}], 64, 1000) = 1 <0.000048>
27076 1790565038.215049 recvfrom(12, "GET /payload-1024.bin HTTP/1.1\r\n"..., 4096, 0, NULL, NULL) = 75 <0.000065>
27076 1790565038.215566 sendto(12, "HTTP/1.1 200 OK\r\nContent-Length:"..., 105, MSG_NOSIGNAL, NULL, 0) = 105 <0.000047>
27076 1790565038.215857 sendfile(12, 13, [0] => [1024], 1024) = 1024 <0.000058>
27076 1790565038.216356 epoll_wait(10, [{events=EPOLLIN, data={u32=7, u64=7}}], 64, 1000) = 1 <0.000026>
27076 1790565038.216442 recvfrom(12, "GET /payload-1024.bin HTTP/1.1\r\n"..., 4096, 0, NULL, NULL) = 75 <0.000028>
27076 1790565038.217109 sendto(12, "HTTP/1.1 200 OK\r\nContent-Length:"..., 105, MSG_NOSIGNAL, NULL, 0) = 105 <0.000046>
27076 1790565038.217378 sendfile(12, 13, [0] => [1024], 1024) = 1024 <0.000057>
27076 1790565038.217739 epoll_wait(10, [{events=EPOLLIN, data={u32=7, u64=7}}], 64, 1000) = 1 <0.000043>
27076 1790565038.217844 recvfrom(12, "GET /payload-1024.bin HTTP/1.1\r\n"..., 4096, 0, NULL, NULL) = 75 <0.000040>
27076 1790565038.218237 sendto(12, "HTTP/1.1 200 OK\r\nContent-Length:"..., 105, MSG_NOSIGNAL, NULL, 0) = 105 <0.000081>
27076 1790565038.218538 sendfile(12, 13, [0] => [1024], 1024) = 1024 <0.000099>
27076 1790565038.218894 epoll_wait(10, [{events=EPOLLIN, data={u32=7, u64=7}}], 64, 1000) = 1 <0.000026>
27076 1790565038.218985 recvfrom(12, "GET /payload-1024.bin HTTP/1.1\r\n"..., 4096, 0, NULL, NULL) = 75 <0.000039>
27076 1790565038.219378 sendto(12, "HTTP/1.1 200 OK\r\nContent-Length:"..., 105, MSG_NOSIGNAL, NULL, 0) = 105 <0.000056>
27076 1790565038.219620 sendfile(12, 13, [0] => [1024], 1024) = 1024 <0.000070>
27076 1790565038.219975 epoll_wait(10, [{events=EPOLLIN, data={u32=7, u64=7}}], 64, 1000) = 1 <0.000045>
27076 1790565038.220091 recvfrom(12, "GET /payload-1024.bin HTTP/1.1\r\n"..., 4096, 0, NULL, NULL) = 75 <0.000046>
27076 1790565038.220487 sendto(12, "HTTP/1.1 200 OK\r\nContent-Length:"..., 105, MSG_NOSIGNAL, NULL, 0) = 105 <0.000113>
27076 1790565038.220795 sendfile(12, 13, [0] => [1024], 1024) = 1024 <0.000088>
27076 1790565038.221203 epoll_wait(10, [{events=EPOLLIN, data={u32=7, u64=7}}], 64, 1000) = 1 <0.000024>
27076 1790565038.221304 recvfrom(12, "GET /payload-1024.bin HTTP/1.1\r\n"..., 4096, 0, NULL, NULL) = 75 <0.000026>
27076 1790565038.221685 sendto(12, "HTTP/1.1 200 OK\r\nContent-Length:"..., 105, MSG_NOSIGNAL, NULL, 0) = 105 <0.000056>
27076 1790565038.221968 sendfile(12, 13, [0] => [1024], 1024) = 1024 <0.000067>
27076 1790565038.222304 epoll_wait(10, [{events=EPOLLIN, data={u32=7, u64=7}}], 64, 1000) = 1 <0.000024>
27076 1790565038.222381 recvfrom(12, "GET /payload-1024.bin HTTP/1.1\r\n"..., 4096, 0, NULL, NULL) = 75 <0.000032>
27076 1790565038.222769 sendto(12, "HTTP/1.1 200 OK\r\nContent-Length:"..., 105, MSG_NOSIGNAL, NULL, 0) = 105 <0.000103>
27076 1790565038.223069 sendfile(12, 13, [0] => [1024], 1024) = 1024 <0.000043>
27076 1790565038.223362 epoll_wait(10, [{events=EPOLLIN, data={u32=7, u64=7}}], 64, 1000) = 1 <0.000024>
27076 1790565038.223443 recvfrom(12, "GET /payload-1024.bin HTTP/1.1\r\n"..., 4096, 0, NULL, NULL) = 75 <0.000032>
27076 1790565038.223819 sendto(12, "HTTP/1.1 200 OK\r\nContent-Length:"..., 105, MSG_NOSIGNAL, NULL, 0) = 105 <0.000101>
27076 1790565038.224111 sendfile(12, 13, [0] => [1024], 1024) = 1024 <0.000048>
27076 1790565038.224398 epoll_wait(10, [{events=EPOLLIN, data={u32=7, u64=7}}], 64, 1000) = 1 <0.000025>
27076 1790565038.224478 recvfrom(12, "GET /payload-1024.bin HTTP/1.1\r\n"..., 4096, 0, NULL, NULL) = 75 <0.000035>
27076 1790565038.224856 sendto(12, "HTTP/1.1 200 OK\r\nContent-Length:"..., 105, MSG_NOSIGNAL, NULL, 0) = 105 <0.000049>
27076 1790565038.225128 sendfile(12, 13, [0] => [1024], 1024) = 1024 <0.000055>
27076 1790565038.225511 epoll_wait(10, [{events=EPOLLIN, data={u32=7, u64=7}}], 64, 1000) = 1 <0.000114>
27076 1790565038.225694 recvfrom(12, "GET /payload-1024.bin HTTP/1.1\r\n"..., 4096, 0, NULL, NULL) = 75 <0.000035>
27076 1790565038.226107 sendto(12, "HTTP/1.1 200 OK\r\nContent-Length:"..., 105, MSG_NOSIGNAL, NULL, 0) = 105 <0.000091>
27076 1790565038.226415 sendfile(12, 13, [0] => [1024], 1024) = 1024 <0.000060>
27076 1790565038.226698 epoll_wait(10, [{events=EPOLLIN, data={u32=7, u64=7}}], 64, 1000) = 1 <0.000173>
27076 1790565038.226928 recvfrom(12, "GET /payload-1024.bin HTTP/1.1\r\n"..., 4096, 0, NULL, NULL) = 75 <0.000040>
27076 1790565038.227358 sendto(12, "HTTP/1.1 200 OK\r\nContent-Length:"..., 105, MSG_NOSIGNAL, NULL, 0) = 105 <0.000048>
27076 1790565038.227652 sendfile(12, 13, [0] => [1024], 1024) = 1024 <0.000064>
27076 1790565038.228065 epoll_wait(10, [{events=EPOLLIN, data={u32=7, u64=7}}], 64, 1000) = 1 <0.000315>
27076 1790565038.228465 recvfrom(12, "GET /payload-1024.bin HTTP/1.1\r\n"..., 4096, 0, NULL, NULL) = 75 <0.000032>
27076 1790565038.228898 sendto(12, "HTTP/1.1 200 OK\r\nContent-Length:"..., 105, MSG_NOSIGNAL, NULL, 0) = 105 <0.000059>
27076 1790565038.229448 sendfile(12, 13, [0] => [1024], 1024) = 1024 <0.000094>
27076 1790565038.230049 epoll_wait(10, [{events=EPOLLIN, data={u32=7, u64=7}}], 64, 1000) = 1 <0.000055>
27076 1790565038.230244 recvfrom(12, "GET /payload-1024.bin HTTP/1.1\r\n"..., 4096, 0, NULL, NULL) = 75 <0.000049>
27076 1790565038.230697 sendto(12, "HTTP/1.1 200 OK\r\nContent-Length:"..., 105, MSG_NOSIGNAL, NULL, 0) = 105 <0.000083>
27076 1790565038.231006 sendfile(12, 13, [0] => [1024], 1024) = 1024 <0.000048>
27076 1790565038.231399 epoll_wait(10, [{events=EPOLLIN, data={u32=7, u64=7}}], 64, 1000) = 1 <0.000067>
27076 1790565038.231569 recvfrom(12, "GET /payload-1024.bin HTTP/1.1\r\n"..., 4096, 0, NULL, NULL) = 75 <0.000068>
27076 1790565038.232243 sendto(12, "HTTP/1.1 200 OK\r\nContent-Length:"..., 105, MSG_NOSIGNAL, NULL, 0) = 105 <0.000100>
27076 1790565038.232614 sendfile(12, 13, [0] => [1024], 1024) = 1024 <0.000074>
27076 1790565038.233017 epoll_wait(10, [{events=EPOLLIN, data={u32=7, u64=7}}], 64, 1000) = 1 <0.000025>
27076 1790565038.233109 recvfrom(12, "GET /payload-1024.bin HTTP/1.1\r\n"..., 4096, 0, NULL, NULL) = 75 <0.000022>
27076 1790565038.233575 sendto(12, "HTTP/1.1 200 OK\r\nContent-Length:"..., 105, MSG_NOSIGNAL, NULL, 0) = 105 <0.000049>
27076 1790565038.233841 sendfile(12, 13, [0] => [1024], 1024) = 1024 <0.000049>
27076 1790565038.234110 epoll_wait(10, [{events=EPOLLIN, data={u32=7, u64=7}}], 64, 1000) = 1 <0.000506>
27076 1790565038.234729 recvfrom(12, "GET /payload-1024.bin HTTP/1.1\r\n"..., 4096, 0, NULL, NULL) = 75 <0.000031>
27076 1790565038.235120 sendto(12, "HTTP/1.1 200 OK\r\nContent-Length:"..., 105, MSG_NOSIGNAL, NULL, 0) = 105 <0.000049>
27076 1790565038.235376 sendfile(12, 13, [0] => [1024], 1024) = 1024 <0.000069>
27076 1790565038.235663 epoll_wait(10, [{events=EPOLLIN, data={u32=7, u64=7}}], 64, 1000) = 1 <0.000555>
27076 1790565038.236303 recvfrom(12, "GET /payload-1024.bin HTTP/1.1\r\n"..., 4096, 0, NULL, NULL) = 75 <0.000041>
27076 1790565038.236732 sendto(12, "HTTP/1.1 200 OK\r\nContent-Length:"..., 105, MSG_NOSIGNAL, NULL, 0) = 105 <0.000052>
27076 1790565038.237031 sendfile(12, 13, [0] => [1024], 1024) = 1024 <0.000059>
27076 1790565038.237324 epoll_wait(10, [{events=EPOLLIN, data={u32=7, u64=7}}], 64, 1000) = 1 <0.000459>
27076 1790565038.237890 recvfrom(12, "GET /payload-1024.bin HTTP/1.1\r\n"..., 4096, 0, NULL, NULL) = 75 <0.000042>
27076 1790565038.238278 sendto(12, "HTTP/1.1 200 OK\r\nContent-Length:"..., 105, MSG_NOSIGNAL, NULL, 0) = 105 <0.000059>
27076 1790565038.238602 sendfile(12, 13, [0] => [1024], 1024) = 1024 <0.000059>
27076 1790565038.238899 epoll_wait(10, [{events=EPOLLIN, data={u32=7, u64=7}}], 64, 1000) = 1 <0.000212>
27076 1790565038.239187 recvfrom(12, "GET /payload-1024.bin HTTP/1.1\r\n"..., 4096, 0, NULL, NULL) = 75 <0.000032>
27076 1790565038.239566 sendto(12, "HTTP/1.1 200 OK\r\nContent-Length:"..., 105, MSG_NOSIGNAL, NULL, 0) = 105 <0.000045>
27076 1790565038.239844 sendfile(12, 13, [0] => [1024], 1024) = 1024 <0.000055>
27076 1790565038.240122 epoll_wait(10, [{events=EPOLLIN, data={u32=7, u64=7}}], 64, 1000) = 1 <0.000380>
27076 1790565038.240615 recvfrom(12, "GET /payload-1024.bin HTTP/1.1\r\n"..., 4096, 0, NULL, NULL) = 75 <0.000030>
27076 1790565038.241147 sendto(12, "HTTP/1.1 200 OK\r\nContent-Length:"..., 105, MSG_NOSIGNAL, NULL, 0) = 105 <0.000051>
27076 1790565038.241500 sendfile(12, 13, [0] => [1024], 1024) = 1024 <0.000104>
27076 1790565038.241915 epoll_wait(10, [{events=EPOLLIN, data={u32=7, u64=7}}], 64, 1000) = 1 <0.000026>
27076 1790565038.242029 recvfrom(12, "GET /payload-1024.bin HTTP/1.1\r\n"..., 4096, 0, NULL, NULL) = 75 <0.000052>
27076 1790565038.242682 sendto(12, "HTTP/1.1 200 OK\r\nContent-Length:"..., 105, MSG_NOSIGNAL, NULL, 0) = 105 <0.000071>
27076 1790565038.243001 sendfile(12, 13, [0] => [1024], 1024) = 1024 <0.000062>
27076 1790565038.243292 epoll_wait(10, [{events=EPOLLIN, data={u32=7, u64=7}}], 64, 1000) = 1 <0.000130>
27076 1790565038.243541 recvfrom(12, "GET /payload-1024.bin HTTP/1.1\r\n"..., 4096, 0, NULL, NULL) = 75 <0.000032>
27076 1790565038.243952 sendto(12, "HTTP/1.1 200 OK\r\nContent-Length:"..., 105, MSG_NOSIGNAL, NULL, 0) = 105 <0.000056>
27076 1790565038.244258 sendfile(12, 13, [0] => [1024], 1024) = 1024 <0.000062>
27076 1790565038.244581 epoll_wait(10, [{events=EPOLLIN, data={u32=7, u64=7}}], 64, 1000) = 1 <0.000025>
27076 1790565038.244666 recvfrom(12, "GET /payload-1024.bin HTTP/1.1\r\n"..., 4096, 0, NULL, NULL) = 75 <0.000058>
27076 1790565038.245135 sendto(12, "HTTP/1.1 200 OK\r\nContent-Length:"..., 105, MSG_NOSIGNAL, NULL, 0) = 105 <0.000075>
27076 1790565038.245461 sendfile(12, 13, [0] => [1024], 1024) = 1024 <0.000045>
27076 1790565038.245814 epoll_wait(10, [{events=EPOLLIN, data={u32=7, u64=7}}], 64, 1000) = 1 <0.000180>
27076 1790565038.246258 recvfrom(12, "GET /payload-1024.bin HTTP/1.1\r\n"..., 4096, 0, NULL, NULL) = 75 <0.000062>
27076 1790565038.246859 sendto(12, "HTTP/1.1 200 OK\r\nContent-Length:"..., 105, MSG_NOSIGNAL, NULL, 0) = 105 <0.000080>
27076 1790565038.247213 sendfile(12, 13, [0] => [1024], 1024) = 1024 <0.000118>
27076 1790565038.247603 epoll_wait(10, [{events=EPOLLIN, data={u32=7, u64=7}}], 64, 1000) = 1 <0.000027>
27076 1790565038.247696 recvfrom(12, "GET /payload-1024.bin HTTP/1.1\r\n"..., 4096, 0, NULL, NULL) = 75 <0.000045>
27076 1790565038.248110 sendto(12, "HTTP/1.1 200 OK\r\nContent-Length:"..., 105, MSG_NOSIGNAL, NULL, 0) = 105 <0.000055>
27076 1790565038.248527 sendfile(12, 13, [0] => [1024], 1024) = 1024 <0.000081>
27076 1790565038.249043 epoll_wait(10, [{events=EPOLLIN|EPOLLRDHUP, data={u32=7, u64=7}}], 64, 1000) = 1 <0.000030>
27076 1790565038.249149 recvfrom(12, "", 4096, 0, NULL, NULL) = 0 <0.000028>
27076 1790565038.249330 epoll_ctl(10, EPOLL_CTL_DEL, 12, NULL) = 0 <0.000043>
27076 1790565038.249603 epoll_wait(10,  <unfinished ...>
27073 1790565038.273188 <... epoll_wait resumed>[{events=EPOLLIN, data={u32=5, u64=5}}], 64, 1000) = 1 <0.069486>
27073 1790565038.273387 setsockopt(12, SOL_TCP, TCP_NODELAY, [1], 4) = 0 <0.000044>
27075 1790565038.273662 <... epoll_wait resumed>[{events=EPOLLIN, data={u32=2, u64=2}}], 64, 1000) = 1 <0.220278>
27075 1790565038.273868 read(9, "\1\0\0\0\0\0\0\0", 8) = 8 <0.000024>
27073 1790565038.273948 epoll_wait(5,  <unfinished ...>
27075 1790565038.273969 read(9, 0x77e09edfda00, 8) = -1 EAGAIN (Resource temporarily unavailable) <0.000040>
27075 1790565038.274076 epoll_ctl(8, EPOLL_CTL_ADD, 12, {events=EPOLLIN|EPOLLRDHUP, data={u32=8, u64=8}}) = 0 <0.000039>
27075 1790565038.274203 epoll_wait(8, [{events=EPOLLIN, data={u32=8, u64=8}}], 64, 1000) = 1 <0.000037>
27075 1790565038.274331 recvfrom(12, "GET /payload-1024.bin HTTP/1.1\r\n"..., 4096, 0, NULL, NULL) = 75 <0.000069>
27075 1790565038.274825 sendto(12, "HTTP/1.1 200 OK\r\nContent-Length:"..., 105, MSG_NOSIGNAL, NULL, 0) = 105 <0.000044>
27075 1790565038.275150 sendfile(12, 13, [0] => [1024], 1024) = 1024 <0.000057>
27075 1790565038.275441 epoll_wait(8, [{events=EPOLLIN, data={u32=8, u64=8}}], 64, 1000) = 1 <0.000029>
27075 1790565038.275521 recvfrom(12, "GET /payload-1024.bin HTTP/1.1\r\n"..., 4096, 0, NULL, NULL) = 75 <0.000042>
27075 1790565038.275957 sendto(12, "HTTP/1.1 200 OK\r\nContent-Length:"..., 105, MSG_NOSIGNAL, NULL, 0) = 105 <0.000066>
27075 1790565038.276309 sendfile(12, 13, [0] => [1024], 1024) = 1024 <0.000075>
27075 1790565038.276628 epoll_wait(8, [{events=EPOLLIN, data={u32=8, u64=8}}], 64, 1000) = 1 <0.000222>
27075 1790565038.276941 recvfrom(12, "GET /payload-1024.bin HTTP/1.1\r\n"..., 4096, 0, NULL, NULL) = 75 <0.000044>
27075 1790565038.277387 sendto(12, "HTTP/1.1 200 OK\r\nContent-Length:"..., 105, MSG_NOSIGNAL, NULL, 0) = 105 <0.000102>
27075 1790565038.277729 sendfile(12, 13, [0] => [1024], 1024) = 1024 <0.000049>
27075 1790565038.278029 epoll_wait(8, [{events=EPOLLIN, data={u32=8, u64=8}}], 64, 1000) = 1 <0.000190>
27075 1790565038.278322 recvfrom(12, "GET /payload-1024.bin HTTP/1.1\r\n"..., 4096, 0, NULL, NULL) = 75 <0.000037>
27075 1790565038.278791 sendto(12, "HTTP/1.1 200 OK\r\nContent-Length:"..., 105, MSG_NOSIGNAL, NULL, 0) = 105 <0.000050>
27075 1790565038.279058 sendfile(12, 13, [0] => [1024], 1024) = 1024 <0.000056>
27075 1790565038.279449 epoll_wait(8, [{events=EPOLLIN, data={u32=8, u64=8}}], 64, 1000) = 1 <0.000029>
27075 1790565038.279553 recvfrom(12, "GET /payload-1024.bin HTTP/1.1\r\n"..., 4096, 0, NULL, NULL) = 75 <0.000041>
27075 1790565038.279973 sendto(12, "HTTP/1.1 200 OK\r\nContent-Length:"..., 105, MSG_NOSIGNAL, NULL, 0) = 105 <0.000088>
27075 1790565038.280278 sendfile(12, 13, [0] => [1024], 1024) = 1024 <0.000051>
27075 1790565038.280551 epoll_wait(8, [{events=EPOLLIN, data={u32=8, u64=8}}], 64, 1000) = 1 <0.000025>
27075 1790565038.280655 recvfrom(12, "GET /payload-1024.bin HTTP/1.1\r\n"..., 4096, 0, NULL, NULL) = 75 <0.000055>
27075 1790565038.281117 sendto(12, "HTTP/1.1 200 OK\r\nContent-Length:"..., 105, MSG_NOSIGNAL, NULL, 0) = 105 <0.000093>
27075 1790565038.281416 sendfile(12, 13, [0] => [1024], 1024) = 1024 <0.000055>
27075 1790565038.281710 epoll_wait(8, [{events=EPOLLIN, data={u32=8, u64=8}}], 64, 1000) = 1 <0.000043>
27075 1790565038.281834 recvfrom(12, "GET /payload-1024.bin HTTP/1.1\r\n"..., 4096, 0, NULL, NULL) = 75 <0.000026>
27075 1790565038.282260 sendto(12, "HTTP/1.1 200 OK\r\nContent-Length:"..., 105, MSG_NOSIGNAL, NULL, 0) = 105 <0.000047>
27075 1790565038.282549 sendfile(12, 13, [0] => [1024], 1024) = 1024 <0.000054>
27075 1790565038.282903 epoll_wait(8, [{events=EPOLLIN, data={u32=8, u64=8}}], 64, 1000) = 1 <0.000025>
27075 1790565038.282992 recvfrom(12, "GET /payload-1024.bin HTTP/1.1\r\n"..., 4096, 0, NULL, NULL) = 75 <0.000039>
27075 1790565038.283387 sendto(12, "HTTP/1.1 200 OK\r\nContent-Length:"..., 105, MSG_NOSIGNAL, NULL, 0) = 105 <0.000054>
27075 1790565038.283643 sendfile(12, 13, [0] => [1024], 1024) = 1024 <0.000059>
27075 1790565038.283921 epoll_wait(8, [{events=EPOLLIN, data={u32=8, u64=8}}], 64, 1000) = 1 <0.000487>
27075 1790565038.284513 recvfrom(12, "GET /payload-1024.bin HTTP/1.1\r\n"..., 4096, 0, NULL, NULL) = 75 <0.000033>
27075 1790565038.284993 sendto(12, "HTTP/1.1 200 OK\r\nContent-Length:"..., 105, MSG_NOSIGNAL, NULL, 0) = 105 <0.000046>
27075 1790565038.285304 sendfile(12, 13, [0] => [1024], 1024) = 1024 <0.000052>
27075 1790565038.285594 epoll_wait(8, [{events=EPOLLIN, data={u32=8, u64=8}}], 64, 1000) = 1 <0.000026>
27075 1790565038.285685 recvfrom(12, "GET /payload-1024.bin HTTP/1.1\r\n"..., 4096, 0, NULL, NULL) = 75 <0.000042>
27075 1790565038.286108 sendto(12, "HTTP/1.1 200 OK\r\nContent-Length:"..., 105, MSG_NOSIGNAL, NULL, 0) = 105 <0.000050>
27075 1790565038.286405 sendfile(12, 13, [0] => [1024], 1024) = 1024 <0.000094>
27075 1790565038.286763 epoll_wait(8, [{events=EPOLLIN, data={u32=8, u64=8}}], 64, 1000) = 1 <0.000053>
27075 1790565038.286887 recvfrom(12, "GET /payload-1024.bin HTTP/1.1\r\n"..., 4096, 0, NULL, NULL) = 75 <0.000046>
27075 1790565038.287347 sendto(12, "HTTP/1.1 200 OK\r\nContent-Length:"..., 105, MSG_NOSIGNAL, NULL, 0) = 105 <0.000048>
27075 1790565038.287614 sendfile(12, 13, [0] => [1024], 1024) = 1024 <0.000070>
27075 1790565038.287939 epoll_wait(8, [{events=EPOLLIN, data={u32=8, u64=8}}], 64, 1000) = 1 <0.000569>
27075 1790565038.288583 recvfrom(12, "GET /payload-1024.bin HTTP/1.1\r\n"..., 4096, 0, NULL, NULL) = 75 <0.000053>
27075 1790565038.289293 sendto(12, "HTTP/1.1 200 OK\r\nContent-Length:"..., 105, MSG_NOSIGNAL, NULL, 0) = 105 <0.000093>
27075 1790565038.289730 sendfile(12, 13, [0] => [1024], 1024) = 1024 <0.000130>
27075 1790565038.290144 epoll_wait(8, [{events=EPOLLIN, data={u32=8, u64=8}}], 64, 1000) = 1 <0.000139>
27075 1790565038.290361 recvfrom(12, "GET /payload-1024.bin HTTP/1.1\r\n"..., 4096, 0, NULL, NULL) = 75 <0.000089>
27075 1790565038.290864 sendto(12, "HTTP/1.1 200 OK\r\nContent-Length:"..., 105, MSG_NOSIGNAL, NULL, 0) = 105 <0.000044>
27075 1790565038.291242 sendfile(12, 13, [0] => [1024], 1024) = 1024 <0.000135>
27075 1790565038.291697 epoll_wait(8, [{events=EPOLLIN, data={u32=8, u64=8}}], 64, 1000) = 1 <0.000100>
27075 1790565038.291859 recvfrom(12, "GET /payload-1024.bin HTTP/1.1\r\n"..., 4096, 0, NULL, NULL) = 75 <0.000049>
27075 1790565038.292282 sendto(12, "HTTP/1.1 200 OK\r\nContent-Length:"..., 105, MSG_NOSIGNAL, NULL, 0) = 105 <0.000105>
27075 1790565038.292679 sendfile(12, 13, [0] => [1024], 1024) = 1024 <0.000062>
27075 1790565038.293032 epoll_wait(8, [{events=EPOLLIN, data={u32=8, u64=8}}], 64, 1000) = 1 <0.000046>
27075 1790565038.293150 recvfrom(12, "GET /payload-1024.bin HTTP/1.1\r\n"..., 4096, 0, NULL, NULL) = 75 <0.000033>
27075 1790565038.293582 sendto(12, "HTTP/1.1 200 OK\r\nContent-Length:"..., 105, MSG_NOSIGNAL, NULL, 0) = 105 <0.000046>
27075 1790565038.293853 sendfile(12, 13, [0] => [1024], 1024) = 1024 <0.000065>
27075 1790565038.294230 epoll_wait(8, [{events=EPOLLIN, data={u32=8, u64=8}}], 64, 1000) = 1 <0.000047>
27075 1790565038.294346 recvfrom(12, "GET /payload-1024.bin HTTP/1.1\r\n"..., 4096, 0, NULL, NULL) = 75 <0.000051>
27075 1790565038.294803 sendto(12, "HTTP/1.1 200 OK\r\nContent-Length:"..., 105, MSG_NOSIGNAL, NULL, 0) = 105 <0.000042>
27075 1790565038.295082 sendfile(12, 13, [0] => [1024], 1024) = 1024 <0.000050>
27075 1790565038.295415 epoll_wait(8, [{events=EPOLLIN, data={u32=8, u64=8}}], 64, 1000) = 1 <0.000025>
27075 1790565038.295565 recvfrom(12, "GET /payload-1024.bin HTTP/1.1\r\n"..., 4096, 0, NULL, NULL) = 75 <0.000037>
27075 1790565038.295997 sendto(12, "HTTP/1.1 200 OK\r\nContent-Length:"..., 105, MSG_NOSIGNAL, NULL, 0) = 105 <0.000060>
27075 1790565038.296329 sendfile(12, 13, [0] => [1024], 1024) = 1024 <0.000056>
27075 1790565038.296629 epoll_wait(8, [{events=EPOLLIN, data={u32=8, u64=8}}], 64, 1000) = 1 <0.000235>
27075 1790565038.296951 recvfrom(12, "GET /payload-1024.bin HTTP/1.1\r\n"..., 4096, 0, NULL, NULL) = 75 <0.000051>
27075 1790565038.297401 sendto(12, "HTTP/1.1 200 OK\r\nContent-Length:"..., 105, MSG_NOSIGNAL, NULL, 0) = 105 <0.000079>
27075 1790565038.297709 sendfile(12, 13, [0] => [1024], 1024) = 1024 <0.000050>
27075 1790565038.298074 epoll_wait(8, [{events=EPOLLIN, data={u32=8, u64=8}}], 64, 1000) = 1 <0.000026>
27075 1790565038.298160 recvfrom(12, "GET /payload-1024.bin HTTP/1.1\r\n"..., 4096, 0, NULL, NULL) = 75 <0.000043>
27075 1790565038.298636 sendto(12, "HTTP/1.1 200 OK\r\nContent-Length:"..., 105, MSG_NOSIGNAL, NULL, 0) = 105 <0.000120>
27075 1790565038.298990 sendfile(12, 13, [0] => [1024], 1024) = 1024 <0.000054>
27075 1790565038.299264 epoll_wait(8, [{events=EPOLLIN, data={u32=8, u64=8}}], 64, 1000) = 1 <0.000029>
27075 1790565038.299414 recvfrom(12, "GET /payload-1024.bin HTTP/1.1\r\n"..., 4096, 0, NULL, NULL) = 75 <0.000026>
27075 1790565038.299901 sendto(12, "HTTP/1.1 200 OK\r\nContent-Length:"..., 105, MSG_NOSIGNAL, NULL, 0) = 105 <0.000047>
27075 1790565038.300252 sendfile(12, 13, [0] => [1024], 1024) = 1024 <0.000059>
27075 1790565038.300526 epoll_wait(8, [{events=EPOLLIN, data={u32=8, u64=8}}], 64, 1000) = 1 <0.000533>
27075 1790565038.301138 recvfrom(12, "GET /payload-1024.bin HTTP/1.1\r\n"..., 4096, 0, NULL, NULL) = 75 <0.000035>
27075 1790565038.301627 sendto(12, "HTTP/1.1 200 OK\r\nContent-Length:"..., 105, MSG_NOSIGNAL, NULL, 0) = 105 <0.000062>
27075 1790565038.301934 sendfile(12, 13, [0] => [1024], 1024) = 1024 <0.000114>
27075 1790565038.302299 epoll_wait(8, [{events=EPOLLIN, data={u32=8, u64=8}}], 64, 1000) = 1 <0.000044>
27075 1790565038.302420 recvfrom(12, "GET /payload-1024.bin HTTP/1.1\r\n"..., 4096, 0, NULL, NULL) = 75 <0.000039>
27075 1790565038.302893 sendto(12, "HTTP/1.1 200 OK\r\nContent-Length:"..., 105, MSG_NOSIGNAL, NULL, 0) = 105 <0.000050>
27075 1790565038.303179 sendfile(12, 13, [0] => [1024], 1024) = 1024 <0.000064>
27075 1790565038.303505 epoll_wait(8, [{events=EPOLLIN, data={u32=8, u64=8}}], 64, 1000) = 1 <0.000057>
27075 1790565038.303639 recvfrom(12, "GET /payload-1024.bin HTTP/1.1\r\n"..., 4096, 0, NULL, NULL) = 75 <0.000047>
27075 1790565038.304097 sendto(12, "HTTP/1.1 200 OK\r\nContent-Length:"..., 105, MSG_NOSIGNAL, NULL, 0) = 105 <0.000050>
27075 1790565038.304433 sendfile(12, 13, [0] => [1024], 1024) = 1024 <0.000061>
27075 1790565038.304788 epoll_wait(8, [{events=EPOLLIN, data={u32=8, u64=8}}], 64, 1000) = 1 <0.000050>
27075 1790565038.304925 recvfrom(12, "GET /payload-1024.bin HTTP/1.1\r\n"..., 4096, 0, NULL, NULL) = 75 <0.000040>
27075 1790565038.305358 sendto(12, "HTTP/1.1 200 OK\r\nContent-Length:"..., 105, MSG_NOSIGNAL, NULL, 0) = 105 <0.000054>
27075 1790565038.305639 sendfile(12, 13, [0] => [1024], 1024) = 1024 <0.000112>
27075 1790565038.306000 epoll_wait(8, [{events=EPOLLIN, data={u32=8, u64=8}}], 64, 1000) = 1 <0.000246>
27075 1790565038.306324 recvfrom(12, "GET /payload-1024.bin HTTP/1.1\r\n"..., 4096, 0, NULL, NULL) = 75 <0.000050>
27075 1790565038.306814 sendto(12, "HTTP/1.1 200 OK\r\nContent-Length:"..., 105, MSG_NOSIGNAL, NULL, 0) = 105 <0.000102>
27075 1790565038.307124 sendfile(12, 13, [0] => [1024], 1024) = 1024 <0.000052>
27075 1790565038.307444 epoll_wait(8, [{events=EPOLLIN, data={u32=8, u64=8}}], 64, 1000) = 1 <0.000026>
27075 1790565038.307554 recvfrom(12, "GET /payload-1024.bin HTTP/1.1\r\n"..., 4096, 0, NULL, NULL) = 75 <0.000048>
27075 1790565038.308010 sendto(12, "HTTP/1.1 200 OK\r\nContent-Length:"..., 105, MSG_NOSIGNAL, NULL, 0) = 105 <0.000058>
27075 1790565038.308334 sendfile(12, 13, [0] => [1024], 1024) = 1024 <0.000089>
27075 1790565038.308711 epoll_wait(8, [{events=EPOLLIN, data={u32=8, u64=8}}], 64, 1000) = 1 <0.000187>
27075 1790565038.308978 recvfrom(12, "GET /payload-1024.bin HTTP/1.1\r\n"..., 4096, 0, NULL, NULL) = 75 <0.000026>
27075 1790565038.309400 sendto(12, "HTTP/1.1 200 OK\r\nContent-Length:"..., 105, MSG_NOSIGNAL, NULL, 0) = 105 <0.000102>
27075 1790565038.309725 sendfile(12, 13, [0] => [1024], 1024) = 1024 <0.000050>
27075 1790565038.310060 epoll_wait(8, [{events=EPOLLIN, data={u32=8, u64=8}}], 64, 1000) = 1 <0.000030>
27075 1790565038.310150 recvfrom(12, "GET /payload-1024.bin HTTP/1.1\r\n"..., 4096, 0, NULL, NULL) = 75 <0.000044>
27075 1790565038.310690 sendto(12, "HTTP/1.1 200 OK\r\nContent-Length:"..., 105, MSG_NOSIGNAL, NULL, 0) = 105 <0.000070>
27075 1790565038.311017 sendfile(12, 13, [0] => [1024], 1024) = 1024 <0.000053>
27075 1790565038.311337 epoll_wait(8, [{events=EPOLLIN, data={u32=8, u64=8}}], 64, 1000) = 1 <0.000047>
27075 1790565038.311475 recvfrom(12, "GET /payload-1024.bin HTTP/1.1\r\n"..., 4096, 0, NULL, NULL) = 75 <0.000027>
27075 1790565038.311911 sendto(12, "HTTP/1.1 200 OK\r\nContent-Length:"..., 105, MSG_NOSIGNAL, NULL, 0) = 105 <0.000051>
27075 1790565038.312169 sendfile(12, 13, [0] => [1024], 1024) = 1024 <0.000115>
27075 1790565038.312529 epoll_wait(8, [{events=EPOLLIN, data={u32=8, u64=8}}], 64, 1000) = 1 <0.000044>
27075 1790565038.312631 recvfrom(12, "GET /payload-1024.bin HTTP/1.1\r\n"..., 4096, 0, NULL, NULL) = 75 <0.000043>
27075 1790565038.313104 sendto(12, "HTTP/1.1 200 OK\r\nContent-Length:"..., 105, MSG_NOSIGNAL, NULL, 0) = 105 <0.000047>
27075 1790565038.313401 sendfile(12, 13, [0] => [1024], 1024) = 1024 <0.000051>
27075 1790565038.313747 epoll_wait(8, [{events=EPOLLIN, data={u32=8, u64=8}}], 64, 1000) = 1 <0.000031>
27075 1790565038.313851 recvfrom(12, "GET /payload-1024.bin HTTP/1.1\r\n"..., 4096, 0, NULL, NULL) = 75 <0.000044>
27075 1790565038.314292 sendto(12, "HTTP/1.1 200 OK\r\nContent-Length:"..., 105, MSG_NOSIGNAL, NULL, 0) = 105 <0.000064>
27075 1790565038.314741 sendfile(12, 13, [0] => [1024], 1024) = 1024 <0.000056>
27075 1790565038.315051 epoll_wait(8, [{events=EPOLLIN, data={u32=8, u64=8}}], 64, 1000) = 1 <0.000046>
27075 1790565038.315167 recvfrom(12, "GET /payload-1024.bin HTTP/1.1\r\n"..., 4096, 0, NULL, NULL) = 75 <0.000046>
27075 1790565038.315637 sendto(12, "HTTP/1.1 200 OK\r\nContent-Length:"..., 105, MSG_NOSIGNAL, NULL, 0) = 105 <0.000078>
27075 1790565038.315977 sendfile(12, 13, [0] => [1024], 1024) = 1024 <0.000051>
27075 1790565038.316283 epoll_wait(8, [{events=EPOLLIN|EPOLLRDHUP, data={u32=8, u64=8}}], 64, 1000) = 1 <0.000030>
27075 1790565038.316389 recvfrom(12, "", 4096, 0, NULL, NULL) = 0 <0.000043>
27075 1790565038.316521 epoll_ctl(8, EPOLL_CTL_DEL, 12, NULL) = 0 <0.000056>
27075 1790565038.316818 epoll_wait(8,  <unfinished ...>
27073 1790565038.340754 <... epoll_wait resumed>[{events=EPOLLIN, data={u32=5, u64=5}}], 64, 1000) = 1 <0.066795>
27073 1790565038.340949 setsockopt(12, SOL_TCP, TCP_NODELAY, [1], 4) = 0 <0.000048>
27076 1790565038.341156 <... epoll_wait resumed>[{events=EPOLLIN, data={u32=3, u64=3}}], 64, 1000) = 1 <0.091524>
27076 1790565038.341361 read(11, "\1\0\0\0\0\0\0\0", 8) = 8 <0.000027>
27076 1790565038.341458 read(11,  <unfinished ...>
27073 1790565038.341488 epoll_wait(5,  <unfinished ...>
27076 1790565038.341505 <... read resumed>0x77e09e5fca00, 8) = -1 EAGAIN (Resource temporarily unavailable) <0.000028>
27076 1790565038.341567 epoll_ctl(10, EPOLL_CTL_ADD, 12, {events=EPOLLIN|EPOLLRDHUP, data={u32=9, u64=9}}) = 0 <0.000037>
27076 1790565038.341699 epoll_wait(10, [{events=EPOLLIN, data={u32=9, u64=9}}], 64, 1000) = 1 <0.000043>
27076 1790565038.341848 recvfrom(12, "GET /payload-1024.bin HTTP/1.1\r\n"..., 4096, 0, NULL, NULL) = 75 <0.000042>
27076 1790565038.342341 sendto(12, "HTTP/1.1 200 OK\r\nContent-Length:"..., 105, MSG_NOSIGNAL, NULL, 0) = 105 <0.000089>
27076 1790565038.342673 sendfile(12, 13, [0] => [1024], 1024) = 1024 <0.000060>
27076 1790565038.342968 epoll_wait(10, [{events=EPOLLIN, data={u32=9, u64=9}}], 64, 1000) = 1 <0.000342>
27076 1790565038.343380 recvfrom(12, "GET /payload-1024.bin HTTP/1.1\r\n"..., 4096, 0, NULL, NULL) = 75 <0.000063>
27076 1790565038.343878 sendto(12, "HTTP/1.1 200 OK\r\nContent-Length:"..., 105, MSG_NOSIGNAL, NULL, 0) = 105 <0.000051>
27076 1790565038.344159 sendfile(12, 13, [0] => [1024], 1024) = 1024 <0.000119>
27076 1790565038.344609 epoll_wait(10, [{events=EPOLLIN, data={u32=9, u64=9}}], 64, 1000) = 1 <0.000028>
27076 1790565038.344688 recvfrom(12, "GET /payload-1024.bin HTTP/1.1\r\n"..., 4096, 0, NULL, NULL) = 75 <0.000026>
27076 1790565038.345094 sendto(12, "HTTP/1.1 200 OK\r\nContent-Length:"..., 105, MSG_NOSIGNAL, NULL, 0) = 105 <0.000047>
27076 1790565038.345390 sendfile(12, 13, [0] => [1024], 1024) = 1024 <0.000050>
27076 1790565038.345757 epoll_wait(10, [{events=EPOLLIN, data={u32=9, u64=9}}], 64, 1000) = 1 <0.000029>
27076 1790565038.345847 recvfrom(12, "GET /payload-1024.bin HTTP/1.1\r\n"..., 4096, 0, NULL, NULL) = 75 <0.000044>
27076 1790565038.346305 sendto(12, "HTTP/1.1 200 OK\r\nContent-Length:"..., 105, MSG_NOSIGNAL, NULL, 0) = 105 <0.000084>
27076 1790565038.346618 sendfile(12, 13, [0] => [1024], 1024) = 1024 <0.000100>
27076 1790565038.346991 epoll_wait(10, [{events=EPOLLIN, data={u32=9, u64=9}}], 64, 1000) = 1 <0.000035>
27076 1790565038.347118 recvfrom(12, "GET /payload-1024.bin HTTP/1.1\r\n"..., 4096, 0, NULL, NULL) = 75 <0.000026>
27076 1790565038.347552 sendto(12, "HTTP/1.1 200 OK\r\nContent-Length:"..., 105, MSG_NOSIGNAL, NULL, 0) = 105 <0.000056>
27076 1790565038.347882 sendfile(12, 13, [0] => [1024], 1024) = 1024 <0.000049>
27076 1790565038.348142 epoll_wait(10, [{events=EPOLLIN, data={u32=9, u64=9}}], 64, 1000) = 1 <0.000356>
27076 1790565038.348615 recvfrom(12, "GET /payload-1024.bin HTTP/1.1\r\n"..., 4096, 0, NULL, NULL) = 75 <0.000052>
27076 1790565038.349107 sendto(12, "HTTP/1.1 200 OK\r\nContent-Length:"..., 105, MSG_NOSIGNAL, NULL, 0) = 105 <0.000052>
27076 1790565038.349413 sendfile(12, 13, [0] => [1024], 1024) = 1024 <0.000056>
27076 1790565038.349771 epoll_wait(10, [{events=EPOLLIN, data={u32=9, u64=9}}], 64, 1000) = 1 <0.000030>
27076 1790565038.349908 recvfrom(12, "GET /payload-1024.bin HTTP/1.1\r\n"..., 4096, 0, NULL, NULL) = 75 <0.000038>
27076 1790565038.350439 sendto(12, "HTTP/1.1 200 OK\r\nContent-Length:"..., 105, MSG_NOSIGNAL, NULL, 0) = 105 <0.000073>
27076 1790565038.350789 sendfile(12, 13, [0] => [1024], 1024) = 1024 <0.000050>
27076 1790565038.351114 epoll_wait(10, [{events=EPOLLIN, data={u32=9, u64=9}}], 64, 1000) = 1 <0.000045>
27076 1790565038.351241 recvfrom(12, "GET /payload-1024.bin HTTP/1.1\r\n"..., 4096, 0, NULL, NULL) = 75 <0.000032>
27076 1790565038.351657 sendto(12, "HTTP/1.1 200 OK\r\nContent-Length:"..., 105, MSG_NOSIGNAL, NULL, 0) = 105 <0.000053>
27076 1790565038.351903 sendfile(12, 13, [0] => [1024], 1024) = 1024 <0.000050>
27076 1790565038.352241 epoll_wait(10, [{events=EPOLLIN, data={u32=9, u64=9}}], 64, 1000) = 1 <0.000043>
27076 1790565038.352342 recvfrom(12, "GET /payload-1024.bin HTTP/1.1\r\n"..., 4096, 0, NULL, NULL) = 75 <0.000040>
27076 1790565038.352809 sendto(12, "HTTP/1.1 200 OK\r\nContent-Length:"..., 105, MSG_NOSIGNAL, NULL, 0) = 105 <0.000109>
27076 1790565038.353142 sendfile(12, 13, [0] => [1024], 1024) = 1024 <0.000053>
27076 1790565038.353431 epoll_wait(10, [{events=EPOLLIN, data={u32=9, u64=9}}], 64, 1000) = 1 <0.000036>
27076 1790565038.353543 recvfrom(12, "GET /payload-1024.bin HTTP/1.1\r\n"..., 4096, 0, NULL, NULL) = 75 <0.000030>
27076 1790565038.353955 sendto(12, "HTTP/1.1 200 OK\r\nContent-Length:"..., 105, MSG_NOSIGNAL, NULL, 0) = 105 <0.000096>
27076 1790565038.354304 sendfile(12, 13, [0] => [1024], 1024) = 1024 <0.000103>
27076 1790565038.354791 epoll_wait(10, [{events=EPOLLIN, data={u32=9, u64=9}}], 64, 1000) = 1 <0.000027>
27076 1790565038.354870 recvfrom(12, "GET /payload-1024.bin HTTP/1.1\r\n"..., 4096, 0, NULL, NULL) = 75 <0.000026>
27076 1790565038.355276 sendto(12, "HTTP/1.1 200 OK\r\nContent-Length:"..., 105, MSG_NOSIGNAL, NULL, 0) = 105 <0.000049>
27076 1790565038.355536 sendfile(12, 13, [0] => [1024], 1024) = 1024 <0.000055>
27076 1790565038.355824 epoll_wait(10, [{events=EPOLLIN, data={u32=9, u64=9}}], 64, 1000) = 1 <0.000041>
27076 1790565038.355934 recvfrom(12, "GET /payload-1024.bin HTTP/1.1\r\n"..., 4096, 0, NULL, NULL) = 75 <0.000029>
27076 1790565038.356380 sendto(12, "HTTP/1.1 200 OK\r\nContent-Length:"..., 105, MSG_NOSIGNAL, NULL, 0) = 105 <0.000087>
27076 1790565038.356706 sendfile(12, 13, [0] => [1024], 1024) = 1024 <0.000076>
27076 1790565038.357009 epoll_wait(10, [{events=EPOLLIN, data={u32=9, u64=9}}], 64, 1000) = 1 <0.000033>
27076 1790565038.357115 recvfrom(12, "GET /payload-1024.bin HTTP/1.1\r\n"..., 4096, 0, NULL, NULL) = 75 <0.000027>
27076 1790565038.357567 sendto(12, "HTTP/1.1 200 OK\r\nContent-Length:"..., 105, MSG_NOSIGNAL, NULL, 0) = 105 <0.000089>
27076 1790565038.357871 sendfile(12, 13, [0] => [1024], 1024) = 1024 <0.000092>
27076 1790565038.358284 epoll_wait(10, [{events=EPOLLIN, data={u32=9, u64=9}}], 64, 1000) = 1 <0.000043>
27076 1790565038.358453 recvfrom(12, "GET /payload-1024.bin HTTP/1.1\r\n"..., 4096, 0, NULL, NULL) = 75 <0.000038>
27076 1790565038.358976 sendto(12, "HTTP/1.1 200 OK\r\nContent-Length:"..., 105, MSG_NOSIGNAL, NULL, 0) = 105 <0.000080>
27076 1790565038.359306 sendfile(12, 13, [0] => [1024], 1024) = 1024 <0.000093>
27076 1790565038.359617 epoll_wait(10, [{events=EPOLLIN, data={u32=9, u64=9}}], 64, 1000) = 1 <0.000068>
27076 1790565038.359780 recvfrom(12, "GET /payload-1024.bin HTTP/1.1\r\n"..., 4096, 0, NULL, NULL) = 75 <0.000027>
27076 1790565038.360220 sendto(12, "HTTP/1.1 200 OK\r\nContent-Length:"..., 105, MSG_NOSIGNAL, NULL, 0) = 105 <0.000052>
27076 1790565038.360471 sendfile(12, 13, [0] => [1024], 1024) = 1024 <0.000082>
27076 1790565038.360845 epoll_wait(10, [{events=EPOLLIN, data={u32=9, u64=9}}], 64, 1000) = 1 <0.000028>
27076 1790565038.360939 recvfrom(12, "GET /payload-1024.bin HTTP/1.1\r\n"..., 4096, 0, NULL, NULL) = 75 <0.000037>
27076 1790565038.361352 sendto(12, "HTTP/1.1 200 OK\r\nContent-Length:"..., 105, MSG_NOSIGNAL, NULL, 0) = 105 <0.000053>
27076 1790565038.361625 sendfile(12, 13, [0] => [1024], 1024) = 1024 <0.000054>
27076 1790565038.361893 epoll_wait(10, [{events=EPOLLIN, data={u32=9, u64=9}}], 64, 1000) = 1 <0.000057>
27076 1790565038.362015 recvfrom(12, "GET /payload-1024.bin HTTP/1.1\r\n"..., 4096, 0, NULL, NULL) = 75 <0.000044>
27076 1790565038.362518 sendto(12, "HTTP/1.1 200 OK\r\nContent-Length:"..., 105, MSG_NOSIGNAL, NULL, 0) = 105 <0.000055>
27076 1790565038.362835 sendfile(12, 13, [0] => [1024], 1024) = 1024 <0.000056>
27076 1790565038.363196 epoll_wait(10, [{events=EPOLLIN, data={u32=9, u64=9}}], 64, 1000) = 1 <0.000028>
27076 1790565038.363295 recvfrom(12, "GET /payload-1024.bin HTTP/1.1\r\n"..., 4096, 0, NULL, NULL) = 75 <0.000027>
27076 1790565038.363704 sendto(12, "HTTP/1.1 200 OK\r\nContent-Length:"..., 105, MSG_NOSIGNAL, NULL, 0) = 105 <0.000098>
27076 1790565038.364001 sendfile(12, 13, [0] => [1024], 1024) = 1024 <0.000054>
27076 1790565038.364299 epoll_wait(10, [{events=EPOLLIN, data={u32=9, u64=9}}], 64, 1000) = 1 <0.000042>
27076 1790565038.364404 recvfrom(12, "GET /payload-1024.bin HTTP/1.1\r\n"..., 4096, 0, NULL, NULL) = 75 <0.000055>
27076 1790565038.364839 sendto(12, "HTTP/1.1 200 OK\r\nContent-Length:"..., 105, MSG_NOSIGNAL, NULL, 0) = 105 <0.000041>
27076 1790565038.365084 sendfile(12, 13, [0] => [1024], 1024) = 1024 <0.000051>
27076 1790565038.365430 epoll_wait(10, [{events=EPOLLIN, data={u32=9, u64=9}}], 64, 1000) = 1 <0.000027>
27076 1790565038.365517 recvfrom(12, "GET /payload-1024.bin HTTP/1.1\r\n"..., 4096, 0, NULL, NULL) = 75 <0.000026>
27076 1790565038.365908 sendto(12, "HTTP/1.1 200 OK\r\nContent-Length:"..., 105, MSG_NOSIGNAL, NULL, 0) = 105 <0.000091>
27076 1790565038.366239 sendfile(12, 13, [0] => [1024], 1024) = 1024 <0.000076>
27076 1790565038.366643 epoll_wait(10, [{events=EPOLLIN, data={u32=9, u64=9}}], 64, 1000) = 1 <0.000027>
27076 1790565038.366753 recvfrom(12, "GET /payload-1024.bin HTTP/1.1\r\n"..., 4096, 0, NULL, NULL) = 75 <0.000048>
27076 1790565038.367250 sendto(12, "HTTP/1.1 200 OK\r\nContent-Length:"..., 105, MSG_NOSIGNAL, NULL, 0) = 105 <0.000094>
27076 1790565038.367643 sendfile(12, 13, [0] => [1024], 1024) = 1024 <0.000054>
27076 1790565038.368004 epoll_wait(10, [{events=EPOLLIN, data={u32=9, u64=9}}], 64, 1000) = 1 <0.000027>
27076 1790565038.368093 recvfrom(12, "GET /payload-1024.bin HTTP/1.1\r\n"..., 4096, 0, NULL, NULL) = 75 <0.000034>
27076 1790565038.368491 sendto(12, "HTTP/1.1 200 OK\r\nContent-Length:"..., 105, MSG_NOSIGNAL, NULL, 0) = 105 <0.000066>
27076 1790565038.368759 sendfile(12, 13, [0] => [1024], 1024) = 1024 <0.000057>
27076 1790565038.369100 epoll_wait(10, [{events=EPOLLIN, data={u32=9, u64=9}}], 64, 1000) = 1 <0.000029>
27076 1790565038.369194 recvfrom(12, "GET /payload-1024.bin HTTP/1.1\r\n"..., 4096, 0, NULL, NULL) = 75 <0.000043>
27076 1790565038.369620 sendto(12, "HTTP/1.1 200 OK\r\nContent-Length:"..., 105, MSG_NOSIGNAL, NULL, 0) = 105 <0.000048>
27076 1790565038.369969 sendfile(12, 13, [0] => [1024], 1024) = 1024 <0.000132>
27076 1790565038.370379 epoll_wait(10, [{events=EPOLLIN, data={u32=9, u64=9}}], 64, 1000) = 1 <0.000060>
27076 1790565038.370551 recvfrom(12, "GET /payload-1024.bin HTTP/1.1\r\n"..., 4096, 0, NULL, NULL) = 75 <0.000026>
27076 1790565038.371022 sendto(12, "HTTP/1.1 200 OK\r\nContent-Length:"..., 105, MSG_NOSIGNAL, NULL, 0) = 105 <0.000050>
27076 1790565038.371296 sendfile(12, 13, [0] => [1024], 1024) = 1024 <0.000054>
27076 1790565038.371646 epoll_wait(10, [{events=EPOLLIN, data={u32=9, u64=9}}], 64, 1000) = 1 <0.000041>
27076 1790565038.371783 recvfrom(12, "GET /payload-1024.bin HTTP/1.1\r\n"..., 4096, 0, NULL, NULL) = 75 <0.000047>
27076 1790565038.372237 sendto(12, "HTTP/1.1 200 OK\r\nContent-Length:"..., 105, MSG_NOSIGNAL, NULL, 0) = 105 <0.000047>
27076 1790565038.372510 sendfile(12, 13, [0] => [1024], 1024) = 1024 <0.000054>
27076 1790565038.372825 epoll_wait(10, [{events=EPOLLIN, data={u32=9, u64=9}}], 64, 1000) = 1 <0.000032>
27076 1790565038.372914 recvfrom(12, "GET /payload-1024.bin HTTP/1.1\r\n"..., 4096, 0, NULL, NULL) = 75 <0.000027>
27076 1790565038.373317 sendto(12, "HTTP/1.1 200 OK\r\nContent-Length:"..., 105, MSG_NOSIGNAL, NULL, 0) = 105 <0.000092>
27076 1790565038.373629 sendfile(12, 13, [0] => [1024], 1024) = 1024 <0.000055>
27076 1790565038.373961 epoll_wait(10, [{events=EPOLLIN, data={u32=9, u64=9}}], 64, 1000) = 1 <0.000031>
27076 1790565038.374058 recvfrom(12, "GET /payload-1024.bin HTTP/1.1\r\n"..., 4096, 0, NULL, NULL) = 75 <0.000038>
27076 1790565038.374527 sendto(12, "HTTP/1.1 200 OK\r\nContent-Length:"..., 105, MSG_NOSIGNAL, NULL, 0) = 105 <0.000056>
27076 1790565038.374812 sendfile(12, 13, [0] => [1024], 1024) = 1024 <0.000052>
27076 1790565038.375155 epoll_wait(10, [{events=EPOLLIN, data={u32=9, u64=9}}], 64, 1000) = 1 <0.000058>
27076 1790565038.375297 recvfrom(12, "GET /payload-1024.bin HTTP/1.1\r\n"..., 4096, 0, NULL, NULL) = 75 <0.000047>
27076 1790565038.375763 sendto(12, "HTTP/1.1 200 OK\r\nContent-Length:"..., 105, MSG_NOSIGNAL, NULL, 0) = 105 <0.000093>
27076 1790565038.376066 sendfile(12, 13, [0] => [1024], 1024) = 1024 <0.000049>
27076 1790565038.376375 epoll_wait(10, [{events=EPOLLIN, data={u32=9, u64=9}}], 64, 1000) = 1 <0.000027>
27076 1790565038.376486 recvfrom(12, "GET /payload-1024.bin HTTP/1.1\r\n"..., 4096, 0, NULL, NULL) = 75 <0.000026>
27076 1790565038.376882 sendto(12, "HTTP/1.1 200 OK\r\nContent-Length:"..., 105, MSG_NOSIGNAL, NULL, 0) = 105 <0.000092>
27076 1790565038.377219 sendfile(12, 13, [0] => [1024], 1024) = 1024 <0.000063>
27076 1790565038.377591 epoll_wait(10, [{events=EPOLLIN, data={u32=9, u64=9}}], 64, 1000) = 1 <0.000027>
27076 1790565038.377680 recvfrom(12, "GET /payload-1024.bin HTTP/1.1\r\n"..., 4096, 0, NULL, NULL) = 75 <0.000026>
27076 1790565038.378114 sendto(12, "HTTP/1.1 200 OK\r\nContent-Length:"..., 105, MSG_NOSIGNAL, NULL, 0) = 105 <0.000054>
27076 1790565038.378469 sendfile(12, 13, [0] => [1024], 1024) = 1024 <0.000062>
27076 1790565038.378838 epoll_wait(10, [{events=EPOLLIN, data={u32=9, u64=9}}], 64, 1000) = 1 <0.000029>
27076 1790565038.378933 recvfrom(12, "GET /payload-1024.bin HTTP/1.1\r\n"..., 4096, 0, NULL, NULL) = 75 <0.000043>
27076 1790565038.379611 sendto(12, "HTTP/1.1 200 OK\r\nContent-Length:"..., 105, MSG_NOSIGNAL, NULL, 0) = 105 <0.000078>
27076 1790565038.379976 sendfile(12, 13, [0] => [1024], 1024) = 1024 <0.000057>
27076 1790565038.380264 epoll_wait(10, [{events=EPOLLIN, data={u32=9, u64=9}}], 64, 1000) = 1 <0.000120>
27076 1790565038.380451 recvfrom(12, "GET /payload-1024.bin HTTP/1.1\r\n"..., 4096, 0, NULL, NULL) = 75 <0.000052>
27076 1790565038.380909 sendto(12, "HTTP/1.1 200 OK\r\nContent-Length:"..., 105, MSG_NOSIGNAL, NULL, 0) = 105 <0.000107>
27076 1790565038.381248 sendfile(12, 13, [0] => [1024], 1024) = 1024 <0.000055>
27076 1790565038.381539 epoll_wait(10, [{events=EPOLLIN|EPOLLRDHUP, data={u32=9, u64=9}}], 64, 1000) = 1 <0.000052>
27076 1790565038.381660 recvfrom(12, "", 4096, 0, NULL, NULL) = 0 <0.000050>
27076 1790565038.381791 epoll_ctl(10, EPOLL_CTL_DEL, 12, NULL) = 0 <0.000028>
27076 1790565038.381990 epoll_wait(10,  <unfinished ...>
27073 1790565038.406918 <... epoll_wait resumed>[{events=EPOLLIN, data={u32=5, u64=5}}], 64, 1000) = 1 <0.065420>
27073 1790565038.407165 setsockopt(12, SOL_TCP, TCP_NODELAY, [1], 4) = 0 <0.000034>
27075 1790565038.407424 <... epoll_wait resumed>[{events=EPOLLIN, data={u32=2, u64=2}}], 64, 1000) = 1 <0.090581>
27075 1790565038.407680 read(9, "\1\0\0\0\0\0\0\0", 8) = 8 <0.000023>
27075 1790565038.407776 read(9,  <unfinished ...>
27073 1790565038.407802 epoll_wait(5,  <unfinished ...>
27075 1790565038.407819 <... read resumed>0x77e09edfda00, 8) = -1 EAGAIN (Resource temporarily unavailable) <0.000027>
27075 1790565038.407883 epoll_ctl(8, EPOLL_CTL_ADD, 12, {events=EPOLLIN|EPOLLRDHUP, data={u32=10, u64=10}}) = 0 <0.000048>
27075 1790565038.408010 epoll_wait(8, [{events=EPOLLIN, data={u32=10, u64=10}}], 64, 1000) = 1 <0.000036>
27075 1790565038.408132 recvfrom(12, "GET /payload-1024.bin HTTP/1.1\r\n"..., 4096, 0, NULL, NULL) = 81 <0.000037>
27075 1790565038.408610 sendto(12, "HTTP/1.1 200 OK\r\nContent-Length:"..., 105, MSG_NOSIGNAL, NULL, 0) = 105 <0.000065>
27075 1790565038.408926 sendfile(12, 13, [0] => [1024], 1024) = 1024 <0.000175>
27075 1790565038.409365 epoll_wait(8, [{events=EPOLLIN, data={u32=10, u64=10}}], 64, 1000) = 1 <0.010070>
27075 1790565038.419545 recvfrom(12, "GET /payload-1024.bin HTTP/1.1\r\n"..., 4096, 0, NULL, NULL) = 81 <0.000040>
27075 1790565038.420050 sendto(12, "HTTP/1.1 200 OK\r\nContent-Length:"..., 105, MSG_NOSIGNAL, NULL, 0) = 105 <0.000080>
27075 1790565038.420372 sendfile(12, 13, [0] => [1024], 1024) = 1024 <0.000057>
27075 1790565038.420734 epoll_wait(8, [{events=EPOLLIN, data={u32=10, u64=10}}], 64, 1000) = 1 <0.010137>
27075 1790565038.430987 recvfrom(12, "GET /payload-1024.bin HTTP/1.1\r\n"..., 4096, 0, NULL, NULL) = 81 <0.000045>
27075 1790565038.431440 sendto(12, "HTTP/1.1 200 OK\r\nContent-Length:"..., 105, MSG_NOSIGNAL, NULL, 0) = 105 <0.000057>
27075 1790565038.431695 sendfile(12, 13, [0] => [1024], 1024) = 1024 <0.000067>
27075 1790565038.431978 epoll_wait(8, [{events=EPOLLIN, data={u32=10, u64=10}}], 64, 1000) = 1 <0.010407>
27075 1790565038.442481 recvfrom(12, "GET /payload-1024.bin HTTP/1.1\r\n"..., 4096, 0, NULL, NULL) = 81 <0.000035>
27075 1790565038.442895 sendto(12, "HTTP/1.1 200 OK\r\nContent-Length:"..., 105, MSG_NOSIGNAL, NULL, 0) = 105 <0.000094>
27075 1790565038.443225 sendfile(12, 13, [0] => [1024], 1024) = 1024 <0.000106>
27075 1790565038.443570 epoll_wait(8, [{events=EPOLLIN, data={u32=10, u64=10}}], 64, 1000) = 1 <0.010040>
27075 1790565038.453725 recvfrom(12, "GET /payload-1024.bin HTTP/1.1\r\n"..., 4096, 0, NULL, NULL) = 81 <0.000069>
27075 1790565038.454159 sendto(12, "HTTP/1.1 200 OK\r\nContent-Length:"..., 105, MSG_NOSIGNAL, NULL, 0) = 105 <0.000077>
27075 1790565038.454592 sendfile(12, 13, [0] => [1024], 1024) = 1024 <0.000056>
27075 1790565038.454862 epoll_wait(8, [{events=EPOLLIN|EPOLLRDHUP, data={u32=10, u64=10}}], 64, 1000) = 1 <0.010440>
27075 1790565038.465432 recvfrom(12, "", 4096, 0, NULL, NULL) = 0 <0.000034>
27075 1790565038.465551 epoll_ctl(8, EPOLL_CTL_DEL, 12, NULL) = 0 <0.000037>
27075 1790565038.465826 epoll_wait(8,  <detached ...>
