26992 1790565033.168546 epoll_wait(10,  <unfinished ...>
26991 1790565033.168741 epoll_wait(8,  <unfinished ...>
26989 1790565033.168784 epoll_wait(5, [{events=EPOLLIN, data={u32=5, u64=5}}], 64, 1000) = 1 <0.147641>
26992 1790565033.317475 <... epoll_wait resumed>[{events=EPOLLIN, data={u32=3, u64=3}}], 64, 1000) = 1 <0.148744>
26992 1790565033.317667 read(11,  <unfinished ...>
26989 1790565033.317736 epoll_wait(5,  <unfinished ...>
26992 1790565033.317825 <... read resumed>"\1\0\0\0\0\0\0\0", 8) = 8 <0.000101>
26992 1790565033.317989 read(11, 0x7a2990ffca00, 8) = -1 EAGAIN (Resource temporarily unavailable) <0.000114>
26992 1790565033.318227 epoll_ctl(10, EPOLL_CTL_ADD, 12, {events=EPOLLIN|EPOLLRDHUP, data={u32=7, u64=7}}) = 0 <0.000064>
26992 1790565033.318509 epoll_wait(10, [{events=EPOLLIN, data={u32=7, u64=7}}], 64, 1000) = 1 <0.000069>
26992 1790565033.318752 recvfrom(12, "GET /payload-1024.bin HTTP/1.1\r\n"..., 4096, 0, NULL, NULL) = 75 <0.000144>
26992 1790565033.319907 sendto(12, "HTTP/1.1 200 OK\r\nContent-Length:"..., 105, MSG_NOSIGNAL, NULL, 0) = 105 <0.000135>
26992 1790565033.320579 sendfile(12, 13, [0] => [1024], 1024) = 1024 <0.000070>
26992 1790565033.321130 epoll_wait(10, [{events=EPOLLIN, data={u32=7, u64=7}}], 64, 1000) = 1 <0.000056>
26992 1790565033.321292 recvfrom(12, "GET /payload-1024.bin HTTP/1.1\r\n"..., 4096, 0, NULL, NULL) = 75 <0.000047>
26992 1790565033.321822 sendto(12, "HTTP/1.1 200 OK\r\nContent-Length:"..., 105, MSG_NOSIGNAL, NULL, 0) = 105 <0.000065>
26992 1790565033.322151 sendfile(12, 13, [0] => [1024], 1024) = 1024 <0.000059>
26992 1790565033.322446 epoll_wait(10, [{events=EPOLLIN, data={u32=7, u64=7}}], 64, 1000) = 1 <0.042327>
26992 1790565033.365136 recvfrom(12, "GET /payload-1024.bin HTTP/1.1\r\n"..., 4096, 0, NULL, NULL) = 75 <0.000194>
26992 1790565033.367406 sendto(12, "HTTP/1.1 200 OK\r\nContent-Length:"..., 105, MSG_NOSIGNAL, NULL, 0) = 105 <0.000184>
26992 1790565033.368533 sendfile(12, 13, [0] => [1024], 1024) = 1024 <0.000195>
26992 1790565033.369919 epoll_wait(10, [{events=EPOLLIN, data={u32=7, u64=7}}], 64, 1000) = 1 <0.043082>
26992 1790565033.413535 recvfrom(12, "GET /payload-1024.bin HTTP/1.1\r\n"..., 4096, 0, NULL, NULL) = 75 <0.000142>
26992 1790565033.415492 sendto(12, "HTTP/1.1 200 OK\r\nContent-Length:"..., 105, MSG_NOSIGNAL, NULL, 0) = 105 <0.000176>
26992 1790565033.416541 sendfile(12, 13, [0] => [1024], 1024) = 1024 <0.000217>
26992 1790565033.417806 epoll_wait(10, [{events=EPOLLIN, data={u32=7, u64=7}}], 64, 1000) = 1 <0.043001>
26992 1790565033.461155 recvfrom(12, "GET /payload-1024.bin HTTP/1.1\r\n"..., 4096, 0, NULL, NULL) = 75 <0.000147>
26992 1790565033.463770 sendto(12, "HTTP/1.1 200 OK\r\nContent-Length:"..., 105, MSG_NOSIGNAL, NULL, 0) = 105 <0.000149>
26992 1790565033.464845 sendfile(12, 13, [0] => [1024], 1024) = 1024 <0.000162>
26992 1790565033.465763 epoll_wait(10, [{events=EPOLLIN, data={u32=7, u64=7}}], 64, 1000) = 1 <0.041485>
26992 1790565033.507399 recvfrom(12, "GET /payload-1024.bin HTTP/1.1\r\n"..., 4096, 0, NULL, NULL) = 75 <0.000066>
26992 1790565033.507902 sendto(12, "HTTP/1.1 200 OK\r\nContent-Length:"..., 105, MSG_NOSIGNAL, NULL, 0) = 105 <0.000075>
26992 1790565033.508563 sendfile(12, 13, [0] => [1024], 1024) = 1024 <0.000180>
26992 1790565033.509423 epoll_wait(10, [{events=EPOLLIN, data={u32=7, u64=7}}], 64, 1000) = 1 <0.041782>
26992 1790565033.551357 recvfrom(12, "GET /payload-1024.bin HTTP/1.1\r\n"..., 4096, 0, NULL, NULL) = 75 <0.000081>
26992 1790565033.551994 sendto(12, "HTTP/1.1 200 OK\r\nContent-Length:"..., 105, MSG_NOSIGNAL, NULL, 0) = 105 <0.000074>
26992 1790565033.552324 sendfile(12, 13, [0] => [1024], 1024) = 1024 <0.000050>
26992 1790565033.552666 epoll_wait(10, [{events=EPOLLIN, data={u32=7, u64=7}}], 64, 1000) = 1 <0.044035>
26992 1790565033.597156 recvfrom(12, "GET /payload-1024.bin HTTP/1.1\r\n"..., 4096, 0, NULL, NULL) = 75 <0.000218>
26992 1790565033.600209 sendto(12, "HTTP/1.1 200 OK\r\nContent-Length:"..., 105, MSG_NOSIGNAL, NULL, 0) = 105 <0.000346>
26992 1790565033.601901 sendfile(12, 13, [0] => [1024], 1024) = 1024 <0.000164>
26992 1790565033.603130 epoll_wait(10, [{events=EPOLLIN, data={u32=7, u64=7}}], 64, 1000) = 1 <0.040540>
26992 1790565033.643960 recvfrom(12, "GET /payload-1024.bin HTTP/1.1\r\n"..., 4096, 0, NULL, NULL) = 75 <0.000111>
26992 1790565033.645765 sendto(12, "HTTP/1.1 200 OK\r\nContent-Length:"..., 105, MSG_NOSIGNAL, NULL, 0) = 105 <0.000104>
26992 1790565033.646328 sendfile(12, 13, [0] => [1024], 1024) = 1024 <0.000115>
26992 1790565033.647122 epoll_wait(10, [{events=EPOLLIN, data={u32=7, u64=7}}], 64, 1000) = 1 <0.041333>
26992 1790565033.688949 recvfrom(12, "GET /payload-1024.bin HTTP/1.1\r\n"..., 4096, 0, NULL, NULL) = 75 <0.000206>
26992 1790565033.691541 sendto(12, "HTTP/1.1 200 OK\r\nContent-Length:"..., 105, MSG_NOSIGNAL, NULL, 0) = 105 <0.000220>
26992 1790565033.693002 sendfile(12, 13, [0] => [1024], 1024) = 1024 <0.000193>
26992 1790565033.694309 epoll_wait(10, [{events=EPOLLIN, data={u32=7, u64=7}}], 64, 1000) = 1 <0.042278>
26992 1790565033.737069 recvfrom(12, "GET /payload-1024.bin HTTP/1.1\r\n"..., 4096, 0, NULL, NULL) = 75 <0.000209>
26992 1790565033.739680 sendto(12, "HTTP/1.1 200 OK\r\nContent-Length:"..., 105, MSG_NOSIGNAL, NULL, 0) = 105 <0.000358>
26992 1790565033.740866 sendfile(12, 13, [0] => [1024], 1024) = 1024 <0.000126>
26992 1790565033.742018 epoll_wait(10, [{events=EPOLLIN, data={u32=7, u64=7}}], 64, 1000) = 1 <0.042461>
26992 1790565033.784788 recvfrom(12, "GET /payload-1024.bin HTTP/1.1\r\n"..., 4096, 0, NULL, NULL) = 75 <0.000178>
26992 1790565033.786499 sendto(12, "HTTP/1.1 200 OK\r\nContent-Length:"..., 105, MSG_NOSIGNAL, NULL, 0) = 105 <0.000164>
26992 1790565033.787254 sendfile(12, 13, [0] => [1024], 1024) = 1024 <0.000147>
26992 1790565033.788146 epoll_wait(10, [{events=EPOLLIN, data={u32=7, u64=7}}], 64, 1000) = 1 <0.043753>
26992 1790565033.832171 recvfrom(12, "GET /payload-1024.bin HTTP/1.1\r\n"..., 4096, 0, NULL, NULL) = 75 <0.000123>
26992 1790565033.833671 sendto(12, "HTTP/1.1 200 OK\r\nContent-Length:"..., 105, MSG_NOSIGNAL, NULL, 0) = 105 <0.000115>
26992 1790565033.834494 sendfile(12, 13, [0] => [1024], 1024) = 1024 <0.000138>
26992 1790565033.835125 epoll_wait(10, [{events=EPOLLIN, data={u32=7, u64=7}}], 64, 1000) = 1 <0.041813>
26992 1790565033.877283 recvfrom(12, "GET /payload-1024.bin HTTP/1.1\r\n"..., 4096, 0, NULL, NULL) = 75 <0.000120>
26992 1790565033.878898 sendto(12, "HTTP/1.1 200 OK\r\nContent-Length:"..., 105, MSG_NOSIGNAL, NULL, 0) = 105 <0.000183>
26992 1790565033.880436 sendfile(12, 13, [0] => [1024], 1024) = 1024 <0.000142>
26992 1790565033.881221 epoll_wait(10, [{events=EPOLLIN, data={u32=7, u64=7}}], 64, 1000) = 1 <0.043003>
26992 1790565033.924664 recvfrom(12, "GET /payload-1024.bin HTTP/1.1\r\n"..., 4096, 0, NULL, NULL) = 75 <0.000271>
26992 1790565033.927017 sendto(12, "HTTP/1.1 200 OK\r\nContent-Length:"..., 105, MSG_NOSIGNAL, NULL, 0) = 105 <0.000236>
26992 1790565033.927842 sendfile(12, 13, [0] => [1024], 1024) = 1024 <0.000135>
26992 1790565033.928638 epoll_wait(10, [{events=EPOLLIN, data={u32=7, u64=7}}], 64, 1000) = 1 <0.042623>
26992 1790565033.971469 recvfrom(12, "GET /payload-1024.bin HTTP/1.1\r\n"..., 4096, 0, NULL, NULL) = 75 <0.000109>
26992 1790565033.972300 sendto(12, "HTTP/1.1 200 OK\r\nContent-Length:"..., 105, MSG_NOSIGNAL, NULL, 0) = 105 <0.000076>
26992 1790565033.972773 sendfile(12, 13, [0] => [1024], 1024) = 1024 <0.000070>
26992 1790565033.973195 epoll_wait(10, [{events=EPOLLIN, data={u32=7, u64=7}}], 64, 1000) = 1 <0.041963>
26992 1790565034.015326 recvfrom(12, "GET /payload-1024.bin HTTP/1.1\r\n"..., 4096, 0, NULL, NULL) = 75 <0.000099>
26992 1790565034.015939 sendto(12, "HTTP/1.1 200 OK\r\nContent-Length:"..., 105, MSG_NOSIGNAL, NULL, 0) = 105 <0.000050>
26992 1790565034.016246 sendfile(12, 13, [0] => [1024], 1024) = 1024 <0.000060>
26992 1790565034.016547 epoll_wait(10, [{events=EPOLLIN, data={u32=7, u64=7}}], 64, 1000) = 1 <0.042703>
26992 1790565034.059407 recvfrom(12, "GET /payload-1024.bin HTTP/1.1\r\n"..., 4096, 0, NULL, NULL) = 75 <0.000056>
26992 1790565034.060006 sendto(12, "HTTP/1.1 200 OK\r\nContent-Length:"..., 105, MSG_NOSIGNAL, NULL, 0) = 105 <0.000067>
26992 1790565034.060391 sendfile(12, 13, [0] => [1024], 1024) = 1024 <0.000053>
26992 1790565034.060680 epoll_wait(10, [{events=EPOLLIN, data={u32=7, u64=7}}], 64, 1000) = 1 <0.042837>
26992 1790565034.103665 recvfrom(12, "GET /payload-1024.bin HTTP/1.1\r\n"..., 4096, 0, NULL, NULL) = 75 <0.000061>
26992 1790565034.104296 sendto(12, "HTTP/1.1 200 OK\r\nContent-Length:"..., 105, MSG_NOSIGNAL, NULL, 0) = 105 <0.000061>
26992 1790565034.104659 sendfile(12, 13, [0] => [1024], 1024) = 1024 <0.000056>
26992 1790565034.105068 epoll_wait(10, [{events=EPOLLIN, data={u32=7, u64=7}}], 64, 1000) = 1 <0.041862>
26992 1790565034.147059 recvfrom(12, "GET /payload-1024.bin HTTP/1.1\r\n"..., 4096, 0, NULL, NULL) = 75 <0.000034>
26992 1790565034.147600 sendto(12, "HTTP/1.1 200 OK\r\nContent-Length:"..., 105, MSG_NOSIGNAL, NULL, 0) = 105 <0.000065>
26992 1790565034.147977 sendfile(12, 13, [0] => [1024], 1024) = 1024 <0.000048>
26992 1790565034.148329 epoll_wait(10,  <unfinished ...>
26991 1790565034.169171 <... epoll_wait resumed>[], 64, 1000) = 0 <1.000414>
26991 1790565034.169263 epoll_wait(8,  <unfinished ...>
26992 1790565034.191141 <... epoll_wait resumed>[{events=EPOLLIN, data={u32=7, u64=7}}], 64, 1000) = 1 <0.042786>
26992 1790565034.191284 recvfrom(12, "GET /payload-1024.bin HTTP/1.1\r\n"..., 4096, 0, NULL, NULL) = 75 <0.000034>
26992 1790565034.191682 sendto(12, "HTTP/1.1 200 OK\r\nContent-Length:"..., 105, MSG_NOSIGNAL, NULL, 0) = 105 <0.000053>
26992 1790565034.191983 sendfile(12, 13, [0] => [1024], 1024) = 1024 <0.000051>
26992 1790565034.192257 epoll_wait(10, [{events=EPOLLIN, data={u32=7, u64=7}}], 64, 1000) = 1 <0.042794>
26992 1790565034.235207 recvfrom(12, "GET /payload-1024.bin HTTP/1.1\r\n"..., 4096, 0, NULL, NULL) = 75 <0.000035>
26992 1790565034.235641 sendto(12, "HTTP/1.1 200 OK\r\nContent-Length:"..., 105, MSG_NOSIGNAL, NULL, 0) = 105 <0.000051>
26992 1790565034.235926 sendfile(12, 13, [0] => [1024], 1024) = 1024 <0.000065>
26992 1790565034.236259 epoll_wait(10, [{events=EPOLLIN, data={u32=7, u64=7}}], 64, 1000) = 1 <0.042676>
26992 1790565034.279038 recvfrom(12, "GET /payload-1024.bin HTTP/1.1\r\n"..., 4096, 0, NULL, NULL) = 75 <0.000058>
26992 1790565034.279472 sendto(12, "HTTP/1.1 200 OK\r\nContent-Length:"..., 105, MSG_NOSIGNAL, NULL, 0) = 105 <0.000056>
26992 1790565034.279919 sendfile(12, 13, [0] => [1024], 1024) = 1024 <0.000099>
26992 1790565034.280263 epoll_wait(10,  <unfinished ...>
26989 1790565034.318864 <... epoll_wait resumed>[], 64, 1000) = 0 <1.001112>
26989 1790565034.318966 epoll_wait(5,  <unfinished ...>
26992 1790565034.322887 <... epoll_wait resumed>[{events=EPOLLIN, data={u32=7, u64=7}}], 64, 1000) = 1 <0.042597>
26992 1790565034.322971 recvfrom(12, "GET /payload-1024.bin HTTP/1.1\r\n"..., 4096, 0, NULL, NULL) = 75 <0.000041>
26992 1790565034.323413 sendto(12, "HTTP/1.1 200 OK\r\nContent-Length:"..., 105, MSG_NOSIGNAL, NULL, 0) = 105 <0.000051>
26992 1790565034.323751 sendfile(12, 13, [0] => [1024], 1024) = 1024 <0.000045>
26992 1790565034.324076 epoll_wait(10, [{events=EPOLLIN, data={u32=7, u64=7}}], 64, 1000) = 1 <0.042867>
26992 1790565034.367081 recvfrom(12, "GET /payload-1024.bin HTTP/1.1\r\n"..., 4096, 0, NULL, NULL) = 75 <0.000039>
26992 1790565034.367615 sendto(12, "HTTP/1.1 200 OK\r\nContent-Length:"..., 105, MSG_NOSIGNAL, NULL, 0) = 105 <0.000056>
26992 1790565034.368008 sendfile(12, 13, [0] => [1024], 1024) = 1024 <0.000057>
26992 1790565034.368328 epoll_wait(10, [{events=EPOLLIN, data={u32=7, u64=7}}], 64, 1000) = 1 <0.042608>
26992 1790565034.411034 recvfrom(12, "GET /payload-1024.bin HTTP/1.1\r\n"..., 4096, 0, NULL, NULL) = 75 <0.000057>
26992 1790565034.411519 sendto(12, "HTTP/1.1 200 OK\r\nContent-Length:"..., 105, MSG_NOSIGNAL, NULL, 0) = 105 <0.000069>
26992 1790565034.411931 sendfile(12, 13, [0] => [1024], 1024) = 1024 <0.000058>
26992 1790565034.412257 epoll_wait(10, [{events=EPOLLIN, data={u32=7, u64=7}}], 64, 1000) = 1 <0.042844>
26992 1790565034.455197 recvfrom(12, "GET /payload-1024.bin HTTP/1.1\r\n"..., 4096, 0, NULL, NULL) = 75 <0.000050>
26992 1790565034.455636 sendto(12, "HTTP/1.1 200 OK\r\nContent-Length:"..., 105, MSG_NOSIGNAL, NULL, 0) = 105 <0.000057>
26992 1790565034.456086 sendfile(12, 13, [0] => [1024], 1024) = 1024 <0.000073>
26992 1790565034.456485 epoll_wait(10, [{events=EPOLLIN, data={u32=7, u64=7}}], 64, 1000) = 1 <0.042574>
26992 1790565034.499148 recvfrom(12, "GET /payload-1024.bin HTTP/1.1\r\n"..., 4096, 0, NULL, NULL) = 75 <0.000034>
26992 1790565034.499596 sendto(12, "HTTP/1.1 200 OK\r\nContent-Length:"..., 105, MSG_NOSIGNAL, NULL, 0) = 105 <0.000070>
26992 1790565034.500127 sendfile(12, 13, [0] => [1024], 1024) = 1024 <0.000081>
26992 1790565034.500540 epoll_wait(10, [{events=EPOLLIN, data={u32=7, u64=7}}], 64, 1000) = 1 <0.042876>
26992 1790565034.543527 recvfrom(12, "GET /payload-1024.bin HTTP/1.1\r\n"..., 4096, 0, NULL, NULL) = 75 <0.000032>
26992 1790565034.543988 sendto(12, "HTTP/1.1 200 OK\r\nContent-Length:"..., 105, MSG_NOSIGNAL, NULL, 0) = 105 <0.000084>
26992 1790565034.544531 sendfile(12, 13, [0] => [1024], 1024) = 1024 <0.000075>
26992 1790565034.544943 epoll_wait(10, [{events=EPOLLIN, data={u32=7, u64=7}}], 64, 1000) = 1 <0.042001>
26992 1790565034.587083 recvfrom(12, "GET /payload-1024.bin HTTP/1.1\r\n"..., 4096, 0, NULL, NULL) = 75 <0.000035>
26992 1790565034.587510 sendto(12, "HTTP/1.1 200 OK\r\nContent-Length:"..., 105, MSG_NOSIGNAL, NULL, 0) = 105 <0.000075>
26992 1790565034.587919 sendfile(12, 13, [0] => [1024], 1024) = 1024 <0.000095>
26992 1790565034.588398 epoll_wait(10, [{events=EPOLLIN, data={u32=7, u64=7}}], 64, 1000) = 1 <0.042560>
26992 1790565034.631069 recvfrom(12, "GET /payload-1024.bin HTTP/1.1\r\n"..., 4096, 0, NULL, NULL) = 75 <0.000034>
26992 1790565034.631452 sendto(12, "HTTP/1.1 200 OK\r\nContent-Length:"..., 105, MSG_NOSIGNAL, NULL, 0) = 105 <0.000073>
26992 1790565034.631749 sendfile(12, 13, [0] => [1024], 1024) = 1024 <0.000069>
26992 1790565034.632073 epoll_wait(10, [{events=EPOLLIN, data={u32=7, u64=7}}], 64, 1000) = 1 <0.043064>
26992 1790565034.675234 recvfrom(12, "GET /payload-1024.bin HTTP/1.1\r\n"..., 4096, 0, NULL, NULL) = 75 <0.000034>
26992 1790565034.675689 sendto(12, "HTTP/1.1 200 OK\r\nContent-Length:"..., 105, MSG_NOSIGNAL, NULL, 0) = 105 <0.000049>
26992 1790565034.676020 sendfile(12, 13, [0] => [1024], 1024) = 1024 <0.000057>
26992 1790565034.676324 epoll_wait(10, [{events=EPOLLIN|EPOLLRDHUP, data={u32=7, u64=7}}], 64, 1000) = 1 <0.043168>
26992 1790565034.719648 recvfrom(12, "", 4096, 0, NULL, NULL) = 0 <0.000072>
26992 1790565034.719861 epoll_ctl(10, EPOLL_CTL_DEL, 12, NULL) = 0 <0.000069>
26992 1790565034.720070 epoll_wait(10,  <unfinished ...>
26989 1790565034.741968 <... epoll_wait resumed>[{events=EPOLLIN, data={u32=5, u64=5}}], 64, 1000) = 1 <0.422980>
26991 1790565034.742261 <... epoll_wait resumed>[{events=EPOLLIN, data={u32=2, u64=2}}], 64, 1000) = 1 <0.572961>
26991 1790565034.742613 read(9,  <unfinished ...>
26989 1790565034.742649 epoll_wait(5,  <unfinished ...>
26991 1790565034.742664 <... read resumed>"\1\0\0\0\0\0\0\0", 8) = 8 <0.000024>
26991 1790565034.742734 read(9, 0x7a29917fda00, 8) = -1 EAGAIN (Resource temporarily unavailable) <0.000036>
26991 1790565034.742845 epoll_ctl(8, EPOLL_CTL_ADD, 12, {events=EPOLLIN|EPOLLRDHUP, data={u32=8, u64=8}}) = 0 <0.000045>
26991 1790565034.742963 epoll_wait(8, [{events=EPOLLIN, data={u32=8, u64=8}}], 64, 1000) = 1 <0.000035>
26991 1790565034.743053 recvfrom(12, "GET /payload-1024.bin HTTP/1.1\r\n"..., 4096, 0, NULL, NULL) = 75 <0.000037>
26991 1790565034.743477 sendto(12, "HTTP/1.1 200 OK\r\nContent-Length:"..., 105, MSG_NOSIGNAL, NULL, 0) = 105 <0.000053>
26991 1790565034.743926 sendfile(12, 13, [0] => [1024], 1024) = 1024 <0.000053>
26991 1790565034.744229 epoll_wait(8, [{events=EPOLLIN, data={u32=8, u64=8}}], 64, 1000) = 1 <0.000318>
26991 1790565034.744644 recvfrom(12, "GET /payload-1024.bin HTTP/1.1\r\n"..., 4096, 0, NULL, NULL) = 75 <0.000042>
26991 1790565034.745054 sendto(12, "HTTP/1.1 200 OK\r\nContent-Length:"..., 105, MSG_NOSIGNAL, NULL, 0) = 105 <0.000046>
26991 1790565034.745370 sendfile(12, 13, [0] => [1024], 1024) = 1024 <0.000042>
26991 1790565034.745662 epoll_wait(8, [{events=EPOLLIN, data={u32=8, u64=8}}], 64, 1000) = 1 <0.041318>
26991 1790565034.787102 recvfrom(12, "GET /payload-1024.bin HTTP/1.1\r\n"..., 4096, 0, NULL, NULL) = 75 <0.000034>
26991 1790565034.787541 sendto(12, "HTTP/1.1 200 OK\r\nContent-Length:"..., 105, MSG_NOSIGNAL, NULL, 0) = 105 <0.000050>
26991 1790565034.787920 sendfile(12, 13, [0] => [1024], 1024) = 1024 <0.000048>
26991 1790565034.788381 epoll_wait(8, [{events=EPOLLIN, data={u32=8, u64=8}}], 64, 1000) = 1 <0.042498>
26991 1790565034.830989 recvfrom(12, "GET /payload-1024.bin HTTP/1.1\r\n"..., 4096, 0, NULL, NULL) = 75 <0.000031>
26991 1790565034.831420 sendto(12, "HTTP/1.1 200 OK\r\nContent-Length:"..., 105, MSG_NOSIGNAL, NULL, 0) = 105 <0.000059>
26991 1790565034.831674 sendfile(12, 13, [0] => [1024], 1024) = 1024 <0.000079>
26991 1790565034.831969 epoll_wait(8, [{events=EPOLLIN, data={u32=8, u64=8}}], 64, 1000) = 1 <0.043414>
26991 1790565034.875488 recvfrom(12, "GET /payload-1024.bin HTTP/1.1\r\n"..., 4096, 0, NULL, NULL) = 75 <0.000081>
26991 1790565034.876052 sendto(12, "HTTP/1.1 200 OK\r\nContent-Length:"..., 105, MSG_NOSIGNAL, NULL, 0) = 105 <0.000046>
26991 1790565034.876379 sendfile(12, 13, [0] => [1024], 1024) = 1024 <0.000052>
26991 1790565034.876645 epoll_wait(8, [{events=EPOLLIN, data={u32=8, u64=8}}], 64, 1000) = 1 <0.042219>
26991 1790565034.918985 recvfrom(12, "GET /payload-1024.bin HTTP/1.1\r\n"..., 4096, 0, NULL, NULL) = 75 <0.000102>
26991 1790565034.919448 sendto(12, "HTTP/1.1 200 OK\r\nContent-Length:"..., 105, MSG_NOSIGNAL, NULL, 0) = 105 <0.000050>
26991 1790565034.919858 sendfile(12, 13, [0] => [1024], 1024) = 1024 <0.000053>
26991 1790565034.920262 epoll_wait(8, [{events=EPOLLIN, data={u32=8, u64=8}}], 64, 1000) = 1 <0.042906>
26991 1790565034.963300 recvfrom(12, "GET /payload-1024.bin HTTP/1.1\r\n"..., 4096, 0, NULL, NULL) = 75 <0.000037>
26991 1790565034.963727 sendto(12, "HTTP/1.1 200 OK\r\nContent-Length:"..., 105, MSG_NOSIGNAL, NULL, 0) = 105 <0.000092>
26991 1790565034.964036 sendfile(12, 13, [0] => [1024], 1024) = 1024 <0.000084>
26991 1790565034.964391 epoll_wait(8, [{events=EPOLLIN, data={u32=8, u64=8}}], 64, 1000) = 1 <0.042487>
26991 1790565035.007018 recvfrom(12, "GET /payload-1024.bin HTTP/1.1\r\n"..., 4096, 0, NULL, NULL) = 75 <0.000046>
26991 1790565035.007472 sendto(12, "HTTP/1.1 200 OK\r\nContent-Length:"..., 105, MSG_NOSIGNAL, NULL, 0) = 105 <0.000045>
26991 1790565035.007840 sendfile(12, 13, [0] => [1024], 1024) = 1024 <0.000043>
26991 1790565035.008096 epoll_wait(8, [{events=EPOLLIN, data={u32=8, u64=8}}], 64, 1000) = 1 <0.043081>
26991 1790565035.051287 recvfrom(12, "GET /payload-1024.bin HTTP/1.1\r\n"..., 4096, 0, NULL, NULL) = 75 <0.000038>
26991 1790565035.051775 sendto(12, "HTTP/1.1 200 OK\r\nContent-Length:"..., 105, MSG_NOSIGNAL, NULL, 0) = 105 <0.000072>
26991 1790565035.052086 sendfile(12, 13, [0] => [1024], 1024) = 1024 <0.000045>
26991 1790565035.052402 epoll_wait(8, [{events=EPOLLIN, data={u32=8, u64=8}}], 64, 1000) = 1 <0.046680>
26991 1790565035.099191 recvfrom(12, "GET /payload-1024.bin HTTP/1.1\r\n"..., 4096, 0, NULL, NULL) = 75 <0.000036>
26991 1790565035.099629 sendto(12, "HTTP/1.1 200 OK\r\nContent-Length:"..., 105, MSG_NOSIGNAL, NULL, 0) = 105 <0.000044>
26991 1790565035.100009 sendfile(12, 13, [0] => [1024], 1024) = 1024 <0.000052>
26991 1790565035.100261 epoll_wait(8, [{events=EPOLLIN, data={u32=8, u64=8}}], 64, 1000) = 1 <0.046749>
26991 1790565035.147121 recvfrom(12, "GET /payload-1024.bin HTTP/1.1\r\n"..., 4096, 0, NULL, NULL) = 75 <0.000051>
26991 1790565035.147583 sendto(12, "HTTP/1.1 200 OK\r\nContent-Length:"..., 105, MSG_NOSIGNAL, NULL, 0) = 105 <0.000042>
26991 1790565035.147889 sendfile(12, 13, [0] => [1024], 1024) = 1024 <0.000056>
26991 1790565035.148190 epoll_wait(8, [{events=EPOLLIN, data={u32=8, u64=8}}], 64, 1000) = 1 <0.043335>
26991 1790565035.191636 recvfrom(12, "GET /payload-1024.bin HTTP/1.1\r\n"..., 4096, 0, NULL, NULL) = 75 <0.000033>
26991 1790565035.192123 sendto(12, "HTTP/1.1 200 OK\r\nContent-Length:"..., 105, MSG_NOSIGNAL, NULL, 0) = 105 <0.000056>
26991 1790565035.192467 sendfile(12, 13, [0] => [1024], 1024) = 1024 <0.000067>
26991 1790565035.192747 epoll_wait(8, [{events=EPOLLIN, data={u32=8, u64=8}}], 64, 1000) = 1 <0.042215>
26991 1790565035.235113 recvfrom(12, "GET /payload-1024.bin HTTP/1.1\r\n"..., 4096, 0, NULL, NULL) = 75 <0.000043>
26991 1790565035.235552 sendto(12, "HTTP/1.1 200 OK\r\nContent-Length:"..., 105, MSG_NOSIGNAL, NULL, 0) = 105 <0.000066>
26991 1790565035.235926 sendfile(12, 13, [0] => [1024], 1024) = 1024 <0.000053>
26991 1790565035.236165 epoll_wait(8, [{events=EPOLLIN, data={u32=8, u64=8}}], 64, 1000) = 1 <0.043081>
26991 1790565035.279348 recvfrom(12, "GET /payload-1024.bin HTTP/1.1\r\n"..., 4096, 0, NULL, NULL) = 75 <0.000036>
26991 1790565035.279819 sendto(12, "HTTP/1.1 200 OK\r\nContent-Length:"..., 105, MSG_NOSIGNAL, NULL, 0) = 105 <0.000057>
26991 1790565035.280101 sendfile(12, 13, [0] => [1024], 1024) = 1024 <0.000049>
26991 1790565035.280443 epoll_wait(8, [{events=EPOLLIN, data={u32=8, u64=8}}], 64, 1000) = 1 <0.042658>
26991 1790565035.323221 recvfrom(12, "GET /payload-1024.bin HTTP/1.1\r\n"..., 4096, 0, NULL, NULL) = 75 <0.000054>
26991 1790565035.323682 sendto(12, "HTTP/1.1 200 OK\r\nContent-Length:"..., 105, MSG_NOSIGNAL, NULL, 0) = 105 <0.000053>
26991 1790565035.323953 sendfile(12, 13, [0] => [1024], 1024) = 1024 <0.000064>
26991 1790565035.324334 epoll_wait(8, [{events=EPOLLIN, data={u32=8, u64=8}}], 64, 1000) = 1 <0.042556>
26991 1790565035.367015 recvfrom(12, "GET /payload-1024.bin HTTP/1.1\r\n"..., 4096, 0, NULL, NULL) = 75 <0.000044>
26991 1790565035.367581 sendto(12, "HTTP/1.1 200 OK\r\nContent-Length:"..., 105, MSG_NOSIGNAL, NULL, 0) = 105 <0.000076>
26991 1790565035.367986 sendfile(12, 13, [0] => [1024], 1024) = 1024 <0.000089>
26991 1790565035.368336 epoll_wait(8, [{events=EPOLLIN, data={u32=8, u64=8}}], 64, 1000) = 1 <0.042966>
26991 1790565035.411409 recvfrom(12, "GET /payload-1024.bin HTTP/1.1\r\n"..., 4096, 0, NULL, NULL) = 75 <0.000072>
26991 1790565035.411858 sendto(12, "HTTP/1.1 200 OK\r\nContent-Length:"..., 105, MSG_NOSIGNAL, NULL, 0) = 105 <0.000082>
26991 1790565035.412244 sendfile(12, 13, [0] => [1024], 1024) = 1024 <0.000081>
26991 1790565035.412631 epoll_wait(8, [{events=EPOLLIN, data={u32=8, u64=8}}], 64, 1000) = 1 <0.042493>
26991 1790565035.455203 recvfrom(12, "GET /payload-1024.bin HTTP/1.1\r\n"..., 4096, 0, NULL, NULL) = 75 <0.000039>
26991 1790565035.455622 sendto(12, "HTTP/1.1 200 OK\r\nContent-Length:"..., 105, MSG_NOSIGNAL, NULL, 0) = 105 <0.000086>
26991 1790565035.456037 sendfile(12, 13, [0] => [1024], 1024) = 1024 <0.000076>
26991 1790565035.456394 epoll_wait(8, [{events=EPOLLIN, data={u32=8, u64=8}}], 64, 1000) = 1 <0.042542>
26991 1790565035.499051 recvfrom(12, "GET /payload-1024.bin HTTP/1.1\r\n"..., 4096, 0, NULL, NULL) = 75 <0.000045>
26991 1790565035.499472 sendto(12, "HTTP/1.1 200 OK\r\nContent-Length:"..., 105, MSG_NOSIGNAL, NULL, 0) = 105 <0.000054>
26991 1790565035.499787 sendfile(12, 13, [0] => [1024], 1024) = 1024 <0.000090>
26991 1790565035.500142 epoll_wait(8, [{events=EPOLLIN, data={u32=8, u64=8}}], 64, 1000) = 1 <0.045417>
26991 1790565035.545656 recvfrom(12, "GET /payload-1024.bin HTTP/1.1\r\n"..., 4096, 0, NULL, NULL) = 75 <0.000032>
26991 1790565035.546016 sendto(12, "HTTP/1.1 200 OK\r\nContent-Length:"..., 105, MSG_NOSIGNAL, NULL, 0) = 105 <0.000038>
26991 1790565035.546216 sendfile(12, 13, [0] => [1024], 1024) = 1024 <0.000042>
26991 1790565035.546495 epoll_wait(8, [{events=EPOLLIN, data={u32=8, u64=8}}], 64, 1000) = 1 <0.048628>
26991 1790565035.595258 recvfrom(12, "GET /payload-1024.bin HTTP/1.1\r\n"..., 4096, 0, NULL, NULL) = 75 <0.000038>
26991 1790565035.595750 sendto(12, "HTTP/1.1 200 OK\r\nContent-Length:"..., 105, MSG_NOSIGNAL, NULL, 0) = 105 <0.000051>
26991 1790565035.596138 sendfile(12, 13, [0] => [1024], 1024) = 1024 <0.000053>
26991 1790565035.596592 epoll_wait(8, [{events=EPOLLIN, data={u32=8, u64=8}}], 64, 1000) = 1 <0.042303>
26991 1790565035.639009 recvfrom(12, "GET /payload-1024.bin HTTP/1.1\r\n"..., 4096, 0, NULL, NULL) = 75 <0.000041>
26991 1790565035.639495 sendto(12, "HTTP/1.1 200 OK\r\nContent-Length:"..., 105, MSG_NOSIGNAL, NULL, 0) = 105 <0.000052>
26991 1790565035.639818 sendfile(12, 13, [0] => [1024], 1024) = 1024 <0.000049>
26991 1790565035.640110 epoll_wait(8, [{events=EPOLLIN, data={u32=8, u64=8}}], 64, 1000) = 1 <0.042919>
26991 1790565035.683141 recvfrom(12, "GET /payload-1024.bin HTTP/1.1\r\n"..., 4096, 0, NULL, NULL) = 75 <0.000037>
26991 1790565035.683594 sendto(12, "HTTP/1.1 200 OK\r\nContent-Length:"..., 105, MSG_NOSIGNAL, NULL, 0) = 105 <0.000042>
26991 1790565035.683897 sendfile(12, 13, [0] => [1024], 1024) = 1024 <0.000061>
26991 1790565035.684196 epoll_wait(8,  <unfinished ...>
26992 1790565035.721179 <... epoll_wait resumed>[], 64, 1000) = 0 <1.001084>
26992 1790565035.721307 epoll_wait(10,  <unfinished ...>
26991 1790565035.727033 <... epoll_wait resumed>[{events=EPOLLIN, data={u32=8, u64=8}}], 64, 1000) = 1 <0.042806>
26991 1790565035.727142 recvfrom(12, "GET /payload-1024.bin HTTP/1.1\r\n"..., 4096, 0, NULL, NULL) = 75 <0.000052>
26991 1790565035.727724 sendto(12, "HTTP/1.1 200 OK\r\nContent-Length:"..., 105, MSG_NOSIGNAL, NULL, 0) = 105 <0.000059>
26991 1790565035.728309 sendfile(12, 13, [0] => [1024], 1024) = 1024 <0.000060>
26991 1790565035.728647 epoll_wait(8,  <unfinished ...>
26989 1790565035.743742 <... epoll_wait resumed>[], 64, 1000) = 0 <1.001084>
26989 1790565035.743836 epoll_wait(5,  <unfinished ...>
26991 1790565035.771104 <... epoll_wait resumed>[{events=EPOLLIN, data={u32=8, u64=8}}], 64, 1000) = 1 <0.042420>
26991 1790565035.771283 recvfrom(12, "GET /payload-1024.bin HTTP/1.1\r\n"..., 4096, 0, NULL, NULL) = 75 <0.000064>
26991 1790565035.771917 sendto(12, "HTTP/1.1 200 OK\r\nContent-Length:"..., 105, MSG_NOSIGNAL, NULL, 0) = 105 <0.000060>
26991 1790565035.772262 sendfile(12, 13, [0] => [1024], 1024) = 1024 <0.000078>
26991 1790565035.772589 epoll_wait(8, [{events=EPOLLIN, data={u32=8, u64=8}}], 64, 1000) = 1 <0.046568>
26991 1790565035.819253 recvfrom(12, "GET /payload-1024.bin HTTP/1.1\r\n"..., 4096, 0, NULL, NULL) = 75 <0.000066>
26991 1790565035.819739 sendto(12, "HTTP/1.1 200 OK\r\nContent-Length:"..., 105, MSG_NOSIGNAL, NULL, 0) = 105 <0.000051>
26991 1790565035.820063 sendfile(12, 13, [0] => [1024], 1024) = 1024 <0.000053>
26991 1790565035.820336 epoll_wait(8, [{events=EPOLLIN, data={u32=8, u64=8}}], 64, 1000) = 1 <0.042640>
26991 1790565035.863129 recvfrom(12, "GET /payload-1024.bin HTTP/1.1\r\n"..., 4096, 0, NULL, NULL) = 75 <0.000038>
26991 1790565035.863623 sendto(12, "HTTP/1.1 200 OK\r\nContent-Length:"..., 105, MSG_NOSIGNAL, NULL, 0) = 105 <0.000053>
26991 1790565035.864012 sendfile(12, 13, [0] => [1024], 1024) = 1024 <0.000045>
26991 1790565035.864311 epoll_wait(8, [{events=EPOLLIN, data={u32=8, u64=8}}], 64, 1000) = 1 <0.042643>
26991 1790565035.907056 recvfrom(12, "GET /payload-1024.bin HTTP/1.1\r\n"..., 4096, 0, NULL, NULL) = 75 <0.000039>
26991 1790565035.907560 sendto(12, "HTTP/1.1 200 OK\r\nContent-Length:"..., 105, MSG_NOSIGNAL, NULL, 0) = 105 <0.000050>
26991 1790565035.907847 sendfile(12, 13, [0] => [1024], 1024) = 1024 <0.000057>
26991 1790565035.908143 epoll_wait(8, [{events=EPOLLIN, data={u32=8, u64=8}}], 64, 1000) = 1 <0.047042>
26991 1790565035.955338 recvfrom(12, "GET /payload-1024.bin HTTP/1.1\r\n"..., 4096, 0, NULL, NULL) = 75 <0.000082>
26991 1790565035.955884 sendto(12, "HTTP/1.1 200 OK\r\nContent-Length:"..., 105, MSG_NOSIGNAL, NULL, 0) = 105 <0.000052>
26991 1790565035.956209 sendfile(12, 13, [0] => [1024], 1024) = 1024 <0.000051>
26991 1790565035.956468 epoll_wait(8, [{events=EPOLLIN, data={u32=8, u64=8}}], 64, 1000) = 1 <0.042532>
26991 1790565035.999152 recvfrom(12, "GET /payload-1024.bin HTTP/1.1\r\n"..., 4096, 0, NULL, NULL) = 75 <0.000056>
26991 1790565035.999655 sendto(12, "HTTP/1.1 200 OK\r\nContent-Length:"..., 105, MSG_NOSIGNAL, NULL, 0) = 105 <0.000057>
26991 1790565035.999978 sendfile(12, 13, [0] => [1024], 1024) = 1024 <0.000051>
26991 1790565036.000272 epoll_wait(8, [{events=EPOLLIN, data={u32=8, u64=8}}], 64, 1000) = 1 <0.042864>
26991 1790565036.043272 recvfrom(12, "GET /payload-1024.bin HTTP/1.1\r\n"..., 4096, 0, NULL, NULL) = 75 <0.000040>
26991 1790565036.043735 sendto(12, "HTTP/1.1 200 OK\r\nContent-Length:"..., 105, MSG_NOSIGNAL, NULL, 0) = 105 <0.000049>
26991 1790565036.044026 sendfile(12, 13, [0] => [1024], 1024) = 1024 <0.000062>
26991 1790565036.044318 epoll_wait(8, [{events=EPOLLIN, data={u32=8, u64=8}}], 64, 1000) = 1 <0.042966>
26991 1790565036.087604 recvfrom(12, "GET /payload-1024.bin HTTP/1.1\r\n"..., 4096, 0, NULL, NULL) = 75 <0.000110>
26991 1790565036.088344 sendto(12, "HTTP/1.1 200 OK\r\nContent-Length:"..., 105, MSG_NOSIGNAL, NULL, 0) = 105 <0.000056>
26991 1790565036.088650 sendfile(12, 13, [0] => [1024], 1024) = 1024 <0.000079>
26991 1790565036.088963 epoll_wait(8, [{events=EPOLLIN|EPOLLRDHUP, data={u32=8, u64=8}}], 64, 1000) = 1 <0.042091>
26991 1790565036.131170 recvfrom(12, "", 4096, 0, NULL, NULL) = 0 <0.000046>
26991 1790565036.131317 epoll_ctl(8, EPOLL_CTL_DEL, 12, NULL) = 0 <0.000047>
26991 1790565036.131670 epoll_wait(8,  <unfinished ...>
26989 1790565036.154869 <... epoll_wait resumed>[{events=EPOLLIN, data={u32=5, u64=5}}], 64, 1000) = 1 <0.411007>
26992 1790565036.155105 <... epoll_wait resumed>[{events=EPOLLIN, data={u32=3, u64=3}}], 64, 1000) = 1 <0.433759>
26992 1790565036.155300 read(11, "\1\0\0\0\0\0\0\0", 8) = 8 <0.000025>
26989 1790565036.155367 epoll_wait(5,  <unfinished ...>
26992 1790565036.155391 read(11, 0x7a2990ffca00, 8) = -1 EAGAIN (Resource temporarily unavailable) <0.000033>
26992 1790565036.155497 epoll_ctl(10, EPOLL_CTL_ADD, 12, {events=EPOLLIN|EPOLLRDHUP, data={u32=9, u64=9}}) = 0 <0.000041>
26992 1790565036.155629 epoll_wait(10, [{events=EPOLLIN, data={u32=9, u64=9}}], 64, 1000) = 1 <0.000039>
26992 1790565036.155753 recvfrom(12, "GET /payload-1024.bin HTTP/1.1\r\n"..., 4096, 0, NULL, NULL) = 75 <0.000068>
26992 1790565036.156226 sendto(12, "HTTP/1.1 200 OK\r\nContent-Length:"..., 105, MSG_NOSIGNAL, NULL, 0) = 105 <0.000054>
26992 1790565036.156483 sendfile(12, 13, [0] => [1024], 1024) = 1024 <0.000067>
26992 1790565036.156935 epoll_wait(10, [{events=EPOLLIN, data={u32=9, u64=9}}], 64, 1000) = 1 <0.000027>
26992 1790565036.157038 recvfrom(12, "GET /payload-1024.bin HTTP/1.1\r\n"..., 4096, 0, NULL, NULL) = 75 <0.000038>
26992 1790565036.157469 sendto(12, "HTTP/1.1 200 OK\r\nContent-Length:"..., 105, MSG_NOSIGNAL, NULL, 0) = 105 <0.000053>
26992 1790565036.157731 sendfile(12, 13, [0] => [1024], 1024) = 1024 <0.000042>
26992 1790565036.157975 epoll_wait(10, [{events=EPOLLIN, data={u32=9, u64=9}}], 64, 1000) = 1 <0.041215>
26992 1790565036.199299 recvfrom(12, "GET /payload-1024.bin HTTP/1.1\r\n"..., 4096, 0, NULL, NULL) = 75 <0.000041>
26992 1790565036.199766 sendto(12, "HTTP/1.1 200 OK\r\nContent-Length:"..., 105, MSG_NOSIGNAL, NULL, 0) = 105 <0.000053>
26992 1790565036.200066 sendfile(12, 13, [0] => [1024], 1024) = 1024 <0.000052>
26992 1790565036.200341 epoll_wait(10, [{events=EPOLLIN, data={u32=9, u64=9}}], 64, 1000) = 1 <0.042664>
26992 1790565036.243145 recvfrom(12, "GET /payload-1024.bin HTTP/1.1\r\n"..., 4096, 0, NULL, NULL) = 75 <0.000041>
26992 1790565036.243574 sendto(12, "HTTP/1.1 200 OK\r\nContent-Length:"..., 105, MSG_NOSIGNAL, NULL, 0) = 105 <0.000042>
26992 1790565036.243912 sendfile(12, 13, [0] => [1024], 1024) = 1024 <0.000083>
26992 1790565036.244218 epoll_wait(10, [{events=EPOLLIN, data={u32=9, u64=9}}], 64, 1000) = 1 <0.042790>
26992 1790565036.287108 recvfrom(12, "GET /payload-1024.bin HTTP/1.1\r\n"..., 4096, 0, NULL, NULL) = 75 <0.000044>
26992 1790565036.287658 sendto(12, "HTTP/1.1 200 OK\r\nContent-Length:"..., 105, MSG_NOSIGNAL, NULL, 0) = 105 <0.000049>
26992 1790565036.288170 sendfile(12, 13, [0] => [1024], 1024) = 1024 <0.000064>
26992 1790565036.288500 epoll_wait(10, [{events=EPOLLIN, data={u32=9, u64=9}}], 64, 1000) = 1 <0.042673>
26992 1790565036.331313 recvfrom(12, "GET /payload-1024.bin HTTP/1.1\r\n"..., 4096, 0, NULL, NULL) = 75 <0.000058>
26992 1790565036.331874 sendto(12, "HTTP/1.1 200 OK\r\nContent-Length:"..., 105, MSG_NOSIGNAL, NULL, 0) = 105 <0.000093>
26992 1790565036.332400 sendfile(12, 13, [0] => [1024], 1024) = 1024 <0.000110>
26992 1790565036.333005 epoll_wait(10, [{events=EPOLLIN, data={u32=9, u64=9}}], 64, 1000) = 1 <0.042003>
26992 1790565036.375169 recvfrom(12, "GET /payload-1024.bin HTTP/1.1\r\n"..., 4096, 0, NULL, NULL) = 75 <0.000047>
26992 1790565036.375637 sendto(12, "HTTP/1.1 200 OK\r\nContent-Length:"..., 105, MSG_NOSIGNAL, NULL, 0) = 105 <0.000055>
26992 1790565036.375967 sendfile(12, 13, [0] => [1024], 1024) = 1024 <0.000049>
26992 1790565036.376242 epoll_wait(10, [{events=EPOLLIN, data={u32=9, u64=9}}], 64, 1000) = 1 <0.042661>
26992 1790565036.419045 recvfrom(12, "GET /payload-1024.bin HTTP/1.1\r\n"..., 4096, 0, NULL, NULL) = 75 <0.000054>
26992 1790565036.419489 sendto(12, "HTTP/1.1 200 OK\r\nContent-Length:"..., 105, MSG_NOSIGNAL, NULL, 0) = 105 <0.000049>
26992 1790565036.419809 sendfile(12, 13, [0] => [1024], 1024) = 1024 <0.000048>
26992 1790565036.420052 epoll_wait(10, [{events=EPOLLIN, data={u32=9, u64=9}}], 64, 1000) = 1 <0.042969>
26992 1790565036.463178 recvfrom(12, "GET /payload-1024.bin HTTP/1.1\r\n"..., 4096, 0, NULL, NULL) = 75 <0.000039>
26992 1790565036.463662 sendto(12, "HTTP/1.1 200 OK\r\nContent-Length:"..., 105, MSG_NOSIGNAL, NULL, 0) = 105 <0.000067>
26992 1790565036.464009 sendfile(12, 13, [0] => [1024], 1024) = 1024 <0.000041>
26992 1790565036.464257 epoll_wait(10, [{events=EPOLLIN, data={u32=9, u64=9}}], 64, 1000) = 1 <0.042948>
26992 1790565036.507305 recvfrom(12, "GET /payload-1024.bin HTTP/1.1\r\n"..., 4096, 0, NULL, NULL) = 75 <0.000035>
26992 1790565036.507771 sendto(12, "HTTP/1.1 200 OK\r\nContent-Length:"..., 105, MSG_NOSIGNAL, NULL, 0) = 105 <0.000052>
26992 1790565036.508092 sendfile(12, 13, [0] => [1024], 1024) = 1024 <0.000052>
26992 1790565036.508398 epoll_wait(10, [{events=EPOLLIN, data={u32=9, u64=9}}], 64, 1000) = 1 <0.042591>
26992 1790565036.551156 recvfrom(12, "GET /payload-1024.bin HTTP/1.1\r\n"..., 4096, 0, NULL, NULL) = 75 <0.000045>
26992 1790565036.551630 sendto(12, "HTTP/1.1 200 OK\r\nContent-Length:"..., 105, MSG_NOSIGNAL, NULL, 0) = 105 <0.000063>
26992 1790565036.551968 sendfile(12, 13, [0] => [1024], 1024) = 1024 <0.000052>
26992 1790565036.552231 epoll_wait(10, [{events=EPOLLIN, data={u32=9, u64=9}}], 64, 1000) = 1 <0.042894>
26992 1790565036.595253 recvfrom(12, "GET /payload-1024.bin HTTP/1.1\r\n"..., 4096, 0, NULL, NULL) = 75 <0.000047>
26992 1790565036.595924 sendto(12, "HTTP/1.1 200 OK\r\nContent-Length:"..., 105, MSG_NOSIGNAL, NULL, 0) = 105 <0.000076>
26992 1790565036.596520 sendfile(12, 13, [0] => [1024], 1024) = 1024 <0.000047>
26992 1790565036.596817 epoll_wait(10, [{events=EPOLLIN, data={u32=9, u64=9}}], 64, 1000) = 1 <0.042625>
26992 1790565036.639571 recvfrom(12, "GET /payload-1024.bin HTTP/1.1\r\n"..., 4096, 0, NULL, NULL) = 75 <0.000051>
26992 1790565036.639968 sendto(12, "HTTP/1.1 200 OK\r\nContent-Length:"..., 105, MSG_NOSIGNAL, NULL, 0) = 105 <0.000071>
26992 1790565036.640344 sendfile(12, 13, [0] => [1024], 1024) = 1024 <0.000077>
26992 1790565036.640709 epoll_wait(10, [{events=EPOLLIN, data={u32=9, u64=9}}], 64, 1000) = 1 <0.042757>
26992 1790565036.683595 recvfrom(12, "GET /payload-1024.bin HTTP/1.1\r\n"..., 4096, 0, NULL, NULL) = 75 <0.000087>
26992 1790565036.684142 sendto(12, "HTTP/1.1 200 OK\r\nContent-Length:"..., 105, MSG_NOSIGNAL, NULL, 0) = 105 <0.000090>
26992 1790565036.684618 sendfile(12, 13, [0] => [1024], 1024) = 1024 <0.000055>
26992 1790565036.684980 epoll_wait(10, [{events=EPOLLIN, data={u32=9, u64=9}}], 64, 1000) = 1 <0.042044>
26992 1790565036.727141 recvfrom(12, "GET /payload-1024.bin HTTP/1.1\r\n"..., 4096, 0, NULL, NULL) = 75 <0.000049>
26992 1790565036.727570 sendto(12, "HTTP/1.1 200 OK\r\nContent-Length:"..., 105, MSG_NOSIGNAL, NULL, 0) = 105 <0.000041>
26992 1790565036.727912 sendfile(12, 13, [0] => [1024], 1024) = 1024 <0.000062>
26992 1790565036.728214 epoll_wait(10, [{events=EPOLLIN, data={u32=9, u64=9}}], 64, 1000) = 1 <0.042778>
26992 1790565036.771102 recvfrom(12, "GET /payload-1024.bin HTTP/1.1\r\n"..., 4096, 0, NULL, NULL) = 75 <0.000137>
26992 1790565036.771805 sendto(12, "HTTP/1.1 200 OK\r\nContent-Length:"..., 105, MSG_NOSIGNAL, NULL, 0) = 105 <0.000055>
26992 1790565036.772191 sendfile(12, 13, [0] => [1024], 1024) = 1024 <0.000044>
26992 1790565036.772475 epoll_wait(10, [{events=EPOLLIN, data={u32=9, u64=9}}], 64, 1000) = 1 <0.042786>
26992 1790565036.815387 recvfrom(12, "GET /payload-1024.bin HTTP/1.1\r\n"..., 4096, 0, NULL, NULL) = 75 <0.000037>
26992 1790565036.815859 sendto(12, "HTTP/1.1 200 OK\r\nContent-Length:"..., 105, MSG_NOSIGNAL, NULL, 0) = 105 <0.000060>
26992 1790565036.816203 sendfile(12, 13, [0] => [1024], 1024) = 1024 <0.000059>
26992 1790565036.816527 epoll_wait(10, [{events=EPOLLIN, data={u32=9, u64=9}}], 64, 1000) = 1 <0.042734>
26992 1790565036.859373 recvfrom(12, "GET /payload-1024.bin HTTP/1.1\r\n"..., 4096, 0, NULL, NULL) = 75 <0.000040>
26992 1790565036.859818 sendto(12, "HTTP/1.1 200 OK\r\nContent-Length:"..., 105, MSG_NOSIGNAL, NULL, 0) = 105 <0.000059>
26992 1790565036.860182 sendfile(12, 13, [0] => [1024], 1024) = 1024 <0.000065>
26992 1790565036.860533 epoll_wait(10, [{events=EPOLLIN, data={u32=9, u64=9}}], 64, 1000) = 1 <0.042442>
26992 1790565036.903077 recvfrom(12, "GET /payload-1024.bin HTTP/1.1\r\n"..., 4096, 0, NULL, NULL) = 75 <0.000061>
26992 1790565036.903564 sendto(12, "HTTP/1.1 200 OK\r\nContent-Length:"..., 105, MSG_NOSIGNAL, NULL, 0) = 105 <0.000044>
26992 1790565036.903961 sendfile(12, 13, [0] => [1024], 1024) = 1024 <0.000065>
26992 1790565036.904251 epoll_wait(10, [{events=EPOLLIN, data={u32=9, u64=9}}], 64, 1000) = 1 <0.042759>
26992 1790565036.947131 recvfrom(12, "GET /payload-1024.bin HTTP/1.1\r\n"..., 4096, 0, NULL, NULL) = 75 <0.000062>
26992 1790565036.947627 sendto(12, "HTTP/1.1 200 OK\r\nContent-Length:"..., 105, MSG_NOSIGNAL, NULL, 0) = 105 <0.000042>
26992 1790565036.947984 sendfile(12, 13, [0] => [1024], 1024) = 1024 <0.000082>
26992 1790565036.948376 epoll_wait(10, [{events=EPOLLIN, data={u32=9, u64=9}}], 64, 1000) = 1 <0.042480>
26992 1790565036.990970 recvfrom(12, "GET /payload-1024.bin HTTP/1.1\r\n"..., 4096, 0, NULL, NULL) = 75 <0.000041>
26992 1790565036.991395 sendto(12, "HTTP/1.1 200 OK\r\nContent-Length:"..., 105, MSG_NOSIGNAL, NULL, 0) = 105 <0.000047>
26992 1790565036.991725 sendfile(12, 13, [0] => [1024], 1024) = 1024 <0.000051>
26992 1790565036.992046 epoll_wait(10, [{events=EPOLLIN, data={u32=9, u64=9}}], 64, 1000) = 1 <0.042900>
26992 1790565037.035073 recvfrom(12, "GET /payload-1024.bin HTTP/1.1\r\n"..., 4096, 0, NULL, NULL) = 75 <0.000056>
26992 1790565037.035574 sendto(12, "HTTP/1.1 200 OK\r\nContent-Length:"..., 105, MSG_NOSIGNAL, NULL, 0) = 105 <0.000047>
26992 1790565037.035920 sendfile(12, 13, [0] => [1024], 1024) = 1024 <0.000041>
26992 1790565037.036237 epoll_wait(10, [{events=EPOLLIN, data={u32=9, u64=9}}], 64, 1000) = 1 <0.042821>
26992 1790565037.079183 recvfrom(12, "GET /payload-1024.bin HTTP/1.1\r\n"..., 4096, 0, NULL, NULL) = 75 <0.000084>
26992 1790565037.079948 sendto(12, "HTTP/1.1 200 OK\r\nContent-Length:"..., 105, MSG_NOSIGNAL, NULL, 0) = 105 <0.000106>
26992 1790565037.080588 sendfile(12, 13, [0] => [1024], 1024) = 1024 <0.000053>
26992 1790565037.080874 epoll_wait(10, [{events=EPOLLIN, data={u32=9, u64=9}}], 64, 1000) = 1 <0.042360>
26992 1790565037.123367 recvfrom(12, "GET /payload-1024.bin HTTP/1.1\r\n"..., 4096, 0, NULL, NULL) = 75 <0.000039>
26992 1790565037.123885 sendto(12, "HTTP/1.1 200 OK\r\nContent-Length:"..., 105, MSG_NOSIGNAL, NULL, 0) = 105 <0.000047>
26992 1790565037.124284 sendfile(12, 13, [0] => [1024], 1024) = 1024 <0.000052>
26992 1790565037.124578 epoll_wait(10,  <unfinished ...>
26991 1790565037.132764 <... epoll_wait resumed>[], 64, 1000) = 0 <1.001065>
26991 1790565037.132903 epoll_wait(8,  <unfinished ...>
26989 1790565037.156663 <... epoll_wait resumed>[], 64, 1000) = 0 <1.001272>
26989 1790565037.156854 epoll_wait(5,  <unfinished ...>
26992 1790565037.167746 <... epoll_wait resumed>[{events=EPOLLIN, data={u32=9, u64=9}}], 64, 1000) = 1 <0.043152>
26992 1790565037.167999 recvfrom(12, "GET /payload-1024.bin HTTP/1.1\r\n"..., 4096, 0, NULL, NULL) = 75 <0.000195>
26992 1790565037.169444 sendto(12, "HTTP/1.1 200 OK\r\nContent-Length:"..., 105, MSG_NOSIGNAL, NULL, 0) = 105 <0.000098>
26992 1790565037.170102 sendfile(12, 13, [0] => [1024], 1024) = 1024 <0.000085>
26992 1790565037.170790 epoll_wait(10, [{events=EPOLLIN, data={u32=9, u64=9}}], 64, 1000) = 1 <0.040462>
26992 1790565037.211450 recvfrom(12, "GET /payload-1024.bin HTTP/1.1\r\n"..., 4096, 0, NULL, NULL) = 75 <0.000055>
26992 1790565037.212092 sendto(12, "HTTP/1.1 200 OK\r\nContent-Length:"..., 105, MSG_NOSIGNAL, NULL, 0) = 105 <0.000080>
26992 1790565037.212481 sendfile(12, 13, [0] => [1024], 1024) = 1024 <0.000057>
26992 1790565037.212786 epoll_wait(10, [{events=EPOLLIN, data={u32=9, u64=9}}], 64, 1000) = 1 <0.042282>
26992 1790565037.255228 recvfrom(12, "GET /payload-1024.bin HTTP/1.1\r\n"..., 4096, 0, NULL, NULL) = 75 <0.000051>
26992 1790565037.255811 sendto(12, "HTTP/1.1 200 OK\r\nContent-Length:"..., 105, MSG_NOSIGNAL, NULL, 0) = 105 <0.000057>
26992 1790565037.256147 sendfile(12, 13, [0] => [1024], 1024) = 1024 <0.000052>
26992 1790565037.256482 epoll_wait(10, [{events=EPOLLIN, data={u32=9, u64=9}}], 64, 1000) = 1 <0.042421>
26992 1790565037.299027 recvfrom(12, "GET /payload-1024.bin HTTP/1.1\r\n"..., 4096, 0, NULL, NULL) = 75 <0.000038>
26992 1790565037.299533 sendto(12, "HTTP/1.1 200 OK\r\nContent-Length:"..., 105, MSG_NOSIGNAL, NULL, 0) = 105 <0.000073>
26992 1790565037.299890 sendfile(12, 13, [0] => [1024], 1024) = 1024 <0.000054>
26992 1790565037.300195 epoll_wait(10, [{events=EPOLLIN, data={u32=9, u64=9}}], 64, 1000) = 1 <0.042775>
26992 1790565037.343092 recvfrom(12, "GET /payload-1024.bin HTTP/1.1\r\n"..., 4096, 0, NULL, NULL) = 75 <0.000035>
26992 1790565037.343549 sendto(12, "HTTP/1.1 200 OK\r\nContent-Length:"..., 105, MSG_NOSIGNAL, NULL, 0) = 105 <0.000047>
26992 1790565037.343895 sendfile(12, 13, [0] => [1024], 1024) = 1024 <0.000051>
26992 1790565037.344198 epoll_wait(10, [{events=EPOLLIN, data={u32=9, u64=9}}], 64, 1000) = 1 <0.042644>
26992 1790565037.386991 recvfrom(12, "GET /payload-1024.bin HTTP/1.1\r\n"..., 4096, 0, NULL, NULL) = 75 <0.000046>
26992 1790565037.387483 sendto(12, "HTTP/1.1 200 OK\r\nContent-Length:"..., 105, MSG_NOSIGNAL, NULL, 0) = 105 <0.000074>
26992 1790565037.387849 sendfile(12, 13, [0] => [1024], 1024) = 1024 <0.000074>
26992 1790565037.388121 epoll_wait(10, [{events=EPOLLIN, data={u32=9, u64=9}}], 64, 1000) = 1 <0.046898>
26992 1790565037.435202 recvfrom(12, "GET /payload-1024.bin HTTP/1.1\r\n"..., 4096, 0, NULL, NULL) = 75 <0.000053>
26992 1790565037.435716 sendto(12, "HTTP/1.1 200 OK\r\nContent-Length:"..., 105, MSG_NOSIGNAL, NULL, 0) = 105 <0.000045>
26992 1790565037.436045 sendfile(12, 13, [0] => [1024], 1024) = 1024 <0.000048>
26992 1790565037.436321 epoll_wait(10, [{events=EPOLLIN, data={u32=9, u64=9}}], 64, 1000) = 1 <0.042610>
26992 1790565037.479045 recvfrom(12, "GET /payload-1024.bin HTTP/1.1\r\n"..., 4096, 0, NULL, NULL) = 75 <0.000045>
26992 1790565037.479823 sendto(12, "HTTP/1.1 200 OK\r\nContent-Length:"..., 105, MSG_NOSIGNAL, NULL, 0) = 105 <0.000047>
26992 1790565037.480119 sendfile(12, 13, [0] => [1024], 1024) = 1024 <0.000047>
26992 1790565037.480396 epoll_wait(10, [{events=EPOLLIN|EPOLLRDHUP, data={u32=9, u64=9}}], 64, 1000) = 1 <0.042614>
26992 1790565037.523143 recvfrom(12, "", 4096, 0, NULL, NULL) = 0 <0.000039>
26992 1790565037.523294 epoll_ctl(10, EPOLL_CTL_DEL, 12, NULL) = 0 <0.000033>
26992 1790565037.523531 epoll_wait(10,  <unfinished ...>
26989 1790565037.547976 <... epoll_wait resumed>[{events=EPOLLIN, data={u32=5, u64=5}}], 64, 1000) = 1 <0.391056>
26991 1790565037.548285 <... epoll_wait resumed>[{events=EPOLLIN, data={u32=2, u64=2}}], 64, 1000) = 1 <0.415357>
26991 1790565037.548483 read(9, "\1\0\0\0\0\0\0\0", 8) = 8 <0.000054>
26991 1790565037.548603 read(9,  <unfinished ...>
26989 1790565037.548637 epoll_wait(5,  <unfinished ...>
26991 1790565037.548655 <... read resumed>0x7a29917fda00, 8) = -1 EAGAIN (Resource temporarily unavailable) <0.000028>
26991 1790565037.548707 epoll_ctl(8, EPOLL_CTL_ADD, 12, {events=EPOLLIN|EPOLLRDHUP, data={u32=10, u64=10}}) = 0 <0.000046>
26991 1790565037.548857 epoll_wait(8, [{events=EPOLLIN, data={u32=10, u64=10}}], 64, 1000) = 1 <0.000041>
26991 1790565037.548986 recvfrom(12, "GET /payload-1024.bin HTTP/1.1\r\n"..., 4096, 0, NULL, NULL) = 81 <0.000056>
26991 1790565037.549507 sendto(12, "HTTP/1.1 200 OK\r\nContent-Length:"..., 105, MSG_NOSIGNAL, NULL, 0) = 105 <0.000063>
26991 1790565037.549819 sendfile(12, 13, [0] => [1024], 1024) = 1024 <0.000091>
26991 1790565037.550297 epoll_wait(8, [{events=EPOLLIN, data={u32=10, u64=10}}], 64, 1000) = 1 <0.010326>
26991 1790565037.560743 recvfrom(12, "GET /payload-1024.bin HTTP/1.1\r\n"..., 4096, 0, NULL, NULL) = 81 <0.000039>
26991 1790565037.561220 sendto(12, "HTTP/1.1 200 OK\r\nContent-Length:"..., 105, MSG_NOSIGNAL, NULL, 0) = 105 <0.000132>
26991 1790565037.561617 sendfile(12, 13, [0] => [1024], 1024) = 1024 <0.000048>
26991 1790565037.561888 epoll_wait(8, [{events=EPOLLIN, data={u32=10, u64=10}}], 64, 1000) = 1 <0.051452>
26991 1790565037.613439 recvfrom(12, "GET /payload-1024.bin HTTP/1.1\r\n"..., 4096, 0, NULL, NULL) = 81 <0.000050>
26991 1790565037.614002 sendto(12, "HTTP/1.1 200 OK\r\nContent-Length:"..., 105, MSG_NOSIGNAL, NULL, 0) = 105 <0.000049>
26991 1790565037.614312 sendfile(12, 13, [0] => [1024], 1024) = 1024 <0.000092>
26991 1790565037.614741 epoll_wait(8, [{events=EPOLLIN, data={u32=10, u64=10}}], 64, 1000) = 1 <0.050437>
26991 1790565037.665320 recvfrom(12, "GET /payload-1024.bin HTTP/1.1\r\n"..., 4096, 0, NULL, NULL) = 81 <0.000050>
26991 1790565037.665940 sendto(12, "HTTP/1.1 200 OK\r\nContent-Length:"..., 105, MSG_NOSIGNAL, NULL, 0) = 105 <0.000055>
26991 1790565037.666241 sendfile(12, 13, [0] => [1024], 1024) = 1024 <0.000055>
26991 1790565037.666590 epoll_wait(8, [{events=EPOLLIN, data={u32=10, u64=10}}], 64, 1000) = 1 <0.050451>
26991 1790565037.717171 recvfrom(12, "GET /payload-1024.bin HTTP/1.1\r\n"..., 4096, 0, NULL, NULL) = 81 <0.000048>
26991 1790565037.717695 sendto(12, "HTTP/1.1 200 OK\r\nContent-Length:"..., 105, MSG_NOSIGNAL, NULL, 0) = 105 <0.000067>
26991 1790565037.718089 sendfile(12, 13, [0] => [1024], 1024) = 1024 <0.000054>
26991 1790565037.718410 epoll_wait(8, [{events=EPOLLIN|EPOLLRDHUP, data={u32=10, u64=10}}], 64, 1000) = 1 <0.050786>
26991 1790565037.769368 recvfrom(12, "", 4096, 0, NULL, NULL) = 0 <0.000063>
26991 1790565037.769553 epoll_ctl(8, EPOLL_CTL_DEL, 12, NULL) = 0 <0.000043>
26991 1790565037.769803 epoll_wait(8,  <detached ...>
